Command line invocation:
    /Applications/Xcode.app/Contents/Developer/usr/bin/xcodebuild -project DirectSalesTeamApp.xcodeproj -scheme DirectSalesTeamApp build -destination "generic/platform=iOS Simulator"

Resolve Package Graph


Resolved source packages:
  swift-nio: https://github.com/apple/swift-nio.git @ 2.98.0
  swift-certificates: https://github.com/apple/swift-certificates.git @ 1.19.0
  grpc-swift-2: https://github.com/grpc/grpc-swift-2.git @ 2.4.0
  swift-numerics: https://github.com/apple/swift-numerics.git @ 1.1.1
  swift-http-types: https://github.com/apple/swift-http-types.git @ 1.5.1
  swift-atomics: https://github.com/apple/swift-atomics.git @ 1.3.0
  grpc-swift-nio-transport: https://github.com/grpc/grpc-swift-nio-transport.git @ 2.7.0
  grpc-swift-protobuf: https://github.com/grpc/grpc-swift-protobuf.git @ 2.3.0
  swift-crypto: https://github.com/apple/swift-crypto.git @ 4.4.0
  swift-async-algorithms: https://github.com/apple/swift-async-algorithms.git @ 1.1.3
  swift-service-lifecycle: https://github.com/swift-server/swift-service-lifecycle.git @ 2.11.0
  swift-asn1: https://github.com/apple/swift-asn1.git @ 1.7.0
  swift-nio-http2: https://github.com/apple/swift-nio-http2.git @ 1.43.0
  swift-log: https://github.com/apple/swift-log.git @ 1.12.0
  swift-http-structured-headers: https://github.com/apple/swift-http-structured-headers.git @ 1.7.0
  swift-nio-transport-services: https://github.com/apple/swift-nio-transport-services.git @ 1.27.0
  swift-nio-extras: https://github.com/apple/swift-nio-extras.git @ 1.34.0
  swift-algorithms: https://github.com/apple/swift-algorithms.git @ 1.2.1
  swift-system: https://github.com/apple/swift-system.git @ 1.6.4
  SwiftProtobuf: https://github.com/apple/swift-protobuf.git @ 1.37.0
  swift-nio-ssl: https://github.com/apple/swift-nio-ssl.git @ 2.37.0
  swift-collections: https://github.com/apple/swift-collections.git @ 1.4.1

2026-04-21 23:57:13.833 xcodebuild[21460:179745] [MT] IDERunDestination: Supported platforms for the buildables in the current scheme is empty.
ComputePackagePrebuildTargetDependencyGraph

Prepare packages

CreateBuildRequest

SendProjectDescription

CreateBuildOperation

ComputeTargetDependencyGraph
note: Building targets in dependency order
note: Target dependency graph (98 targets)
    Target 'DirectSalesTeamApp' in project 'DirectSalesTeamApp'
        ➜ Explicit dependency on target 'GRPCCore' in project 'grpc-swift-2'
        ➜ Explicit dependency on target 'GRPCCodeGen' in project 'grpc-swift-2'
        ➜ Explicit dependency on target 'GRPCInProcessTransport' in project 'grpc-swift-2'
        ➜ Explicit dependency on target 'GRPCNIOTransportHTTP2' in project 'grpc-swift-nio-transport'
        ➜ Explicit dependency on target 'GRPCNIOTransportHTTP2Posix' in project 'grpc-swift-nio-transport'
        ➜ Explicit dependency on target 'GRPCNIOTransportHTTP2TransportServices' in project 'grpc-swift-nio-transport'
        ➜ Explicit dependency on target 'GRPCProtobuf' in project 'grpc-swift-protobuf'
        ➜ Explicit dependency on target 'SwiftProtobuf' in project 'SwiftProtobuf'
        ➜ Explicit dependency on target 'SwiftProtobufPluginLibrary' in project 'SwiftProtobuf'
    Target 'SwiftProtobufPluginLibrary' in project 'SwiftProtobuf'
        ➜ Explicit dependency on target 'SwiftProtobufPluginLibrary' in project 'SwiftProtobuf'
        ➜ Explicit dependency on target 'SwiftProtobuf_SwiftProtobufPluginLibrary' in project 'SwiftProtobuf'
        ➜ Explicit dependency on target 'SwiftProtobuf' in project 'SwiftProtobuf'
    Target 'SwiftProtobufPluginLibrary' in project 'SwiftProtobuf'
        ➜ Explicit dependency on target 'SwiftProtobuf_SwiftProtobufPluginLibrary' in project 'SwiftProtobuf'
        ➜ Explicit dependency on target 'SwiftProtobuf' in project 'SwiftProtobuf'
    Target 'SwiftProtobuf_SwiftProtobufPluginLibrary' in project 'SwiftProtobuf' (no dependencies)
    Target 'GRPCProtobuf' in project 'grpc-swift-protobuf'
        ➜ Explicit dependency on target 'GRPCProtobuf' in project 'grpc-swift-protobuf'
        ➜ Explicit dependency on target 'GRPCCore' in project 'grpc-swift-2'
        ➜ Explicit dependency on target 'SwiftProtobuf' in project 'SwiftProtobuf'
    Target 'GRPCProtobuf' in project 'grpc-swift-protobuf'
        ➜ Explicit dependency on target 'GRPCCore' in project 'grpc-swift-2'
        ➜ Explicit dependency on target 'SwiftProtobuf' in project 'SwiftProtobuf'
    Target 'SwiftProtobuf' in project 'SwiftProtobuf'
        ➜ Explicit dependency on target 'SwiftProtobuf' in project 'SwiftProtobuf'
        ➜ Explicit dependency on target 'SwiftProtobuf_SwiftProtobuf' in project 'SwiftProtobuf'
    Target 'SwiftProtobuf' in project 'SwiftProtobuf'
        ➜ Explicit dependency on target 'SwiftProtobuf_SwiftProtobuf' in project 'SwiftProtobuf'
    Target 'SwiftProtobuf_SwiftProtobuf' in project 'SwiftProtobuf' (no dependencies)
    Target 'GRPCNIOTransportHTTP2TransportServices' in project 'grpc-swift-nio-transport'
        ➜ Explicit dependency on target 'GRPCNIOTransportHTTP2TransportServices' in project 'grpc-swift-nio-transport'
        ➜ Explicit dependency on target 'CGRPCNIOTransportZlib' in project 'grpc-swift-nio-transport'
        ➜ Explicit dependency on target 'GRPCNIOTransportCore' in project 'grpc-swift-nio-transport'
        ➜ Explicit dependency on target 'GRPCCore' in project 'grpc-swift-2'
        ➜ Explicit dependency on target 'NIOCore' in project 'swift-nio'
        ➜ Explicit dependency on target 'NIOHTTP2' in project 'swift-nio-http2'
        ➜ Explicit dependency on target 'NIOExtras' in project 'swift-nio-extras'
        ➜ Explicit dependency on target 'NIOTransportServices' in project 'swift-nio-transport-services'
    Target 'GRPCNIOTransportHTTP2Posix' in project 'grpc-swift-nio-transport'
        ➜ Explicit dependency on target 'GRPCNIOTransportHTTP2Posix' in project 'grpc-swift-nio-transport'
        ➜ Explicit dependency on target 'CGRPCNIOTransportZlib' in project 'grpc-swift-nio-transport'
        ➜ Explicit dependency on target 'GRPCNIOTransportCore' in project 'grpc-swift-nio-transport'
        ➜ Explicit dependency on target 'GRPCCore' in project 'grpc-swift-2'
        ➜ Explicit dependency on target 'NIOCore' in project 'swift-nio'
        ➜ Explicit dependency on target 'NIOHTTP2' in project 'swift-nio-http2'
        ➜ Explicit dependency on target 'NIOExtras' in project 'swift-nio-extras'
        ➜ Explicit dependency on target 'NIOPosix' in project 'swift-nio'
        ➜ Explicit dependency on target 'NIOSSL' in project 'swift-nio-ssl'
        ➜ Explicit dependency on target 'X509' in project 'swift-certificates'
        ➜ Explicit dependency on target 'SwiftASN1' in project 'swift-asn1'
        ➜ Explicit dependency on target 'NIOCertificateReloading' in project 'swift-nio-extras'
    Target 'GRPCNIOTransportHTTP2' in project 'grpc-swift-nio-transport'
        ➜ Explicit dependency on target 'GRPCNIOTransportHTTP2' in project 'grpc-swift-nio-transport'
        ➜ Explicit dependency on target 'CGRPCNIOTransportZlib' in project 'grpc-swift-nio-transport'
        ➜ Explicit dependency on target 'GRPCNIOTransportCore' in project 'grpc-swift-nio-transport'
        ➜ Explicit dependency on target 'GRPCNIOTransportHTTP2Posix' in project 'grpc-swift-nio-transport'
        ➜ Explicit dependency on target 'GRPCNIOTransportHTTP2TransportServices' in project 'grpc-swift-nio-transport'
        ➜ Explicit dependency on target 'GRPCCore' in project 'grpc-swift-2'
        ➜ Explicit dependency on target 'NIOCore' in project 'swift-nio'
        ➜ Explicit dependency on target 'NIOHTTP2' in project 'swift-nio-http2'
        ➜ Explicit dependency on target 'NIOExtras' in project 'swift-nio-extras'
        ➜ Explicit dependency on target 'NIOPosix' in project 'swift-nio'
        ➜ Explicit dependency on target 'NIOSSL' in project 'swift-nio-ssl'
        ➜ Explicit dependency on target 'X509' in project 'swift-certificates'
        ➜ Explicit dependency on target 'SwiftASN1' in project 'swift-asn1'
        ➜ Explicit dependency on target 'NIOCertificateReloading' in project 'swift-nio-extras'
        ➜ Explicit dependency on target 'NIOTransportServices' in project 'swift-nio-transport-services'
    Target 'GRPCNIOTransportHTTP2' in project 'grpc-swift-nio-transport'
        ➜ Explicit dependency on target 'CGRPCNIOTransportZlib' in project 'grpc-swift-nio-transport'
        ➜ Explicit dependency on target 'GRPCNIOTransportCore' in project 'grpc-swift-nio-transport'
        ➜ Explicit dependency on target 'GRPCNIOTransportHTTP2Posix' in project 'grpc-swift-nio-transport'
        ➜ Explicit dependency on target 'GRPCNIOTransportHTTP2TransportServices' in project 'grpc-swift-nio-transport'
        ➜ Explicit dependency on target 'GRPCCore' in project 'grpc-swift-2'
        ➜ Explicit dependency on target 'NIOCore' in project 'swift-nio'
        ➜ Explicit dependency on target 'NIOHTTP2' in project 'swift-nio-http2'
        ➜ Explicit dependency on target 'NIOExtras' in project 'swift-nio-extras'
        ➜ Explicit dependency on target 'NIOPosix' in project 'swift-nio'
        ➜ Explicit dependency on target 'NIOSSL' in project 'swift-nio-ssl'
        ➜ Explicit dependency on target 'X509' in project 'swift-certificates'
        ➜ Explicit dependency on target 'SwiftASN1' in project 'swift-asn1'
        ➜ Explicit dependency on target 'NIOCertificateReloading' in project 'swift-nio-extras'
        ➜ Explicit dependency on target 'NIOTransportServices' in project 'swift-nio-transport-services'
    Target 'GRPCNIOTransportHTTP2TransportServices' in project 'grpc-swift-nio-transport'
        ➜ Explicit dependency on target 'CGRPCNIOTransportZlib' in project 'grpc-swift-nio-transport'
        ➜ Explicit dependency on target 'GRPCNIOTransportCore' in project 'grpc-swift-nio-transport'
        ➜ Explicit dependency on target 'GRPCCore' in project 'grpc-swift-2'
        ➜ Explicit dependency on target 'NIOCore' in project 'swift-nio'
        ➜ Explicit dependency on target 'NIOHTTP2' in project 'swift-nio-http2'
        ➜ Explicit dependency on target 'NIOExtras' in project 'swift-nio-extras'
        ➜ Explicit dependency on target 'NIOTransportServices' in project 'swift-nio-transport-services'
    Target 'NIOTransportServices' in project 'swift-nio-transport-services'
        ➜ Explicit dependency on target 'NIOTransportServices' in project 'swift-nio-transport-services'
        ➜ Explicit dependency on target 'NIO' in project 'swift-nio'
        ➜ Explicit dependency on target 'NIOCore' in project 'swift-nio'
        ➜ Explicit dependency on target 'NIOFoundationCompat' in project 'swift-nio'
        ➜ Explicit dependency on target 'NIOTLS' in project 'swift-nio'
        ➜ Explicit dependency on target 'Atomics' in project 'swift-atomics'
    Target 'NIOTransportServices' in project 'swift-nio-transport-services'
        ➜ Explicit dependency on target 'NIO' in project 'swift-nio'
        ➜ Explicit dependency on target 'NIOCore' in project 'swift-nio'
        ➜ Explicit dependency on target 'NIOFoundationCompat' in project 'swift-nio'
        ➜ Explicit dependency on target 'NIOTLS' in project 'swift-nio'
        ➜ Explicit dependency on target 'Atomics' in project 'swift-atomics'
    Target 'NIOFoundationCompat' in project 'swift-nio'
        ➜ Explicit dependency on target 'NIOFoundationCompat' in project 'swift-nio'
        ➜ Explicit dependency on target 'CNIOAtomics' in project 'swift-nio'
        ➜ Explicit dependency on target 'NIOConcurrencyHelpers' in project 'swift-nio'
        ➜ Explicit dependency on target '_NIOBase64' in project 'swift-nio'
        ➜ Explicit dependency on target 'CNIOOpenBSD' in project 'swift-nio'
        ➜ Explicit dependency on target 'CNIODarwin' in project 'swift-nio'
        ➜ Explicit dependency on target 'CNIOLinux' in project 'swift-nio'
        ➜ Explicit dependency on target 'CNIOWindows' in project 'swift-nio'
        ➜ Explicit dependency on target 'CNIOWASI' in project 'swift-nio'
        ➜ Explicit dependency on target '_NIODataStructures' in project 'swift-nio'
        ➜ Explicit dependency on target 'NIOCore' in project 'swift-nio'
        ➜ Explicit dependency on target 'NIOEmbedded' in project 'swift-nio'
        ➜ Explicit dependency on target 'CNIOPosix' in project 'swift-nio'
        ➜ Explicit dependency on target 'NIOPosix' in project 'swift-nio'
        ➜ Explicit dependency on target 'NIO' in project 'swift-nio'
        ➜ Explicit dependency on target 'DequeModule' in project 'swift-collections'
        ➜ Explicit dependency on target 'Atomics' in project 'swift-atomics'
    Target 'NIOFoundationCompat' in project 'swift-nio'
        ➜ Explicit dependency on target 'CNIOAtomics' in project 'swift-nio'
        ➜ Explicit dependency on target 'NIOConcurrencyHelpers' in project 'swift-nio'
        ➜ Explicit dependency on target '_NIOBase64' in project 'swift-nio'
        ➜ Explicit dependency on target 'CNIOOpenBSD' in project 'swift-nio'
        ➜ Explicit dependency on target 'CNIODarwin' in project 'swift-nio'
        ➜ Explicit dependency on target 'CNIOLinux' in project 'swift-nio'
        ➜ Explicit dependency on target 'CNIOWindows' in project 'swift-nio'
        ➜ Explicit dependency on target 'CNIOWASI' in project 'swift-nio'
        ➜ Explicit dependency on target '_NIODataStructures' in project 'swift-nio'
        ➜ Explicit dependency on target 'NIOCore' in project 'swift-nio'
        ➜ Explicit dependency on target 'NIOEmbedded' in project 'swift-nio'
        ➜ Explicit dependency on target 'CNIOPosix' in project 'swift-nio'
        ➜ Explicit dependency on target 'NIOPosix' in project 'swift-nio'
        ➜ Explicit dependency on target 'NIO' in project 'swift-nio'
        ➜ Explicit dependency on target 'DequeModule' in project 'swift-collections'
        ➜ Explicit dependency on target 'Atomics' in project 'swift-atomics'
    Target 'GRPCNIOTransportHTTP2Posix' in project 'grpc-swift-nio-transport'
        ➜ Explicit dependency on target 'CGRPCNIOTransportZlib' in project 'grpc-swift-nio-transport'
        ➜ Explicit dependency on target 'GRPCNIOTransportCore' in project 'grpc-swift-nio-transport'
        ➜ Explicit dependency on target 'GRPCCore' in project 'grpc-swift-2'
        ➜ Explicit dependency on target 'NIOCore' in project 'swift-nio'
        ➜ Explicit dependency on target 'NIOHTTP2' in project 'swift-nio-http2'
        ➜ Explicit dependency on target 'NIOExtras' in project 'swift-nio-extras'
        ➜ Explicit dependency on target 'NIOPosix' in project 'swift-nio'
        ➜ Explicit dependency on target 'NIOSSL' in project 'swift-nio-ssl'
        ➜ Explicit dependency on target 'X509' in project 'swift-certificates'
        ➜ Explicit dependency on target 'SwiftASN1' in project 'swift-asn1'
        ➜ Explicit dependency on target 'NIOCertificateReloading' in project 'swift-nio-extras'
    Target 'NIOCertificateReloading' in project 'swift-nio-extras'
        ➜ Explicit dependency on target 'NIOCertificateReloading' in project 'swift-nio-extras'
        ➜ Explicit dependency on target 'NIOCore' in project 'swift-nio'
        ➜ Explicit dependency on target 'NIOSSL' in project 'swift-nio-ssl'
        ➜ Explicit dependency on target 'X509' in project 'swift-certificates'
        ➜ Explicit dependency on target 'SwiftASN1' in project 'swift-asn1'
        ➜ Explicit dependency on target 'ServiceLifecycle' in project 'swift-service-lifecycle'
        ➜ Explicit dependency on target 'AsyncAlgorithms' in project 'swift-async-algorithms'
        ➜ Explicit dependency on target 'Logging' in project 'swift-log'
    Target 'NIOCertificateReloading' in project 'swift-nio-extras'
        ➜ Explicit dependency on target 'NIOCore' in project 'swift-nio'
        ➜ Explicit dependency on target 'NIOSSL' in project 'swift-nio-ssl'
        ➜ Explicit dependency on target 'X509' in project 'swift-certificates'
        ➜ Explicit dependency on target 'SwiftASN1' in project 'swift-asn1'
        ➜ Explicit dependency on target 'ServiceLifecycle' in project 'swift-service-lifecycle'
        ➜ Explicit dependency on target 'AsyncAlgorithms' in project 'swift-async-algorithms'
        ➜ Explicit dependency on target 'Logging' in project 'swift-log'
    Target 'ServiceLifecycle' in project 'swift-service-lifecycle'
        ➜ Explicit dependency on target 'ServiceLifecycle' in project 'swift-service-lifecycle'
        ➜ Explicit dependency on target 'ConcurrencyHelpers' in project 'swift-service-lifecycle'
        ➜ Explicit dependency on target 'UnixSignals' in project 'swift-service-lifecycle'
        ➜ Explicit dependency on target 'Logging' in project 'swift-log'
        ➜ Explicit dependency on target 'AsyncAlgorithms' in project 'swift-async-algorithms'
    Target 'ServiceLifecycle' in project 'swift-service-lifecycle'
        ➜ Explicit dependency on target 'ConcurrencyHelpers' in project 'swift-service-lifecycle'
        ➜ Explicit dependency on target 'UnixSignals' in project 'swift-service-lifecycle'
        ➜ Explicit dependency on target 'Logging' in project 'swift-log'
        ➜ Explicit dependency on target 'AsyncAlgorithms' in project 'swift-async-algorithms'
    Target 'AsyncAlgorithms' in project 'swift-async-algorithms'
        ➜ Explicit dependency on target 'AsyncAlgorithms' in project 'swift-async-algorithms'
        ➜ Explicit dependency on target 'OrderedCollections' in project 'swift-collections'
        ➜ Explicit dependency on target 'DequeModule' in project 'swift-collections'
    Target 'AsyncAlgorithms' in project 'swift-async-algorithms'
        ➜ Explicit dependency on target 'OrderedCollections' in project 'swift-collections'
        ➜ Explicit dependency on target 'DequeModule' in project 'swift-collections'
    Target 'OrderedCollections' in project 'swift-collections'
        ➜ Explicit dependency on target 'OrderedCollections' in project 'swift-collections'
        ➜ Explicit dependency on target 'InternalCollectionsUtilities' in project 'swift-collections'
    Target 'OrderedCollections' in project 'swift-collections'
        ➜ Explicit dependency on target 'InternalCollectionsUtilities' in project 'swift-collections'
    Target 'Logging' in project 'swift-log'
        ➜ Explicit dependency on target 'Logging' in project 'swift-log'
    Target 'Logging' in project 'swift-log' (no dependencies)
    Target 'UnixSignals' in project 'swift-service-lifecycle'
        ➜ Explicit dependency on target 'ConcurrencyHelpers' in project 'swift-service-lifecycle'
    Target 'ConcurrencyHelpers' in project 'swift-service-lifecycle' (no dependencies)
    Target 'X509' in project 'swift-certificates'
        ➜ Explicit dependency on target 'X509' in project 'swift-certificates'
        ➜ Explicit dependency on target '_CertificateInternals' in project 'swift-certificates'
        ➜ Explicit dependency on target 'SwiftASN1' in project 'swift-asn1'
        ➜ Explicit dependency on target 'Crypto' in project 'swift-crypto'
        ➜ Explicit dependency on target '_CryptoExtras' in project 'swift-crypto'
    Target 'X509' in project 'swift-certificates'
        ➜ Explicit dependency on target '_CertificateInternals' in project 'swift-certificates'
        ➜ Explicit dependency on target 'SwiftASN1' in project 'swift-asn1'
        ➜ Explicit dependency on target 'Crypto' in project 'swift-crypto'
        ➜ Explicit dependency on target '_CryptoExtras' in project 'swift-crypto'
    Target '_CryptoExtras' in project 'swift-crypto'
        ➜ Explicit dependency on target '_CryptoExtras' in project 'swift-crypto'
        ➜ Explicit dependency on target 'CCryptoBoringSSL' in project 'swift-crypto'
        ➜ Explicit dependency on target 'CCryptoBoringSSLShims' in project 'swift-crypto'
        ➜ Explicit dependency on target 'CryptoBoringWrapper' in project 'swift-crypto'
        ➜ Explicit dependency on target 'Crypto' in project 'swift-crypto'
        ➜ Explicit dependency on target 'CryptoExtras' in project 'swift-crypto'
        ➜ Explicit dependency on target 'SwiftASN1' in project 'swift-asn1'
    Target '_CryptoExtras' in project 'swift-crypto'
        ➜ Explicit dependency on target 'CCryptoBoringSSL' in project 'swift-crypto'
        ➜ Explicit dependency on target 'CCryptoBoringSSLShims' in project 'swift-crypto'
        ➜ Explicit dependency on target 'CryptoBoringWrapper' in project 'swift-crypto'
        ➜ Explicit dependency on target 'Crypto' in project 'swift-crypto'
        ➜ Explicit dependency on target 'CryptoExtras' in project 'swift-crypto'
        ➜ Explicit dependency on target 'SwiftASN1' in project 'swift-asn1'
    Target 'CryptoExtras' in project 'swift-crypto'
        ➜ Explicit dependency on target 'swift-crypto_CryptoExtras' in project 'swift-crypto'
        ➜ Explicit dependency on target 'CCryptoBoringSSL' in project 'swift-crypto'
        ➜ Explicit dependency on target 'CCryptoBoringSSLShims' in project 'swift-crypto'
        ➜ Explicit dependency on target 'CryptoBoringWrapper' in project 'swift-crypto'
        ➜ Explicit dependency on target 'Crypto' in project 'swift-crypto'
        ➜ Explicit dependency on target 'SwiftASN1' in project 'swift-asn1'
    Target 'swift-crypto_CryptoExtras' in project 'swift-crypto' (no dependencies)
    Target 'CryptoBoringWrapper' in project 'swift-crypto'
        ➜ Explicit dependency on target 'swift-crypto_CryptoBoringWrapper' in project 'swift-crypto'
        ➜ Explicit dependency on target 'CCryptoBoringSSL' in project 'swift-crypto'
        ➜ Explicit dependency on target 'CCryptoBoringSSLShims' in project 'swift-crypto'
    Target 'swift-crypto_CryptoBoringWrapper' in project 'swift-crypto' (no dependencies)
    Target 'CCryptoBoringSSLShims' in project 'swift-crypto'
        ➜ Explicit dependency on target 'swift-crypto_CCryptoBoringSSLShims' in project 'swift-crypto'
        ➜ Explicit dependency on target 'CCryptoBoringSSL' in project 'swift-crypto'
    Target 'swift-crypto_CCryptoBoringSSLShims' in project 'swift-crypto' (no dependencies)
    Target 'CCryptoBoringSSL' in project 'swift-crypto'
        ➜ Explicit dependency on target 'swift-crypto_CCryptoBoringSSL' in project 'swift-crypto'
    Target 'swift-crypto_CCryptoBoringSSL' in project 'swift-crypto' (no dependencies)
    Target 'Crypto' in project 'swift-crypto'
        ➜ Explicit dependency on target 'Crypto' in project 'swift-crypto'
        ➜ Explicit dependency on target 'swift-crypto_Crypto' in project 'swift-crypto'
    Target 'Crypto' in project 'swift-crypto'
        ➜ Explicit dependency on target 'swift-crypto_Crypto' in project 'swift-crypto'
    Target 'swift-crypto_Crypto' in project 'swift-crypto' (no dependencies)
    Target 'SwiftASN1' in project 'swift-asn1'
        ➜ Explicit dependency on target 'SwiftASN1' in project 'swift-asn1'
    Target 'SwiftASN1' in project 'swift-asn1' (no dependencies)
    Target '_CertificateInternals' in project 'swift-certificates' (no dependencies)
    Target 'NIOSSL' in project 'swift-nio-ssl'
        ➜ Explicit dependency on target 'NIOSSL' in project 'swift-nio-ssl'
        ➜ Explicit dependency on target 'swift-nio-ssl_NIOSSL' in project 'swift-nio-ssl'
        ➜ Explicit dependency on target 'CNIOBoringSSL' in project 'swift-nio-ssl'
        ➜ Explicit dependency on target 'CNIOBoringSSLShims' in project 'swift-nio-ssl'
        ➜ Explicit dependency on target 'NIO' in project 'swift-nio'
        ➜ Explicit dependency on target 'NIOCore' in project 'swift-nio'
        ➜ Explicit dependency on target 'NIOConcurrencyHelpers' in project 'swift-nio'
        ➜ Explicit dependency on target 'NIOTLS' in project 'swift-nio'
    Target 'NIOSSL' in project 'swift-nio-ssl'
        ➜ Explicit dependency on target 'swift-nio-ssl_NIOSSL' in project 'swift-nio-ssl'
        ➜ Explicit dependency on target 'CNIOBoringSSL' in project 'swift-nio-ssl'
        ➜ Explicit dependency on target 'CNIOBoringSSLShims' in project 'swift-nio-ssl'
        ➜ Explicit dependency on target 'NIO' in project 'swift-nio'
        ➜ Explicit dependency on target 'NIOCore' in project 'swift-nio'
        ➜ Explicit dependency on target 'NIOConcurrencyHelpers' in project 'swift-nio'
        ➜ Explicit dependency on target 'NIOTLS' in project 'swift-nio'
    Target 'CNIOBoringSSLShims' in project 'swift-nio-ssl'
        ➜ Explicit dependency on target 'CNIOBoringSSL' in project 'swift-nio-ssl'
    Target 'CNIOBoringSSL' in project 'swift-nio-ssl' (no dependencies)
    Target 'swift-nio-ssl_NIOSSL' in project 'swift-nio-ssl' (no dependencies)
    Target 'NIOPosix' in project 'swift-nio'
        ➜ Explicit dependency on target 'NIOPosix' in project 'swift-nio'
        ➜ Explicit dependency on target 'swift-nio_NIOPosix' in project 'swift-nio'
        ➜ Explicit dependency on target 'CNIOOpenBSD' in project 'swift-nio'
        ➜ Explicit dependency on target 'CNIOLinux' in project 'swift-nio'
        ➜ Explicit dependency on target 'CNIODarwin' in project 'swift-nio'
        ➜ Explicit dependency on target 'CNIOWindows' in project 'swift-nio'
        ➜ Explicit dependency on target 'CNIOAtomics' in project 'swift-nio'
        ➜ Explicit dependency on target 'NIOConcurrencyHelpers' in project 'swift-nio'
        ➜ Explicit dependency on target '_NIOBase64' in project 'swift-nio'
        ➜ Explicit dependency on target 'CNIOWASI' in project 'swift-nio'
        ➜ Explicit dependency on target '_NIODataStructures' in project 'swift-nio'
        ➜ Explicit dependency on target 'NIOCore' in project 'swift-nio'
        ➜ Explicit dependency on target 'CNIOPosix' in project 'swift-nio'
        ➜ Explicit dependency on target 'DequeModule' in project 'swift-collections'
        ➜ Explicit dependency on target 'Atomics' in project 'swift-atomics'
    Target 'GRPCNIOTransportCore' in project 'grpc-swift-nio-transport'
        ➜ Explicit dependency on target 'CGRPCNIOTransportZlib' in project 'grpc-swift-nio-transport'
        ➜ Explicit dependency on target 'GRPCCore' in project 'grpc-swift-2'
        ➜ Explicit dependency on target 'NIOCore' in project 'swift-nio'
        ➜ Explicit dependency on target 'NIOHTTP2' in project 'swift-nio-http2'
        ➜ Explicit dependency on target 'NIOExtras' in project 'swift-nio-extras'
    Target 'NIOExtras' in project 'swift-nio-extras'
        ➜ Explicit dependency on target 'NIOExtras' in project 'swift-nio-extras'
        ➜ Explicit dependency on target 'NIO' in project 'swift-nio'
        ➜ Explicit dependency on target 'NIOCore' in project 'swift-nio'
        ➜ Explicit dependency on target 'NIOHTTP1' in project 'swift-nio'
    Target 'NIOExtras' in project 'swift-nio-extras'
        ➜ Explicit dependency on target 'NIO' in project 'swift-nio'
        ➜ Explicit dependency on target 'NIOCore' in project 'swift-nio'
        ➜ Explicit dependency on target 'NIOHTTP1' in project 'swift-nio'
    Target 'NIOHTTP2' in project 'swift-nio-http2'
        ➜ Explicit dependency on target 'NIOHTTP2' in project 'swift-nio-http2'
        ➜ Explicit dependency on target 'NIOHPACK' in project 'swift-nio-http2'
        ➜ Explicit dependency on target 'NIO' in project 'swift-nio'
        ➜ Explicit dependency on target 'NIOCore' in project 'swift-nio'
        ➜ Explicit dependency on target 'NIOConcurrencyHelpers' in project 'swift-nio'
        ➜ Explicit dependency on target 'NIOHTTP1' in project 'swift-nio'
        ➜ Explicit dependency on target 'NIOTLS' in project 'swift-nio'
        ➜ Explicit dependency on target 'Atomics' in project 'swift-atomics'
    Target 'NIOHTTP2' in project 'swift-nio-http2'
        ➜ Explicit dependency on target 'NIOHPACK' in project 'swift-nio-http2'
        ➜ Explicit dependency on target 'NIO' in project 'swift-nio'
        ➜ Explicit dependency on target 'NIOCore' in project 'swift-nio'
        ➜ Explicit dependency on target 'NIOConcurrencyHelpers' in project 'swift-nio'
        ➜ Explicit dependency on target 'NIOHTTP1' in project 'swift-nio'
        ➜ Explicit dependency on target 'NIOTLS' in project 'swift-nio'
        ➜ Explicit dependency on target 'Atomics' in project 'swift-atomics'
    Target 'NIOTLS' in project 'swift-nio'
        ➜ Explicit dependency on target 'NIOTLS' in project 'swift-nio'
        ➜ Explicit dependency on target 'CNIOAtomics' in project 'swift-nio'
        ➜ Explicit dependency on target 'NIOConcurrencyHelpers' in project 'swift-nio'
        ➜ Explicit dependency on target '_NIOBase64' in project 'swift-nio'
        ➜ Explicit dependency on target 'CNIOOpenBSD' in project 'swift-nio'
        ➜ Explicit dependency on target 'CNIODarwin' in project 'swift-nio'
        ➜ Explicit dependency on target 'CNIOLinux' in project 'swift-nio'
        ➜ Explicit dependency on target 'CNIOWindows' in project 'swift-nio'
        ➜ Explicit dependency on target 'CNIOWASI' in project 'swift-nio'
        ➜ Explicit dependency on target '_NIODataStructures' in project 'swift-nio'
        ➜ Explicit dependency on target 'NIOCore' in project 'swift-nio'
        ➜ Explicit dependency on target 'NIOEmbedded' in project 'swift-nio'
        ➜ Explicit dependency on target 'CNIOPosix' in project 'swift-nio'
        ➜ Explicit dependency on target 'NIOPosix' in project 'swift-nio'
        ➜ Explicit dependency on target 'NIO' in project 'swift-nio'
        ➜ Explicit dependency on target 'DequeModule' in project 'swift-collections'
        ➜ Explicit dependency on target 'Atomics' in project 'swift-atomics'
    Target 'NIOTLS' in project 'swift-nio'
        ➜ Explicit dependency on target 'CNIOAtomics' in project 'swift-nio'
        ➜ Explicit dependency on target 'NIOConcurrencyHelpers' in project 'swift-nio'
        ➜ Explicit dependency on target '_NIOBase64' in project 'swift-nio'
        ➜ Explicit dependency on target 'CNIOOpenBSD' in project 'swift-nio'
        ➜ Explicit dependency on target 'CNIODarwin' in project 'swift-nio'
        ➜ Explicit dependency on target 'CNIOLinux' in project 'swift-nio'
        ➜ Explicit dependency on target 'CNIOWindows' in project 'swift-nio'
        ➜ Explicit dependency on target 'CNIOWASI' in project 'swift-nio'
        ➜ Explicit dependency on target '_NIODataStructures' in project 'swift-nio'
        ➜ Explicit dependency on target 'NIOCore' in project 'swift-nio'
        ➜ Explicit dependency on target 'NIOEmbedded' in project 'swift-nio'
        ➜ Explicit dependency on target 'CNIOPosix' in project 'swift-nio'
        ➜ Explicit dependency on target 'NIOPosix' in project 'swift-nio'
        ➜ Explicit dependency on target 'NIO' in project 'swift-nio'
        ➜ Explicit dependency on target 'DequeModule' in project 'swift-collections'
        ➜ Explicit dependency on target 'Atomics' in project 'swift-atomics'
    Target 'NIOHPACK' in project 'swift-nio-http2'
        ➜ Explicit dependency on target 'NIO' in project 'swift-nio'
        ➜ Explicit dependency on target 'NIOCore' in project 'swift-nio'
        ➜ Explicit dependency on target 'NIOConcurrencyHelpers' in project 'swift-nio'
        ➜ Explicit dependency on target 'NIOHTTP1' in project 'swift-nio'
    Target 'NIOHTTP1' in project 'swift-nio'
        ➜ Explicit dependency on target 'NIOHTTP1' in project 'swift-nio'
        ➜ Explicit dependency on target 'CNIOAtomics' in project 'swift-nio'
        ➜ Explicit dependency on target 'NIOConcurrencyHelpers' in project 'swift-nio'
        ➜ Explicit dependency on target '_NIOBase64' in project 'swift-nio'
        ➜ Explicit dependency on target 'CNIOOpenBSD' in project 'swift-nio'
        ➜ Explicit dependency on target 'CNIODarwin' in project 'swift-nio'
        ➜ Explicit dependency on target 'CNIOLinux' in project 'swift-nio'
        ➜ Explicit dependency on target 'CNIOWindows' in project 'swift-nio'
        ➜ Explicit dependency on target 'CNIOWASI' in project 'swift-nio'
        ➜ Explicit dependency on target '_NIODataStructures' in project 'swift-nio'
        ➜ Explicit dependency on target 'NIOCore' in project 'swift-nio'
        ➜ Explicit dependency on target 'NIOEmbedded' in project 'swift-nio'
        ➜ Explicit dependency on target 'CNIOPosix' in project 'swift-nio'
        ➜ Explicit dependency on target 'NIOPosix' in project 'swift-nio'
        ➜ Explicit dependency on target 'NIO' in project 'swift-nio'
        ➜ Explicit dependency on target 'CNIOLLHTTP' in project 'swift-nio'
        ➜ Explicit dependency on target 'DequeModule' in project 'swift-collections'
        ➜ Explicit dependency on target 'Atomics' in project 'swift-atomics'
    Target 'NIOHTTP1' in project 'swift-nio'
        ➜ Explicit dependency on target 'CNIOAtomics' in project 'swift-nio'
        ➜ Explicit dependency on target 'NIOConcurrencyHelpers' in project 'swift-nio'
        ➜ Explicit dependency on target '_NIOBase64' in project 'swift-nio'
        ➜ Explicit dependency on target 'CNIOOpenBSD' in project 'swift-nio'
        ➜ Explicit dependency on target 'CNIODarwin' in project 'swift-nio'
        ➜ Explicit dependency on target 'CNIOLinux' in project 'swift-nio'
        ➜ Explicit dependency on target 'CNIOWindows' in project 'swift-nio'
        ➜ Explicit dependency on target 'CNIOWASI' in project 'swift-nio'
        ➜ Explicit dependency on target '_NIODataStructures' in project 'swift-nio'
        ➜ Explicit dependency on target 'NIOCore' in project 'swift-nio'
        ➜ Explicit dependency on target 'NIOEmbedded' in project 'swift-nio'
        ➜ Explicit dependency on target 'CNIOPosix' in project 'swift-nio'
        ➜ Explicit dependency on target 'NIOPosix' in project 'swift-nio'
        ➜ Explicit dependency on target 'NIO' in project 'swift-nio'
        ➜ Explicit dependency on target 'CNIOLLHTTP' in project 'swift-nio'
        ➜ Explicit dependency on target 'DequeModule' in project 'swift-collections'
        ➜ Explicit dependency on target 'Atomics' in project 'swift-atomics'
    Target 'CNIOLLHTTP' in project 'swift-nio' (no dependencies)
    Target 'NIOConcurrencyHelpers' in project 'swift-nio'
        ➜ Explicit dependency on target 'NIOConcurrencyHelpers' in project 'swift-nio'
        ➜ Explicit dependency on target 'CNIOAtomics' in project 'swift-nio'
    Target 'NIO' in project 'swift-nio'
        ➜ Explicit dependency on target 'NIO' in project 'swift-nio'
        ➜ Explicit dependency on target 'CNIOAtomics' in project 'swift-nio'
        ➜ Explicit dependency on target 'NIOConcurrencyHelpers' in project 'swift-nio'
        ➜ Explicit dependency on target '_NIOBase64' in project 'swift-nio'
        ➜ Explicit dependency on target 'CNIOOpenBSD' in project 'swift-nio'
        ➜ Explicit dependency on target 'CNIODarwin' in project 'swift-nio'
        ➜ Explicit dependency on target 'CNIOLinux' in project 'swift-nio'
        ➜ Explicit dependency on target 'CNIOWindows' in project 'swift-nio'
        ➜ Explicit dependency on target 'CNIOWASI' in project 'swift-nio'
        ➜ Explicit dependency on target '_NIODataStructures' in project 'swift-nio'
        ➜ Explicit dependency on target 'NIOCore' in project 'swift-nio'
        ➜ Explicit dependency on target 'NIOEmbedded' in project 'swift-nio'
        ➜ Explicit dependency on target 'CNIOPosix' in project 'swift-nio'
        ➜ Explicit dependency on target 'NIOPosix' in project 'swift-nio'
        ➜ Explicit dependency on target 'DequeModule' in project 'swift-collections'
        ➜ Explicit dependency on target 'Atomics' in project 'swift-atomics'
    Target 'NIO' in project 'swift-nio'
        ➜ Explicit dependency on target 'CNIOAtomics' in project 'swift-nio'
        ➜ Explicit dependency on target 'NIOConcurrencyHelpers' in project 'swift-nio'
        ➜ Explicit dependency on target '_NIOBase64' in project 'swift-nio'
        ➜ Explicit dependency on target 'CNIOOpenBSD' in project 'swift-nio'
        ➜ Explicit dependency on target 'CNIODarwin' in project 'swift-nio'
        ➜ Explicit dependency on target 'CNIOLinux' in project 'swift-nio'
        ➜ Explicit dependency on target 'CNIOWindows' in project 'swift-nio'
        ➜ Explicit dependency on target 'CNIOWASI' in project 'swift-nio'
        ➜ Explicit dependency on target '_NIODataStructures' in project 'swift-nio'
        ➜ Explicit dependency on target 'NIOCore' in project 'swift-nio'
        ➜ Explicit dependency on target 'NIOEmbedded' in project 'swift-nio'
        ➜ Explicit dependency on target 'CNIOPosix' in project 'swift-nio'
        ➜ Explicit dependency on target 'NIOPosix' in project 'swift-nio'
        ➜ Explicit dependency on target 'DequeModule' in project 'swift-collections'
        ➜ Explicit dependency on target 'Atomics' in project 'swift-atomics'
    Target 'NIOPosix' in project 'swift-nio'
        ➜ Explicit dependency on target 'swift-nio_NIOPosix' in project 'swift-nio'
        ➜ Explicit dependency on target 'CNIOOpenBSD' in project 'swift-nio'
        ➜ Explicit dependency on target 'CNIOLinux' in project 'swift-nio'
        ➜ Explicit dependency on target 'CNIODarwin' in project 'swift-nio'
        ➜ Explicit dependency on target 'CNIOWindows' in project 'swift-nio'
        ➜ Explicit dependency on target 'CNIOAtomics' in project 'swift-nio'
        ➜ Explicit dependency on target 'NIOConcurrencyHelpers' in project 'swift-nio'
        ➜ Explicit dependency on target '_NIOBase64' in project 'swift-nio'
        ➜ Explicit dependency on target 'CNIOWASI' in project 'swift-nio'
        ➜ Explicit dependency on target '_NIODataStructures' in project 'swift-nio'
        ➜ Explicit dependency on target 'NIOCore' in project 'swift-nio'
        ➜ Explicit dependency on target 'CNIOPosix' in project 'swift-nio'
        ➜ Explicit dependency on target 'DequeModule' in project 'swift-collections'
        ➜ Explicit dependency on target 'Atomics' in project 'swift-atomics'
    Target 'swift-nio_NIOPosix' in project 'swift-nio' (no dependencies)
    Target 'CNIOPosix' in project 'swift-nio' (no dependencies)
    Target 'NIOEmbedded' in project 'swift-nio'
        ➜ Explicit dependency on target 'CNIOAtomics' in project 'swift-nio'
        ➜ Explicit dependency on target 'NIOConcurrencyHelpers' in project 'swift-nio'
        ➜ Explicit dependency on target '_NIOBase64' in project 'swift-nio'
        ➜ Explicit dependency on target 'CNIOOpenBSD' in project 'swift-nio'
        ➜ Explicit dependency on target 'CNIODarwin' in project 'swift-nio'
        ➜ Explicit dependency on target 'CNIOLinux' in project 'swift-nio'
        ➜ Explicit dependency on target 'CNIOWindows' in project 'swift-nio'
        ➜ Explicit dependency on target 'CNIOWASI' in project 'swift-nio'
        ➜ Explicit dependency on target '_NIODataStructures' in project 'swift-nio'
        ➜ Explicit dependency on target 'NIOCore' in project 'swift-nio'
        ➜ Explicit dependency on target 'DequeModule' in project 'swift-collections'
        ➜ Explicit dependency on target 'Atomics' in project 'swift-atomics'
    Target 'NIOCore' in project 'swift-nio'
        ➜ Explicit dependency on target 'NIOCore' in project 'swift-nio'
        ➜ Explicit dependency on target 'CNIOAtomics' in project 'swift-nio'
        ➜ Explicit dependency on target 'NIOConcurrencyHelpers' in project 'swift-nio'
        ➜ Explicit dependency on target '_NIOBase64' in project 'swift-nio'
        ➜ Explicit dependency on target 'CNIOOpenBSD' in project 'swift-nio'
        ➜ Explicit dependency on target 'CNIODarwin' in project 'swift-nio'
        ➜ Explicit dependency on target 'CNIOLinux' in project 'swift-nio'
        ➜ Explicit dependency on target 'CNIOWindows' in project 'swift-nio'
        ➜ Explicit dependency on target 'CNIOWASI' in project 'swift-nio'
        ➜ Explicit dependency on target '_NIODataStructures' in project 'swift-nio'
        ➜ Explicit dependency on target 'DequeModule' in project 'swift-collections'
        ➜ Explicit dependency on target 'Atomics' in project 'swift-atomics'
    Target 'NIOCore' in project 'swift-nio'
        ➜ Explicit dependency on target 'CNIOAtomics' in project 'swift-nio'
        ➜ Explicit dependency on target 'NIOConcurrencyHelpers' in project 'swift-nio'
        ➜ Explicit dependency on target '_NIOBase64' in project 'swift-nio'
        ➜ Explicit dependency on target 'CNIOOpenBSD' in project 'swift-nio'
        ➜ Explicit dependency on target 'CNIODarwin' in project 'swift-nio'
        ➜ Explicit dependency on target 'CNIOLinux' in project 'swift-nio'
        ➜ Explicit dependency on target 'CNIOWindows' in project 'swift-nio'
        ➜ Explicit dependency on target 'CNIOWASI' in project 'swift-nio'
        ➜ Explicit dependency on target '_NIODataStructures' in project 'swift-nio'
        ➜ Explicit dependency on target 'DequeModule' in project 'swift-collections'
        ➜ Explicit dependency on target 'Atomics' in project 'swift-atomics'
    Target 'Atomics' in project 'swift-atomics'
        ➜ Explicit dependency on target 'Atomics' in project 'swift-atomics'
        ➜ Explicit dependency on target '_AtomicsShims' in project 'swift-atomics'
    Target 'Atomics' in project 'swift-atomics'
        ➜ Explicit dependency on target '_AtomicsShims' in project 'swift-atomics'
    Target '_AtomicsShims' in project 'swift-atomics' (no dependencies)
    Target '_NIODataStructures' in project 'swift-nio' (no dependencies)
    Target 'CNIOWASI' in project 'swift-nio' (no dependencies)
    Target 'CNIOWindows' in project 'swift-nio' (no dependencies)
    Target 'CNIOLinux' in project 'swift-nio' (no dependencies)
    Target 'CNIODarwin' in project 'swift-nio' (no dependencies)
    Target 'CNIOOpenBSD' in project 'swift-nio' (no dependencies)
    Target '_NIOBase64' in project 'swift-nio' (no dependencies)
    Target 'NIOConcurrencyHelpers' in project 'swift-nio'
        ➜ Explicit dependency on target 'CNIOAtomics' in project 'swift-nio'
    Target 'CNIOAtomics' in project 'swift-nio' (no dependencies)
    Target 'CGRPCNIOTransportZlib' in project 'grpc-swift-nio-transport' (no dependencies)
    Target 'GRPCInProcessTransport' in project 'grpc-swift-2'
        ➜ Explicit dependency on target 'GRPCInProcessTransport' in project 'grpc-swift-2'
        ➜ Explicit dependency on target 'GRPCCore' in project 'grpc-swift-2'
        ➜ Explicit dependency on target 'DequeModule' in project 'swift-collections'
    Target 'GRPCInProcessTransport' in project 'grpc-swift-2'
        ➜ Explicit dependency on target 'GRPCCore' in project 'grpc-swift-2'
        ➜ Explicit dependency on target 'DequeModule' in project 'swift-collections'
    Target 'GRPCCodeGen' in project 'grpc-swift-2'
        ➜ Explicit dependency on target 'GRPCCodeGen' in project 'grpc-swift-2'
    Target 'GRPCCodeGen' in project 'grpc-swift-2' (no dependencies)
    Target 'GRPCCore' in project 'grpc-swift-2'
        ➜ Explicit dependency on target 'GRPCCore' in project 'grpc-swift-2'
        ➜ Explicit dependency on target 'DequeModule' in project 'swift-collections'
    Target 'GRPCCore' in project 'grpc-swift-2'
        ➜ Explicit dependency on target 'DequeModule' in project 'swift-collections'
    Target 'DequeModule' in project 'swift-collections'
        ➜ Explicit dependency on target 'DequeModule' in project 'swift-collections'
        ➜ Explicit dependency on target 'InternalCollectionsUtilities' in project 'swift-collections'
        ➜ Explicit dependency on target 'ContainersPreview' in project 'swift-collections'
    Target 'DequeModule' in project 'swift-collections'
        ➜ Explicit dependency on target 'InternalCollectionsUtilities' in project 'swift-collections'
        ➜ Explicit dependency on target 'ContainersPreview' in project 'swift-collections'
    Target 'ContainersPreview' in project 'swift-collections'
        ➜ Explicit dependency on target 'InternalCollectionsUtilities' in project 'swift-collections'
    Target 'InternalCollectionsUtilities' in project 'swift-collections' (no dependencies)

GatherProvisioningInputs

CreateBuildDescription

ExecuteExternalTool /Applications/Xcode.app/Contents/Developer/Toolchains/XcodeDefault.xctoolchain/usr/bin/swiftc --version

ExecuteExternalTool /Applications/Xcode.app/Contents/Developer/Toolchains/XcodeDefault.xctoolchain/usr/bin/clang -v -E -dM -arch arm64 -isysroot /Applications/Xcode.app/Contents/Developer/Platforms/iPhoneSimulator.platform/Developer/SDKs/iPhoneSimulator26.2.sdk -x c -c /dev/null

ExecuteExternalTool /Applications/Xcode.app/Contents/Developer/Toolchains/XcodeDefault.xctoolchain/usr/bin/clang -v -E -dM -isysroot /Applications/Xcode.app/Contents/Developer/Platforms/iPhoneSimulator.platform/Developer/SDKs/iPhoneSimulator26.2.sdk -x c -c /dev/null

ExecuteExternalTool /Applications/Xcode.app/Contents/Developer/Toolchains/XcodeDefault.xctoolchain/usr/bin/clang -v -E -dM -arch arm64 -isysroot /Applications/Xcode.app/Contents/Developer/Platforms/iPhoneSimulator.platform/Developer/SDKs/iPhoneSimulator26.2.sdk -x objective-c -c /dev/null

ExecuteExternalTool /Applications/Xcode.app/Contents/Developer/Toolchains/XcodeDefault.xctoolchain/usr/bin/clang -v -E -dM -arch arm64 -isysroot /Applications/Xcode.app/Contents/Developer/Platforms/iPhoneSimulator.platform/Developer/SDKs/iPhoneSimulator26.2.sdk -x c++ -c /dev/null

ExecuteExternalTool /Applications/Xcode.app/Contents/Developer/Toolchains/XcodeDefault.xctoolchain/usr/bin/ld -version_details

ExecuteExternalTool /Applications/Xcode.app/Contents/Developer/usr/bin/actool --print-asset-tag-combinations --output-format xml1 /Users/chirag/Projects/LMS/DirectSalesTeamApp/DirectSalesTeamApp/Assets.xcassets

ReadFileContents /Applications/Xcode.app/Contents/Developer/Toolchains/XcodeDefault.xctoolchain/usr/share/docc/features.json

ExecuteExternalTool /Applications/Xcode.app/Contents/Developer/Toolchains/XcodeDefault.xctoolchain/usr/bin/clang -v -E -dM -arch x86_64 -isysroot /Applications/Xcode.app/Contents/Developer/Platforms/iPhoneSimulator.platform/Developer/SDKs/iPhoneSimulator26.2.sdk -x c -c /dev/null

ExecuteExternalTool /Applications/Xcode.app/Contents/Developer/Toolchains/XcodeDefault.xctoolchain/usr/bin/clang -v -E -dM -arch x86_64 -isysroot /Applications/Xcode.app/Contents/Developer/Platforms/iPhoneSimulator.platform/Developer/SDKs/iPhoneSimulator26.2.sdk -x objective-c -c /dev/null

ExecuteExternalTool /Applications/Xcode.app/Contents/Developer/usr/bin/actool --version --output-format xml1

ExecuteExternalTool /Applications/Xcode.app/Contents/Developer/Toolchains/XcodeDefault.xctoolchain/usr/bin/clang -v -E -dM -arch arm64 -isysroot /Applications/Xcode.app/Contents/Developer/Platforms/iPhoneSimulator.platform/Developer/SDKs/iPhoneSimulator26.2.sdk -x assembler-with-cpp -c /dev/null

ExecuteExternalTool /Applications/Xcode.app/Contents/Developer/Toolchains/XcodeDefault.xctoolchain/usr/bin/clang -v -E -dM -arch x86_64 -isysroot /Applications/Xcode.app/Contents/Developer/Platforms/iPhoneSimulator.platform/Developer/SDKs/iPhoneSimulator26.2.sdk -x c++ -c /dev/null

ExecuteExternalTool /Applications/Xcode.app/Contents/Developer/Toolchains/XcodeDefault.xctoolchain/usr/bin/clang -v -E -dM -arch x86_64 -isysroot /Applications/Xcode.app/Contents/Developer/Platforms/iPhoneSimulator.platform/Developer/SDKs/iPhoneSimulator26.2.sdk -x assembler-with-cpp -c /dev/null

Build description signature: f173d55caccb37740800d037e0977011
Build description path: /Users/chirag/Library/Developer/Xcode/DerivedData/DirectSalesTeamApp-gdnkjitkcbrabhaojmuqlfhmyuhx/Build/Intermediates.noindex/XCBuildData/f173d55caccb37740800d037e0977011.xcbuilddata
ClangStatCache /Applications/Xcode.app/Contents/Developer/Toolchains/XcodeDefault.xctoolchain/usr/bin/clang-stat-cache /Applications/Xcode.app/Contents/Developer/Platforms/iPhoneSimulator.platform/Developer/SDKs/iPhoneSimulator26.2.sdk /Users/chirag/Library/Developer/Xcode/DerivedData/SDKStatCaches.noindex/iphonesimulator26.2-23C57-7d00a8b37fbd7999ea79df8ebc024bf0.sdkstatcache
    cd /Users/chirag/Projects/LMS/DirectSalesTeamApp/DirectSalesTeamApp.xcodeproj
    /Applications/Xcode.app/Contents/Developer/Toolchains/XcodeDefault.xctoolchain/usr/bin/clang-stat-cache /Applications/Xcode.app/Contents/Developer/Platforms/iPhoneSimulator.platform/Developer/SDKs/iPhoneSimulator26.2.sdk -o /Users/chirag/Library/Developer/Xcode/DerivedData/SDKStatCaches.noindex/iphonesimulator26.2-23C57-7d00a8b37fbd7999ea79df8ebc024bf0.sdkstatcache

ProcessInfoPlistFile /Users/chirag/Library/Developer/Xcode/DerivedData/DirectSalesTeamApp-gdnkjitkcbrabhaojmuqlfhmyuhx/Build/Products/Debug-iphonesimulator/swift-crypto_CryptoExtras.bundle/Info.plist /Users/chirag/Library/Developer/Xcode/DerivedData/DirectSalesTeamApp-gdnkjitkcbrabhaojmuqlfhmyuhx/Build/Intermediates.noindex/swift-crypto.build/Debug-iphonesimulator/swift-crypto_CryptoExtras.build/empty-swift-crypto_CryptoExtras.plist (in target 'swift-crypto_CryptoExtras' from project 'swift-crypto')
    cd /Users/chirag/Library/Developer/Xcode/DerivedData/DirectSalesTeamApp-gdnkjitkcbrabhaojmuqlfhmyuhx/SourcePackages/checkouts/swift-crypto
    builtin-infoPlistUtility /Users/chirag/Library/Developer/Xcode/DerivedData/DirectSalesTeamApp-gdnkjitkcbrabhaojmuqlfhmyuhx/Build/Intermediates.noindex/swift-crypto.build/Debug-iphonesimulator/swift-crypto_CryptoExtras.build/empty-swift-crypto_CryptoExtras.plist -producttype com.apple.product-type.bundle -expandbuildsettings -format binary -platform iphonesimulator -o /Users/chirag/Library/Developer/Xcode/DerivedData/DirectSalesTeamApp-gdnkjitkcbrabhaojmuqlfhmyuhx/Build/Products/Debug-iphonesimulator/swift-crypto_CryptoExtras.bundle/Info.plist

ProcessInfoPlistFile /Users/chirag/Library/Developer/Xcode/DerivedData/DirectSalesTeamApp-gdnkjitkcbrabhaojmuqlfhmyuhx/Build/Products/Debug-iphonesimulator/swift-nio-ssl_NIOSSL.bundle/Info.plist /Users/chirag/Library/Developer/Xcode/DerivedData/DirectSalesTeamApp-gdnkjitkcbrabhaojmuqlfhmyuhx/Build/Intermediates.noindex/swift-nio-ssl.build/Debug-iphonesimulator/swift-nio-ssl_NIOSSL.build/empty-swift-nio-ssl_NIOSSL.plist (in target 'swift-nio-ssl_NIOSSL' from project 'swift-nio-ssl')
    cd /Users/chirag/Library/Developer/Xcode/DerivedData/DirectSalesTeamApp-gdnkjitkcbrabhaojmuqlfhmyuhx/SourcePackages/checkouts/swift-nio-ssl
    builtin-infoPlistUtility /Users/chirag/Library/Developer/Xcode/DerivedData/DirectSalesTeamApp-gdnkjitkcbrabhaojmuqlfhmyuhx/Build/Intermediates.noindex/swift-nio-ssl.build/Debug-iphonesimulator/swift-nio-ssl_NIOSSL.build/empty-swift-nio-ssl_NIOSSL.plist -producttype com.apple.product-type.bundle -expandbuildsettings -format binary -platform iphonesimulator -o /Users/chirag/Library/Developer/Xcode/DerivedData/DirectSalesTeamApp-gdnkjitkcbrabhaojmuqlfhmyuhx/Build/Products/Debug-iphonesimulator/swift-nio-ssl_NIOSSL.bundle/Info.plist

ProcessInfoPlistFile /Users/chirag/Library/Developer/Xcode/DerivedData/DirectSalesTeamApp-gdnkjitkcbrabhaojmuqlfhmyuhx/Build/Products/Debug-iphonesimulator/swift-nio_NIOPosix.bundle/Info.plist /Users/chirag/Library/Developer/Xcode/DerivedData/DirectSalesTeamApp-gdnkjitkcbrabhaojmuqlfhmyuhx/Build/Intermediates.noindex/swift-nio.build/Debug-iphonesimulator/swift-nio_NIOPosix.build/empty-swift-nio_NIOPosix.plist (in target 'swift-nio_NIOPosix' from project 'swift-nio')
    cd /Users/chirag/Library/Developer/Xcode/DerivedData/DirectSalesTeamApp-gdnkjitkcbrabhaojmuqlfhmyuhx/SourcePackages/checkouts/swift-nio
    builtin-infoPlistUtility /Users/chirag/Library/Developer/Xcode/DerivedData/DirectSalesTeamApp-gdnkjitkcbrabhaojmuqlfhmyuhx/Build/Intermediates.noindex/swift-nio.build/Debug-iphonesimulator/swift-nio_NIOPosix.build/empty-swift-nio_NIOPosix.plist -producttype com.apple.product-type.bundle -expandbuildsettings -format binary -platform iphonesimulator -o /Users/chirag/Library/Developer/Xcode/DerivedData/DirectSalesTeamApp-gdnkjitkcbrabhaojmuqlfhmyuhx/Build/Products/Debug-iphonesimulator/swift-nio_NIOPosix.bundle/Info.plist

ProcessInfoPlistFile /Users/chirag/Library/Developer/Xcode/DerivedData/DirectSalesTeamApp-gdnkjitkcbrabhaojmuqlfhmyuhx/Build/Products/Debug-iphonesimulator/swift-crypto_CryptoBoringWrapper.bundle/Info.plist /Users/chirag/Library/Developer/Xcode/DerivedData/DirectSalesTeamApp-gdnkjitkcbrabhaojmuqlfhmyuhx/Build/Intermediates.noindex/swift-crypto.build/Debug-iphonesimulator/swift-crypto_CryptoBoringWrapper.build/empty-swift-crypto_CryptoBoringWrapper.plist (in target 'swift-crypto_CryptoBoringWrapper' from project 'swift-crypto')
    cd /Users/chirag/Library/Developer/Xcode/DerivedData/DirectSalesTeamApp-gdnkjitkcbrabhaojmuqlfhmyuhx/SourcePackages/checkouts/swift-crypto
    builtin-infoPlistUtility /Users/chirag/Library/Developer/Xcode/DerivedData/DirectSalesTeamApp-gdnkjitkcbrabhaojmuqlfhmyuhx/Build/Intermediates.noindex/swift-crypto.build/Debug-iphonesimulator/swift-crypto_CryptoBoringWrapper.build/empty-swift-crypto_CryptoBoringWrapper.plist -producttype com.apple.product-type.bundle -expandbuildsettings -format binary -platform iphonesimulator -o /Users/chirag/Library/Developer/Xcode/DerivedData/DirectSalesTeamApp-gdnkjitkcbrabhaojmuqlfhmyuhx/Build/Products/Debug-iphonesimulator/swift-crypto_CryptoBoringWrapper.bundle/Info.plist

ProcessInfoPlistFile /Users/chirag/Library/Developer/Xcode/DerivedData/DirectSalesTeamApp-gdnkjitkcbrabhaojmuqlfhmyuhx/Build/Products/Debug-iphonesimulator/swift-crypto_Crypto.bundle/Info.plist /Users/chirag/Library/Developer/Xcode/DerivedData/DirectSalesTeamApp-gdnkjitkcbrabhaojmuqlfhmyuhx/Build/Intermediates.noindex/swift-crypto.build/Debug-iphonesimulator/swift-crypto_Crypto.build/empty-swift-crypto_Crypto.plist (in target 'swift-crypto_Crypto' from project 'swift-crypto')
    cd /Users/chirag/Library/Developer/Xcode/DerivedData/DirectSalesTeamApp-gdnkjitkcbrabhaojmuqlfhmyuhx/SourcePackages/checkouts/swift-crypto
    builtin-infoPlistUtility /Users/chirag/Library/Developer/Xcode/DerivedData/DirectSalesTeamApp-gdnkjitkcbrabhaojmuqlfhmyuhx/Build/Intermediates.noindex/swift-crypto.build/Debug-iphonesimulator/swift-crypto_Crypto.build/empty-swift-crypto_Crypto.plist -producttype com.apple.product-type.bundle -expandbuildsettings -format binary -platform iphonesimulator -o /Users/chirag/Library/Developer/Xcode/DerivedData/DirectSalesTeamApp-gdnkjitkcbrabhaojmuqlfhmyuhx/Build/Products/Debug-iphonesimulator/swift-crypto_Crypto.bundle/Info.plist

ProcessInfoPlistFile /Users/chirag/Library/Developer/Xcode/DerivedData/DirectSalesTeamApp-gdnkjitkcbrabhaojmuqlfhmyuhx/Build/Products/Debug-iphonesimulator/swift-crypto_CCryptoBoringSSLShims.bundle/Info.plist /Users/chirag/Library/Developer/Xcode/DerivedData/DirectSalesTeamApp-gdnkjitkcbrabhaojmuqlfhmyuhx/Build/Intermediates.noindex/swift-crypto.build/Debug-iphonesimulator/swift-crypto_CCryptoBoringSSLShims.build/empty-swift-crypto_CCryptoBoringSSLShims.plist (in target 'swift-crypto_CCryptoBoringSSLShims' from project 'swift-crypto')
    cd /Users/chirag/Library/Developer/Xcode/DerivedData/DirectSalesTeamApp-gdnkjitkcbrabhaojmuqlfhmyuhx/SourcePackages/checkouts/swift-crypto
    builtin-infoPlistUtility /Users/chirag/Library/Developer/Xcode/DerivedData/DirectSalesTeamApp-gdnkjitkcbrabhaojmuqlfhmyuhx/Build/Intermediates.noindex/swift-crypto.build/Debug-iphonesimulator/swift-crypto_CCryptoBoringSSLShims.build/empty-swift-crypto_CCryptoBoringSSLShims.plist -producttype com.apple.product-type.bundle -expandbuildsettings -format binary -platform iphonesimulator -o /Users/chirag/Library/Developer/Xcode/DerivedData/DirectSalesTeamApp-gdnkjitkcbrabhaojmuqlfhmyuhx/Build/Products/Debug-iphonesimulator/swift-crypto_CCryptoBoringSSLShims.bundle/Info.plist

ProcessInfoPlistFile /Users/chirag/Library/Developer/Xcode/DerivedData/DirectSalesTeamApp-gdnkjitkcbrabhaojmuqlfhmyuhx/Build/Products/Debug-iphonesimulator/swift-crypto_CCryptoBoringSSL.bundle/Info.plist /Users/chirag/Library/Developer/Xcode/DerivedData/DirectSalesTeamApp-gdnkjitkcbrabhaojmuqlfhmyuhx/Build/Intermediates.noindex/swift-crypto.build/Debug-iphonesimulator/swift-crypto_CCryptoBoringSSL.build/empty-swift-crypto_CCryptoBoringSSL.plist (in target 'swift-crypto_CCryptoBoringSSL' from project 'swift-crypto')
    cd /Users/chirag/Library/Developer/Xcode/DerivedData/DirectSalesTeamApp-gdnkjitkcbrabhaojmuqlfhmyuhx/SourcePackages/checkouts/swift-crypto
    builtin-infoPlistUtility /Users/chirag/Library/Developer/Xcode/DerivedData/DirectSalesTeamApp-gdnkjitkcbrabhaojmuqlfhmyuhx/Build/Intermediates.noindex/swift-crypto.build/Debug-iphonesimulator/swift-crypto_CCryptoBoringSSL.build/empty-swift-crypto_CCryptoBoringSSL.plist -producttype com.apple.product-type.bundle -expandbuildsettings -format binary -platform iphonesimulator -o /Users/chirag/Library/Developer/Xcode/DerivedData/DirectSalesTeamApp-gdnkjitkcbrabhaojmuqlfhmyuhx/Build/Products/Debug-iphonesimulator/swift-crypto_CCryptoBoringSSL.bundle/Info.plist

ProcessInfoPlistFile /Users/chirag/Library/Developer/Xcode/DerivedData/DirectSalesTeamApp-gdnkjitkcbrabhaojmuqlfhmyuhx/Build/Products/Debug-iphonesimulator/SwiftProtobuf_SwiftProtobufPluginLibrary.bundle/Info.plist /Users/chirag/Library/Developer/Xcode/DerivedData/DirectSalesTeamApp-gdnkjitkcbrabhaojmuqlfhmyuhx/Build/Intermediates.noindex/SwiftProtobuf.build/Debug-iphonesimulator/SwiftProtobuf_SwiftProtobufPluginLibrary.build/empty-SwiftProtobuf_SwiftProtobufPluginLibrary.plist (in target 'SwiftProtobuf_SwiftProtobufPluginLibrary' from project 'SwiftProtobuf')
    cd /Users/chirag/Library/Developer/Xcode/DerivedData/DirectSalesTeamApp-gdnkjitkcbrabhaojmuqlfhmyuhx/SourcePackages/checkouts/swift-protobuf
    builtin-infoPlistUtility /Users/chirag/Library/Developer/Xcode/DerivedData/DirectSalesTeamApp-gdnkjitkcbrabhaojmuqlfhmyuhx/Build/Intermediates.noindex/SwiftProtobuf.build/Debug-iphonesimulator/SwiftProtobuf_SwiftProtobufPluginLibrary.build/empty-SwiftProtobuf_SwiftProtobufPluginLibrary.plist -producttype com.apple.product-type.bundle -expandbuildsettings -format binary -platform iphonesimulator -o /Users/chirag/Library/Developer/Xcode/DerivedData/DirectSalesTeamApp-gdnkjitkcbrabhaojmuqlfhmyuhx/Build/Products/Debug-iphonesimulator/SwiftProtobuf_SwiftProtobufPluginLibrary.bundle/Info.plist

ProcessInfoPlistFile /Users/chirag/Library/Developer/Xcode/DerivedData/DirectSalesTeamApp-gdnkjitkcbrabhaojmuqlfhmyuhx/Build/Products/Debug-iphonesimulator/SwiftProtobuf_SwiftProtobuf.bundle/Info.plist /Users/chirag/Library/Developer/Xcode/DerivedData/DirectSalesTeamApp-gdnkjitkcbrabhaojmuqlfhmyuhx/Build/Intermediates.noindex/SwiftProtobuf.build/Debug-iphonesimulator/SwiftProtobuf_SwiftProtobuf.build/empty-SwiftProtobuf_SwiftProtobuf.plist (in target 'SwiftProtobuf_SwiftProtobuf' from project 'SwiftProtobuf')
    cd /Users/chirag/Library/Developer/Xcode/DerivedData/DirectSalesTeamApp-gdnkjitkcbrabhaojmuqlfhmyuhx/SourcePackages/checkouts/swift-protobuf
    builtin-infoPlistUtility /Users/chirag/Library/Developer/Xcode/DerivedData/DirectSalesTeamApp-gdnkjitkcbrabhaojmuqlfhmyuhx/Build/Intermediates.noindex/SwiftProtobuf.build/Debug-iphonesimulator/SwiftProtobuf_SwiftProtobuf.build/empty-SwiftProtobuf_SwiftProtobuf.plist -producttype com.apple.product-type.bundle -expandbuildsettings -format binary -platform iphonesimulator -o /Users/chirag/Library/Developer/Xcode/DerivedData/DirectSalesTeamApp-gdnkjitkcbrabhaojmuqlfhmyuhx/Build/Products/Debug-iphonesimulator/SwiftProtobuf_SwiftProtobuf.bundle/Info.plist

note: Disabling hardened runtime with ad-hoc codesigning. (in target 'DirectSalesTeamApp' from project 'DirectSalesTeamApp')
SwiftDriver DirectSalesTeamApp normal x86_64 com.apple.xcode.tools.swift.compiler (in target 'DirectSalesTeamApp' from project 'DirectSalesTeamApp')
    cd /Users/chirag/Projects/LMS/DirectSalesTeamApp
    builtin-SwiftDriver -- /Applications/Xcode.app/Contents/Developer/Toolchains/XcodeDefault.xctoolchain/usr/bin/swiftc -module-name DirectSalesTeamApp -Onone -enforce-exclusivity\=checked @/Users/chirag/Library/Developer/Xcode/DerivedData/DirectSalesTeamApp-gdnkjitkcbrabhaojmuqlfhmyuhx/Build/Intermediates.noindex/DirectSalesTeamApp.build/Debug-iphonesimulator/DirectSalesTeamApp.build/Objects-normal/x86_64/DirectSalesTeamApp.SwiftFileList -DDEBUG -Xcc -fmodule-map-file\=/Users/chirag/Library/Developer/Xcode/DerivedData/DirectSalesTeamApp-gdnkjitkcbrabhaojmuqlfhmyuhx/Build/Intermediates.noindex/GeneratedModuleMaps-iphonesimulator/CNIOBoringSSLShims.modulemap -Xcc -fmodule-map-file\=/Users/chirag/Library/Developer/Xcode/DerivedData/DirectSalesTeamApp-gdnkjitkcbrabhaojmuqlfhmyuhx/Build/Intermediates.noindex/GeneratedModuleMaps-iphonesimulator/CNIOLLHTTP.modulemap -Xcc -fmodule-map-file\=/Users/chirag/Library/Developer/Xcode/DerivedData/DirectSalesTeamApp-gdnkjitkcbrabhaojmuqlfhmyuhx/Build/Intermediates.noindex/GeneratedModuleMaps-iphonesimulator/CNIOPosix.modulemap -Xcc -fmodule-map-file\=/Users/chirag/Library/Developer/Xcode/DerivedData/DirectSalesTeamApp-gdnkjitkcbrabhaojmuqlfhmyuhx/Build/Intermediates.noindex/GeneratedModuleMaps-iphonesimulator/CNIOWASI.modulemap -Xcc -fmodule-map-file\=/Users/chirag/Library/Developer/Xcode/DerivedData/DirectSalesTeamApp-gdnkjitkcbrabhaojmuqlfhmyuhx/Build/Intermediates.noindex/GeneratedModuleMaps-iphonesimulator/CNIOLinux.modulemap -Xcc -fmodule-map-file\=/Users/chirag/Library/Developer/Xcode/DerivedData/DirectSalesTeamApp-gdnkjitkcbrabhaojmuqlfhmyuhx/Build/Intermediates.noindex/GeneratedModuleMaps-iphonesimulator/CNIODarwin.modulemap -Xcc -fmodule-map-file\=/Users/chirag/Library/Developer/Xcode/DerivedData/DirectSalesTeamApp-gdnkjitkcbrabhaojmuqlfhmyuhx/Build/Intermediates.noindex/GeneratedModuleMaps-iphonesimulator/CNIOOpenBSD.modulemap -Xcc -fmodule-map-file\=/Users/chirag/Library/Developer/Xcode/DerivedData/DirectSalesTeamApp-gdnkjitkcbrabhaojmuqlfhmyuhx/Build/Intermediates.noindex/GeneratedModuleMaps-iphonesimulator/CNIOAtomics.modulemap -Xcc -fmodule-map-file\=/Users/chirag/Library/Developer/Xcode/DerivedData/DirectSalesTeamApp-gdnkjitkcbrabhaojmuqlfhmyuhx/Build/Intermediates.noindex/GeneratedModuleMaps-iphonesimulator/CGRPCNIOTransportZlib.modulemap -enable-bare-slash-regex -enable-upcoming-feature DisableOutwardActorInference -enable-upcoming-feature InferSendableFromCaptures -enable-upcoming-feature GlobalActorIsolatedTypesUsability -enable-upcoming-feature MemberImportVisibility -enable-upcoming-feature InferIsolatedConformances -enable-upcoming-feature NonisolatedNonsendingByDefault -enable-experimental-feature DebugDescriptionMacro -sdk /Applications/Xcode.app/Contents/Developer/Platforms/iPhoneSimulator.platform/Developer/SDKs/iPhoneSimulator26.2.sdk -target x86_64-apple-ios26-simulator -g -module-cache-path /Users/chirag/Library/Developer/Xcode/DerivedData/ModuleCache.noindex -Xfrontend -serialize-debugging-options -enable-testing -index-store-path /Users/chirag/Library/Developer/Xcode/DerivedData/DirectSalesTeamApp-gdnkjitkcbrabhaojmuqlfhmyuhx/Index.noindex/DataStore -Xcc -D_LIBCPP_HARDENING_MODE\=_LIBCPP_HARDENING_MODE_DEBUG -swift-version 5 -I /Users/chirag/Library/Developer/Xcode/DerivedData/DirectSalesTeamApp-gdnkjitkcbrabhaojmuqlfhmyuhx/Build/Products/Debug-iphonesimulator -F /Users/chirag/Library/Developer/Xcode/DerivedData/DirectSalesTeamApp-gdnkjitkcbrabhaojmuqlfhmyuhx/Build/Products/Debug-iphonesimulator/PackageFrameworks -F /Users/chirag/Library/Developer/Xcode/DerivedData/DirectSalesTeamApp-gdnkjitkcbrabhaojmuqlfhmyuhx/Build/Products/Debug-iphonesimulator/PackageFrameworks -F /Users/chirag/Library/Developer/Xcode/DerivedData/DirectSalesTeamApp-gdnkjitkcbrabhaojmuqlfhmyuhx/Build/Products/Debug-iphonesimulator/PackageFrameworks -F /Users/chirag/Library/Developer/Xcode/DerivedData/DirectSalesTeamApp-gdnkjitkcbrabhaojmuqlfhmyuhx/Build/Products/Debug-iphonesimulator/PackageFrameworks -F /Users/chirag/Library/Developer/Xcode/DerivedData/DirectSalesTeamApp-gdnkjitkcbrabhaojmuqlfhmyuhx/Build/Products/Debug-iphonesimulator/PackageFrameworks -F /Users/chirag/Library/Developer/Xcode/DerivedData/DirectSalesTeamApp-gdnkjitkcbrabhaojmuqlfhmyuhx/Build/Products/Debug-iphonesimulator/PackageFrameworks -F /Users/chirag/Library/Developer/Xcode/DerivedData/DirectSalesTeamApp-gdnkjitkcbrabhaojmuqlfhmyuhx/Build/Products/Debug-iphonesimulator/PackageFrameworks -F /Users/chirag/Library/Developer/Xcode/DerivedData/DirectSalesTeamApp-gdnkjitkcbrabhaojmuqlfhmyuhx/Build/Products/Debug-iphonesimulator/PackageFrameworks -F /Users/chirag/Library/Developer/Xcode/DerivedData/DirectSalesTeamApp-gdnkjitkcbrabhaojmuqlfhmyuhx/Build/Products/Debug-iphonesimulator/PackageFrameworks -F /Users/chirag/Library/Developer/Xcode/DerivedData/DirectSalesTeamApp-gdnkjitkcbrabhaojmuqlfhmyuhx/Build/Products/Debug-iphonesimulator/PackageFrameworks -F /Users/chirag/Library/Developer/Xcode/DerivedData/DirectSalesTeamApp-gdnkjitkcbrabhaojmuqlfhmyuhx/Build/Products/Debug-iphonesimulator/PackageFrameworks -F /Users/chirag/Library/Developer/Xcode/DerivedData/DirectSalesTeamApp-gdnkjitkcbrabhaojmuqlfhmyuhx/Build/Products/Debug-iphonesimulator/PackageFrameworks -F /Users/chirag/Library/Developer/Xcode/DerivedData/DirectSalesTeamApp-gdnkjitkcbrabhaojmuqlfhmyuhx/Build/Products/Debug-iphonesimulator/PackageFrameworks -F /Users/chirag/Library/Developer/Xcode/DerivedData/DirectSalesTeamApp-gdnkjitkcbrabhaojmuqlfhmyuhx/Build/Products/Debug-iphonesimulator/PackageFrameworks -F /Users/chirag/Library/Developer/Xcode/DerivedData/DirectSalesTeamApp-gdnkjitkcbrabhaojmuqlfhmyuhx/Build/Products/Debug-iphonesimulator/PackageFrameworks -F /Users/chirag/Library/Developer/Xcode/DerivedData/DirectSalesTeamApp-gdnkjitkcbrabhaojmuqlfhmyuhx/Build/Products/Debug-iphonesimulator/PackageFrameworks -F /Users/chirag/Library/Developer/Xcode/DerivedData/DirectSalesTeamApp-gdnkjitkcbrabhaojmuqlfhmyuhx/Build/Products/Debug-iphonesimulator/PackageFrameworks -F /Users/chirag/Library/Developer/Xcode/DerivedData/DirectSalesTeamApp-gdnkjitkcbrabhaojmuqlfhmyuhx/Build/Products/Debug-iphonesimulator/PackageFrameworks -F /Users/chirag/Library/Developer/Xcode/DerivedData/DirectSalesTeamApp-gdnkjitkcbrabhaojmuqlfhmyuhx/Build/Products/Debug-iphonesimulator/PackageFrameworks -F /Users/chirag/Library/Developer/Xcode/DerivedData/DirectSalesTeamApp-gdnkjitkcbrabhaojmuqlfhmyuhx/Build/Products/Debug-iphonesimulator/PackageFrameworks -F /Users/chirag/Library/Developer/Xcode/DerivedData/DirectSalesTeamApp-gdnkjitkcbrabhaojmuqlfhmyuhx/Build/Products/Debug-iphonesimulator/PackageFrameworks -F /Users/chirag/Library/Developer/Xcode/DerivedData/DirectSalesTeamApp-gdnkjitkcbrabhaojmuqlfhmyuhx/Build/Products/Debug-iphonesimulator/PackageFrameworks -F /Users/chirag/Library/Developer/Xcode/DerivedData/DirectSalesTeamApp-gdnkjitkcbrabhaojmuqlfhmyuhx/Build/Products/Debug-iphonesimulator/PackageFrameworks -F /Users/chirag/Library/Developer/Xcode/DerivedData/DirectSalesTeamApp-gdnkjitkcbrabhaojmuqlfhmyuhx/Build/Products/Debug-iphonesimulator/PackageFrameworks -F /Users/chirag/Library/Developer/Xcode/DerivedData/DirectSalesTeamApp-gdnkjitkcbrabhaojmuqlfhmyuhx/Build/Products/Debug-iphonesimulator/PackageFrameworks -F /Users/chirag/Library/Developer/Xcode/DerivedData/DirectSalesTeamApp-gdnkjitkcbrabhaojmuqlfhmyuhx/Build/Products/Debug-iphonesimulator/PackageFrameworks -F /Users/chirag/Library/Developer/Xcode/DerivedData/DirectSalesTeamApp-gdnkjitkcbrabhaojmuqlfhmyuhx/Build/Products/Debug-iphonesimulator/PackageFrameworks -F /Users/chirag/Library/Developer/Xcode/DerivedData/DirectSalesTeamApp-gdnkjitkcbrabhaojmuqlfhmyuhx/Build/Products/Debug-iphonesimulator/PackageFrameworks -F /Users/chirag/Library/Developer/Xcode/DerivedData/DirectSalesTeamApp-gdnkjitkcbrabhaojmuqlfhmyuhx/Build/Products/Debug-iphonesimulator/PackageFrameworks -F /Users/chirag/Library/Developer/Xcode/DerivedData/DirectSalesTeamApp-gdnkjitkcbrabhaojmuqlfhmyuhx/Build/Products/Debug-iphonesimulator/PackageFrameworks -F /Users/chirag/Library/Developer/Xcode/DerivedData/DirectSalesTeamApp-gdnkjitkcbrabhaojmuqlfhmyuhx/Build/Products/Debug-iphonesimulator/PackageFrameworks -F /Users/chirag/Library/Developer/Xcode/DerivedData/DirectSalesTeamApp-gdnkjitkcbrabhaojmuqlfhmyuhx/Build/Products/Debug-iphonesimulator/PackageFrameworks -F /Users/chirag/Library/Developer/Xcode/DerivedData/DirectSalesTeamApp-gdnkjitkcbrabhaojmuqlfhmyuhx/Build/Products/Debug-iphonesimulator/PackageFrameworks -F /Users/chirag/Library/Developer/Xcode/DerivedData/DirectSalesTeamApp-gdnkjitkcbrabhaojmuqlfhmyuhx/Build/Products/Debug-iphonesimulator/PackageFrameworks -F /Users/chirag/Library/Developer/Xcode/DerivedData/DirectSalesTeamApp-gdnkjitkcbrabhaojmuqlfhmyuhx/Build/Products/Debug-iphonesimulator/PackageFrameworks -F /Users/chirag/Library/Developer/Xcode/DerivedData/DirectSalesTeamApp-gdnkjitkcbrabhaojmuqlfhmyuhx/Build/Products/Debug-iphonesimulator/PackageFrameworks -F /Users/chirag/Library/Developer/Xcode/DerivedData/DirectSalesTeamApp-gdnkjitkcbrabhaojmuqlfhmyuhx/Build/Products/Debug-iphonesimulator/PackageFrameworks -F /Users/chirag/Library/Developer/Xcode/DerivedData/DirectSalesTeamApp-gdnkjitkcbrabhaojmuqlfhmyuhx/Build/Products/Debug-iphonesimulator/PackageFrameworks -F /Users/chirag/Library/Developer/Xcode/DerivedData/DirectSalesTeamApp-gdnkjitkcbrabhaojmuqlfhmyuhx/Build/Products/Debug-iphonesimulator/PackageFrameworks -F /Users/chirag/Library/Developer/Xcode/DerivedData/DirectSalesTeamApp-gdnkjitkcbrabhaojmuqlfhmyuhx/Build/Products/Debug-iphonesimulator/PackageFrameworks -F /Users/chirag/Library/Developer/Xcode/DerivedData/DirectSalesTeamApp-gdnkjitkcbrabhaojmuqlfhmyuhx/Build/Products/Debug-iphonesimulator/PackageFrameworks -F /Users/chirag/Library/Developer/Xcode/DerivedData/DirectSalesTeamApp-gdnkjitkcbrabhaojmuqlfhmyuhx/Build/Products/Debug-iphonesimulator/PackageFrameworks -F /Users/chirag/Library/Developer/Xcode/DerivedData/DirectSalesTeamApp-gdnkjitkcbrabhaojmuqlfhmyuhx/Build/Products/Debug-iphonesimulator/PackageFrameworks -F /Users/chirag/Library/Developer/Xcode/DerivedData/DirectSalesTeamApp-gdnkjitkcbrabhaojmuqlfhmyuhx/Build/Products/Debug-iphonesimulator/PackageFrameworks -F /Users/chirag/Library/Developer/Xcode/DerivedData/DirectSalesTeamApp-gdnkjitkcbrabhaojmuqlfhmyuhx/Build/Products/Debug-iphonesimulator/PackageFrameworks -F /Users/chirag/Library/Developer/Xcode/DerivedData/DirectSalesTeamApp-gdnkjitkcbrabhaojmuqlfhmyuhx/Build/Products/Debug-iphonesimulator/PackageFrameworks -F /Users/chirag/Library/Developer/Xcode/DerivedData/DirectSalesTeamApp-gdnkjitkcbrabhaojmuqlfhmyuhx/Build/Products/Debug-iphonesimulator/PackageFrameworks -F /Users/chirag/Library/Developer/Xcode/DerivedData/DirectSalesTeamApp-gdnkjitkcbrabhaojmuqlfhmyuhx/Build/Products/Debug-iphonesimulator/PackageFrameworks -F /Users/chirag/Library/Developer/Xcode/DerivedData/DirectSalesTeamApp-gdnkjitkcbrabhaojmuqlfhmyuhx/Build/Products/Debug-iphonesimulator/PackageFrameworks -F /Users/chirag/Library/Developer/Xcode/DerivedData/DirectSalesTeamApp-gdnkjitkcbrabhaojmuqlfhmyuhx/Build/Products/Debug-iphonesimulator/PackageFrameworks -F /Users/chirag/Library/Developer/Xcode/DerivedData/DirectSalesTeamApp-gdnkjitkcbrabhaojmuqlfhmyuhx/Build/Products/Debug-iphonesimulator/PackageFrameworks -F /Users/chirag/Library/Developer/Xcode/DerivedData/DirectSalesTeamApp-gdnkjitkcbrabhaojmuqlfhmyuhx/Build/Products/Debug-iphonesimulator/PackageFrameworks -F /Users/chirag/Library/Developer/Xcode/DerivedData/DirectSalesTeamApp-gdnkjitkcbrabhaojmuqlfhmyuhx/Build/Products/Debug-iphonesimulator/PackageFrameworks -F /Users/chirag/Library/Developer/Xcode/DerivedData/DirectSalesTeamApp-gdnkjitkcbrabhaojmuqlfhmyuhx/Build/Products/Debug-iphonesimulator/PackageFrameworks -F /Users/chirag/Library/Developer/Xcode/DerivedData/DirectSalesTeamApp-gdnkjitkcbrabhaojmuqlfhmyuhx/Build/Products/Debug-iphonesimulator/PackageFrameworks -F /Users/chirag/Library/Developer/Xcode/DerivedData/DirectSalesTeamApp-gdnkjitkcbrabhaojmuqlfhmyuhx/Build/Products/Debug-iphonesimulator/PackageFrameworks -F /Users/chirag/Library/Developer/Xcode/DerivedData/DirectSalesTeamApp-gdnkjitkcbrabhaojmuqlfhmyuhx/Build/Products/Debug-iphonesimulator/PackageFrameworks -F /Users/chirag/Library/Developer/Xcode/DerivedData/DirectSalesTeamApp-gdnkjitkcbrabhaojmuqlfhmyuhx/Build/Products/Debug-iphonesimulator -emit-localized-strings -emit-localized-strings-path /Users/chirag/Library/Developer/Xcode/DerivedData/DirectSalesTeamApp-gdnkjitkcbrabhaojmuqlfhmyuhx/Build/Intermediates.noindex/DirectSalesTeamApp.build/Debug-iphonesimulator/DirectSalesTeamApp.build/Objects-normal/x86_64 -c -j8 -enable-batch-mode -incremental -Xcc -ivfsstatcache -Xcc /Users/chirag/Library/Developer/Xcode/DerivedData/SDKStatCaches.noindex/iphonesimulator26.2-23C57-7d00a8b37fbd7999ea79df8ebc024bf0.sdkstatcache -output-file-map /Users/chirag/Library/Developer/Xcode/DerivedData/DirectSalesTeamApp-gdnkjitkcbrabhaojmuqlfhmyuhx/Build/Intermediates.noindex/DirectSalesTeamApp.build/Debug-iphonesimulator/DirectSalesTeamApp.build/Objects-normal/x86_64/DirectSalesTeamApp-OutputFileMap.json -use-frontend-parseable-output -save-temps -no-color-diagnostics -explicit-module-build -module-cache-path /Users/chirag/Library/Developer/Xcode/DerivedData/DirectSalesTeamApp-gdnkjitkcbrabhaojmuqlfhmyuhx/Build/Intermediates.noindex/SwiftExplicitPrecompiledModules -clang-scanner-module-cache-path /Users/chirag/Library/Developer/Xcode/DerivedData/ModuleCache.noindex -sdk-module-cache-path /Users/chirag/Library/Developer/Xcode/DerivedData/ModuleCache.noindex -serialize-diagnostics -emit-dependencies -emit-module -emit-module-path /Users/chirag/Library/Developer/Xcode/DerivedData/DirectSalesTeamApp-gdnkjitkcbrabhaojmuqlfhmyuhx/Build/Intermediates.noindex/DirectSalesTeamApp.build/Debug-iphonesimulator/DirectSalesTeamApp.build/Objects-normal/x86_64/DirectSalesTeamApp.swiftmodule -validate-clang-modules-once -clang-build-session-file /Users/chirag/Library/Developer/Xcode/DerivedData/ModuleCache.noindex/Session.modulevalidation -Xcc -I/Users/chirag/Library/Developer/Xcode/DerivedData/DirectSalesTeamApp-gdnkjitkcbrabhaojmuqlfhmyuhx/Build/Intermediates.noindex/DirectSalesTeamApp.build/Debug-iphonesimulator/DirectSalesTeamApp.build/swift-overrides.hmap -emit-const-values -Xfrontend -const-gather-protocols-file -Xfrontend /Users/chirag/Library/Developer/Xcode/DerivedData/DirectSalesTeamApp-gdnkjitkcbrabhaojmuqlfhmyuhx/Build/Intermediates.noindex/DirectSalesTeamApp.build/Debug-iphonesimulator/DirectSalesTeamApp.build/Objects-normal/x86_64/DirectSalesTeamApp_const_extract_protocols.json -Xcc -iquote -Xcc /Users/chirag/Library/Developer/Xcode/DerivedData/DirectSalesTeamApp-gdnkjitkcbrabhaojmuqlfhmyuhx/Build/Intermediates.noindex/DirectSalesTeamApp.build/Debug-iphonesimulator/DirectSalesTeamApp.build/DirectSalesTeamApp-generated-files.hmap -Xcc -I/Users/chirag/Library/Developer/Xcode/DerivedData/DirectSalesTeamApp-gdnkjitkcbrabhaojmuqlfhmyuhx/Build/Intermediates.noindex/DirectSalesTeamApp.build/Debug-iphonesimulator/DirectSalesTeamApp.build/DirectSalesTeamApp-own-target-headers.hmap -Xcc -I/Users/chirag/Library/Developer/Xcode/DerivedData/DirectSalesTeamApp-gdnkjitkcbrabhaojmuqlfhmyuhx/Build/Intermediates.noindex/DirectSalesTeamApp.build/Debug-iphonesimulator/DirectSalesTeamApp.build/DirectSalesTeamApp-all-non-framework-target-headers.hmap -Xcc -ivfsoverlay -Xcc /Users/chirag/Library/Developer/Xcode/DerivedData/DirectSalesTeamApp-gdnkjitkcbrabhaojmuqlfhmyuhx/Build/Intermediates.noindex/DirectSalesTeamApp.build/Debug-iphonesimulator/DirectSalesTeamApp-455db5cdd7fc9239fae60756e042806a-VFS-iphonesimulator/all-product-headers.yaml -Xcc -iquote -Xcc /Users/chirag/Library/Developer/Xcode/DerivedData/DirectSalesTeamApp-gdnkjitkcbrabhaojmuqlfhmyuhx/Build/Intermediates.noindex/DirectSalesTeamApp.build/Debug-iphonesimulator/DirectSalesTeamApp.build/DirectSalesTeamApp-project-headers.hmap -Xcc -I/Users/chirag/Library/Developer/Xcode/DerivedData/DirectSalesTeamApp-gdnkjitkcbrabhaojmuqlfhmyuhx/SourcePackages/checkouts/swift-nio-ssl/Sources/CNIOBoringSSLShims/include -Xcc -I/Users/chirag/Library/Developer/Xcode/DerivedData/DirectSalesTeamApp-gdnkjitkcbrabhaojmuqlfhmyuhx/SourcePackages/checkouts/swift-nio-ssl/Sources/CNIOBoringSSL/include -Xcc -I/Users/chirag/Library/Developer/Xcode/DerivedData/DirectSalesTeamApp-gdnkjitkcbrabhaojmuqlfhmyuhx/SourcePackages/checkouts/swift-crypto/Sources/CCryptoBoringSSLShims/include -Xcc -I/Users/chirag/Library/Developer/Xcode/DerivedData/DirectSalesTeamApp-gdnkjitkcbrabhaojmuqlfhmyuhx/SourcePackages/checkouts/swift-crypto/Sources/CCryptoBoringSSL/include -Xcc -I/Users/chirag/Library/Developer/Xcode/DerivedData/DirectSalesTeamApp-gdnkjitkcbrabhaojmuqlfhmyuhx/SourcePackages/checkouts/swift-nio/Sources/CNIOLLHTTP/include -Xcc -I/Users/chirag/Library/Developer/Xcode/DerivedData/DirectSalesTeamApp-gdnkjitkcbrabhaojmuqlfhmyuhx/SourcePackages/checkouts/swift-nio/Sources/CNIOPosix/include -Xcc -I/Users/chirag/Library/Developer/Xcode/DerivedData/DirectSalesTeamApp-gdnkjitkcbrabhaojmuqlfhmyuhx/SourcePackages/checkouts/swift-nio/Sources/CNIOWASI/include -Xcc -I/Users/chirag/Library/Developer/Xcode/DerivedData/DirectSalesTeamApp-gdnkjitkcbrabhaojmuqlfhmyuhx/SourcePackages/checkouts/swift-nio/Sources/CNIOWindows/include -Xcc -I/Users/chirag/Library/Developer/Xcode/DerivedData/DirectSalesTeamApp-gdnkjitkcbrabhaojmuqlfhmyuhx/SourcePackages/checkouts/swift-nio/Sources/CNIOLinux/include -Xcc -I/Users/chirag/Library/Developer/Xcode/DerivedData/DirectSalesTeamApp-gdnkjitkcbrabhaojmuqlfhmyuhx/SourcePackages/checkouts/swift-nio/Sources/CNIODarwin/include -Xcc -I/Users/chirag/Library/Developer/Xcode/DerivedData/DirectSalesTeamApp-gdnkjitkcbrabhaojmuqlfhmyuhx/SourcePackages/checkouts/swift-nio/Sources/CNIOOpenBSD/include -Xcc -I/Users/chirag/Library/Developer/Xcode/DerivedData/DirectSalesTeamApp-gdnkjitkcbrabhaojmuqlfhmyuhx/SourcePackages/checkouts/swift-nio/Sources/CNIOAtomics/include -Xcc -I/Users/chirag/Library/Developer/Xcode/DerivedData/DirectSalesTeamApp-gdnkjitkcbrabhaojmuqlfhmyuhx/SourcePackages/checkouts/swift-atomics/Sources/_AtomicsShims/include -Xcc -I/Users/chirag/Library/Developer/Xcode/DerivedData/DirectSalesTeamApp-gdnkjitkcbrabhaojmuqlfhmyuhx/SourcePackages/checkouts/grpc-swift-nio-transport/Sources/CGRPCNIOTransportZlib/include -Xcc -I/Users/chirag/Library/Developer/Xcode/DerivedData/DirectSalesTeamApp-gdnkjitkcbrabhaojmuqlfhmyuhx/Build/Products/Debug-iphonesimulator/include -Xcc -I/Users/chirag/Library/Developer/Xcode/DerivedData/DirectSalesTeamApp-gdnkjitkcbrabhaojmuqlfhmyuhx/Build/Intermediates.noindex/DirectSalesTeamApp.build/Debug-iphonesimulator/DirectSalesTeamApp.build/DerivedSources-normal/x86_64 -Xcc -I/Users/chirag/Library/Developer/Xcode/DerivedData/DirectSalesTeamApp-gdnkjitkcbrabhaojmuqlfhmyuhx/Build/Intermediates.noindex/DirectSalesTeamApp.build/Debug-iphonesimulator/DirectSalesTeamApp.build/DerivedSources/x86_64 -Xcc -I/Users/chirag/Library/Developer/Xcode/DerivedData/DirectSalesTeamApp-gdnkjitkcbrabhaojmuqlfhmyuhx/Build/Intermediates.noindex/DirectSalesTeamApp.build/Debug-iphonesimulator/DirectSalesTeamApp.build/DerivedSources -Xcc -DDEBUG\=1 -emit-objc-header -emit-objc-header-path /Users/chirag/Library/Developer/Xcode/DerivedData/DirectSalesTeamApp-gdnkjitkcbrabhaojmuqlfhmyuhx/Build/Intermediates.noindex/DirectSalesTeamApp.build/Debug-iphonesimulator/DirectSalesTeamApp.build/Objects-normal/x86_64/DirectSalesTeamApp-Swift.h -working-directory /Users/chirag/Projects/LMS/DirectSalesTeamApp -experimental-emit-module-separately -disable-cmo

SwiftDriver DirectSalesTeamApp normal arm64 com.apple.xcode.tools.swift.compiler (in target 'DirectSalesTeamApp' from project 'DirectSalesTeamApp')
    cd /Users/chirag/Projects/LMS/DirectSalesTeamApp
    builtin-SwiftDriver -- /Applications/Xcode.app/Contents/Developer/Toolchains/XcodeDefault.xctoolchain/usr/bin/swiftc -module-name DirectSalesTeamApp -Onone -enforce-exclusivity\=checked @/Users/chirag/Library/Developer/Xcode/DerivedData/DirectSalesTeamApp-gdnkjitkcbrabhaojmuqlfhmyuhx/Build/Intermediates.noindex/DirectSalesTeamApp.build/Debug-iphonesimulator/DirectSalesTeamApp.build/Objects-normal/arm64/DirectSalesTeamApp.SwiftFileList -DDEBUG -Xcc -fmodule-map-file\=/Users/chirag/Library/Developer/Xcode/DerivedData/DirectSalesTeamApp-gdnkjitkcbrabhaojmuqlfhmyuhx/Build/Intermediates.noindex/GeneratedModuleMaps-iphonesimulator/CNIOBoringSSLShims.modulemap -Xcc -fmodule-map-file\=/Users/chirag/Library/Developer/Xcode/DerivedData/DirectSalesTeamApp-gdnkjitkcbrabhaojmuqlfhmyuhx/Build/Intermediates.noindex/GeneratedModuleMaps-iphonesimulator/CNIOLLHTTP.modulemap -Xcc -fmodule-map-file\=/Users/chirag/Library/Developer/Xcode/DerivedData/DirectSalesTeamApp-gdnkjitkcbrabhaojmuqlfhmyuhx/Build/Intermediates.noindex/GeneratedModuleMaps-iphonesimulator/CNIOPosix.modulemap -Xcc -fmodule-map-file\=/Users/chirag/Library/Developer/Xcode/DerivedData/DirectSalesTeamApp-gdnkjitkcbrabhaojmuqlfhmyuhx/Build/Intermediates.noindex/GeneratedModuleMaps-iphonesimulator/CNIOWASI.modulemap -Xcc -fmodule-map-file\=/Users/chirag/Library/Developer/Xcode/DerivedData/DirectSalesTeamApp-gdnkjitkcbrabhaojmuqlfhmyuhx/Build/Intermediates.noindex/GeneratedModuleMaps-iphonesimulator/CNIOLinux.modulemap -Xcc -fmodule-map-file\=/Users/chirag/Library/Developer/Xcode/DerivedData/DirectSalesTeamApp-gdnkjitkcbrabhaojmuqlfhmyuhx/Build/Intermediates.noindex/GeneratedModuleMaps-iphonesimulator/CNIODarwin.modulemap -Xcc -fmodule-map-file\=/Users/chirag/Library/Developer/Xcode/DerivedData/DirectSalesTeamApp-gdnkjitkcbrabhaojmuqlfhmyuhx/Build/Intermediates.noindex/GeneratedModuleMaps-iphonesimulator/CNIOOpenBSD.modulemap -Xcc -fmodule-map-file\=/Users/chirag/Library/Developer/Xcode/DerivedData/DirectSalesTeamApp-gdnkjitkcbrabhaojmuqlfhmyuhx/Build/Intermediates.noindex/GeneratedModuleMaps-iphonesimulator/CNIOAtomics.modulemap -Xcc -fmodule-map-file\=/Users/chirag/Library/Developer/Xcode/DerivedData/DirectSalesTeamApp-gdnkjitkcbrabhaojmuqlfhmyuhx/Build/Intermediates.noindex/GeneratedModuleMaps-iphonesimulator/CGRPCNIOTransportZlib.modulemap -enable-bare-slash-regex -enable-upcoming-feature DisableOutwardActorInference -enable-upcoming-feature InferSendableFromCaptures -enable-upcoming-feature GlobalActorIsolatedTypesUsability -enable-upcoming-feature MemberImportVisibility -enable-upcoming-feature InferIsolatedConformances -enable-upcoming-feature NonisolatedNonsendingByDefault -enable-experimental-feature DebugDescriptionMacro -sdk /Applications/Xcode.app/Contents/Developer/Platforms/iPhoneSimulator.platform/Developer/SDKs/iPhoneSimulator26.2.sdk -target arm64-apple-ios26-simulator -g -module-cache-path /Users/chirag/Library/Developer/Xcode/DerivedData/ModuleCache.noindex -Xfrontend -serialize-debugging-options -enable-testing -index-store-path /Users/chirag/Library/Developer/Xcode/DerivedData/DirectSalesTeamApp-gdnkjitkcbrabhaojmuqlfhmyuhx/Index.noindex/DataStore -Xcc -D_LIBCPP_HARDENING_MODE\=_LIBCPP_HARDENING_MODE_DEBUG -swift-version 5 -I /Users/chirag/Library/Developer/Xcode/DerivedData/DirectSalesTeamApp-gdnkjitkcbrabhaojmuqlfhmyuhx/Build/Products/Debug-iphonesimulator -F /Users/chirag/Library/Developer/Xcode/DerivedData/DirectSalesTeamApp-gdnkjitkcbrabhaojmuqlfhmyuhx/Build/Products/Debug-iphonesimulator/PackageFrameworks -F /Users/chirag/Library/Developer/Xcode/DerivedData/DirectSalesTeamApp-gdnkjitkcbrabhaojmuqlfhmyuhx/Build/Products/Debug-iphonesimulator/PackageFrameworks -F /Users/chirag/Library/Developer/Xcode/DerivedData/DirectSalesTeamApp-gdnkjitkcbrabhaojmuqlfhmyuhx/Build/Products/Debug-iphonesimulator/PackageFrameworks -F /Users/chirag/Library/Developer/Xcode/DerivedData/DirectSalesTeamApp-gdnkjitkcbrabhaojmuqlfhmyuhx/Build/Products/Debug-iphonesimulator/PackageFrameworks -F /Users/chirag/Library/Developer/Xcode/DerivedData/DirectSalesTeamApp-gdnkjitkcbrabhaojmuqlfhmyuhx/Build/Products/Debug-iphonesimulator/PackageFrameworks -F /Users/chirag/Library/Developer/Xcode/DerivedData/DirectSalesTeamApp-gdnkjitkcbrabhaojmuqlfhmyuhx/Build/Products/Debug-iphonesimulator/PackageFrameworks -F /Users/chirag/Library/Developer/Xcode/DerivedData/DirectSalesTeamApp-gdnkjitkcbrabhaojmuqlfhmyuhx/Build/Products/Debug-iphonesimulator/PackageFrameworks -F /Users/chirag/Library/Developer/Xcode/DerivedData/DirectSalesTeamApp-gdnkjitkcbrabhaojmuqlfhmyuhx/Build/Products/Debug-iphonesimulator/PackageFrameworks -F /Users/chirag/Library/Developer/Xcode/DerivedData/DirectSalesTeamApp-gdnkjitkcbrabhaojmuqlfhmyuhx/Build/Products/Debug-iphonesimulator/PackageFrameworks -F /Users/chirag/Library/Developer/Xcode/DerivedData/DirectSalesTeamApp-gdnkjitkcbrabhaojmuqlfhmyuhx/Build/Products/Debug-iphonesimulator/PackageFrameworks -F /Users/chirag/Library/Developer/Xcode/DerivedData/DirectSalesTeamApp-gdnkjitkcbrabhaojmuqlfhmyuhx/Build/Products/Debug-iphonesimulator/PackageFrameworks -F /Users/chirag/Library/Developer/Xcode/DerivedData/DirectSalesTeamApp-gdnkjitkcbrabhaojmuqlfhmyuhx/Build/Products/Debug-iphonesimulator/PackageFrameworks -F /Users/chirag/Library/Developer/Xcode/DerivedData/DirectSalesTeamApp-gdnkjitkcbrabhaojmuqlfhmyuhx/Build/Products/Debug-iphonesimulator/PackageFrameworks -F /Users/chirag/Library/Developer/Xcode/DerivedData/DirectSalesTeamApp-gdnkjitkcbrabhaojmuqlfhmyuhx/Build/Products/Debug-iphonesimulator/PackageFrameworks -F /Users/chirag/Library/Developer/Xcode/DerivedData/DirectSalesTeamApp-gdnkjitkcbrabhaojmuqlfhmyuhx/Build/Products/Debug-iphonesimulator/PackageFrameworks -F /Users/chirag/Library/Developer/Xcode/DerivedData/DirectSalesTeamApp-gdnkjitkcbrabhaojmuqlfhmyuhx/Build/Products/Debug-iphonesimulator/PackageFrameworks -F /Users/chirag/Library/Developer/Xcode/DerivedData/DirectSalesTeamApp-gdnkjitkcbrabhaojmuqlfhmyuhx/Build/Products/Debug-iphonesimulator/PackageFrameworks -F /Users/chirag/Library/Developer/Xcode/DerivedData/DirectSalesTeamApp-gdnkjitkcbrabhaojmuqlfhmyuhx/Build/Products/Debug-iphonesimulator/PackageFrameworks -F /Users/chirag/Library/Developer/Xcode/DerivedData/DirectSalesTeamApp-gdnkjitkcbrabhaojmuqlfhmyuhx/Build/Products/Debug-iphonesimulator/PackageFrameworks -F /Users/chirag/Library/Developer/Xcode/DerivedData/DirectSalesTeamApp-gdnkjitkcbrabhaojmuqlfhmyuhx/Build/Products/Debug-iphonesimulator/PackageFrameworks -F /Users/chirag/Library/Developer/Xcode/DerivedData/DirectSalesTeamApp-gdnkjitkcbrabhaojmuqlfhmyuhx/Build/Products/Debug-iphonesimulator/PackageFrameworks -F /Users/chirag/Library/Developer/Xcode/DerivedData/DirectSalesTeamApp-gdnkjitkcbrabhaojmuqlfhmyuhx/Build/Products/Debug-iphonesimulator/PackageFrameworks -F /Users/chirag/Library/Developer/Xcode/DerivedData/DirectSalesTeamApp-gdnkjitkcbrabhaojmuqlfhmyuhx/Build/Products/Debug-iphonesimulator/PackageFrameworks -F /Users/chirag/Library/Developer/Xcode/DerivedData/DirectSalesTeamApp-gdnkjitkcbrabhaojmuqlfhmyuhx/Build/Products/Debug-iphonesimulator/PackageFrameworks -F /Users/chirag/Library/Developer/Xcode/DerivedData/DirectSalesTeamApp-gdnkjitkcbrabhaojmuqlfhmyuhx/Build/Products/Debug-iphonesimulator/PackageFrameworks -F /Users/chirag/Library/Developer/Xcode/DerivedData/DirectSalesTeamApp-gdnkjitkcbrabhaojmuqlfhmyuhx/Build/Products/Debug-iphonesimulator/PackageFrameworks -F /Users/chirag/Library/Developer/Xcode/DerivedData/DirectSalesTeamApp-gdnkjitkcbrabhaojmuqlfhmyuhx/Build/Products/Debug-iphonesimulator/PackageFrameworks -F /Users/chirag/Library/Developer/Xcode/DerivedData/DirectSalesTeamApp-gdnkjitkcbrabhaojmuqlfhmyuhx/Build/Products/Debug-iphonesimulator/PackageFrameworks -F /Users/chirag/Library/Developer/Xcode/DerivedData/DirectSalesTeamApp-gdnkjitkcbrabhaojmuqlfhmyuhx/Build/Products/Debug-iphonesimulator/PackageFrameworks -F /Users/chirag/Library/Developer/Xcode/DerivedData/DirectSalesTeamApp-gdnkjitkcbrabhaojmuqlfhmyuhx/Build/Products/Debug-iphonesimulator/PackageFrameworks -F /Users/chirag/Library/Developer/Xcode/DerivedData/DirectSalesTeamApp-gdnkjitkcbrabhaojmuqlfhmyuhx/Build/Products/Debug-iphonesimulator/PackageFrameworks -F /Users/chirag/Library/Developer/Xcode/DerivedData/DirectSalesTeamApp-gdnkjitkcbrabhaojmuqlfhmyuhx/Build/Products/Debug-iphonesimulator/PackageFrameworks -F /Users/chirag/Library/Developer/Xcode/DerivedData/DirectSalesTeamApp-gdnkjitkcbrabhaojmuqlfhmyuhx/Build/Products/Debug-iphonesimulator/PackageFrameworks -F /Users/chirag/Library/Developer/Xcode/DerivedData/DirectSalesTeamApp-gdnkjitkcbrabhaojmuqlfhmyuhx/Build/Products/Debug-iphonesimulator/PackageFrameworks -F /Users/chirag/Library/Developer/Xcode/DerivedData/DirectSalesTeamApp-gdnkjitkcbrabhaojmuqlfhmyuhx/Build/Products/Debug-iphonesimulator/PackageFrameworks -F /Users/chirag/Library/Developer/Xcode/DerivedData/DirectSalesTeamApp-gdnkjitkcbrabhaojmuqlfhmyuhx/Build/Products/Debug-iphonesimulator/PackageFrameworks -F /Users/chirag/Library/Developer/Xcode/DerivedData/DirectSalesTeamApp-gdnkjitkcbrabhaojmuqlfhmyuhx/Build/Products/Debug-iphonesimulator/PackageFrameworks -F /Users/chirag/Library/Developer/Xcode/DerivedData/DirectSalesTeamApp-gdnkjitkcbrabhaojmuqlfhmyuhx/Build/Products/Debug-iphonesimulator/PackageFrameworks -F /Users/chirag/Library/Developer/Xcode/DerivedData/DirectSalesTeamApp-gdnkjitkcbrabhaojmuqlfhmyuhx/Build/Products/Debug-iphonesimulator/PackageFrameworks -F /Users/chirag/Library/Developer/Xcode/DerivedData/DirectSalesTeamApp-gdnkjitkcbrabhaojmuqlfhmyuhx/Build/Products/Debug-iphonesimulator/PackageFrameworks -F /Users/chirag/Library/Developer/Xcode/DerivedData/DirectSalesTeamApp-gdnkjitkcbrabhaojmuqlfhmyuhx/Build/Products/Debug-iphonesimulator/PackageFrameworks -F /Users/chirag/Library/Developer/Xcode/DerivedData/DirectSalesTeamApp-gdnkjitkcbrabhaojmuqlfhmyuhx/Build/Products/Debug-iphonesimulator/PackageFrameworks -F /Users/chirag/Library/Developer/Xcode/DerivedData/DirectSalesTeamApp-gdnkjitkcbrabhaojmuqlfhmyuhx/Build/Products/Debug-iphonesimulator/PackageFrameworks -F /Users/chirag/Library/Developer/Xcode/DerivedData/DirectSalesTeamApp-gdnkjitkcbrabhaojmuqlfhmyuhx/Build/Products/Debug-iphonesimulator/PackageFrameworks -F /Users/chirag/Library/Developer/Xcode/DerivedData/DirectSalesTeamApp-gdnkjitkcbrabhaojmuqlfhmyuhx/Build/Products/Debug-iphonesimulator/PackageFrameworks -F /Users/chirag/Library/Developer/Xcode/DerivedData/DirectSalesTeamApp-gdnkjitkcbrabhaojmuqlfhmyuhx/Build/Products/Debug-iphonesimulator/PackageFrameworks -F /Users/chirag/Library/Developer/Xcode/DerivedData/DirectSalesTeamApp-gdnkjitkcbrabhaojmuqlfhmyuhx/Build/Products/Debug-iphonesimulator/PackageFrameworks -F /Users/chirag/Library/Developer/Xcode/DerivedData/DirectSalesTeamApp-gdnkjitkcbrabhaojmuqlfhmyuhx/Build/Products/Debug-iphonesimulator/PackageFrameworks -F /Users/chirag/Library/Developer/Xcode/DerivedData/DirectSalesTeamApp-gdnkjitkcbrabhaojmuqlfhmyuhx/Build/Products/Debug-iphonesimulator/PackageFrameworks -F /Users/chirag/Library/Developer/Xcode/DerivedData/DirectSalesTeamApp-gdnkjitkcbrabhaojmuqlfhmyuhx/Build/Products/Debug-iphonesimulator/PackageFrameworks -F /Users/chirag/Library/Developer/Xcode/DerivedData/DirectSalesTeamApp-gdnkjitkcbrabhaojmuqlfhmyuhx/Build/Products/Debug-iphonesimulator/PackageFrameworks -F /Users/chirag/Library/Developer/Xcode/DerivedData/DirectSalesTeamApp-gdnkjitkcbrabhaojmuqlfhmyuhx/Build/Products/Debug-iphonesimulator/PackageFrameworks -F /Users/chirag/Library/Developer/Xcode/DerivedData/DirectSalesTeamApp-gdnkjitkcbrabhaojmuqlfhmyuhx/Build/Products/Debug-iphonesimulator/PackageFrameworks -F /Users/chirag/Library/Developer/Xcode/DerivedData/DirectSalesTeamApp-gdnkjitkcbrabhaojmuqlfhmyuhx/Build/Products/Debug-iphonesimulator/PackageFrameworks -F /Users/chirag/Library/Developer/Xcode/DerivedData/DirectSalesTeamApp-gdnkjitkcbrabhaojmuqlfhmyuhx/Build/Products/Debug-iphonesimulator/PackageFrameworks -F /Users/chirag/Library/Developer/Xcode/DerivedData/DirectSalesTeamApp-gdnkjitkcbrabhaojmuqlfhmyuhx/Build/Products/Debug-iphonesimulator/PackageFrameworks -F /Users/chirag/Library/Developer/Xcode/DerivedData/DirectSalesTeamApp-gdnkjitkcbrabhaojmuqlfhmyuhx/Build/Products/Debug-iphonesimulator/PackageFrameworks -F /Users/chirag/Library/Developer/Xcode/DerivedData/DirectSalesTeamApp-gdnkjitkcbrabhaojmuqlfhmyuhx/Build/Products/Debug-iphonesimulator -emit-localized-strings -emit-localized-strings-path /Users/chirag/Library/Developer/Xcode/DerivedData/DirectSalesTeamApp-gdnkjitkcbrabhaojmuqlfhmyuhx/Build/Intermediates.noindex/DirectSalesTeamApp.build/Debug-iphonesimulator/DirectSalesTeamApp.build/Objects-normal/arm64 -c -j8 -enable-batch-mode -incremental -Xcc -ivfsstatcache -Xcc /Users/chirag/Library/Developer/Xcode/DerivedData/SDKStatCaches.noindex/iphonesimulator26.2-23C57-7d00a8b37fbd7999ea79df8ebc024bf0.sdkstatcache -output-file-map /Users/chirag/Library/Developer/Xcode/DerivedData/DirectSalesTeamApp-gdnkjitkcbrabhaojmuqlfhmyuhx/Build/Intermediates.noindex/DirectSalesTeamApp.build/Debug-iphonesimulator/DirectSalesTeamApp.build/Objects-normal/arm64/DirectSalesTeamApp-OutputFileMap.json -use-frontend-parseable-output -save-temps -no-color-diagnostics -explicit-module-build -module-cache-path /Users/chirag/Library/Developer/Xcode/DerivedData/DirectSalesTeamApp-gdnkjitkcbrabhaojmuqlfhmyuhx/Build/Intermediates.noindex/SwiftExplicitPrecompiledModules -clang-scanner-module-cache-path /Users/chirag/Library/Developer/Xcode/DerivedData/ModuleCache.noindex -sdk-module-cache-path /Users/chirag/Library/Developer/Xcode/DerivedData/ModuleCache.noindex -serialize-diagnostics -emit-dependencies -emit-module -emit-module-path /Users/chirag/Library/Developer/Xcode/DerivedData/DirectSalesTeamApp-gdnkjitkcbrabhaojmuqlfhmyuhx/Build/Intermediates.noindex/DirectSalesTeamApp.build/Debug-iphonesimulator/DirectSalesTeamApp.build/Objects-normal/arm64/DirectSalesTeamApp.swiftmodule -validate-clang-modules-once -clang-build-session-file /Users/chirag/Library/Developer/Xcode/DerivedData/ModuleCache.noindex/Session.modulevalidation -Xcc -I/Users/chirag/Library/Developer/Xcode/DerivedData/DirectSalesTeamApp-gdnkjitkcbrabhaojmuqlfhmyuhx/Build/Intermediates.noindex/DirectSalesTeamApp.build/Debug-iphonesimulator/DirectSalesTeamApp.build/swift-overrides.hmap -emit-const-values -Xfrontend -const-gather-protocols-file -Xfrontend /Users/chirag/Library/Developer/Xcode/DerivedData/DirectSalesTeamApp-gdnkjitkcbrabhaojmuqlfhmyuhx/Build/Intermediates.noindex/DirectSalesTeamApp.build/Debug-iphonesimulator/DirectSalesTeamApp.build/Objects-normal/arm64/DirectSalesTeamApp_const_extract_protocols.json -Xcc -iquote -Xcc /Users/chirag/Library/Developer/Xcode/DerivedData/DirectSalesTeamApp-gdnkjitkcbrabhaojmuqlfhmyuhx/Build/Intermediates.noindex/DirectSalesTeamApp.build/Debug-iphonesimulator/DirectSalesTeamApp.build/DirectSalesTeamApp-generated-files.hmap -Xcc -I/Users/chirag/Library/Developer/Xcode/DerivedData/DirectSalesTeamApp-gdnkjitkcbrabhaojmuqlfhmyuhx/Build/Intermediates.noindex/DirectSalesTeamApp.build/Debug-iphonesimulator/DirectSalesTeamApp.build/DirectSalesTeamApp-own-target-headers.hmap -Xcc -I/Users/chirag/Library/Developer/Xcode/DerivedData/DirectSalesTeamApp-gdnkjitkcbrabhaojmuqlfhmyuhx/Build/Intermediates.noindex/DirectSalesTeamApp.build/Debug-iphonesimulator/DirectSalesTeamApp.build/DirectSalesTeamApp-all-non-framework-target-headers.hmap -Xcc -ivfsoverlay -Xcc /Users/chirag/Library/Developer/Xcode/DerivedData/DirectSalesTeamApp-gdnkjitkcbrabhaojmuqlfhmyuhx/Build/Intermediates.noindex/DirectSalesTeamApp.build/Debug-iphonesimulator/DirectSalesTeamApp-455db5cdd7fc9239fae60756e042806a-VFS-iphonesimulator/all-product-headers.yaml -Xcc -iquote -Xcc /Users/chirag/Library/Developer/Xcode/DerivedData/DirectSalesTeamApp-gdnkjitkcbrabhaojmuqlfhmyuhx/Build/Intermediates.noindex/DirectSalesTeamApp.build/Debug-iphonesimulator/DirectSalesTeamApp.build/DirectSalesTeamApp-project-headers.hmap -Xcc -I/Users/chirag/Library/Developer/Xcode/DerivedData/DirectSalesTeamApp-gdnkjitkcbrabhaojmuqlfhmyuhx/SourcePackages/checkouts/swift-nio-ssl/Sources/CNIOBoringSSLShims/include -Xcc -I/Users/chirag/Library/Developer/Xcode/DerivedData/DirectSalesTeamApp-gdnkjitkcbrabhaojmuqlfhmyuhx/SourcePackages/checkouts/swift-nio-ssl/Sources/CNIOBoringSSL/include -Xcc -I/Users/chirag/Library/Developer/Xcode/DerivedData/DirectSalesTeamApp-gdnkjitkcbrabhaojmuqlfhmyuhx/SourcePackages/checkouts/swift-crypto/Sources/CCryptoBoringSSLShims/include -Xcc -I/Users/chirag/Library/Developer/Xcode/DerivedData/DirectSalesTeamApp-gdnkjitkcbrabhaojmuqlfhmyuhx/SourcePackages/checkouts/swift-crypto/Sources/CCryptoBoringSSL/include -Xcc -I/Users/chirag/Library/Developer/Xcode/DerivedData/DirectSalesTeamApp-gdnkjitkcbrabhaojmuqlfhmyuhx/SourcePackages/checkouts/swift-nio/Sources/CNIOLLHTTP/include -Xcc -I/Users/chirag/Library/Developer/Xcode/DerivedData/DirectSalesTeamApp-gdnkjitkcbrabhaojmuqlfhmyuhx/SourcePackages/checkouts/swift-nio/Sources/CNIOPosix/include -Xcc -I/Users/chirag/Library/Developer/Xcode/DerivedData/DirectSalesTeamApp-gdnkjitkcbrabhaojmuqlfhmyuhx/SourcePackages/checkouts/swift-nio/Sources/CNIOWASI/include -Xcc -I/Users/chirag/Library/Developer/Xcode/DerivedData/DirectSalesTeamApp-gdnkjitkcbrabhaojmuqlfhmyuhx/SourcePackages/checkouts/swift-nio/Sources/CNIOWindows/include -Xcc -I/Users/chirag/Library/Developer/Xcode/DerivedData/DirectSalesTeamApp-gdnkjitkcbrabhaojmuqlfhmyuhx/SourcePackages/checkouts/swift-nio/Sources/CNIOLinux/include -Xcc -I/Users/chirag/Library/Developer/Xcode/DerivedData/DirectSalesTeamApp-gdnkjitkcbrabhaojmuqlfhmyuhx/SourcePackages/checkouts/swift-nio/Sources/CNIODarwin/include -Xcc -I/Users/chirag/Library/Developer/Xcode/DerivedData/DirectSalesTeamApp-gdnkjitkcbrabhaojmuqlfhmyuhx/SourcePackages/checkouts/swift-nio/Sources/CNIOOpenBSD/include -Xcc -I/Users/chirag/Library/Developer/Xcode/DerivedData/DirectSalesTeamApp-gdnkjitkcbrabhaojmuqlfhmyuhx/SourcePackages/checkouts/swift-nio/Sources/CNIOAtomics/include -Xcc -I/Users/chirag/Library/Developer/Xcode/DerivedData/DirectSalesTeamApp-gdnkjitkcbrabhaojmuqlfhmyuhx/SourcePackages/checkouts/swift-atomics/Sources/_AtomicsShims/include -Xcc -I/Users/chirag/Library/Developer/Xcode/DerivedData/DirectSalesTeamApp-gdnkjitkcbrabhaojmuqlfhmyuhx/SourcePackages/checkouts/grpc-swift-nio-transport/Sources/CGRPCNIOTransportZlib/include -Xcc -I/Users/chirag/Library/Developer/Xcode/DerivedData/DirectSalesTeamApp-gdnkjitkcbrabhaojmuqlfhmyuhx/Build/Products/Debug-iphonesimulator/include -Xcc -I/Users/chirag/Library/Developer/Xcode/DerivedData/DirectSalesTeamApp-gdnkjitkcbrabhaojmuqlfhmyuhx/Build/Intermediates.noindex/DirectSalesTeamApp.build/Debug-iphonesimulator/DirectSalesTeamApp.build/DerivedSources-normal/arm64 -Xcc -I/Users/chirag/Library/Developer/Xcode/DerivedData/DirectSalesTeamApp-gdnkjitkcbrabhaojmuqlfhmyuhx/Build/Intermediates.noindex/DirectSalesTeamApp.build/Debug-iphonesimulator/DirectSalesTeamApp.build/DerivedSources/arm64 -Xcc -I/Users/chirag/Library/Developer/Xcode/DerivedData/DirectSalesTeamApp-gdnkjitkcbrabhaojmuqlfhmyuhx/Build/Intermediates.noindex/DirectSalesTeamApp.build/Debug-iphonesimulator/DirectSalesTeamApp.build/DerivedSources -Xcc -DDEBUG\=1 -emit-objc-header -emit-objc-header-path /Users/chirag/Library/Developer/Xcode/DerivedData/DirectSalesTeamApp-gdnkjitkcbrabhaojmuqlfhmyuhx/Build/Intermediates.noindex/DirectSalesTeamApp.build/Debug-iphonesimulator/DirectSalesTeamApp.build/Objects-normal/arm64/DirectSalesTeamApp-Swift.h -working-directory /Users/chirag/Projects/LMS/DirectSalesTeamApp -experimental-emit-module-separately -disable-cmo

ProcessInfoPlistFile /Users/chirag/Library/Developer/Xcode/DerivedData/DirectSalesTeamApp-gdnkjitkcbrabhaojmuqlfhmyuhx/Build/Products/Debug-iphonesimulator/DirectSalesTeamApp.app/Info.plist /Users/chirag/Library/Developer/Xcode/DerivedData/DirectSalesTeamApp-gdnkjitkcbrabhaojmuqlfhmyuhx/Build/Intermediates.noindex/DirectSalesTeamApp.build/Debug-iphonesimulator/DirectSalesTeamApp.build/empty-DirectSalesTeamApp.plist (in target 'DirectSalesTeamApp' from project 'DirectSalesTeamApp')
    cd /Users/chirag/Projects/LMS/DirectSalesTeamApp
    builtin-infoPlistUtility /Users/chirag/Library/Developer/Xcode/DerivedData/DirectSalesTeamApp-gdnkjitkcbrabhaojmuqlfhmyuhx/Build/Intermediates.noindex/DirectSalesTeamApp.build/Debug-iphonesimulator/DirectSalesTeamApp.build/empty-DirectSalesTeamApp.plist -producttype com.apple.product-type.application -genpkginfo /Users/chirag/Library/Developer/Xcode/DerivedData/DirectSalesTeamApp-gdnkjitkcbrabhaojmuqlfhmyuhx/Build/Products/Debug-iphonesimulator/DirectSalesTeamApp.app/PkgInfo -expandbuildsettings -format binary -platform iphonesimulator -additionalcontentfile /Users/chirag/Library/Developer/Xcode/DerivedData/DirectSalesTeamApp-gdnkjitkcbrabhaojmuqlfhmyuhx/Build/Intermediates.noindex/DirectSalesTeamApp.build/Debug-iphonesimulator/DirectSalesTeamApp.build/assetcatalog_generated_info.plist -scanforprivacyfile /Users/chirag/Library/Developer/Xcode/DerivedData/DirectSalesTeamApp-gdnkjitkcbrabhaojmuqlfhmyuhx/Build/Products/Debug-iphonesimulator/DirectSalesTeamApp.app/SwiftProtobuf_SwiftProtobuf.bundle -scanforprivacyfile /Users/chirag/Library/Developer/Xcode/DerivedData/DirectSalesTeamApp-gdnkjitkcbrabhaojmuqlfhmyuhx/Build/Products/Debug-iphonesimulator/DirectSalesTeamApp.app/SwiftProtobuf_SwiftProtobufPluginLibrary.bundle -scanforprivacyfile /Users/chirag/Library/Developer/Xcode/DerivedData/DirectSalesTeamApp-gdnkjitkcbrabhaojmuqlfhmyuhx/Build/Products/Debug-iphonesimulator/DirectSalesTeamApp.app/swift-crypto_CCryptoBoringSSL.bundle -scanforprivacyfile /Users/chirag/Library/Developer/Xcode/DerivedData/DirectSalesTeamApp-gdnkjitkcbrabhaojmuqlfhmyuhx/Build/Products/Debug-iphonesimulator/DirectSalesTeamApp.app/swift-crypto_CCryptoBoringSSLShims.bundle -scanforprivacyfile /Users/chirag/Library/Developer/Xcode/DerivedData/DirectSalesTeamApp-gdnkjitkcbrabhaojmuqlfhmyuhx/Build/Products/Debug-iphonesimulator/DirectSalesTeamApp.app/swift-crypto_Crypto.bundle -scanforprivacyfile /Users/chirag/Library/Developer/Xcode/DerivedData/DirectSalesTeamApp-gdnkjitkcbrabhaojmuqlfhmyuhx/Build/Products/Debug-iphonesimulator/DirectSalesTeamApp.app/swift-crypto_CryptoBoringWrapper.bundle -scanforprivacyfile /Users/chirag/Library/Developer/Xcode/DerivedData/DirectSalesTeamApp-gdnkjitkcbrabhaojmuqlfhmyuhx/Build/Products/Debug-iphonesimulator/DirectSalesTeamApp.app/swift-crypto_CryptoExtras.bundle -scanforprivacyfile /Users/chirag/Library/Developer/Xcode/DerivedData/DirectSalesTeamApp-gdnkjitkcbrabhaojmuqlfhmyuhx/Build/Products/Debug-iphonesimulator/DirectSalesTeamApp.app/swift-nio-ssl_NIOSSL.bundle -scanforprivacyfile /Users/chirag/Library/Developer/Xcode/DerivedData/DirectSalesTeamApp-gdnkjitkcbrabhaojmuqlfhmyuhx/Build/Products/Debug-iphonesimulator/DirectSalesTeamApp.app/swift-nio_NIOPosix.bundle -o /Users/chirag/Library/Developer/Xcode/DerivedData/DirectSalesTeamApp-gdnkjitkcbrabhaojmuqlfhmyuhx/Build/Products/Debug-iphonesimulator/DirectSalesTeamApp.app/Info.plist

SwiftCompile normal x86_64 Compiling\ ApplicationStatusBadge.swift,\ ApplicationsView.swift,\ PipelineProgressBar.swift,\ Earning.swift,\ EarningDetail.swift,\ EarningsService.swift,\ EarningDetailViewModel.swift,\ EarningsViewModel.swift,\ BorrowerCard.swift,\ BreakdownSection.swift,\ CommissionAnalyticsCard.swift /Users/chirag/Projects/LMS/DirectSalesTeamApp/DirectSalesTeamApp/Features/Applications/Views/ApplicationStatusBadge.swift /Users/chirag/Projects/LMS/DirectSalesTeamApp/DirectSalesTeamApp/Features/Applications/Views/ApplicationsView.swift /Users/chirag/Projects/LMS/DirectSalesTeamApp/DirectSalesTeamApp/Features/Applications/Views/PipelineProgressBar.swift /Users/chirag/Projects/LMS/DirectSalesTeamApp/DirectSalesTeamApp/Features/Earnings/Core/Models/Earning.swift /Users/chirag/Projects/LMS/DirectSalesTeamApp/DirectSalesTeamApp/Features/Earnings/Core/Models/EarningDetail.swift /Users/chirag/Projects/LMS/DirectSalesTeamApp/DirectSalesTeamApp/Features/Earnings/Core/Services/EarningsService.swift /Users/chirag/Projects/LMS/DirectSalesTeamApp/DirectSalesTeamApp/Features/Earnings/ViewModels/EarningDetailViewModel.swift /Users/chirag/Projects/LMS/DirectSalesTeamApp/DirectSalesTeamApp/Features/Earnings/ViewModels/EarningsViewModel.swift /Users/chirag/Projects/LMS/DirectSalesTeamApp/DirectSalesTeamApp/Features/Earnings/Views/BorrowerCard.swift /Users/chirag/Projects/LMS/DirectSalesTeamApp/DirectSalesTeamApp/Features/Earnings/Views/BreakdownSection.swift /Users/chirag/Projects/LMS/DirectSalesTeamApp/DirectSalesTeamApp/Features/Earnings/Views/CommissionAnalyticsCard.swift (in target 'DirectSalesTeamApp' from project 'DirectSalesTeamApp')

SwiftCompile normal x86_64 /Users/chirag/Projects/LMS/DirectSalesTeamApp/DirectSalesTeamApp/Features/Applications/Views/ApplicationStatusBadge.swift (in target 'DirectSalesTeamApp' from project 'DirectSalesTeamApp')
    cd /Users/chirag/Projects/LMS/DirectSalesTeamApp
    

SwiftCompile normal x86_64 /Users/chirag/Projects/LMS/DirectSalesTeamApp/DirectSalesTeamApp/Features/Applications/Views/ApplicationsView.swift (in target 'DirectSalesTeamApp' from project 'DirectSalesTeamApp')
    cd /Users/chirag/Projects/LMS/DirectSalesTeamApp
    

SwiftCompile normal x86_64 /Users/chirag/Projects/LMS/DirectSalesTeamApp/DirectSalesTeamApp/Features/Applications/Views/PipelineProgressBar.swift (in target 'DirectSalesTeamApp' from project 'DirectSalesTeamApp')
    cd /Users/chirag/Projects/LMS/DirectSalesTeamApp
    

SwiftCompile normal x86_64 /Users/chirag/Projects/LMS/DirectSalesTeamApp/DirectSalesTeamApp/Features/Earnings/Core/Models/Earning.swift (in target 'DirectSalesTeamApp' from project 'DirectSalesTeamApp')
    cd /Users/chirag/Projects/LMS/DirectSalesTeamApp
    

SwiftCompile normal x86_64 /Users/chirag/Projects/LMS/DirectSalesTeamApp/DirectSalesTeamApp/Features/Earnings/Core/Models/EarningDetail.swift (in target 'DirectSalesTeamApp' from project 'DirectSalesTeamApp')
    cd /Users/chirag/Projects/LMS/DirectSalesTeamApp
    

SwiftCompile normal x86_64 /Users/chirag/Projects/LMS/DirectSalesTeamApp/DirectSalesTeamApp/Features/Earnings/Core/Services/EarningsService.swift (in target 'DirectSalesTeamApp' from project 'DirectSalesTeamApp')
    cd /Users/chirag/Projects/LMS/DirectSalesTeamApp
    

SwiftCompile normal x86_64 /Users/chirag/Projects/LMS/DirectSalesTeamApp/DirectSalesTeamApp/Features/Earnings/ViewModels/EarningDetailViewModel.swift (in target 'DirectSalesTeamApp' from project 'DirectSalesTeamApp')
    cd /Users/chirag/Projects/LMS/DirectSalesTeamApp
    

SwiftCompile normal x86_64 /Users/chirag/Projects/LMS/DirectSalesTeamApp/DirectSalesTeamApp/Features/Earnings/ViewModels/EarningsViewModel.swift (in target 'DirectSalesTeamApp' from project 'DirectSalesTeamApp')
    cd /Users/chirag/Projects/LMS/DirectSalesTeamApp
    

SwiftCompile normal x86_64 /Users/chirag/Projects/LMS/DirectSalesTeamApp/DirectSalesTeamApp/Features/Earnings/Views/BorrowerCard.swift (in target 'DirectSalesTeamApp' from project 'DirectSalesTeamApp')
    cd /Users/chirag/Projects/LMS/DirectSalesTeamApp
    

SwiftCompile normal x86_64 /Users/chirag/Projects/LMS/DirectSalesTeamApp/DirectSalesTeamApp/Features/Earnings/Views/BreakdownSection.swift (in target 'DirectSalesTeamApp' from project 'DirectSalesTeamApp')
    cd /Users/chirag/Projects/LMS/DirectSalesTeamApp
    

SwiftCompile normal x86_64 /Users/chirag/Projects/LMS/DirectSalesTeamApp/DirectSalesTeamApp/Features/Earnings/Views/CommissionAnalyticsCard.swift (in target 'DirectSalesTeamApp' from project 'DirectSalesTeamApp')
    cd /Users/chirag/Projects/LMS/DirectSalesTeamApp
    

SwiftEmitModule normal x86_64 Emitting\ module\ for\ DirectSalesTeamApp (in target 'DirectSalesTeamApp' from project 'DirectSalesTeamApp')

EmitSwiftModule normal x86_64 (in target 'DirectSalesTeamApp' from project 'DirectSalesTeamApp')
    cd /Users/chirag/Projects/LMS/DirectSalesTeamApp
    
/Users/chirag/Projects/LMS/DirectSalesTeamApp/DirectSalesTeamApp/Auth/LoginViewModel.swift:40:43: warning: main actor-isolated static property 'shared' can not be referenced from a nonisolated context; this is an error in the Swift 6 language mode
        sessionManager: SessionManager = .shared,
                                          ^
/Users/chirag/Projects/LMS/DirectSalesTeamApp/DirectSalesTeamApp/Auth/SessionManager.swift:15:23: note: static property declared here
    public static let shared = SessionManager()
                      ^
/Users/chirag/Projects/LMS/DirectSalesTeamApp/DirectSalesTeamApp/Auth/LoginViewModel.swift:41:43: warning: main actor-isolated static property 'shared' can not be referenced from a nonisolated context; this is an error in the Swift 6 language mode
        passkeyManager: PasskeyManager = .shared,
                                          ^
/Users/chirag/Projects/LMS/DirectSalesTeamApp/DirectSalesTeamApp/Services/PasskeyManager.swift:7:16: note: static property declared here
    static let shared = PasskeyManager()
               ^
/Users/chirag/Projects/LMS/DirectSalesTeamApp/DirectSalesTeamApp/Auth/PasskeySetupViewModel.swift:25:43: warning: main actor-isolated static property 'shared' can not be referenced from a nonisolated context; this is an error in the Swift 6 language mode
        passkeyManager: PasskeyManager = .shared,
                                          ^
/Users/chirag/Projects/LMS/DirectSalesTeamApp/DirectSalesTeamApp/Services/PasskeyManager.swift:7:16: note: static property declared here
    static let shared = PasskeyManager()
               ^
/Users/chirag/Projects/LMS/DirectSalesTeamApp/DirectSalesTeamApp/Auth/SetupTOTPViewModel.swift:30:43: warning: main actor-isolated static property 'shared' can not be referenced from a nonisolated context; this is an error in the Swift 6 language mode
        sessionManager: SessionManager = .shared
                                          ^
/Users/chirag/Projects/LMS/DirectSalesTeamApp/DirectSalesTeamApp/Auth/SessionManager.swift:15:23: note: static property declared here
    public static let shared = SessionManager()
                      ^

SwiftCompile normal x86_64 Compiling\ SetupTOTPView.swift,\ LoginMFAPickerView.swift,\ LoginOTPView.swift,\ LoginPasskeyView.swift,\ LoginStep1View.swift,\ LoginTOTPView.swift,\ QuickLoginView.swift,\ ContentView.swift,\ DirectSalesTeamAppApp.swift,\ GeneratedAssetSymbols.swift /Users/chirag/Projects/LMS/DirectSalesTeamApp/DirectSalesTeamApp/Views/Home/SetupTOTPView.swift /Users/chirag/Projects/LMS/DirectSalesTeamApp/DirectSalesTeamApp/Views/Login/LoginMFAPickerView.swift /Users/chirag/Projects/LMS/DirectSalesTeamApp/DirectSalesTeamApp/Views/Login/LoginOTPView.swift /Users/chirag/Projects/LMS/DirectSalesTeamApp/DirectSalesTeamApp/Views/Login/LoginPasskeyView.swift /Users/chirag/Projects/LMS/DirectSalesTeamApp/DirectSalesTeamApp/Views/Login/LoginStep1View.swift /Users/chirag/Projects/LMS/DirectSalesTeamApp/DirectSalesTeamApp/Views/Login/LoginTOTPView.swift /Users/chirag/Projects/LMS/DirectSalesTeamApp/DirectSalesTeamApp/Views/QuickLogin/QuickLoginView.swift /Users/chirag/Projects/LMS/DirectSalesTeamApp/DirectSalesTeamApp/ContentView.swift /Users/chirag/Projects/LMS/DirectSalesTeamApp/DirectSalesTeamApp/DirectSalesTeamAppApp.swift /Users/chirag/Library/Developer/Xcode/DerivedData/DirectSalesTeamApp-gdnkjitkcbrabhaojmuqlfhmyuhx/Build/Intermediates.noindex/DirectSalesTeamApp.build/Debug-iphonesimulator/DirectSalesTeamApp.build/DerivedSources/GeneratedAssetSymbols.swift (in target 'DirectSalesTeamApp' from project 'DirectSalesTeamApp')
SwiftCompile normal x86_64 /Users/chirag/Projects/LMS/DirectSalesTeamApp/DirectSalesTeamApp/Views/Home/SetupTOTPView.swift (in target 'DirectSalesTeamApp' from project 'DirectSalesTeamApp')
    cd /Users/chirag/Projects/LMS/DirectSalesTeamApp
    
/Users/chirag/Projects/LMS/DirectSalesTeamApp/DirectSalesTeamApp/Auth/SetupTOTPViewModel.swift:30:43: warning: main actor-isolated static property 'shared' can not be referenced from a nonisolated context; this is an error in the Swift 6 language mode
        sessionManager: SessionManager = .shared
                                          ^
/Users/chirag/Projects/LMS/DirectSalesTeamApp/DirectSalesTeamApp/Auth/SessionManager.swift:15:23: note: static property declared here
    public static let shared = SessionManager()
                      ^

SwiftCompile normal x86_64 /Users/chirag/Projects/LMS/DirectSalesTeamApp/DirectSalesTeamApp/Views/Login/LoginMFAPickerView.swift (in target 'DirectSalesTeamApp' from project 'DirectSalesTeamApp')
    cd /Users/chirag/Projects/LMS/DirectSalesTeamApp
    

SwiftCompile normal x86_64 /Users/chirag/Projects/LMS/DirectSalesTeamApp/DirectSalesTeamApp/Views/Login/LoginOTPView.swift (in target 'DirectSalesTeamApp' from project 'DirectSalesTeamApp')
    cd /Users/chirag/Projects/LMS/DirectSalesTeamApp
    

SwiftCompile normal x86_64 /Users/chirag/Projects/LMS/DirectSalesTeamApp/DirectSalesTeamApp/Views/Login/LoginPasskeyView.swift (in target 'DirectSalesTeamApp' from project 'DirectSalesTeamApp')
    cd /Users/chirag/Projects/LMS/DirectSalesTeamApp
    

SwiftCompile normal x86_64 /Users/chirag/Projects/LMS/DirectSalesTeamApp/DirectSalesTeamApp/Views/Login/LoginStep1View.swift (in target 'DirectSalesTeamApp' from project 'DirectSalesTeamApp')
    cd /Users/chirag/Projects/LMS/DirectSalesTeamApp
    

SwiftCompile normal x86_64 /Users/chirag/Projects/LMS/DirectSalesTeamApp/DirectSalesTeamApp/Views/Login/LoginTOTPView.swift (in target 'DirectSalesTeamApp' from project 'DirectSalesTeamApp')
    cd /Users/chirag/Projects/LMS/DirectSalesTeamApp
    

SwiftCompile normal x86_64 /Users/chirag/Projects/LMS/DirectSalesTeamApp/DirectSalesTeamApp/Views/QuickLogin/QuickLoginView.swift (in target 'DirectSalesTeamApp' from project 'DirectSalesTeamApp')
    cd /Users/chirag/Projects/LMS/DirectSalesTeamApp
    

SwiftCompile normal x86_64 /Users/chirag/Projects/LMS/DirectSalesTeamApp/DirectSalesTeamApp/ContentView.swift (in target 'DirectSalesTeamApp' from project 'DirectSalesTeamApp')
    cd /Users/chirag/Projects/LMS/DirectSalesTeamApp
    

SwiftCompile normal x86_64 /Users/chirag/Projects/LMS/DirectSalesTeamApp/DirectSalesTeamApp/DirectSalesTeamAppApp.swift (in target 'DirectSalesTeamApp' from project 'DirectSalesTeamApp')
    cd /Users/chirag/Projects/LMS/DirectSalesTeamApp
    

SwiftCompile normal x86_64 /Users/chirag/Library/Developer/Xcode/DerivedData/DirectSalesTeamApp-gdnkjitkcbrabhaojmuqlfhmyuhx/Build/Intermediates.noindex/DirectSalesTeamApp.build/Debug-iphonesimulator/DirectSalesTeamApp.build/DerivedSources/GeneratedAssetSymbols.swift (in target 'DirectSalesTeamApp' from project 'DirectSalesTeamApp')
    cd /Users/chirag/Projects/LMS/DirectSalesTeamApp
    

SwiftCompile normal x86_64 Compiling\ AppEnvironment.swift,\ AuthCallOptionsFactory.swift,\ AuthGRPCClient.swift,\ GRPCChannelFactory.swift,\ DeviceIDStore.swift,\ JWTClaimsDecoder.swift,\ KeychainHelper.swift,\ PasskeyStatusStore.swift,\ QuickLoginPreferencesStore.swift,\ TokenStore.swift /Users/chirag/Projects/LMS/DirectSalesTeamApp/DirectSalesTeamApp/Networking/AppEnvironment.swift /Users/chirag/Projects/LMS/DirectSalesTeamApp/DirectSalesTeamApp/Networking/AuthCallOptionsFactory.swift /Users/chirag/Projects/LMS/DirectSalesTeamApp/DirectSalesTeamApp/Networking/AuthGRPCClient.swift /Users/chirag/Projects/LMS/DirectSalesTeamApp/DirectSalesTeamApp/Networking/GRPCChannelFactory.swift /Users/chirag/Projects/LMS/DirectSalesTeamApp/DirectSalesTeamApp/Security/DeviceIDStore.swift /Users/chirag/Projects/LMS/DirectSalesTeamApp/DirectSalesTeamApp/Security/JWTClaimsDecoder.swift /Users/chirag/Projects/LMS/DirectSalesTeamApp/DirectSalesTeamApp/Security/KeychainHelper.swift /Users/chirag/Projects/LMS/DirectSalesTeamApp/DirectSalesTeamApp/Security/PasskeyStatusStore.swift /Users/chirag/Projects/LMS/DirectSalesTeamApp/DirectSalesTeamApp/Security/QuickLoginPreferencesStore.swift /Users/chirag/Projects/LMS/DirectSalesTeamApp/DirectSalesTeamApp/Security/TokenStore.swift (in target 'DirectSalesTeamApp' from project 'DirectSalesTeamApp')

SwiftCompile normal x86_64 /Users/chirag/Projects/LMS/DirectSalesTeamApp/DirectSalesTeamApp/Networking/AppEnvironment.swift (in target 'DirectSalesTeamApp' from project 'DirectSalesTeamApp')
    cd /Users/chirag/Projects/LMS/DirectSalesTeamApp
    

SwiftCompile normal x86_64 /Users/chirag/Projects/LMS/DirectSalesTeamApp/DirectSalesTeamApp/Networking/AuthCallOptionsFactory.swift (in target 'DirectSalesTeamApp' from project 'DirectSalesTeamApp')
    cd /Users/chirag/Projects/LMS/DirectSalesTeamApp
    

SwiftCompile normal x86_64 /Users/chirag/Projects/LMS/DirectSalesTeamApp/DirectSalesTeamApp/Networking/AuthGRPCClient.swift (in target 'DirectSalesTeamApp' from project 'DirectSalesTeamApp')
    cd /Users/chirag/Projects/LMS/DirectSalesTeamApp
    

SwiftCompile normal x86_64 /Users/chirag/Projects/LMS/DirectSalesTeamApp/DirectSalesTeamApp/Networking/GRPCChannelFactory.swift (in target 'DirectSalesTeamApp' from project 'DirectSalesTeamApp')
    cd /Users/chirag/Projects/LMS/DirectSalesTeamApp
    

SwiftCompile normal x86_64 /Users/chirag/Projects/LMS/DirectSalesTeamApp/DirectSalesTeamApp/Security/DeviceIDStore.swift (in target 'DirectSalesTeamApp' from project 'DirectSalesTeamApp')
    cd /Users/chirag/Projects/LMS/DirectSalesTeamApp
    

SwiftCompile normal x86_64 /Users/chirag/Projects/LMS/DirectSalesTeamApp/DirectSalesTeamApp/Security/JWTClaimsDecoder.swift (in target 'DirectSalesTeamApp' from project 'DirectSalesTeamApp')
    cd /Users/chirag/Projects/LMS/DirectSalesTeamApp
    

SwiftCompile normal x86_64 /Users/chirag/Projects/LMS/DirectSalesTeamApp/DirectSalesTeamApp/Security/KeychainHelper.swift (in target 'DirectSalesTeamApp' from project 'DirectSalesTeamApp')
    cd /Users/chirag/Projects/LMS/DirectSalesTeamApp
    

SwiftCompile normal x86_64 /Users/chirag/Projects/LMS/DirectSalesTeamApp/DirectSalesTeamApp/Security/PasskeyStatusStore.swift (in target 'DirectSalesTeamApp' from project 'DirectSalesTeamApp')
    cd /Users/chirag/Projects/LMS/DirectSalesTeamApp
    

SwiftCompile normal x86_64 /Users/chirag/Projects/LMS/DirectSalesTeamApp/DirectSalesTeamApp/Security/QuickLoginPreferencesStore.swift (in target 'DirectSalesTeamApp' from project 'DirectSalesTeamApp')
    cd /Users/chirag/Projects/LMS/DirectSalesTeamApp
    

SwiftCompile normal x86_64 /Users/chirag/Projects/LMS/DirectSalesTeamApp/DirectSalesTeamApp/Security/TokenStore.swift (in target 'DirectSalesTeamApp' from project 'DirectSalesTeamApp')
    cd /Users/chirag/Projects/LMS/DirectSalesTeamApp
    

SwiftCompile normal x86_64 Compiling\ CommissionCalculatorSheet.swift,\ CommissionCard.swift,\ CommissionRateCard.swift,\ EarningDetailView.swift,\ EarningsStatsRow.swift,\ EarningsSummaryCard.swift,\ EarningsView.swift,\ EarningTransactionRow.swift,\ LoanInfoCard.swift,\ TimelineSection.swift,\ TopCommissionCard.swift /Users/chirag/Projects/LMS/DirectSalesTeamApp/DirectSalesTeamApp/Features/Earnings/Views/CommissionCalculatorSheet.swift /Users/chirag/Projects/LMS/DirectSalesTeamApp/DirectSalesTeamApp/Features/Earnings/Views/CommissionCard.swift /Users/chirag/Projects/LMS/DirectSalesTeamApp/DirectSalesTeamApp/Features/Earnings/Views/CommissionRateCard.swift /Users/chirag/Projects/LMS/DirectSalesTeamApp/DirectSalesTeamApp/Features/Earnings/Views/EarningDetailView.swift /Users/chirag/Projects/LMS/DirectSalesTeamApp/DirectSalesTeamApp/Features/Earnings/Views/EarningsStatsRow.swift /Users/chirag/Projects/LMS/DirectSalesTeamApp/DirectSalesTeamApp/Features/Earnings/Views/EarningsSummaryCard.swift /Users/chirag/Projects/LMS/DirectSalesTeamApp/DirectSalesTeamApp/Features/Earnings/Views/EarningsView.swift /Users/chirag/Projects/LMS/DirectSalesTeamApp/DirectSalesTeamApp/Features/Earnings/Views/EarningTransactionRow.swift /Users/chirag/Projects/LMS/DirectSalesTeamApp/DirectSalesTeamApp/Features/Earnings/Views/LoanInfoCard.swift /Users/chirag/Projects/LMS/DirectSalesTeamApp/DirectSalesTeamApp/Features/Earnings/Views/TimelineSection.swift /Users/chirag/Projects/LMS/DirectSalesTeamApp/DirectSalesTeamApp/Features/Earnings/Views/TopCommissionCard.swift (in target 'DirectSalesTeamApp' from project 'DirectSalesTeamApp')

SwiftCompile normal x86_64 /Users/chirag/Projects/LMS/DirectSalesTeamApp/DirectSalesTeamApp/Features/Earnings/Views/CommissionCalculatorSheet.swift (in target 'DirectSalesTeamApp' from project 'DirectSalesTeamApp')
    cd /Users/chirag/Projects/LMS/DirectSalesTeamApp
    
/Users/chirag/Projects/LMS/DirectSalesTeamApp/DirectSalesTeamApp/Features/Earnings/Views/CommissionCalculatorSheet.swift:74:34: warning: 'onChange(of:perform:)' was deprecated in iOS 17.0: Use `onChange` with a two or zero parameter action closure instead.
                                .onChange(of: loanAmount) { _ in
                                 ^

SwiftCompile normal x86_64 /Users/chirag/Projects/LMS/DirectSalesTeamApp/DirectSalesTeamApp/Features/Earnings/Views/CommissionCard.swift (in target 'DirectSalesTeamApp' from project 'DirectSalesTeamApp')
    cd /Users/chirag/Projects/LMS/DirectSalesTeamApp
    

SwiftCompile normal x86_64 /Users/chirag/Projects/LMS/DirectSalesTeamApp/DirectSalesTeamApp/Features/Earnings/Views/CommissionRateCard.swift (in target 'DirectSalesTeamApp' from project 'DirectSalesTeamApp')
    cd /Users/chirag/Projects/LMS/DirectSalesTeamApp
    

SwiftCompile normal x86_64 /Users/chirag/Projects/LMS/DirectSalesTeamApp/DirectSalesTeamApp/Features/Earnings/Views/EarningDetailView.swift (in target 'DirectSalesTeamApp' from project 'DirectSalesTeamApp')
    cd /Users/chirag/Projects/LMS/DirectSalesTeamApp
    

SwiftCompile normal x86_64 /Users/chirag/Projects/LMS/DirectSalesTeamApp/DirectSalesTeamApp/Features/Earnings/Views/EarningsStatsRow.swift (in target 'DirectSalesTeamApp' from project 'DirectSalesTeamApp')
    cd /Users/chirag/Projects/LMS/DirectSalesTeamApp
    

SwiftCompile normal x86_64 /Users/chirag/Projects/LMS/DirectSalesTeamApp/DirectSalesTeamApp/Features/Earnings/Views/EarningsSummaryCard.swift (in target 'DirectSalesTeamApp' from project 'DirectSalesTeamApp')
    cd /Users/chirag/Projects/LMS/DirectSalesTeamApp
    

SwiftCompile normal x86_64 /Users/chirag/Projects/LMS/DirectSalesTeamApp/DirectSalesTeamApp/Features/Earnings/Views/EarningsView.swift (in target 'DirectSalesTeamApp' from project 'DirectSalesTeamApp')
    cd /Users/chirag/Projects/LMS/DirectSalesTeamApp
    

SwiftCompile normal x86_64 /Users/chirag/Projects/LMS/DirectSalesTeamApp/DirectSalesTeamApp/Features/Earnings/Views/EarningTransactionRow.swift (in target 'DirectSalesTeamApp' from project 'DirectSalesTeamApp')
    cd /Users/chirag/Projects/LMS/DirectSalesTeamApp
    

SwiftCompile normal x86_64 /Users/chirag/Projects/LMS/DirectSalesTeamApp/DirectSalesTeamApp/Features/Earnings/Views/LoanInfoCard.swift (in target 'DirectSalesTeamApp' from project 'DirectSalesTeamApp')
    cd /Users/chirag/Projects/LMS/DirectSalesTeamApp
    

SwiftCompile normal x86_64 /Users/chirag/Projects/LMS/DirectSalesTeamApp/DirectSalesTeamApp/Features/Earnings/Views/TimelineSection.swift (in target 'DirectSalesTeamApp' from project 'DirectSalesTeamApp')
    cd /Users/chirag/Projects/LMS/DirectSalesTeamApp
    

SwiftCompile normal x86_64 /Users/chirag/Projects/LMS/DirectSalesTeamApp/DirectSalesTeamApp/Features/Earnings/Views/TopCommissionCard.swift (in target 'DirectSalesTeamApp' from project 'DirectSalesTeamApp')
    cd /Users/chirag/Projects/LMS/DirectSalesTeamApp
    

SwiftCompile normal x86_64 Compiling\ Lead.swift,\ LeadService.swift,\ LeadDetailViewModel.swift,\ LeadsViewModel.swift,\ AddLeadView.swift,\ DocumentSectionView.swift,\ EligibilityCheckView.swift,\ LeadDetailView.swift,\ LeadDocument.swift,\ LeadRowView.swift,\ LeadsView.swift /Users/chirag/Projects/LMS/DirectSalesTeamApp/DirectSalesTeamApp/Features/Leads/Core/Models/Lead.swift /Users/chirag/Projects/LMS/DirectSalesTeamApp/DirectSalesTeamApp/Features/Leads/Core/Services/LeadService.swift /Users/chirag/Projects/LMS/DirectSalesTeamApp/DirectSalesTeamApp/Features/Leads/ViewModels/LeadDetailViewModel.swift /Users/chirag/Projects/LMS/DirectSalesTeamApp/DirectSalesTeamApp/Features/Leads/ViewModels/LeadsViewModel.swift /Users/chirag/Projects/LMS/DirectSalesTeamApp/DirectSalesTeamApp/Features/Leads/Views/AddLeadView.swift /Users/chirag/Projects/LMS/DirectSalesTeamApp/DirectSalesTeamApp/Features/Leads/Views/DocumentSectionView.swift /Users/chirag/Projects/LMS/DirectSalesTeamApp/DirectSalesTeamApp/Features/Leads/Views/EligibilityCheckView.swift /Users/chirag/Projects/LMS/DirectSalesTeamApp/DirectSalesTeamApp/Features/Leads/Views/LeadDetailView.swift /Users/chirag/Projects/LMS/DirectSalesTeamApp/DirectSalesTeamApp/Features/Leads/Views/LeadDocument.swift /Users/chirag/Projects/LMS/DirectSalesTeamApp/DirectSalesTeamApp/Features/Leads/Views/LeadRowView.swift /Users/chirag/Projects/LMS/DirectSalesTeamApp/DirectSalesTeamApp/Features/Leads/Views/LeadsView.swift (in target 'DirectSalesTeamApp' from project 'DirectSalesTeamApp')

SwiftCompile normal x86_64 /Users/chirag/Projects/LMS/DirectSalesTeamApp/DirectSalesTeamApp/Features/Leads/Core/Models/Lead.swift (in target 'DirectSalesTeamApp' from project 'DirectSalesTeamApp')
    cd /Users/chirag/Projects/LMS/DirectSalesTeamApp
    

SwiftCompile normal x86_64 /Users/chirag/Projects/LMS/DirectSalesTeamApp/DirectSalesTeamApp/Features/Leads/Core/Services/LeadService.swift (in target 'DirectSalesTeamApp' from project 'DirectSalesTeamApp')
    cd /Users/chirag/Projects/LMS/DirectSalesTeamApp
    

SwiftCompile normal x86_64 /Users/chirag/Projects/LMS/DirectSalesTeamApp/DirectSalesTeamApp/Features/Leads/ViewModels/LeadDetailViewModel.swift (in target 'DirectSalesTeamApp' from project 'DirectSalesTeamApp')
    cd /Users/chirag/Projects/LMS/DirectSalesTeamApp
    

SwiftCompile normal x86_64 /Users/chirag/Projects/LMS/DirectSalesTeamApp/DirectSalesTeamApp/Features/Leads/ViewModels/LeadsViewModel.swift (in target 'DirectSalesTeamApp' from project 'DirectSalesTeamApp')
    cd /Users/chirag/Projects/LMS/DirectSalesTeamApp
    

SwiftCompile normal x86_64 /Users/chirag/Projects/LMS/DirectSalesTeamApp/DirectSalesTeamApp/Features/Leads/Views/AddLeadView.swift (in target 'DirectSalesTeamApp' from project 'DirectSalesTeamApp')
    cd /Users/chirag/Projects/LMS/DirectSalesTeamApp
    
/Users/chirag/Projects/LMS/DirectSalesTeamApp/DirectSalesTeamApp/Features/Leads/Views/AddLeadView.swift:84:22: warning: 'onChange(of:perform:)' was deprecated in iOS 17.0: Use `onChange` with a two or zero parameter action closure instead.
                    .onChange(of: name) { _ in
                     ^
/Users/chirag/Projects/LMS/DirectSalesTeamApp/DirectSalesTeamApp/Features/Leads/Views/AddLeadView.swift:128:22: warning: 'onChange(of:perform:)' was deprecated in iOS 17.0: Use `onChange` with a two or zero parameter action closure instead.
                    .onChange(of: phone) { val in
                     ^

SwiftCompile normal x86_64 /Users/chirag/Projects/LMS/DirectSalesTeamApp/DirectSalesTeamApp/Features/Leads/Views/DocumentSectionView.swift (in target 'DirectSalesTeamApp' from project 'DirectSalesTeamApp')
    cd /Users/chirag/Projects/LMS/DirectSalesTeamApp
    
/Users/chirag/Projects/LMS/DirectSalesTeamApp/DirectSalesTeamApp/Features/Leads/Views/DocumentSectionView.swift:173:18: warning: 'onChange(of:perform:)' was deprecated in iOS 17.0: Use `onChange` with a two or zero parameter action closure instead.
                .onChange(of: selectedItem) { newVal in
                 ^

SwiftCompile normal x86_64 /Users/chirag/Projects/LMS/DirectSalesTeamApp/DirectSalesTeamApp/Features/Leads/Views/EligibilityCheckView.swift (in target 'DirectSalesTeamApp' from project 'DirectSalesTeamApp')
    cd /Users/chirag/Projects/LMS/DirectSalesTeamApp
    
/Users/chirag/Projects/LMS/DirectSalesTeamApp/DirectSalesTeamApp/Features/Leads/Views/EligibilityCheckView.swift:146:46: warning: 'main' was deprecated in iOS 26.0: Use a UIScreen instance found through context instead (i.e, view.window.windowScene.screen), or for properties like UIScreen.scale with trait equivalents, use a traitCollection found through context.
                        let width = UIScreen.main.bounds.width - AppSpacing.md * 2
                                             ^

SwiftCompile normal x86_64 /Users/chirag/Projects/LMS/DirectSalesTeamApp/DirectSalesTeamApp/Features/Leads/Views/LeadDetailView.swift (in target 'DirectSalesTeamApp' from project 'DirectSalesTeamApp')
    cd /Users/chirag/Projects/LMS/DirectSalesTeamApp
    

SwiftCompile normal x86_64 /Users/chirag/Projects/LMS/DirectSalesTeamApp/DirectSalesTeamApp/Features/Leads/Views/LeadDocument.swift (in target 'DirectSalesTeamApp' from project 'DirectSalesTeamApp')
    cd /Users/chirag/Projects/LMS/DirectSalesTeamApp
    

SwiftCompile normal x86_64 /Users/chirag/Projects/LMS/DirectSalesTeamApp/DirectSalesTeamApp/Features/Leads/Views/LeadRowView.swift (in target 'DirectSalesTeamApp' from project 'DirectSalesTeamApp')
    cd /Users/chirag/Projects/LMS/DirectSalesTeamApp
    

SwiftCompile normal x86_64 /Users/chirag/Projects/LMS/DirectSalesTeamApp/DirectSalesTeamApp/Features/Leads/Views/LeadsView.swift (in target 'DirectSalesTeamApp' from project 'DirectSalesTeamApp')
    cd /Users/chirag/Projects/LMS/DirectSalesTeamApp
    

SwiftCompile normal x86_64 Compiling\ AnalyticsManager.swift,\ BiometricAuth.swift,\ PasskeyManager.swift,\ QRGenerator.swift,\ SharedComponents.swift,\ Extensions.swift,\ FoundationExtensions.swift,\ TOTPProvider.swift,\ HomeView.swift,\ SetupPasskeyView.swift /Users/chirag/Projects/LMS/DirectSalesTeamApp/DirectSalesTeamApp/Services/AnalyticsManager.swift /Users/chirag/Projects/LMS/DirectSalesTeamApp/DirectSalesTeamApp/Services/BiometricAuth.swift /Users/chirag/Projects/LMS/DirectSalesTeamApp/DirectSalesTeamApp/Services/PasskeyManager.swift /Users/chirag/Projects/LMS/DirectSalesTeamApp/DirectSalesTeamApp/Services/QRGenerator.swift /Users/chirag/Projects/LMS/DirectSalesTeamApp/DirectSalesTeamApp/Shared/SharedComponents.swift /Users/chirag/Projects/LMS/DirectSalesTeamApp/DirectSalesTeamApp/Utils/Extensions.swift /Users/chirag/Projects/LMS/DirectSalesTeamApp/DirectSalesTeamApp/Utils/FoundationExtensions.swift /Users/chirag/Projects/LMS/DirectSalesTeamApp/DirectSalesTeamApp/Utils/TOTPProvider.swift /Users/chirag/Projects/LMS/DirectSalesTeamApp/DirectSalesTeamApp/Views/Home/HomeView.swift /Users/chirag/Projects/LMS/DirectSalesTeamApp/DirectSalesTeamApp/Views/Home/SetupPasskeyView.swift (in target 'DirectSalesTeamApp' from project 'DirectSalesTeamApp')

SwiftCompile normal x86_64 /Users/chirag/Projects/LMS/DirectSalesTeamApp/DirectSalesTeamApp/Services/AnalyticsManager.swift (in target 'DirectSalesTeamApp' from project 'DirectSalesTeamApp')
    cd /Users/chirag/Projects/LMS/DirectSalesTeamApp
    
/Users/chirag/Projects/LMS/DirectSalesTeamApp/DirectSalesTeamApp/Services/PasskeyManager.swift:176:45: warning: 'init()' was deprecated in iOS 26.0: Use init(windowScene:) instead.
            .first(where: \.isKeyWindow) ?? UIWindow()
                                            ^

SwiftCompile normal x86_64 /Users/chirag/Projects/LMS/DirectSalesTeamApp/DirectSalesTeamApp/Services/BiometricAuth.swift (in target 'DirectSalesTeamApp' from project 'DirectSalesTeamApp')
    cd /Users/chirag/Projects/LMS/DirectSalesTeamApp
    
/Users/chirag/Projects/LMS/DirectSalesTeamApp/DirectSalesTeamApp/Services/PasskeyManager.swift:176:45: warning: 'init()' was deprecated in iOS 26.0: Use init(windowScene:) instead.
            .first(where: \.isKeyWindow) ?? UIWindow()
                                            ^

SwiftCompile normal x86_64 /Users/chirag/Projects/LMS/DirectSalesTeamApp/DirectSalesTeamApp/Services/PasskeyManager.swift (in target 'DirectSalesTeamApp' from project 'DirectSalesTeamApp')
    cd /Users/chirag/Projects/LMS/DirectSalesTeamApp
    
/Users/chirag/Projects/LMS/DirectSalesTeamApp/DirectSalesTeamApp/Services/PasskeyManager.swift:176:45: warning: 'init()' was deprecated in iOS 26.0: Use init(windowScene:) instead.
            .first(where: \.isKeyWindow) ?? UIWindow()
                                            ^

SwiftCompile normal x86_64 /Users/chirag/Projects/LMS/DirectSalesTeamApp/DirectSalesTeamApp/Services/QRGenerator.swift (in target 'DirectSalesTeamApp' from project 'DirectSalesTeamApp')
    cd /Users/chirag/Projects/LMS/DirectSalesTeamApp
    
/Users/chirag/Projects/LMS/DirectSalesTeamApp/DirectSalesTeamApp/Services/PasskeyManager.swift:176:45: warning: 'init()' was deprecated in iOS 26.0: Use init(windowScene:) instead.
            .first(where: \.isKeyWindow) ?? UIWindow()
                                            ^

SwiftCompile normal x86_64 /Users/chirag/Projects/LMS/DirectSalesTeamApp/DirectSalesTeamApp/Shared/SharedComponents.swift (in target 'DirectSalesTeamApp' from project 'DirectSalesTeamApp')
    cd /Users/chirag/Projects/LMS/DirectSalesTeamApp
    
/Users/chirag/Projects/LMS/DirectSalesTeamApp/DirectSalesTeamApp/Services/PasskeyManager.swift:176:45: warning: 'init()' was deprecated in iOS 26.0: Use init(windowScene:) instead.
            .first(where: \.isKeyWindow) ?? UIWindow()
                                            ^

SwiftCompile normal x86_64 /Users/chirag/Projects/LMS/DirectSalesTeamApp/DirectSalesTeamApp/Utils/Extensions.swift (in target 'DirectSalesTeamApp' from project 'DirectSalesTeamApp')
    cd /Users/chirag/Projects/LMS/DirectSalesTeamApp
    
/Users/chirag/Projects/LMS/DirectSalesTeamApp/DirectSalesTeamApp/Services/PasskeyManager.swift:176:45: warning: 'init()' was deprecated in iOS 26.0: Use init(windowScene:) instead.
            .first(where: \.isKeyWindow) ?? UIWindow()
                                            ^

SwiftCompile normal x86_64 /Users/chirag/Projects/LMS/DirectSalesTeamApp/DirectSalesTeamApp/Utils/FoundationExtensions.swift (in target 'DirectSalesTeamApp' from project 'DirectSalesTeamApp')
    cd /Users/chirag/Projects/LMS/DirectSalesTeamApp
    
/Users/chirag/Projects/LMS/DirectSalesTeamApp/DirectSalesTeamApp/Services/PasskeyManager.swift:176:45: warning: 'init()' was deprecated in iOS 26.0: Use init(windowScene:) instead.
            .first(where: \.isKeyWindow) ?? UIWindow()
                                            ^

SwiftCompile normal x86_64 /Users/chirag/Projects/LMS/DirectSalesTeamApp/DirectSalesTeamApp/Utils/TOTPProvider.swift (in target 'DirectSalesTeamApp' from project 'DirectSalesTeamApp')
    cd /Users/chirag/Projects/LMS/DirectSalesTeamApp
    
/Users/chirag/Projects/LMS/DirectSalesTeamApp/DirectSalesTeamApp/Services/PasskeyManager.swift:176:45: warning: 'init()' was deprecated in iOS 26.0: Use init(windowScene:) instead.
            .first(where: \.isKeyWindow) ?? UIWindow()
                                            ^

SwiftCompile normal x86_64 /Users/chirag/Projects/LMS/DirectSalesTeamApp/DirectSalesTeamApp/Views/Home/HomeView.swift (in target 'DirectSalesTeamApp' from project 'DirectSalesTeamApp')
    cd /Users/chirag/Projects/LMS/DirectSalesTeamApp
    
/Users/chirag/Projects/LMS/DirectSalesTeamApp/DirectSalesTeamApp/Services/PasskeyManager.swift:176:45: warning: 'init()' was deprecated in iOS 26.0: Use init(windowScene:) instead.
            .first(where: \.isKeyWindow) ?? UIWindow()
                                            ^

SwiftCompile normal x86_64 /Users/chirag/Projects/LMS/DirectSalesTeamApp/DirectSalesTeamApp/Views/Home/SetupPasskeyView.swift (in target 'DirectSalesTeamApp' from project 'DirectSalesTeamApp')
    cd /Users/chirag/Projects/LMS/DirectSalesTeamApp
    
/Users/chirag/Projects/LMS/DirectSalesTeamApp/DirectSalesTeamApp/Services/PasskeyManager.swift:176:45: warning: 'init()' was deprecated in iOS 26.0: Use init(windowScene:) instead.
            .first(where: \.isKeyWindow) ?? UIWindow()
                                            ^
/Users/chirag/Projects/LMS/DirectSalesTeamApp/DirectSalesTeamApp/Auth/PasskeySetupViewModel.swift:25:43: warning: main actor-isolated static property 'shared' can not be referenced from a nonisolated context; this is an error in the Swift 6 language mode
        passkeyManager: PasskeyManager = .shared,
                                          ^
/Users/chirag/Projects/LMS/DirectSalesTeamApp/DirectSalesTeamApp/Services/PasskeyManager.swift:7:16: note: static property declared here
    static let shared = PasskeyManager()
               ^

SwiftCompile normal x86_64 Compiling\ TimelineSectionView.swift,\ PlaceholderViews.swift,\ DSTModels.swift,\ MockDSTService.swift,\ MessagesViewModel.swift,\ ProfileViewModel.swift,\ ChatView.swift,\ MessagesView.swift,\ ProfilePushScreens.swift,\ ProfileView.swift,\ AvatarView.swift /Users/chirag/Projects/LMS/DirectSalesTeamApp/DirectSalesTeamApp/Features/Leads/Views/TimelineSectionView.swift /Users/chirag/Projects/LMS/DirectSalesTeamApp/DirectSalesTeamApp/Features/Placeholder/PlaceholderViews.swift /Users/chirag/Projects/LMS/DirectSalesTeamApp/DirectSalesTeamApp/Features/Profile/Core/Models/DSTModels.swift /Users/chirag/Projects/LMS/DirectSalesTeamApp/DirectSalesTeamApp/Features/Profile/Core/Models/MockDSTService.swift /Users/chirag/Projects/LMS/DirectSalesTeamApp/DirectSalesTeamApp/Features/Profile/ViewModels/MessagesViewModel.swift /Users/chirag/Projects/LMS/DirectSalesTeamApp/DirectSalesTeamApp/Features/Profile/ViewModels/ProfileViewModel.swift /Users/chirag/Projects/LMS/DirectSalesTeamApp/DirectSalesTeamApp/Features/Profile/Views/Messages/ChatView.swift /Users/chirag/Projects/LMS/DirectSalesTeamApp/DirectSalesTeamApp/Features/Profile/Views/Messages/MessagesView.swift /Users/chirag/Projects/LMS/DirectSalesTeamApp/DirectSalesTeamApp/Features/Profile/Views/Profile/ProfilePushScreens.swift /Users/chirag/Projects/LMS/DirectSalesTeamApp/DirectSalesTeamApp/Features/Profile/Views/Profile/ProfileView.swift /Users/chirag/Projects/LMS/DirectSalesTeamApp/DirectSalesTeamApp/Features/Shared/Components/AvatarView.swift (in target 'DirectSalesTeamApp' from project 'DirectSalesTeamApp')

SwiftCompile normal x86_64 /Users/chirag/Projects/LMS/DirectSalesTeamApp/DirectSalesTeamApp/Features/Leads/Views/TimelineSectionView.swift (in target 'DirectSalesTeamApp' from project 'DirectSalesTeamApp')
    cd /Users/chirag/Projects/LMS/DirectSalesTeamApp
    

SwiftCompile normal x86_64 /Users/chirag/Projects/LMS/DirectSalesTeamApp/DirectSalesTeamApp/Features/Placeholder/PlaceholderViews.swift (in target 'DirectSalesTeamApp' from project 'DirectSalesTeamApp')
    cd /Users/chirag/Projects/LMS/DirectSalesTeamApp
    

SwiftCompile normal x86_64 /Users/chirag/Projects/LMS/DirectSalesTeamApp/DirectSalesTeamApp/Features/Profile/Core/Models/DSTModels.swift (in target 'DirectSalesTeamApp' from project 'DirectSalesTeamApp')
    cd /Users/chirag/Projects/LMS/DirectSalesTeamApp
    

SwiftCompile normal x86_64 /Users/chirag/Projects/LMS/DirectSalesTeamApp/DirectSalesTeamApp/Features/Profile/Core/Models/MockDSTService.swift (in target 'DirectSalesTeamApp' from project 'DirectSalesTeamApp')
    cd /Users/chirag/Projects/LMS/DirectSalesTeamApp
    

SwiftCompile normal x86_64 /Users/chirag/Projects/LMS/DirectSalesTeamApp/DirectSalesTeamApp/Features/Profile/ViewModels/MessagesViewModel.swift (in target 'DirectSalesTeamApp' from project 'DirectSalesTeamApp')
    cd /Users/chirag/Projects/LMS/DirectSalesTeamApp
    

SwiftCompile normal x86_64 /Users/chirag/Projects/LMS/DirectSalesTeamApp/DirectSalesTeamApp/Features/Profile/ViewModels/ProfileViewModel.swift (in target 'DirectSalesTeamApp' from project 'DirectSalesTeamApp')
    cd /Users/chirag/Projects/LMS/DirectSalesTeamApp
    

SwiftCompile normal x86_64 /Users/chirag/Projects/LMS/DirectSalesTeamApp/DirectSalesTeamApp/Features/Profile/Views/Messages/ChatView.swift (in target 'DirectSalesTeamApp' from project 'DirectSalesTeamApp')
    cd /Users/chirag/Projects/LMS/DirectSalesTeamApp
    
/Users/chirag/Projects/LMS/DirectSalesTeamApp/DirectSalesTeamApp/Features/Profile/Views/Messages/ChatView.swift:101:14: warning: 'onChange(of:perform:)' was deprecated in iOS 17.0: Use `onChange` with a two or zero parameter action closure instead.
            .onChange(of: selectedAttachment) { newItem in
             ^

SwiftCompile normal x86_64 /Users/chirag/Projects/LMS/DirectSalesTeamApp/DirectSalesTeamApp/Features/Profile/Views/Messages/MessagesView.swift (in target 'DirectSalesTeamApp' from project 'DirectSalesTeamApp')
    cd /Users/chirag/Projects/LMS/DirectSalesTeamApp
    

SwiftCompile normal x86_64 /Users/chirag/Projects/LMS/DirectSalesTeamApp/DirectSalesTeamApp/Features/Profile/Views/Profile/ProfilePushScreens.swift (in target 'DirectSalesTeamApp' from project 'DirectSalesTeamApp')
    cd /Users/chirag/Projects/LMS/DirectSalesTeamApp
    

SwiftCompile normal x86_64 /Users/chirag/Projects/LMS/DirectSalesTeamApp/DirectSalesTeamApp/Features/Profile/Views/Profile/ProfileView.swift (in target 'DirectSalesTeamApp' from project 'DirectSalesTeamApp')
    cd /Users/chirag/Projects/LMS/DirectSalesTeamApp
    

SwiftCompile normal x86_64 /Users/chirag/Projects/LMS/DirectSalesTeamApp/DirectSalesTeamApp/Features/Shared/Components/AvatarView.swift (in target 'DirectSalesTeamApp' from project 'DirectSalesTeamApp')
    cd /Users/chirag/Projects/LMS/DirectSalesTeamApp
    

SwiftEmitModule normal arm64 Emitting\ module\ for\ DirectSalesTeamApp (in target 'DirectSalesTeamApp' from project 'DirectSalesTeamApp')

EmitSwiftModule normal arm64 (in target 'DirectSalesTeamApp' from project 'DirectSalesTeamApp')
    cd /Users/chirag/Projects/LMS/DirectSalesTeamApp
    
/Users/chirag/Projects/LMS/DirectSalesTeamApp/DirectSalesTeamApp/Auth/LoginViewModel.swift:40:43: warning: main actor-isolated static property 'shared' can not be referenced from a nonisolated context; this is an error in the Swift 6 language mode
        sessionManager: SessionManager = .shared,
                                          ^
/Users/chirag/Projects/LMS/DirectSalesTeamApp/DirectSalesTeamApp/Auth/SessionManager.swift:15:23: note: static property declared here
    public static let shared = SessionManager()
                      ^
/Users/chirag/Projects/LMS/DirectSalesTeamApp/DirectSalesTeamApp/Auth/LoginViewModel.swift:41:43: warning: main actor-isolated static property 'shared' can not be referenced from a nonisolated context; this is an error in the Swift 6 language mode
        passkeyManager: PasskeyManager = .shared,
                                          ^
/Users/chirag/Projects/LMS/DirectSalesTeamApp/DirectSalesTeamApp/Services/PasskeyManager.swift:7:16: note: static property declared here
    static let shared = PasskeyManager()
               ^
/Users/chirag/Projects/LMS/DirectSalesTeamApp/DirectSalesTeamApp/Auth/PasskeySetupViewModel.swift:25:43: warning: main actor-isolated static property 'shared' can not be referenced from a nonisolated context; this is an error in the Swift 6 language mode
        passkeyManager: PasskeyManager = .shared,
                                          ^
/Users/chirag/Projects/LMS/DirectSalesTeamApp/DirectSalesTeamApp/Services/PasskeyManager.swift:7:16: note: static property declared here
    static let shared = PasskeyManager()
               ^
/Users/chirag/Projects/LMS/DirectSalesTeamApp/DirectSalesTeamApp/Auth/SetupTOTPViewModel.swift:30:43: warning: main actor-isolated static property 'shared' can not be referenced from a nonisolated context; this is an error in the Swift 6 language mode
        sessionManager: SessionManager = .shared
                                          ^
/Users/chirag/Projects/LMS/DirectSalesTeamApp/DirectSalesTeamApp/Auth/SessionManager.swift:15:23: note: static property declared here
    public static let shared = SessionManager()
                      ^

SwiftDriverJobDiscovery normal x86_64 Compiling AppEnvironment.swift, AuthCallOptionsFactory.swift, AuthGRPCClient.swift, GRPCChannelFactory.swift, DeviceIDStore.swift, JWTClaimsDecoder.swift, KeychainHelper.swift, PasskeyStatusStore.swift, QuickLoginPreferencesStore.swift, TokenStore.swift (in target 'DirectSalesTeamApp' from project 'DirectSalesTeamApp')

SwiftCompile normal arm64 Compiling\ LeadDocument.swift,\ LeadRowView.swift,\ LeadsView.swift,\ TimelineSectionView.swift,\ PlaceholderViews.swift,\ DSTModels.swift,\ MockDSTService.swift,\ MessagesViewModel.swift,\ ProfileViewModel.swift /Users/chirag/Projects/LMS/DirectSalesTeamApp/DirectSalesTeamApp/Features/Leads/Views/LeadDocument.swift /Users/chirag/Projects/LMS/DirectSalesTeamApp/DirectSalesTeamApp/Features/Leads/Views/LeadRowView.swift /Users/chirag/Projects/LMS/DirectSalesTeamApp/DirectSalesTeamApp/Features/Leads/Views/LeadsView.swift /Users/chirag/Projects/LMS/DirectSalesTeamApp/DirectSalesTeamApp/Features/Leads/Views/TimelineSectionView.swift /Users/chirag/Projects/LMS/DirectSalesTeamApp/DirectSalesTeamApp/Features/Placeholder/PlaceholderViews.swift /Users/chirag/Projects/LMS/DirectSalesTeamApp/DirectSalesTeamApp/Features/Profile/Core/Models/DSTModels.swift /Users/chirag/Projects/LMS/DirectSalesTeamApp/DirectSalesTeamApp/Features/Profile/Core/Models/MockDSTService.swift /Users/chirag/Projects/LMS/DirectSalesTeamApp/DirectSalesTeamApp/Features/Profile/ViewModels/MessagesViewModel.swift /Users/chirag/Projects/LMS/DirectSalesTeamApp/DirectSalesTeamApp/Features/Profile/ViewModels/ProfileViewModel.swift (in target 'DirectSalesTeamApp' from project 'DirectSalesTeamApp')

SwiftCompile normal arm64 /Users/chirag/Projects/LMS/DirectSalesTeamApp/DirectSalesTeamApp/Features/Leads/Views/LeadDocument.swift (in target 'DirectSalesTeamApp' from project 'DirectSalesTeamApp')
    cd /Users/chirag/Projects/LMS/DirectSalesTeamApp
    

SwiftCompile normal arm64 /Users/chirag/Projects/LMS/DirectSalesTeamApp/DirectSalesTeamApp/Features/Leads/Views/LeadRowView.swift (in target 'DirectSalesTeamApp' from project 'DirectSalesTeamApp')
    cd /Users/chirag/Projects/LMS/DirectSalesTeamApp
    

SwiftCompile normal arm64 /Users/chirag/Projects/LMS/DirectSalesTeamApp/DirectSalesTeamApp/Features/Leads/Views/LeadsView.swift (in target 'DirectSalesTeamApp' from project 'DirectSalesTeamApp')
    cd /Users/chirag/Projects/LMS/DirectSalesTeamApp
    

SwiftCompile normal arm64 /Users/chirag/Projects/LMS/DirectSalesTeamApp/DirectSalesTeamApp/Features/Leads/Views/TimelineSectionView.swift (in target 'DirectSalesTeamApp' from project 'DirectSalesTeamApp')
    cd /Users/chirag/Projects/LMS/DirectSalesTeamApp
    

SwiftCompile normal arm64 /Users/chirag/Projects/LMS/DirectSalesTeamApp/DirectSalesTeamApp/Features/Placeholder/PlaceholderViews.swift (in target 'DirectSalesTeamApp' from project 'DirectSalesTeamApp')
    cd /Users/chirag/Projects/LMS/DirectSalesTeamApp
    

SwiftCompile normal arm64 /Users/chirag/Projects/LMS/DirectSalesTeamApp/DirectSalesTeamApp/Features/Profile/Core/Models/DSTModels.swift (in target 'DirectSalesTeamApp' from project 'DirectSalesTeamApp')
    cd /Users/chirag/Projects/LMS/DirectSalesTeamApp
    

SwiftCompile normal arm64 /Users/chirag/Projects/LMS/DirectSalesTeamApp/DirectSalesTeamApp/Features/Profile/Core/Models/MockDSTService.swift (in target 'DirectSalesTeamApp' from project 'DirectSalesTeamApp')
    cd /Users/chirag/Projects/LMS/DirectSalesTeamApp
    

SwiftCompile normal arm64 /Users/chirag/Projects/LMS/DirectSalesTeamApp/DirectSalesTeamApp/Features/Profile/ViewModels/MessagesViewModel.swift (in target 'DirectSalesTeamApp' from project 'DirectSalesTeamApp')
    cd /Users/chirag/Projects/LMS/DirectSalesTeamApp
    

SwiftCompile normal arm64 /Users/chirag/Projects/LMS/DirectSalesTeamApp/DirectSalesTeamApp/Features/Profile/ViewModels/ProfileViewModel.swift (in target 'DirectSalesTeamApp' from project 'DirectSalesTeamApp')
    cd /Users/chirag/Projects/LMS/DirectSalesTeamApp
    

SwiftDriverJobDiscovery normal x86_64 Emitting module for DirectSalesTeamApp (in target 'DirectSalesTeamApp' from project 'DirectSalesTeamApp')

SwiftDriver\ Compilation\ Requirements DirectSalesTeamApp normal x86_64 com.apple.xcode.tools.swift.compiler (in target 'DirectSalesTeamApp' from project 'DirectSalesTeamApp')
    cd /Users/chirag/Projects/LMS/DirectSalesTeamApp
    builtin-Swift-Compilation-Requirements -- /Applications/Xcode.app/Contents/Developer/Toolchains/XcodeDefault.xctoolchain/usr/bin/swiftc -module-name DirectSalesTeamApp -Onone -enforce-exclusivity\=checked @/Users/chirag/Library/Developer/Xcode/DerivedData/DirectSalesTeamApp-gdnkjitkcbrabhaojmuqlfhmyuhx/Build/Intermediates.noindex/DirectSalesTeamApp.build/Debug-iphonesimulator/DirectSalesTeamApp.build/Objects-normal/x86_64/DirectSalesTeamApp.SwiftFileList -DDEBUG -Xcc -fmodule-map-file\=/Users/chirag/Library/Developer/Xcode/DerivedData/DirectSalesTeamApp-gdnkjitkcbrabhaojmuqlfhmyuhx/Build/Intermediates.noindex/GeneratedModuleMaps-iphonesimulator/CNIOBoringSSLShims.modulemap -Xcc -fmodule-map-file\=/Users/chirag/Library/Developer/Xcode/DerivedData/DirectSalesTeamApp-gdnkjitkcbrabhaojmuqlfhmyuhx/Build/Intermediates.noindex/GeneratedModuleMaps-iphonesimulator/CNIOLLHTTP.modulemap -Xcc -fmodule-map-file\=/Users/chirag/Library/Developer/Xcode/DerivedData/DirectSalesTeamApp-gdnkjitkcbrabhaojmuqlfhmyuhx/Build/Intermediates.noindex/GeneratedModuleMaps-iphonesimulator/CNIOPosix.modulemap -Xcc -fmodule-map-file\=/Users/chirag/Library/Developer/Xcode/DerivedData/DirectSalesTeamApp-gdnkjitkcbrabhaojmuqlfhmyuhx/Build/Intermediates.noindex/GeneratedModuleMaps-iphonesimulator/CNIOWASI.modulemap -Xcc -fmodule-map-file\=/Users/chirag/Library/Developer/Xcode/DerivedData/DirectSalesTeamApp-gdnkjitkcbrabhaojmuqlfhmyuhx/Build/Intermediates.noindex/GeneratedModuleMaps-iphonesimulator/CNIOLinux.modulemap -Xcc -fmodule-map-file\=/Users/chirag/Library/Developer/Xcode/DerivedData/DirectSalesTeamApp-gdnkjitkcbrabhaojmuqlfhmyuhx/Build/Intermediates.noindex/GeneratedModuleMaps-iphonesimulator/CNIODarwin.modulemap -Xcc -fmodule-map-file\=/Users/chirag/Library/Developer/Xcode/DerivedData/DirectSalesTeamApp-gdnkjitkcbrabhaojmuqlfhmyuhx/Build/Intermediates.noindex/GeneratedModuleMaps-iphonesimulator/CNIOOpenBSD.modulemap -Xcc -fmodule-map-file\=/Users/chirag/Library/Developer/Xcode/DerivedData/DirectSalesTeamApp-gdnkjitkcbrabhaojmuqlfhmyuhx/Build/Intermediates.noindex/GeneratedModuleMaps-iphonesimulator/CNIOAtomics.modulemap -Xcc -fmodule-map-file\=/Users/chirag/Library/Developer/Xcode/DerivedData/DirectSalesTeamApp-gdnkjitkcbrabhaojmuqlfhmyuhx/Build/Intermediates.noindex/GeneratedModuleMaps-iphonesimulator/CGRPCNIOTransportZlib.modulemap -enable-bare-slash-regex -enable-upcoming-feature DisableOutwardActorInference -enable-upcoming-feature InferSendableFromCaptures -enable-upcoming-feature GlobalActorIsolatedTypesUsability -enable-upcoming-feature MemberImportVisibility -enable-upcoming-feature InferIsolatedConformances -enable-upcoming-feature NonisolatedNonsendingByDefault -enable-experimental-feature DebugDescriptionMacro -sdk /Applications/Xcode.app/Contents/Developer/Platforms/iPhoneSimulator.platform/Developer/SDKs/iPhoneSimulator26.2.sdk -target x86_64-apple-ios26-simulator -g -module-cache-path /Users/chirag/Library/Developer/Xcode/DerivedData/ModuleCache.noindex -Xfrontend -serialize-debugging-options -enable-testing -index-store-path /Users/chirag/Library/Developer/Xcode/DerivedData/DirectSalesTeamApp-gdnkjitkcbrabhaojmuqlfhmyuhx/Index.noindex/DataStore -Xcc -D_LIBCPP_HARDENING_MODE\=_LIBCPP_HARDENING_MODE_DEBUG -swift-version 5 -I /Users/chirag/Library/Developer/Xcode/DerivedData/DirectSalesTeamApp-gdnkjitkcbrabhaojmuqlfhmyuhx/Build/Products/Debug-iphonesimulator -F /Users/chirag/Library/Developer/Xcode/DerivedData/DirectSalesTeamApp-gdnkjitkcbrabhaojmuqlfhmyuhx/Build/Products/Debug-iphonesimulator/PackageFrameworks -F /Users/chirag/Library/Developer/Xcode/DerivedData/DirectSalesTeamApp-gdnkjitkcbrabhaojmuqlfhmyuhx/Build/Products/Debug-iphonesimulator/PackageFrameworks -F /Users/chirag/Library/Developer/Xcode/DerivedData/DirectSalesTeamApp-gdnkjitkcbrabhaojmuqlfhmyuhx/Build/Products/Debug-iphonesimulator/PackageFrameworks -F /Users/chirag/Library/Developer/Xcode/DerivedData/DirectSalesTeamApp-gdnkjitkcbrabhaojmuqlfhmyuhx/Build/Products/Debug-iphonesimulator/PackageFrameworks -F /Users/chirag/Library/Developer/Xcode/DerivedData/DirectSalesTeamApp-gdnkjitkcbrabhaojmuqlfhmyuhx/Build/Products/Debug-iphonesimulator/PackageFrameworks -F /Users/chirag/Library/Developer/Xcode/DerivedData/DirectSalesTeamApp-gdnkjitkcbrabhaojmuqlfhmyuhx/Build/Products/Debug-iphonesimulator/PackageFrameworks -F /Users/chirag/Library/Developer/Xcode/DerivedData/DirectSalesTeamApp-gdnkjitkcbrabhaojmuqlfhmyuhx/Build/Products/Debug-iphonesimulator/PackageFrameworks -F /Users/chirag/Library/Developer/Xcode/DerivedData/DirectSalesTeamApp-gdnkjitkcbrabhaojmuqlfhmyuhx/Build/Products/Debug-iphonesimulator/PackageFrameworks -F /Users/chirag/Library/Developer/Xcode/DerivedData/DirectSalesTeamApp-gdnkjitkcbrabhaojmuqlfhmyuhx/Build/Products/Debug-iphonesimulator/PackageFrameworks -F /Users/chirag/Library/Developer/Xcode/DerivedData/DirectSalesTeamApp-gdnkjitkcbrabhaojmuqlfhmyuhx/Build/Products/Debug-iphonesimulator/PackageFrameworks -F /Users/chirag/Library/Developer/Xcode/DerivedData/DirectSalesTeamApp-gdnkjitkcbrabhaojmuqlfhmyuhx/Build/Products/Debug-iphonesimulator/PackageFrameworks -F /Users/chirag/Library/Developer/Xcode/DerivedData/DirectSalesTeamApp-gdnkjitkcbrabhaojmuqlfhmyuhx/Build/Products/Debug-iphonesimulator/PackageFrameworks -F /Users/chirag/Library/Developer/Xcode/DerivedData/DirectSalesTeamApp-gdnkjitkcbrabhaojmuqlfhmyuhx/Build/Products/Debug-iphonesimulator/PackageFrameworks -F /Users/chirag/Library/Developer/Xcode/DerivedData/DirectSalesTeamApp-gdnkjitkcbrabhaojmuqlfhmyuhx/Build/Products/Debug-iphonesimulator/PackageFrameworks -F /Users/chirag/Library/Developer/Xcode/DerivedData/DirectSalesTeamApp-gdnkjitkcbrabhaojmuqlfhmyuhx/Build/Products/Debug-iphonesimulator/PackageFrameworks -F /Users/chirag/Library/Developer/Xcode/DerivedData/DirectSalesTeamApp-gdnkjitkcbrabhaojmuqlfhmyuhx/Build/Products/Debug-iphonesimulator/PackageFrameworks -F /Users/chirag/Library/Developer/Xcode/DerivedData/DirectSalesTeamApp-gdnkjitkcbrabhaojmuqlfhmyuhx/Build/Products/Debug-iphonesimulator/PackageFrameworks -F /Users/chirag/Library/Developer/Xcode/DerivedData/DirectSalesTeamApp-gdnkjitkcbrabhaojmuqlfhmyuhx/Build/Products/Debug-iphonesimulator/PackageFrameworks -F /Users/chirag/Library/Developer/Xcode/DerivedData/DirectSalesTeamApp-gdnkjitkcbrabhaojmuqlfhmyuhx/Build/Products/Debug-iphonesimulator/PackageFrameworks -F /Users/chirag/Library/Developer/Xcode/DerivedData/DirectSalesTeamApp-gdnkjitkcbrabhaojmuqlfhmyuhx/Build/Products/Debug-iphonesimulator/PackageFrameworks -F /Users/chirag/Library/Developer/Xcode/DerivedData/DirectSalesTeamApp-gdnkjitkcbrabhaojmuqlfhmyuhx/Build/Products/Debug-iphonesimulator/PackageFrameworks -F /Users/chirag/Library/Developer/Xcode/DerivedData/DirectSalesTeamApp-gdnkjitkcbrabhaojmuqlfhmyuhx/Build/Products/Debug-iphonesimulator/PackageFrameworks -F /Users/chirag/Library/Developer/Xcode/DerivedData/DirectSalesTeamApp-gdnkjitkcbrabhaojmuqlfhmyuhx/Build/Products/Debug-iphonesimulator/PackageFrameworks -F /Users/chirag/Library/Developer/Xcode/DerivedData/DirectSalesTeamApp-gdnkjitkcbrabhaojmuqlfhmyuhx/Build/Products/Debug-iphonesimulator/PackageFrameworks -F /Users/chirag/Library/Developer/Xcode/DerivedData/DirectSalesTeamApp-gdnkjitkcbrabhaojmuqlfhmyuhx/Build/Products/Debug-iphonesimulator/PackageFrameworks -F /Users/chirag/Library/Developer/Xcode/DerivedData/DirectSalesTeamApp-gdnkjitkcbrabhaojmuqlfhmyuhx/Build/Products/Debug-iphonesimulator/PackageFrameworks -F /Users/chirag/Library/Developer/Xcode/DerivedData/DirectSalesTeamApp-gdnkjitkcbrabhaojmuqlfhmyuhx/Build/Products/Debug-iphonesimulator/PackageFrameworks -F /Users/chirag/Library/Developer/Xcode/DerivedData/DirectSalesTeamApp-gdnkjitkcbrabhaojmuqlfhmyuhx/Build/Products/Debug-iphonesimulator/PackageFrameworks -F /Users/chirag/Library/Developer/Xcode/DerivedData/DirectSalesTeamApp-gdnkjitkcbrabhaojmuqlfhmyuhx/Build/Products/Debug-iphonesimulator/PackageFrameworks -F /Users/chirag/Library/Developer/Xcode/DerivedData/DirectSalesTeamApp-gdnkjitkcbrabhaojmuqlfhmyuhx/Build/Products/Debug-iphonesimulator/PackageFrameworks -F /Users/chirag/Library/Developer/Xcode/DerivedData/DirectSalesTeamApp-gdnkjitkcbrabhaojmuqlfhmyuhx/Build/Products/Debug-iphonesimulator/PackageFrameworks -F /Users/chirag/Library/Developer/Xcode/DerivedData/DirectSalesTeamApp-gdnkjitkcbrabhaojmuqlfhmyuhx/Build/Products/Debug-iphonesimulator/PackageFrameworks -F /Users/chirag/Library/Developer/Xcode/DerivedData/DirectSalesTeamApp-gdnkjitkcbrabhaojmuqlfhmyuhx/Build/Products/Debug-iphonesimulator/PackageFrameworks -F /Users/chirag/Library/Developer/Xcode/DerivedData/DirectSalesTeamApp-gdnkjitkcbrabhaojmuqlfhmyuhx/Build/Products/Debug-iphonesimulator/PackageFrameworks -F /Users/chirag/Library/Developer/Xcode/DerivedData/DirectSalesTeamApp-gdnkjitkcbrabhaojmuqlfhmyuhx/Build/Products/Debug-iphonesimulator/PackageFrameworks -F /Users/chirag/Library/Developer/Xcode/DerivedData/DirectSalesTeamApp-gdnkjitkcbrabhaojmuqlfhmyuhx/Build/Products/Debug-iphonesimulator/PackageFrameworks -F /Users/chirag/Library/Developer/Xcode/DerivedData/DirectSalesTeamApp-gdnkjitkcbrabhaojmuqlfhmyuhx/Build/Products/Debug-iphonesimulator/PackageFrameworks -F /Users/chirag/Library/Developer/Xcode/DerivedData/DirectSalesTeamApp-gdnkjitkcbrabhaojmuqlfhmyuhx/Build/Products/Debug-iphonesimulator/PackageFrameworks -F /Users/chirag/Library/Developer/Xcode/DerivedData/DirectSalesTeamApp-gdnkjitkcbrabhaojmuqlfhmyuhx/Build/Products/Debug-iphonesimulator/PackageFrameworks -F /Users/chirag/Library/Developer/Xcode/DerivedData/DirectSalesTeamApp-gdnkjitkcbrabhaojmuqlfhmyuhx/Build/Products/Debug-iphonesimulator/PackageFrameworks -F /Users/chirag/Library/Developer/Xcode/DerivedData/DirectSalesTeamApp-gdnkjitkcbrabhaojmuqlfhmyuhx/Build/Products/Debug-iphonesimulator/PackageFrameworks -F /Users/chirag/Library/Developer/Xcode/DerivedData/DirectSalesTeamApp-gdnkjitkcbrabhaojmuqlfhmyuhx/Build/Products/Debug-iphonesimulator/PackageFrameworks -F /Users/chirag/Library/Developer/Xcode/DerivedData/DirectSalesTeamApp-gdnkjitkcbrabhaojmuqlfhmyuhx/Build/Products/Debug-iphonesimulator/PackageFrameworks -F /Users/chirag/Library/Developer/Xcode/DerivedData/DirectSalesTeamApp-gdnkjitkcbrabhaojmuqlfhmyuhx/Build/Products/Debug-iphonesimulator/PackageFrameworks -F /Users/chirag/Library/Developer/Xcode/DerivedData/DirectSalesTeamApp-gdnkjitkcbrabhaojmuqlfhmyuhx/Build/Products/Debug-iphonesimulator/PackageFrameworks -F /Users/chirag/Library/Developer/Xcode/DerivedData/DirectSalesTeamApp-gdnkjitkcbrabhaojmuqlfhmyuhx/Build/Products/Debug-iphonesimulator/PackageFrameworks -F /Users/chirag/Library/Developer/Xcode/DerivedData/DirectSalesTeamApp-gdnkjitkcbrabhaojmuqlfhmyuhx/Build/Products/Debug-iphonesimulator/PackageFrameworks -F /Users/chirag/Library/Developer/Xcode/DerivedData/DirectSalesTeamApp-gdnkjitkcbrabhaojmuqlfhmyuhx/Build/Products/Debug-iphonesimulator/PackageFrameworks -F /Users/chirag/Library/Developer/Xcode/DerivedData/DirectSalesTeamApp-gdnkjitkcbrabhaojmuqlfhmyuhx/Build/Products/Debug-iphonesimulator/PackageFrameworks -F /Users/chirag/Library/Developer/Xcode/DerivedData/DirectSalesTeamApp-gdnkjitkcbrabhaojmuqlfhmyuhx/Build/Products/Debug-iphonesimulator/PackageFrameworks -F /Users/chirag/Library/Developer/Xcode/DerivedData/DirectSalesTeamApp-gdnkjitkcbrabhaojmuqlfhmyuhx/Build/Products/Debug-iphonesimulator/PackageFrameworks -F /Users/chirag/Library/Developer/Xcode/DerivedData/DirectSalesTeamApp-gdnkjitkcbrabhaojmuqlfhmyuhx/Build/Products/Debug-iphonesimulator/PackageFrameworks -F /Users/chirag/Library/Developer/Xcode/DerivedData/DirectSalesTeamApp-gdnkjitkcbrabhaojmuqlfhmyuhx/Build/Products/Debug-iphonesimulator/PackageFrameworks -F /Users/chirag/Library/Developer/Xcode/DerivedData/DirectSalesTeamApp-gdnkjitkcbrabhaojmuqlfhmyuhx/Build/Products/Debug-iphonesimulator/PackageFrameworks -F /Users/chirag/Library/Developer/Xcode/DerivedData/DirectSalesTeamApp-gdnkjitkcbrabhaojmuqlfhmyuhx/Build/Products/Debug-iphonesimulator/PackageFrameworks -F /Users/chirag/Library/Developer/Xcode/DerivedData/DirectSalesTeamApp-gdnkjitkcbrabhaojmuqlfhmyuhx/Build/Products/Debug-iphonesimulator/PackageFrameworks -F /Users/chirag/Library/Developer/Xcode/DerivedData/DirectSalesTeamApp-gdnkjitkcbrabhaojmuqlfhmyuhx/Build/Products/Debug-iphonesimulator/PackageFrameworks -F /Users/chirag/Library/Developer/Xcode/DerivedData/DirectSalesTeamApp-gdnkjitkcbrabhaojmuqlfhmyuhx/Build/Products/Debug-iphonesimulator -emit-localized-strings -emit-localized-strings-path /Users/chirag/Library/Developer/Xcode/DerivedData/DirectSalesTeamApp-gdnkjitkcbrabhaojmuqlfhmyuhx/Build/Intermediates.noindex/DirectSalesTeamApp.build/Debug-iphonesimulator/DirectSalesTeamApp.build/Objects-normal/x86_64 -c -j8 -enable-batch-mode -incremental -Xcc -ivfsstatcache -Xcc /Users/chirag/Library/Developer/Xcode/DerivedData/SDKStatCaches.noindex/iphonesimulator26.2-23C57-7d00a8b37fbd7999ea79df8ebc024bf0.sdkstatcache -output-file-map /Users/chirag/Library/Developer/Xcode/DerivedData/DirectSalesTeamApp-gdnkjitkcbrabhaojmuqlfhmyuhx/Build/Intermediates.noindex/DirectSalesTeamApp.build/Debug-iphonesimulator/DirectSalesTeamApp.build/Objects-normal/x86_64/DirectSalesTeamApp-OutputFileMap.json -use-frontend-parseable-output -save-temps -no-color-diagnostics -explicit-module-build -module-cache-path /Users/chirag/Library/Developer/Xcode/DerivedData/DirectSalesTeamApp-gdnkjitkcbrabhaojmuqlfhmyuhx/Build/Intermediates.noindex/SwiftExplicitPrecompiledModules -clang-scanner-module-cache-path /Users/chirag/Library/Developer/Xcode/DerivedData/ModuleCache.noindex -sdk-module-cache-path /Users/chirag/Library/Developer/Xcode/DerivedData/ModuleCache.noindex -serialize-diagnostics -emit-dependencies -emit-module -emit-module-path /Users/chirag/Library/Developer/Xcode/DerivedData/DirectSalesTeamApp-gdnkjitkcbrabhaojmuqlfhmyuhx/Build/Intermediates.noindex/DirectSalesTeamApp.build/Debug-iphonesimulator/DirectSalesTeamApp.build/Objects-normal/x86_64/DirectSalesTeamApp.swiftmodule -validate-clang-modules-once -clang-build-session-file /Users/chirag/Library/Developer/Xcode/DerivedData/ModuleCache.noindex/Session.modulevalidation -Xcc -I/Users/chirag/Library/Developer/Xcode/DerivedData/DirectSalesTeamApp-gdnkjitkcbrabhaojmuqlfhmyuhx/Build/Intermediates.noindex/DirectSalesTeamApp.build/Debug-iphonesimulator/DirectSalesTeamApp.build/swift-overrides.hmap -emit-const-values -Xfrontend -const-gather-protocols-file -Xfrontend /Users/chirag/Library/Developer/Xcode/DerivedData/DirectSalesTeamApp-gdnkjitkcbrabhaojmuqlfhmyuhx/Build/Intermediates.noindex/DirectSalesTeamApp.build/Debug-iphonesimulator/DirectSalesTeamApp.build/Objects-normal/x86_64/DirectSalesTeamApp_const_extract_protocols.json -Xcc -iquote -Xcc /Users/chirag/Library/Developer/Xcode/DerivedData/DirectSalesTeamApp-gdnkjitkcbrabhaojmuqlfhmyuhx/Build/Intermediates.noindex/DirectSalesTeamApp.build/Debug-iphonesimulator/DirectSalesTeamApp.build/DirectSalesTeamApp-generated-files.hmap -Xcc -I/Users/chirag/Library/Developer/Xcode/DerivedData/DirectSalesTeamApp-gdnkjitkcbrabhaojmuqlfhmyuhx/Build/Intermediates.noindex/DirectSalesTeamApp.build/Debug-iphonesimulator/DirectSalesTeamApp.build/DirectSalesTeamApp-own-target-headers.hmap -Xcc -I/Users/chirag/Library/Developer/Xcode/DerivedData/DirectSalesTeamApp-gdnkjitkcbrabhaojmuqlfhmyuhx/Build/Intermediates.noindex/DirectSalesTeamApp.build/Debug-iphonesimulator/DirectSalesTeamApp.build/DirectSalesTeamApp-all-non-framework-target-headers.hmap -Xcc -ivfsoverlay -Xcc /Users/chirag/Library/Developer/Xcode/DerivedData/DirectSalesTeamApp-gdnkjitkcbrabhaojmuqlfhmyuhx/Build/Intermediates.noindex/DirectSalesTeamApp.build/Debug-iphonesimulator/DirectSalesTeamApp-455db5cdd7fc9239fae60756e042806a-VFS-iphonesimulator/all-product-headers.yaml -Xcc -iquote -Xcc /Users/chirag/Library/Developer/Xcode/DerivedData/DirectSalesTeamApp-gdnkjitkcbrabhaojmuqlfhmyuhx/Build/Intermediates.noindex/DirectSalesTeamApp.build/Debug-iphonesimulator/DirectSalesTeamApp.build/DirectSalesTeamApp-project-headers.hmap -Xcc -I/Users/chirag/Library/Developer/Xcode/DerivedData/DirectSalesTeamApp-gdnkjitkcbrabhaojmuqlfhmyuhx/SourcePackages/checkouts/swift-nio-ssl/Sources/CNIOBoringSSLShims/include -Xcc -I/Users/chirag/Library/Developer/Xcode/DerivedData/DirectSalesTeamApp-gdnkjitkcbrabhaojmuqlfhmyuhx/SourcePackages/checkouts/swift-nio-ssl/Sources/CNIOBoringSSL/include -Xcc -I/Users/chirag/Library/Developer/Xcode/DerivedData/DirectSalesTeamApp-gdnkjitkcbrabhaojmuqlfhmyuhx/SourcePackages/checkouts/swift-crypto/Sources/CCryptoBoringSSLShims/include -Xcc -I/Users/chirag/Library/Developer/Xcode/DerivedData/DirectSalesTeamApp-gdnkjitkcbrabhaojmuqlfhmyuhx/SourcePackages/checkouts/swift-crypto/Sources/CCryptoBoringSSL/include -Xcc -I/Users/chirag/Library/Developer/Xcode/DerivedData/DirectSalesTeamApp-gdnkjitkcbrabhaojmuqlfhmyuhx/SourcePackages/checkouts/swift-nio/Sources/CNIOLLHTTP/include -Xcc -I/Users/chirag/Library/Developer/Xcode/DerivedData/DirectSalesTeamApp-gdnkjitkcbrabhaojmuqlfhmyuhx/SourcePackages/checkouts/swift-nio/Sources/CNIOPosix/include -Xcc -I/Users/chirag/Library/Developer/Xcode/DerivedData/DirectSalesTeamApp-gdnkjitkcbrabhaojmuqlfhmyuhx/SourcePackages/checkouts/swift-nio/Sources/CNIOWASI/include -Xcc -I/Users/chirag/Library/Developer/Xcode/DerivedData/DirectSalesTeamApp-gdnkjitkcbrabhaojmuqlfhmyuhx/SourcePackages/checkouts/swift-nio/Sources/CNIOWindows/include -Xcc -I/Users/chirag/Library/Developer/Xcode/DerivedData/DirectSalesTeamApp-gdnkjitkcbrabhaojmuqlfhmyuhx/SourcePackages/checkouts/swift-nio/Sources/CNIOLinux/include -Xcc -I/Users/chirag/Library/Developer/Xcode/DerivedData/DirectSalesTeamApp-gdnkjitkcbrabhaojmuqlfhmyuhx/SourcePackages/checkouts/swift-nio/Sources/CNIODarwin/include -Xcc -I/Users/chirag/Library/Developer/Xcode/DerivedData/DirectSalesTeamApp-gdnkjitkcbrabhaojmuqlfhmyuhx/SourcePackages/checkouts/swift-nio/Sources/CNIOOpenBSD/include -Xcc -I/Users/chirag/Library/Developer/Xcode/DerivedData/DirectSalesTeamApp-gdnkjitkcbrabhaojmuqlfhmyuhx/SourcePackages/checkouts/swift-nio/Sources/CNIOAtomics/include -Xcc -I/Users/chirag/Library/Developer/Xcode/DerivedData/DirectSalesTeamApp-gdnkjitkcbrabhaojmuqlfhmyuhx/SourcePackages/checkouts/swift-atomics/Sources/_AtomicsShims/include -Xcc -I/Users/chirag/Library/Developer/Xcode/DerivedData/DirectSalesTeamApp-gdnkjitkcbrabhaojmuqlfhmyuhx/SourcePackages/checkouts/grpc-swift-nio-transport/Sources/CGRPCNIOTransportZlib/include -Xcc -I/Users/chirag/Library/Developer/Xcode/DerivedData/DirectSalesTeamApp-gdnkjitkcbrabhaojmuqlfhmyuhx/Build/Products/Debug-iphonesimulator/include -Xcc -I/Users/chirag/Library/Developer/Xcode/DerivedData/DirectSalesTeamApp-gdnkjitkcbrabhaojmuqlfhmyuhx/Build/Intermediates.noindex/DirectSalesTeamApp.build/Debug-iphonesimulator/DirectSalesTeamApp.build/DerivedSources-normal/x86_64 -Xcc -I/Users/chirag/Library/Developer/Xcode/DerivedData/DirectSalesTeamApp-gdnkjitkcbrabhaojmuqlfhmyuhx/Build/Intermediates.noindex/DirectSalesTeamApp.build/Debug-iphonesimulator/DirectSalesTeamApp.build/DerivedSources/x86_64 -Xcc -I/Users/chirag/Library/Developer/Xcode/DerivedData/DirectSalesTeamApp-gdnkjitkcbrabhaojmuqlfhmyuhx/Build/Intermediates.noindex/DirectSalesTeamApp.build/Debug-iphonesimulator/DirectSalesTeamApp.build/DerivedSources -Xcc -DDEBUG\=1 -emit-objc-header -emit-objc-header-path /Users/chirag/Library/Developer/Xcode/DerivedData/DirectSalesTeamApp-gdnkjitkcbrabhaojmuqlfhmyuhx/Build/Intermediates.noindex/DirectSalesTeamApp.build/Debug-iphonesimulator/DirectSalesTeamApp.build/Objects-normal/x86_64/DirectSalesTeamApp-Swift.h -working-directory /Users/chirag/Projects/LMS/DirectSalesTeamApp -experimental-emit-module-separately -disable-cmo

SwiftDriverJobDiscovery normal x86_64 Compiling ApplicationStatusBadge.swift, ApplicationsView.swift, PipelineProgressBar.swift, Earning.swift, EarningDetail.swift, EarningsService.swift, EarningDetailViewModel.swift, EarningsViewModel.swift, BorrowerCard.swift, BreakdownSection.swift, CommissionAnalyticsCard.swift (in target 'DirectSalesTeamApp' from project 'DirectSalesTeamApp')

SwiftCompile normal arm64 Compiling\ DSTExtensions.swift,\ TabBadge.swift,\ AppTheme.swift,\ SessionStore.swift,\ auth.grpc.swift,\ auth.pb.swift,\ AppEnvironment.swift,\ AuthCallOptionsFactory.swift,\ AuthGRPCClient.swift /Users/chirag/Projects/LMS/DirectSalesTeamApp/DirectSalesTeamApp/Features/Shared/Extensions/DSTExtensions.swift /Users/chirag/Projects/LMS/DirectSalesTeamApp/DirectSalesTeamApp/Features/Shared/Extensions/TabBadge.swift /Users/chirag/Projects/LMS/DirectSalesTeamApp/DirectSalesTeamApp/Features/Shared/Theme/AppTheme.swift /Users/chirag/Projects/LMS/DirectSalesTeamApp/DirectSalesTeamApp/Models/SessionStore.swift /Users/chirag/Projects/LMS/DirectSalesTeamApp/DirectSalesTeamApp/Networking/Generated/auth/v1/auth.grpc.swift /Users/chirag/Projects/LMS/DirectSalesTeamApp/DirectSalesTeamApp/Networking/Generated/auth/v1/auth.pb.swift /Users/chirag/Projects/LMS/DirectSalesTeamApp/DirectSalesTeamApp/Networking/AppEnvironment.swift /Users/chirag/Projects/LMS/DirectSalesTeamApp/DirectSalesTeamApp/Networking/AuthCallOptionsFactory.swift /Users/chirag/Projects/LMS/DirectSalesTeamApp/DirectSalesTeamApp/Networking/AuthGRPCClient.swift (in target 'DirectSalesTeamApp' from project 'DirectSalesTeamApp')

SwiftCompile normal arm64 /Users/chirag/Projects/LMS/DirectSalesTeamApp/DirectSalesTeamApp/Features/Shared/Extensions/DSTExtensions.swift (in target 'DirectSalesTeamApp' from project 'DirectSalesTeamApp')
    cd /Users/chirag/Projects/LMS/DirectSalesTeamApp
    

SwiftCompile normal arm64 /Users/chirag/Projects/LMS/DirectSalesTeamApp/DirectSalesTeamApp/Features/Shared/Extensions/TabBadge.swift (in target 'DirectSalesTeamApp' from project 'DirectSalesTeamApp')
    cd /Users/chirag/Projects/LMS/DirectSalesTeamApp
    

SwiftCompile normal arm64 /Users/chirag/Projects/LMS/DirectSalesTeamApp/DirectSalesTeamApp/Features/Shared/Theme/AppTheme.swift (in target 'DirectSalesTeamApp' from project 'DirectSalesTeamApp')
    cd /Users/chirag/Projects/LMS/DirectSalesTeamApp
    

SwiftCompile normal arm64 /Users/chirag/Projects/LMS/DirectSalesTeamApp/DirectSalesTeamApp/Models/SessionStore.swift (in target 'DirectSalesTeamApp' from project 'DirectSalesTeamApp')
    cd /Users/chirag/Projects/LMS/DirectSalesTeamApp
    

SwiftCompile normal arm64 /Users/chirag/Projects/LMS/DirectSalesTeamApp/DirectSalesTeamApp/Networking/Generated/auth/v1/auth.grpc.swift (in target 'DirectSalesTeamApp' from project 'DirectSalesTeamApp')
    cd /Users/chirag/Projects/LMS/DirectSalesTeamApp
    

SwiftCompile normal arm64 /Users/chirag/Projects/LMS/DirectSalesTeamApp/DirectSalesTeamApp/Networking/Generated/auth/v1/auth.pb.swift (in target 'DirectSalesTeamApp' from project 'DirectSalesTeamApp')
    cd /Users/chirag/Projects/LMS/DirectSalesTeamApp
    

SwiftCompile normal arm64 /Users/chirag/Projects/LMS/DirectSalesTeamApp/DirectSalesTeamApp/Networking/AppEnvironment.swift (in target 'DirectSalesTeamApp' from project 'DirectSalesTeamApp')
    cd /Users/chirag/Projects/LMS/DirectSalesTeamApp
    

SwiftCompile normal arm64 /Users/chirag/Projects/LMS/DirectSalesTeamApp/DirectSalesTeamApp/Networking/AuthCallOptionsFactory.swift (in target 'DirectSalesTeamApp' from project 'DirectSalesTeamApp')
    cd /Users/chirag/Projects/LMS/DirectSalesTeamApp
    

SwiftCompile normal arm64 /Users/chirag/Projects/LMS/DirectSalesTeamApp/DirectSalesTeamApp/Networking/AuthGRPCClient.swift (in target 'DirectSalesTeamApp' from project 'DirectSalesTeamApp')
    cd /Users/chirag/Projects/LMS/DirectSalesTeamApp
    

Copy /Users/chirag/Library/Developer/Xcode/DerivedData/DirectSalesTeamApp-gdnkjitkcbrabhaojmuqlfhmyuhx/Build/Products/Debug-iphonesimulator/DirectSalesTeamApp.swiftmodule/x86_64-apple-ios-simulator.swiftmodule /Users/chirag/Library/Developer/Xcode/DerivedData/DirectSalesTeamApp-gdnkjitkcbrabhaojmuqlfhmyuhx/Build/Intermediates.noindex/DirectSalesTeamApp.build/Debug-iphonesimulator/DirectSalesTeamApp.build/Objects-normal/x86_64/DirectSalesTeamApp.swiftmodule (in target 'DirectSalesTeamApp' from project 'DirectSalesTeamApp')
    cd /Users/chirag/Projects/LMS/DirectSalesTeamApp
    builtin-copy -exclude .DS_Store -exclude CVS -exclude .svn -exclude .git -exclude .hg -resolve-src-symlinks -rename /Users/chirag/Library/Developer/Xcode/DerivedData/DirectSalesTeamApp-gdnkjitkcbrabhaojmuqlfhmyuhx/Build/Intermediates.noindex/DirectSalesTeamApp.build/Debug-iphonesimulator/DirectSalesTeamApp.build/Objects-normal/x86_64/DirectSalesTeamApp.swiftmodule /Users/chirag/Library/Developer/Xcode/DerivedData/DirectSalesTeamApp-gdnkjitkcbrabhaojmuqlfhmyuhx/Build/Products/Debug-iphonesimulator/DirectSalesTeamApp.swiftmodule/x86_64-apple-ios-simulator.swiftmodule

SwiftDriverJobDiscovery normal arm64 Emitting module for DirectSalesTeamApp (in target 'DirectSalesTeamApp' from project 'DirectSalesTeamApp')

Copy /Users/chirag/Library/Developer/Xcode/DerivedData/DirectSalesTeamApp-gdnkjitkcbrabhaojmuqlfhmyuhx/Build/Products/Debug-iphonesimulator/DirectSalesTeamApp.swiftmodule/x86_64-apple-ios-simulator.abi.json /Users/chirag/Library/Developer/Xcode/DerivedData/DirectSalesTeamApp-gdnkjitkcbrabhaojmuqlfhmyuhx/Build/Intermediates.noindex/DirectSalesTeamApp.build/Debug-iphonesimulator/DirectSalesTeamApp.build/Objects-normal/x86_64/DirectSalesTeamApp.abi.json (in target 'DirectSalesTeamApp' from project 'DirectSalesTeamApp')
    cd /Users/chirag/Projects/LMS/DirectSalesTeamApp
    builtin-copy -exclude .DS_Store -exclude CVS -exclude .svn -exclude .git -exclude .hg -resolve-src-symlinks -rename /Users/chirag/Library/Developer/Xcode/DerivedData/DirectSalesTeamApp-gdnkjitkcbrabhaojmuqlfhmyuhx/Build/Intermediates.noindex/DirectSalesTeamApp.build/Debug-iphonesimulator/DirectSalesTeamApp.build/Objects-normal/x86_64/DirectSalesTeamApp.abi.json /Users/chirag/Library/Developer/Xcode/DerivedData/DirectSalesTeamApp-gdnkjitkcbrabhaojmuqlfhmyuhx/Build/Products/Debug-iphonesimulator/DirectSalesTeamApp.swiftmodule/x86_64-apple-ios-simulator.abi.json

SwiftDriver\ Compilation\ Requirements DirectSalesTeamApp normal arm64 com.apple.xcode.tools.swift.compiler (in target 'DirectSalesTeamApp' from project 'DirectSalesTeamApp')
    cd /Users/chirag/Projects/LMS/DirectSalesTeamApp
    builtin-Swift-Compilation-Requirements -- /Applications/Xcode.app/Contents/Developer/Toolchains/XcodeDefault.xctoolchain/usr/bin/swiftc -module-name DirectSalesTeamApp -Onone -enforce-exclusivity\=checked @/Users/chirag/Library/Developer/Xcode/DerivedData/DirectSalesTeamApp-gdnkjitkcbrabhaojmuqlfhmyuhx/Build/Intermediates.noindex/DirectSalesTeamApp.build/Debug-iphonesimulator/DirectSalesTeamApp.build/Objects-normal/arm64/DirectSalesTeamApp.SwiftFileList -DDEBUG -Xcc -fmodule-map-file\=/Users/chirag/Library/Developer/Xcode/DerivedData/DirectSalesTeamApp-gdnkjitkcbrabhaojmuqlfhmyuhx/Build/Intermediates.noindex/GeneratedModuleMaps-iphonesimulator/CNIOBoringSSLShims.modulemap -Xcc -fmodule-map-file\=/Users/chirag/Library/Developer/Xcode/DerivedData/DirectSalesTeamApp-gdnkjitkcbrabhaojmuqlfhmyuhx/Build/Intermediates.noindex/GeneratedModuleMaps-iphonesimulator/CNIOLLHTTP.modulemap -Xcc -fmodule-map-file\=/Users/chirag/Library/Developer/Xcode/DerivedData/DirectSalesTeamApp-gdnkjitkcbrabhaojmuqlfhmyuhx/Build/Intermediates.noindex/GeneratedModuleMaps-iphonesimulator/CNIOPosix.modulemap -Xcc -fmodule-map-file\=/Users/chirag/Library/Developer/Xcode/DerivedData/DirectSalesTeamApp-gdnkjitkcbrabhaojmuqlfhmyuhx/Build/Intermediates.noindex/GeneratedModuleMaps-iphonesimulator/CNIOWASI.modulemap -Xcc -fmodule-map-file\=/Users/chirag/Library/Developer/Xcode/DerivedData/DirectSalesTeamApp-gdnkjitkcbrabhaojmuqlfhmyuhx/Build/Intermediates.noindex/GeneratedModuleMaps-iphonesimulator/CNIOLinux.modulemap -Xcc -fmodule-map-file\=/Users/chirag/Library/Developer/Xcode/DerivedData/DirectSalesTeamApp-gdnkjitkcbrabhaojmuqlfhmyuhx/Build/Intermediates.noindex/GeneratedModuleMaps-iphonesimulator/CNIODarwin.modulemap -Xcc -fmodule-map-file\=/Users/chirag/Library/Developer/Xcode/DerivedData/DirectSalesTeamApp-gdnkjitkcbrabhaojmuqlfhmyuhx/Build/Intermediates.noindex/GeneratedModuleMaps-iphonesimulator/CNIOOpenBSD.modulemap -Xcc -fmodule-map-file\=/Users/chirag/Library/Developer/Xcode/DerivedData/DirectSalesTeamApp-gdnkjitkcbrabhaojmuqlfhmyuhx/Build/Intermediates.noindex/GeneratedModuleMaps-iphonesimulator/CNIOAtomics.modulemap -Xcc -fmodule-map-file\=/Users/chirag/Library/Developer/Xcode/DerivedData/DirectSalesTeamApp-gdnkjitkcbrabhaojmuqlfhmyuhx/Build/Intermediates.noindex/GeneratedModuleMaps-iphonesimulator/CGRPCNIOTransportZlib.modulemap -enable-bare-slash-regex -enable-upcoming-feature DisableOutwardActorInference -enable-upcoming-feature InferSendableFromCaptures -enable-upcoming-feature GlobalActorIsolatedTypesUsability -enable-upcoming-feature MemberImportVisibility -enable-upcoming-feature InferIsolatedConformances -enable-upcoming-feature NonisolatedNonsendingByDefault -enable-experimental-feature DebugDescriptionMacro -sdk /Applications/Xcode.app/Contents/Developer/Platforms/iPhoneSimulator.platform/Developer/SDKs/iPhoneSimulator26.2.sdk -target arm64-apple-ios26-simulator -g -module-cache-path /Users/chirag/Library/Developer/Xcode/DerivedData/ModuleCache.noindex -Xfrontend -serialize-debugging-options -enable-testing -index-store-path /Users/chirag/Library/Developer/Xcode/DerivedData/DirectSalesTeamApp-gdnkjitkcbrabhaojmuqlfhmyuhx/Index.noindex/DataStore -Xcc -D_LIBCPP_HARDENING_MODE\=_LIBCPP_HARDENING_MODE_DEBUG -swift-version 5 -I /Users/chirag/Library/Developer/Xcode/DerivedData/DirectSalesTeamApp-gdnkjitkcbrabhaojmuqlfhmyuhx/Build/Products/Debug-iphonesimulator -F /Users/chirag/Library/Developer/Xcode/DerivedData/DirectSalesTeamApp-gdnkjitkcbrabhaojmuqlfhmyuhx/Build/Products/Debug-iphonesimulator/PackageFrameworks -F /Users/chirag/Library/Developer/Xcode/DerivedData/DirectSalesTeamApp-gdnkjitkcbrabhaojmuqlfhmyuhx/Build/Products/Debug-iphonesimulator/PackageFrameworks -F /Users/chirag/Library/Developer/Xcode/DerivedData/DirectSalesTeamApp-gdnkjitkcbrabhaojmuqlfhmyuhx/Build/Products/Debug-iphonesimulator/PackageFrameworks -F /Users/chirag/Library/Developer/Xcode/DerivedData/DirectSalesTeamApp-gdnkjitkcbrabhaojmuqlfhmyuhx/Build/Products/Debug-iphonesimulator/PackageFrameworks -F /Users/chirag/Library/Developer/Xcode/DerivedData/DirectSalesTeamApp-gdnkjitkcbrabhaojmuqlfhmyuhx/Build/Products/Debug-iphonesimulator/PackageFrameworks -F /Users/chirag/Library/Developer/Xcode/DerivedData/DirectSalesTeamApp-gdnkjitkcbrabhaojmuqlfhmyuhx/Build/Products/Debug-iphonesimulator/PackageFrameworks -F /Users/chirag/Library/Developer/Xcode/DerivedData/DirectSalesTeamApp-gdnkjitkcbrabhaojmuqlfhmyuhx/Build/Products/Debug-iphonesimulator/PackageFrameworks -F /Users/chirag/Library/Developer/Xcode/DerivedData/DirectSalesTeamApp-gdnkjitkcbrabhaojmuqlfhmyuhx/Build/Products/Debug-iphonesimulator/PackageFrameworks -F /Users/chirag/Library/Developer/Xcode/DerivedData/DirectSalesTeamApp-gdnkjitkcbrabhaojmuqlfhmyuhx/Build/Products/Debug-iphonesimulator/PackageFrameworks -F /Users/chirag/Library/Developer/Xcode/DerivedData/DirectSalesTeamApp-gdnkjitkcbrabhaojmuqlfhmyuhx/Build/Products/Debug-iphonesimulator/PackageFrameworks -F /Users/chirag/Library/Developer/Xcode/DerivedData/DirectSalesTeamApp-gdnkjitkcbrabhaojmuqlfhmyuhx/Build/Products/Debug-iphonesimulator/PackageFrameworks -F /Users/chirag/Library/Developer/Xcode/DerivedData/DirectSalesTeamApp-gdnkjitkcbrabhaojmuqlfhmyuhx/Build/Products/Debug-iphonesimulator/PackageFrameworks -F /Users/chirag/Library/Developer/Xcode/DerivedData/DirectSalesTeamApp-gdnkjitkcbrabhaojmuqlfhmyuhx/Build/Products/Debug-iphonesimulator/PackageFrameworks -F /Users/chirag/Library/Developer/Xcode/DerivedData/DirectSalesTeamApp-gdnkjitkcbrabhaojmuqlfhmyuhx/Build/Products/Debug-iphonesimulator/PackageFrameworks -F /Users/chirag/Library/Developer/Xcode/DerivedData/DirectSalesTeamApp-gdnkjitkcbrabhaojmuqlfhmyuhx/Build/Products/Debug-iphonesimulator/PackageFrameworks -F /Users/chirag/Library/Developer/Xcode/DerivedData/DirectSalesTeamApp-gdnkjitkcbrabhaojmuqlfhmyuhx/Build/Products/Debug-iphonesimulator/PackageFrameworks -F /Users/chirag/Library/Developer/Xcode/DerivedData/DirectSalesTeamApp-gdnkjitkcbrabhaojmuqlfhmyuhx/Build/Products/Debug-iphonesimulator/PackageFrameworks -F /Users/chirag/Library/Developer/Xcode/DerivedData/DirectSalesTeamApp-gdnkjitkcbrabhaojmuqlfhmyuhx/Build/Products/Debug-iphonesimulator/PackageFrameworks -F /Users/chirag/Library/Developer/Xcode/DerivedData/DirectSalesTeamApp-gdnkjitkcbrabhaojmuqlfhmyuhx/Build/Products/Debug-iphonesimulator/PackageFrameworks -F /Users/chirag/Library/Developer/Xcode/DerivedData/DirectSalesTeamApp-gdnkjitkcbrabhaojmuqlfhmyuhx/Build/Products/Debug-iphonesimulator/PackageFrameworks -F /Users/chirag/Library/Developer/Xcode/DerivedData/DirectSalesTeamApp-gdnkjitkcbrabhaojmuqlfhmyuhx/Build/Products/Debug-iphonesimulator/PackageFrameworks -F /Users/chirag/Library/Developer/Xcode/DerivedData/DirectSalesTeamApp-gdnkjitkcbrabhaojmuqlfhmyuhx/Build/Products/Debug-iphonesimulator/PackageFrameworks -F /Users/chirag/Library/Developer/Xcode/DerivedData/DirectSalesTeamApp-gdnkjitkcbrabhaojmuqlfhmyuhx/Build/Products/Debug-iphonesimulator/PackageFrameworks -F /Users/chirag/Library/Developer/Xcode/DerivedData/DirectSalesTeamApp-gdnkjitkcbrabhaojmuqlfhmyuhx/Build/Products/Debug-iphonesimulator/PackageFrameworks -F /Users/chirag/Library/Developer/Xcode/DerivedData/DirectSalesTeamApp-gdnkjitkcbrabhaojmuqlfhmyuhx/Build/Products/Debug-iphonesimulator/PackageFrameworks -F /Users/chirag/Library/Developer/Xcode/DerivedData/DirectSalesTeamApp-gdnkjitkcbrabhaojmuqlfhmyuhx/Build/Products/Debug-iphonesimulator/PackageFrameworks -F /Users/chirag/Library/Developer/Xcode/DerivedData/DirectSalesTeamApp-gdnkjitkcbrabhaojmuqlfhmyuhx/Build/Products/Debug-iphonesimulator/PackageFrameworks -F /Users/chirag/Library/Developer/Xcode/DerivedData/DirectSalesTeamApp-gdnkjitkcbrabhaojmuqlfhmyuhx/Build/Products/Debug-iphonesimulator/PackageFrameworks -F /Users/chirag/Library/Developer/Xcode/DerivedData/DirectSalesTeamApp-gdnkjitkcbrabhaojmuqlfhmyuhx/Build/Products/Debug-iphonesimulator/PackageFrameworks -F /Users/chirag/Library/Developer/Xcode/DerivedData/DirectSalesTeamApp-gdnkjitkcbrabhaojmuqlfhmyuhx/Build/Products/Debug-iphonesimulator/PackageFrameworks -F /Users/chirag/Library/Developer/Xcode/DerivedData/DirectSalesTeamApp-gdnkjitkcbrabhaojmuqlfhmyuhx/Build/Products/Debug-iphonesimulator/PackageFrameworks -F /Users/chirag/Library/Developer/Xcode/DerivedData/DirectSalesTeamApp-gdnkjitkcbrabhaojmuqlfhmyuhx/Build/Products/Debug-iphonesimulator/PackageFrameworks -F /Users/chirag/Library/Developer/Xcode/DerivedData/DirectSalesTeamApp-gdnkjitkcbrabhaojmuqlfhmyuhx/Build/Products/Debug-iphonesimulator/PackageFrameworks -F /Users/chirag/Library/Developer/Xcode/DerivedData/DirectSalesTeamApp-gdnkjitkcbrabhaojmuqlfhmyuhx/Build/Products/Debug-iphonesimulator/PackageFrameworks -F /Users/chirag/Library/Developer/Xcode/DerivedData/DirectSalesTeamApp-gdnkjitkcbrabhaojmuqlfhmyuhx/Build/Products/Debug-iphonesimulator/PackageFrameworks -F /Users/chirag/Library/Developer/Xcode/DerivedData/DirectSalesTeamApp-gdnkjitkcbrabhaojmuqlfhmyuhx/Build/Products/Debug-iphonesimulator/PackageFrameworks -F /Users/chirag/Library/Developer/Xcode/DerivedData/DirectSalesTeamApp-gdnkjitkcbrabhaojmuqlfhmyuhx/Build/Products/Debug-iphonesimulator/PackageFrameworks -F /Users/chirag/Library/Developer/Xcode/DerivedData/DirectSalesTeamApp-gdnkjitkcbrabhaojmuqlfhmyuhx/Build/Products/Debug-iphonesimulator/PackageFrameworks -F /Users/chirag/Library/Developer/Xcode/DerivedData/DirectSalesTeamApp-gdnkjitkcbrabhaojmuqlfhmyuhx/Build/Products/Debug-iphonesimulator/PackageFrameworks -F /Users/chirag/Library/Developer/Xcode/DerivedData/DirectSalesTeamApp-gdnkjitkcbrabhaojmuqlfhmyuhx/Build/Products/Debug-iphonesimulator/PackageFrameworks -F /Users/chirag/Library/Developer/Xcode/DerivedData/DirectSalesTeamApp-gdnkjitkcbrabhaojmuqlfhmyuhx/Build/Products/Debug-iphonesimulator/PackageFrameworks -F /Users/chirag/Library/Developer/Xcode/DerivedData/DirectSalesTeamApp-gdnkjitkcbrabhaojmuqlfhmyuhx/Build/Products/Debug-iphonesimulator/PackageFrameworks -F /Users/chirag/Library/Developer/Xcode/DerivedData/DirectSalesTeamApp-gdnkjitkcbrabhaojmuqlfhmyuhx/Build/Products/Debug-iphonesimulator/PackageFrameworks -F /Users/chirag/Library/Developer/Xcode/DerivedData/DirectSalesTeamApp-gdnkjitkcbrabhaojmuqlfhmyuhx/Build/Products/Debug-iphonesimulator/PackageFrameworks -F /Users/chirag/Library/Developer/Xcode/DerivedData/DirectSalesTeamApp-gdnkjitkcbrabhaojmuqlfhmyuhx/Build/Products/Debug-iphonesimulator/PackageFrameworks -F /Users/chirag/Library/Developer/Xcode/DerivedData/DirectSalesTeamApp-gdnkjitkcbrabhaojmuqlfhmyuhx/Build/Products/Debug-iphonesimulator/PackageFrameworks -F /Users/chirag/Library/Developer/Xcode/DerivedData/DirectSalesTeamApp-gdnkjitkcbrabhaojmuqlfhmyuhx/Build/Products/Debug-iphonesimulator/PackageFrameworks -F /Users/chirag/Library/Developer/Xcode/DerivedData/DirectSalesTeamApp-gdnkjitkcbrabhaojmuqlfhmyuhx/Build/Products/Debug-iphonesimulator/PackageFrameworks -F /Users/chirag/Library/Developer/Xcode/DerivedData/DirectSalesTeamApp-gdnkjitkcbrabhaojmuqlfhmyuhx/Build/Products/Debug-iphonesimulator/PackageFrameworks -F /Users/chirag/Library/Developer/Xcode/DerivedData/DirectSalesTeamApp-gdnkjitkcbrabhaojmuqlfhmyuhx/Build/Products/Debug-iphonesimulator/PackageFrameworks -F /Users/chirag/Library/Developer/Xcode/DerivedData/DirectSalesTeamApp-gdnkjitkcbrabhaojmuqlfhmyuhx/Build/Products/Debug-iphonesimulator/PackageFrameworks -F /Users/chirag/Library/Developer/Xcode/DerivedData/DirectSalesTeamApp-gdnkjitkcbrabhaojmuqlfhmyuhx/Build/Products/Debug-iphonesimulator/PackageFrameworks -F /Users/chirag/Library/Developer/Xcode/DerivedData/DirectSalesTeamApp-gdnkjitkcbrabhaojmuqlfhmyuhx/Build/Products/Debug-iphonesimulator/PackageFrameworks -F /Users/chirag/Library/Developer/Xcode/DerivedData/DirectSalesTeamApp-gdnkjitkcbrabhaojmuqlfhmyuhx/Build/Products/Debug-iphonesimulator/PackageFrameworks -F /Users/chirag/Library/Developer/Xcode/DerivedData/DirectSalesTeamApp-gdnkjitkcbrabhaojmuqlfhmyuhx/Build/Products/Debug-iphonesimulator/PackageFrameworks -F /Users/chirag/Library/Developer/Xcode/DerivedData/DirectSalesTeamApp-gdnkjitkcbrabhaojmuqlfhmyuhx/Build/Products/Debug-iphonesimulator/PackageFrameworks -F /Users/chirag/Library/Developer/Xcode/DerivedData/DirectSalesTeamApp-gdnkjitkcbrabhaojmuqlfhmyuhx/Build/Products/Debug-iphonesimulator/PackageFrameworks -F /Users/chirag/Library/Developer/Xcode/DerivedData/DirectSalesTeamApp-gdnkjitkcbrabhaojmuqlfhmyuhx/Build/Products/Debug-iphonesimulator -emit-localized-strings -emit-localized-strings-path /Users/chirag/Library/Developer/Xcode/DerivedData/DirectSalesTeamApp-gdnkjitkcbrabhaojmuqlfhmyuhx/Build/Intermediates.noindex/DirectSalesTeamApp.build/Debug-iphonesimulator/DirectSalesTeamApp.build/Objects-normal/arm64 -c -j8 -enable-batch-mode -incremental -Xcc -ivfsstatcache -Xcc /Users/chirag/Library/Developer/Xcode/DerivedData/SDKStatCaches.noindex/iphonesimulator26.2-23C57-7d00a8b37fbd7999ea79df8ebc024bf0.sdkstatcache -output-file-map /Users/chirag/Library/Developer/Xcode/DerivedData/DirectSalesTeamApp-gdnkjitkcbrabhaojmuqlfhmyuhx/Build/Intermediates.noindex/DirectSalesTeamApp.build/Debug-iphonesimulator/DirectSalesTeamApp.build/Objects-normal/arm64/DirectSalesTeamApp-OutputFileMap.json -use-frontend-parseable-output -save-temps -no-color-diagnostics -explicit-module-build -module-cache-path /Users/chirag/Library/Developer/Xcode/DerivedData/DirectSalesTeamApp-gdnkjitkcbrabhaojmuqlfhmyuhx/Build/Intermediates.noindex/SwiftExplicitPrecompiledModules -clang-scanner-module-cache-path /Users/chirag/Library/Developer/Xcode/DerivedData/ModuleCache.noindex -sdk-module-cache-path /Users/chirag/Library/Developer/Xcode/DerivedData/ModuleCache.noindex -serialize-diagnostics -emit-dependencies -emit-module -emit-module-path /Users/chirag/Library/Developer/Xcode/DerivedData/DirectSalesTeamApp-gdnkjitkcbrabhaojmuqlfhmyuhx/Build/Intermediates.noindex/DirectSalesTeamApp.build/Debug-iphonesimulator/DirectSalesTeamApp.build/Objects-normal/arm64/DirectSalesTeamApp.swiftmodule -validate-clang-modules-once -clang-build-session-file /Users/chirag/Library/Developer/Xcode/DerivedData/ModuleCache.noindex/Session.modulevalidation -Xcc -I/Users/chirag/Library/Developer/Xcode/DerivedData/DirectSalesTeamApp-gdnkjitkcbrabhaojmuqlfhmyuhx/Build/Intermediates.noindex/DirectSalesTeamApp.build/Debug-iphonesimulator/DirectSalesTeamApp.build/swift-overrides.hmap -emit-const-values -Xfrontend -const-gather-protocols-file -Xfrontend /Users/chirag/Library/Developer/Xcode/DerivedData/DirectSalesTeamApp-gdnkjitkcbrabhaojmuqlfhmyuhx/Build/Intermediates.noindex/DirectSalesTeamApp.build/Debug-iphonesimulator/DirectSalesTeamApp.build/Objects-normal/arm64/DirectSalesTeamApp_const_extract_protocols.json -Xcc -iquote -Xcc /Users/chirag/Library/Developer/Xcode/DerivedData/DirectSalesTeamApp-gdnkjitkcbrabhaojmuqlfhmyuhx/Build/Intermediates.noindex/DirectSalesTeamApp.build/Debug-iphonesimulator/DirectSalesTeamApp.build/DirectSalesTeamApp-generated-files.hmap -Xcc -I/Users/chirag/Library/Developer/Xcode/DerivedData/DirectSalesTeamApp-gdnkjitkcbrabhaojmuqlfhmyuhx/Build/Intermediates.noindex/DirectSalesTeamApp.build/Debug-iphonesimulator/DirectSalesTeamApp.build/DirectSalesTeamApp-own-target-headers.hmap -Xcc -I/Users/chirag/Library/Developer/Xcode/DerivedData/DirectSalesTeamApp-gdnkjitkcbrabhaojmuqlfhmyuhx/Build/Intermediates.noindex/DirectSalesTeamApp.build/Debug-iphonesimulator/DirectSalesTeamApp.build/DirectSalesTeamApp-all-non-framework-target-headers.hmap -Xcc -ivfsoverlay -Xcc /Users/chirag/Library/Developer/Xcode/DerivedData/DirectSalesTeamApp-gdnkjitkcbrabhaojmuqlfhmyuhx/Build/Intermediates.noindex/DirectSalesTeamApp.build/Debug-iphonesimulator/DirectSalesTeamApp-455db5cdd7fc9239fae60756e042806a-VFS-iphonesimulator/all-product-headers.yaml -Xcc -iquote -Xcc /Users/chirag/Library/Developer/Xcode/DerivedData/DirectSalesTeamApp-gdnkjitkcbrabhaojmuqlfhmyuhx/Build/Intermediates.noindex/DirectSalesTeamApp.build/Debug-iphonesimulator/DirectSalesTeamApp.build/DirectSalesTeamApp-project-headers.hmap -Xcc -I/Users/chirag/Library/Developer/Xcode/DerivedData/DirectSalesTeamApp-gdnkjitkcbrabhaojmuqlfhmyuhx/SourcePackages/checkouts/swift-nio-ssl/Sources/CNIOBoringSSLShims/include -Xcc -I/Users/chirag/Library/Developer/Xcode/DerivedData/DirectSalesTeamApp-gdnkjitkcbrabhaojmuqlfhmyuhx/SourcePackages/checkouts/swift-nio-ssl/Sources/CNIOBoringSSL/include -Xcc -I/Users/chirag/Library/Developer/Xcode/DerivedData/DirectSalesTeamApp-gdnkjitkcbrabhaojmuqlfhmyuhx/SourcePackages/checkouts/swift-crypto/Sources/CCryptoBoringSSLShims/include -Xcc -I/Users/chirag/Library/Developer/Xcode/DerivedData/DirectSalesTeamApp-gdnkjitkcbrabhaojmuqlfhmyuhx/SourcePackages/checkouts/swift-crypto/Sources/CCryptoBoringSSL/include -Xcc -I/Users/chirag/Library/Developer/Xcode/DerivedData/DirectSalesTeamApp-gdnkjitkcbrabhaojmuqlfhmyuhx/SourcePackages/checkouts/swift-nio/Sources/CNIOLLHTTP/include -Xcc -I/Users/chirag/Library/Developer/Xcode/DerivedData/DirectSalesTeamApp-gdnkjitkcbrabhaojmuqlfhmyuhx/SourcePackages/checkouts/swift-nio/Sources/CNIOPosix/include -Xcc -I/Users/chirag/Library/Developer/Xcode/DerivedData/DirectSalesTeamApp-gdnkjitkcbrabhaojmuqlfhmyuhx/SourcePackages/checkouts/swift-nio/Sources/CNIOWASI/include -Xcc -I/Users/chirag/Library/Developer/Xcode/DerivedData/DirectSalesTeamApp-gdnkjitkcbrabhaojmuqlfhmyuhx/SourcePackages/checkouts/swift-nio/Sources/CNIOWindows/include -Xcc -I/Users/chirag/Library/Developer/Xcode/DerivedData/DirectSalesTeamApp-gdnkjitkcbrabhaojmuqlfhmyuhx/SourcePackages/checkouts/swift-nio/Sources/CNIOLinux/include -Xcc -I/Users/chirag/Library/Developer/Xcode/DerivedData/DirectSalesTeamApp-gdnkjitkcbrabhaojmuqlfhmyuhx/SourcePackages/checkouts/swift-nio/Sources/CNIODarwin/include -Xcc -I/Users/chirag/Library/Developer/Xcode/DerivedData/DirectSalesTeamApp-gdnkjitkcbrabhaojmuqlfhmyuhx/SourcePackages/checkouts/swift-nio/Sources/CNIOOpenBSD/include -Xcc -I/Users/chirag/Library/Developer/Xcode/DerivedData/DirectSalesTeamApp-gdnkjitkcbrabhaojmuqlfhmyuhx/SourcePackages/checkouts/swift-nio/Sources/CNIOAtomics/include -Xcc -I/Users/chirag/Library/Developer/Xcode/DerivedData/DirectSalesTeamApp-gdnkjitkcbrabhaojmuqlfhmyuhx/SourcePackages/checkouts/swift-atomics/Sources/_AtomicsShims/include -Xcc -I/Users/chirag/Library/Developer/Xcode/DerivedData/DirectSalesTeamApp-gdnkjitkcbrabhaojmuqlfhmyuhx/SourcePackages/checkouts/grpc-swift-nio-transport/Sources/CGRPCNIOTransportZlib/include -Xcc -I/Users/chirag/Library/Developer/Xcode/DerivedData/DirectSalesTeamApp-gdnkjitkcbrabhaojmuqlfhmyuhx/Build/Products/Debug-iphonesimulator/include -Xcc -I/Users/chirag/Library/Developer/Xcode/DerivedData/DirectSalesTeamApp-gdnkjitkcbrabhaojmuqlfhmyuhx/Build/Intermediates.noindex/DirectSalesTeamApp.build/Debug-iphonesimulator/DirectSalesTeamApp.build/DerivedSources-normal/arm64 -Xcc -I/Users/chirag/Library/Developer/Xcode/DerivedData/DirectSalesTeamApp-gdnkjitkcbrabhaojmuqlfhmyuhx/Build/Intermediates.noindex/DirectSalesTeamApp.build/Debug-iphonesimulator/DirectSalesTeamApp.build/DerivedSources/arm64 -Xcc -I/Users/chirag/Library/Developer/Xcode/DerivedData/DirectSalesTeamApp-gdnkjitkcbrabhaojmuqlfhmyuhx/Build/Intermediates.noindex/DirectSalesTeamApp.build/Debug-iphonesimulator/DirectSalesTeamApp.build/DerivedSources -Xcc -DDEBUG\=1 -emit-objc-header -emit-objc-header-path /Users/chirag/Library/Developer/Xcode/DerivedData/DirectSalesTeamApp-gdnkjitkcbrabhaojmuqlfhmyuhx/Build/Intermediates.noindex/DirectSalesTeamApp.build/Debug-iphonesimulator/DirectSalesTeamApp.build/Objects-normal/arm64/DirectSalesTeamApp-Swift.h -working-directory /Users/chirag/Projects/LMS/DirectSalesTeamApp -experimental-emit-module-separately -disable-cmo

Copy /Users/chirag/Library/Developer/Xcode/DerivedData/DirectSalesTeamApp-gdnkjitkcbrabhaojmuqlfhmyuhx/Build/Products/Debug-iphonesimulator/DirectSalesTeamApp.swiftmodule/Project/x86_64-apple-ios-simulator.swiftsourceinfo /Users/chirag/Library/Developer/Xcode/DerivedData/DirectSalesTeamApp-gdnkjitkcbrabhaojmuqlfhmyuhx/Build/Intermediates.noindex/DirectSalesTeamApp.build/Debug-iphonesimulator/DirectSalesTeamApp.build/Objects-normal/x86_64/DirectSalesTeamApp.swiftsourceinfo (in target 'DirectSalesTeamApp' from project 'DirectSalesTeamApp')
    cd /Users/chirag/Projects/LMS/DirectSalesTeamApp
    builtin-copy -exclude .DS_Store -exclude CVS -exclude .svn -exclude .git -exclude .hg -resolve-src-symlinks -rename /Users/chirag/Library/Developer/Xcode/DerivedData/DirectSalesTeamApp-gdnkjitkcbrabhaojmuqlfhmyuhx/Build/Intermediates.noindex/DirectSalesTeamApp.build/Debug-iphonesimulator/DirectSalesTeamApp.build/Objects-normal/x86_64/DirectSalesTeamApp.swiftsourceinfo /Users/chirag/Library/Developer/Xcode/DerivedData/DirectSalesTeamApp-gdnkjitkcbrabhaojmuqlfhmyuhx/Build/Products/Debug-iphonesimulator/DirectSalesTeamApp.swiftmodule/Project/x86_64-apple-ios-simulator.swiftsourceinfo

Copy /Users/chirag/Library/Developer/Xcode/DerivedData/DirectSalesTeamApp-gdnkjitkcbrabhaojmuqlfhmyuhx/Build/Products/Debug-iphonesimulator/DirectSalesTeamApp.swiftmodule/arm64-apple-ios-simulator.swiftmodule /Users/chirag/Library/Developer/Xcode/DerivedData/DirectSalesTeamApp-gdnkjitkcbrabhaojmuqlfhmyuhx/Build/Intermediates.noindex/DirectSalesTeamApp.build/Debug-iphonesimulator/DirectSalesTeamApp.build/Objects-normal/arm64/DirectSalesTeamApp.swiftmodule (in target 'DirectSalesTeamApp' from project 'DirectSalesTeamApp')
    cd /Users/chirag/Projects/LMS/DirectSalesTeamApp
    builtin-copy -exclude .DS_Store -exclude CVS -exclude .svn -exclude .git -exclude .hg -resolve-src-symlinks -rename /Users/chirag/Library/Developer/Xcode/DerivedData/DirectSalesTeamApp-gdnkjitkcbrabhaojmuqlfhmyuhx/Build/Intermediates.noindex/DirectSalesTeamApp.build/Debug-iphonesimulator/DirectSalesTeamApp.build/Objects-normal/arm64/DirectSalesTeamApp.swiftmodule /Users/chirag/Library/Developer/Xcode/DerivedData/DirectSalesTeamApp-gdnkjitkcbrabhaojmuqlfhmyuhx/Build/Products/Debug-iphonesimulator/DirectSalesTeamApp.swiftmodule/arm64-apple-ios-simulator.swiftmodule

Copy /Users/chirag/Library/Developer/Xcode/DerivedData/DirectSalesTeamApp-gdnkjitkcbrabhaojmuqlfhmyuhx/Build/Products/Debug-iphonesimulator/DirectSalesTeamApp.swiftmodule/arm64-apple-ios-simulator.abi.json /Users/chirag/Library/Developer/Xcode/DerivedData/DirectSalesTeamApp-gdnkjitkcbrabhaojmuqlfhmyuhx/Build/Intermediates.noindex/DirectSalesTeamApp.build/Debug-iphonesimulator/DirectSalesTeamApp.build/Objects-normal/arm64/DirectSalesTeamApp.abi.json (in target 'DirectSalesTeamApp' from project 'DirectSalesTeamApp')
    cd /Users/chirag/Projects/LMS/DirectSalesTeamApp
    builtin-copy -exclude .DS_Store -exclude CVS -exclude .svn -exclude .git -exclude .hg -resolve-src-symlinks -rename /Users/chirag/Library/Developer/Xcode/DerivedData/DirectSalesTeamApp-gdnkjitkcbrabhaojmuqlfhmyuhx/Build/Intermediates.noindex/DirectSalesTeamApp.build/Debug-iphonesimulator/DirectSalesTeamApp.build/Objects-normal/arm64/DirectSalesTeamApp.abi.json /Users/chirag/Library/Developer/Xcode/DerivedData/DirectSalesTeamApp-gdnkjitkcbrabhaojmuqlfhmyuhx/Build/Products/Debug-iphonesimulator/DirectSalesTeamApp.swiftmodule/arm64-apple-ios-simulator.abi.json

Copy /Users/chirag/Library/Developer/Xcode/DerivedData/DirectSalesTeamApp-gdnkjitkcbrabhaojmuqlfhmyuhx/Build/Products/Debug-iphonesimulator/DirectSalesTeamApp.swiftmodule/Project/arm64-apple-ios-simulator.swiftsourceinfo /Users/chirag/Library/Developer/Xcode/DerivedData/DirectSalesTeamApp-gdnkjitkcbrabhaojmuqlfhmyuhx/Build/Intermediates.noindex/DirectSalesTeamApp.build/Debug-iphonesimulator/DirectSalesTeamApp.build/Objects-normal/arm64/DirectSalesTeamApp.swiftsourceinfo (in target 'DirectSalesTeamApp' from project 'DirectSalesTeamApp')
    cd /Users/chirag/Projects/LMS/DirectSalesTeamApp
    builtin-copy -exclude .DS_Store -exclude CVS -exclude .svn -exclude .git -exclude .hg -resolve-src-symlinks -rename /Users/chirag/Library/Developer/Xcode/DerivedData/DirectSalesTeamApp-gdnkjitkcbrabhaojmuqlfhmyuhx/Build/Intermediates.noindex/DirectSalesTeamApp.build/Debug-iphonesimulator/DirectSalesTeamApp.build/Objects-normal/arm64/DirectSalesTeamApp.swiftsourceinfo /Users/chirag/Library/Developer/Xcode/DerivedData/DirectSalesTeamApp-gdnkjitkcbrabhaojmuqlfhmyuhx/Build/Products/Debug-iphonesimulator/DirectSalesTeamApp.swiftmodule/Project/arm64-apple-ios-simulator.swiftsourceinfo

SwiftCompile normal x86_64 Compiling\ AuthRepository.swift /Users/chirag/Projects/LMS/DirectSalesTeamApp/DirectSalesTeamApp/Auth/AuthRepository.swift (in target 'DirectSalesTeamApp' from project 'DirectSalesTeamApp')

SwiftCompile normal x86_64 /Users/chirag/Projects/LMS/DirectSalesTeamApp/DirectSalesTeamApp/Auth/AuthRepository.swift (in target 'DirectSalesTeamApp' from project 'DirectSalesTeamApp')
    cd /Users/chirag/Projects/LMS/DirectSalesTeamApp
    

SwiftCompile normal x86_64 Compiling\ LoginViewModel.swift /Users/chirag/Projects/LMS/DirectSalesTeamApp/DirectSalesTeamApp/Auth/LoginViewModel.swift (in target 'DirectSalesTeamApp' from project 'DirectSalesTeamApp')

SwiftCompile normal x86_64 /Users/chirag/Projects/LMS/DirectSalesTeamApp/DirectSalesTeamApp/Auth/LoginViewModel.swift (in target 'DirectSalesTeamApp' from project 'DirectSalesTeamApp')
    cd /Users/chirag/Projects/LMS/DirectSalesTeamApp
    
/Users/chirag/Projects/LMS/DirectSalesTeamApp/DirectSalesTeamApp/Auth/LoginViewModel.swift:40:43: warning: main actor-isolated static property 'shared' can not be referenced from a nonisolated context; this is an error in the Swift 6 language mode
        sessionManager: SessionManager = .shared,
                                          ^
/Users/chirag/Projects/LMS/DirectSalesTeamApp/DirectSalesTeamApp/Auth/SessionManager.swift:15:23: note: static property declared here
    public static let shared = SessionManager()
                      ^
/Users/chirag/Projects/LMS/DirectSalesTeamApp/DirectSalesTeamApp/Auth/LoginViewModel.swift:41:43: warning: main actor-isolated static property 'shared' can not be referenced from a nonisolated context; this is an error in the Swift 6 language mode
        passkeyManager: PasskeyManager = .shared,
                                          ^
/Users/chirag/Projects/LMS/DirectSalesTeamApp/DirectSalesTeamApp/Services/PasskeyManager.swift:7:16: note: static property declared here
    static let shared = PasskeyManager()
               ^

SwiftDriverJobDiscovery normal x86_64 Compiling AuthRepository.swift (in target 'DirectSalesTeamApp' from project 'DirectSalesTeamApp')

SwiftCompile normal x86_64 Compiling\ SetupTOTPViewModel.swift /Users/chirag/Projects/LMS/DirectSalesTeamApp/DirectSalesTeamApp/Auth/SetupTOTPViewModel.swift (in target 'DirectSalesTeamApp' from project 'DirectSalesTeamApp')

SwiftCompile normal x86_64 /Users/chirag/Projects/LMS/DirectSalesTeamApp/DirectSalesTeamApp/Auth/SetupTOTPViewModel.swift (in target 'DirectSalesTeamApp' from project 'DirectSalesTeamApp')
    cd /Users/chirag/Projects/LMS/DirectSalesTeamApp
    
/Users/chirag/Projects/LMS/DirectSalesTeamApp/DirectSalesTeamApp/Auth/SetupTOTPViewModel.swift:30:43: warning: main actor-isolated static property 'shared' can not be referenced from a nonisolated context; this is an error in the Swift 6 language mode
        sessionManager: SessionManager = .shared
                                          ^
/Users/chirag/Projects/LMS/DirectSalesTeamApp/DirectSalesTeamApp/Auth/SessionManager.swift:15:23: note: static property declared here
    public static let shared = SessionManager()
                      ^

SwiftDriverJobDiscovery normal x86_64 Compiling LoginViewModel.swift (in target 'DirectSalesTeamApp' from project 'DirectSalesTeamApp')

SwiftCompile normal x86_64 Compiling\ ApplicationStatsBar.swift /Users/chirag/Projects/LMS/DirectSalesTeamApp/DirectSalesTeamApp/Features/Applications/Views/ApplicationStatsBar.swift (in target 'DirectSalesTeamApp' from project 'DirectSalesTeamApp')

SwiftCompile normal x86_64 /Users/chirag/Projects/LMS/DirectSalesTeamApp/DirectSalesTeamApp/Features/Applications/Views/ApplicationStatsBar.swift (in target 'DirectSalesTeamApp' from project 'DirectSalesTeamApp')
    cd /Users/chirag/Projects/LMS/DirectSalesTeamApp
    

SwiftDriverJobDiscovery normal x86_64 Compiling CommissionCalculatorSheet.swift, CommissionCard.swift, CommissionRateCard.swift, EarningDetailView.swift, EarningsStatsRow.swift, EarningsSummaryCard.swift, EarningsView.swift, EarningTransactionRow.swift, LoanInfoCard.swift, TimelineSection.swift, TopCommissionCard.swift (in target 'DirectSalesTeamApp' from project 'DirectSalesTeamApp')

SwiftCompile normal arm64 Compiling\ ChatView.swift,\ MessagesView.swift,\ ProfilePushScreens.swift,\ ProfileView.swift,\ AvatarView.swift,\ EmptyStateView.swift,\ FilterChipView.swift,\ SearchBarView.swift,\ StatusBadgeView.swift /Users/chirag/Projects/LMS/DirectSalesTeamApp/DirectSalesTeamApp/Features/Profile/Views/Messages/ChatView.swift /Users/chirag/Projects/LMS/DirectSalesTeamApp/DirectSalesTeamApp/Features/Profile/Views/Messages/MessagesView.swift /Users/chirag/Projects/LMS/DirectSalesTeamApp/DirectSalesTeamApp/Features/Profile/Views/Profile/ProfilePushScreens.swift /Users/chirag/Projects/LMS/DirectSalesTeamApp/DirectSalesTeamApp/Features/Profile/Views/Profile/ProfileView.swift /Users/chirag/Projects/LMS/DirectSalesTeamApp/DirectSalesTeamApp/Features/Shared/Components/AvatarView.swift /Users/chirag/Projects/LMS/DirectSalesTeamApp/DirectSalesTeamApp/Features/Shared/Components/EmptyStateView.swift /Users/chirag/Projects/LMS/DirectSalesTeamApp/DirectSalesTeamApp/Features/Shared/Components/FilterChipView.swift /Users/chirag/Projects/LMS/DirectSalesTeamApp/DirectSalesTeamApp/Features/Shared/Components/SearchBarView.swift /Users/chirag/Projects/LMS/DirectSalesTeamApp/DirectSalesTeamApp/Features/Shared/Components/StatusBadgeView.swift (in target 'DirectSalesTeamApp' from project 'DirectSalesTeamApp')
SwiftCompile normal arm64 /Users/chirag/Projects/LMS/DirectSalesTeamApp/DirectSalesTeamApp/Features/Profile/Views/Messages/ChatView.swift (in target 'DirectSalesTeamApp' from project 'DirectSalesTeamApp')
    cd /Users/chirag/Projects/LMS/DirectSalesTeamApp
    
/Users/chirag/Projects/LMS/DirectSalesTeamApp/DirectSalesTeamApp/Features/Profile/Views/Messages/ChatView.swift:101:14: warning: 'onChange(of:perform:)' was deprecated in iOS 17.0: Use `onChange` with a two or zero parameter action closure instead.
            .onChange(of: selectedAttachment) { newItem in
             ^

SwiftCompile normal arm64 /Users/chirag/Projects/LMS/DirectSalesTeamApp/DirectSalesTeamApp/Features/Profile/Views/Messages/MessagesView.swift (in target 'DirectSalesTeamApp' from project 'DirectSalesTeamApp')
    cd /Users/chirag/Projects/LMS/DirectSalesTeamApp
    

SwiftCompile normal arm64 /Users/chirag/Projects/LMS/DirectSalesTeamApp/DirectSalesTeamApp/Features/Profile/Views/Profile/ProfilePushScreens.swift (in target 'DirectSalesTeamApp' from project 'DirectSalesTeamApp')
    cd /Users/chirag/Projects/LMS/DirectSalesTeamApp
    

SwiftCompile normal arm64 /Users/chirag/Projects/LMS/DirectSalesTeamApp/DirectSalesTeamApp/Features/Profile/Views/Profile/ProfileView.swift (in target 'DirectSalesTeamApp' from project 'DirectSalesTeamApp')
    cd /Users/chirag/Projects/LMS/DirectSalesTeamApp
    

SwiftCompile normal arm64 /Users/chirag/Projects/LMS/DirectSalesTeamApp/DirectSalesTeamApp/Features/Shared/Components/AvatarView.swift (in target 'DirectSalesTeamApp' from project 'DirectSalesTeamApp')
    cd /Users/chirag/Projects/LMS/DirectSalesTeamApp
    

SwiftCompile normal arm64 /Users/chirag/Projects/LMS/DirectSalesTeamApp/DirectSalesTeamApp/Features/Shared/Components/EmptyStateView.swift (in target 'DirectSalesTeamApp' from project 'DirectSalesTeamApp')
    cd /Users/chirag/Projects/LMS/DirectSalesTeamApp
    

SwiftCompile normal arm64 /Users/chirag/Projects/LMS/DirectSalesTeamApp/DirectSalesTeamApp/Features/Shared/Components/FilterChipView.swift (in target 'DirectSalesTeamApp' from project 'DirectSalesTeamApp')
    cd /Users/chirag/Projects/LMS/DirectSalesTeamApp
    

SwiftCompile normal arm64 /Users/chirag/Projects/LMS/DirectSalesTeamApp/DirectSalesTeamApp/Features/Shared/Components/SearchBarView.swift (in target 'DirectSalesTeamApp' from project 'DirectSalesTeamApp')
    cd /Users/chirag/Projects/LMS/DirectSalesTeamApp
    

SwiftCompile normal arm64 /Users/chirag/Projects/LMS/DirectSalesTeamApp/DirectSalesTeamApp/Features/Shared/Components/StatusBadgeView.swift (in target 'DirectSalesTeamApp' from project 'DirectSalesTeamApp')
    cd /Users/chirag/Projects/LMS/DirectSalesTeamApp
    

SwiftDriverJobDiscovery normal x86_64 Compiling SetupTOTPViewModel.swift (in target 'DirectSalesTeamApp' from project 'DirectSalesTeamApp')

SwiftDriverJobDiscovery normal x86_64 Compiling ApplicationStatsBar.swift (in target 'DirectSalesTeamApp' from project 'DirectSalesTeamApp')

SwiftCompile normal arm64 Compiling\ PasskeyManager.swift,\ QRGenerator.swift,\ SharedComponents.swift,\ Extensions.swift,\ FoundationExtensions.swift,\ TOTPProvider.swift,\ HomeView.swift,\ SetupPasskeyView.swift,\ SetupTOTPView.swift /Users/chirag/Projects/LMS/DirectSalesTeamApp/DirectSalesTeamApp/Services/PasskeyManager.swift /Users/chirag/Projects/LMS/DirectSalesTeamApp/DirectSalesTeamApp/Services/QRGenerator.swift /Users/chirag/Projects/LMS/DirectSalesTeamApp/DirectSalesTeamApp/Shared/SharedComponents.swift /Users/chirag/Projects/LMS/DirectSalesTeamApp/DirectSalesTeamApp/Utils/Extensions.swift /Users/chirag/Projects/LMS/DirectSalesTeamApp/DirectSalesTeamApp/Utils/FoundationExtensions.swift /Users/chirag/Projects/LMS/DirectSalesTeamApp/DirectSalesTeamApp/Utils/TOTPProvider.swift /Users/chirag/Projects/LMS/DirectSalesTeamApp/DirectSalesTeamApp/Views/Home/HomeView.swift /Users/chirag/Projects/LMS/DirectSalesTeamApp/DirectSalesTeamApp/Views/Home/SetupPasskeyView.swift /Users/chirag/Projects/LMS/DirectSalesTeamApp/DirectSalesTeamApp/Views/Home/SetupTOTPView.swift (in target 'DirectSalesTeamApp' from project 'DirectSalesTeamApp')
SwiftCompile normal arm64 /Users/chirag/Projects/LMS/DirectSalesTeamApp/DirectSalesTeamApp/Services/PasskeyManager.swift (in target 'DirectSalesTeamApp' from project 'DirectSalesTeamApp')
    cd /Users/chirag/Projects/LMS/DirectSalesTeamApp
    
/Users/chirag/Projects/LMS/DirectSalesTeamApp/DirectSalesTeamApp/Services/PasskeyManager.swift:176:45: warning: 'init()' was deprecated in iOS 26.0: Use init(windowScene:) instead.
            .first(where: \.isKeyWindow) ?? UIWindow()
                                            ^

SwiftCompile normal arm64 /Users/chirag/Projects/LMS/DirectSalesTeamApp/DirectSalesTeamApp/Services/QRGenerator.swift (in target 'DirectSalesTeamApp' from project 'DirectSalesTeamApp')
    cd /Users/chirag/Projects/LMS/DirectSalesTeamApp
    
/Users/chirag/Projects/LMS/DirectSalesTeamApp/DirectSalesTeamApp/Services/PasskeyManager.swift:176:45: warning: 'init()' was deprecated in iOS 26.0: Use init(windowScene:) instead.
            .first(where: \.isKeyWindow) ?? UIWindow()
                                            ^

SwiftCompile normal arm64 /Users/chirag/Projects/LMS/DirectSalesTeamApp/DirectSalesTeamApp/Shared/SharedComponents.swift (in target 'DirectSalesTeamApp' from project 'DirectSalesTeamApp')
    cd /Users/chirag/Projects/LMS/DirectSalesTeamApp
    
/Users/chirag/Projects/LMS/DirectSalesTeamApp/DirectSalesTeamApp/Services/PasskeyManager.swift:176:45: warning: 'init()' was deprecated in iOS 26.0: Use init(windowScene:) instead.
            .first(where: \.isKeyWindow) ?? UIWindow()
                                            ^

SwiftCompile normal arm64 /Users/chirag/Projects/LMS/DirectSalesTeamApp/DirectSalesTeamApp/Utils/Extensions.swift (in target 'DirectSalesTeamApp' from project 'DirectSalesTeamApp')
    cd /Users/chirag/Projects/LMS/DirectSalesTeamApp
    
/Users/chirag/Projects/LMS/DirectSalesTeamApp/DirectSalesTeamApp/Services/PasskeyManager.swift:176:45: warning: 'init()' was deprecated in iOS 26.0: Use init(windowScene:) instead.
            .first(where: \.isKeyWindow) ?? UIWindow()
                                            ^

SwiftCompile normal arm64 /Users/chirag/Projects/LMS/DirectSalesTeamApp/DirectSalesTeamApp/Utils/FoundationExtensions.swift (in target 'DirectSalesTeamApp' from project 'DirectSalesTeamApp')
    cd /Users/chirag/Projects/LMS/DirectSalesTeamApp
    
/Users/chirag/Projects/LMS/DirectSalesTeamApp/DirectSalesTeamApp/Services/PasskeyManager.swift:176:45: warning: 'init()' was deprecated in iOS 26.0: Use init(windowScene:) instead.
            .first(where: \.isKeyWindow) ?? UIWindow()
                                            ^

SwiftCompile normal arm64 /Users/chirag/Projects/LMS/DirectSalesTeamApp/DirectSalesTeamApp/Utils/TOTPProvider.swift (in target 'DirectSalesTeamApp' from project 'DirectSalesTeamApp')
    cd /Users/chirag/Projects/LMS/DirectSalesTeamApp
    
/Users/chirag/Projects/LMS/DirectSalesTeamApp/DirectSalesTeamApp/Services/PasskeyManager.swift:176:45: warning: 'init()' was deprecated in iOS 26.0: Use init(windowScene:) instead.
            .first(where: \.isKeyWindow) ?? UIWindow()
                                            ^

SwiftCompile normal arm64 /Users/chirag/Projects/LMS/DirectSalesTeamApp/DirectSalesTeamApp/Views/Home/HomeView.swift (in target 'DirectSalesTeamApp' from project 'DirectSalesTeamApp')
    cd /Users/chirag/Projects/LMS/DirectSalesTeamApp
    
/Users/chirag/Projects/LMS/DirectSalesTeamApp/DirectSalesTeamApp/Services/PasskeyManager.swift:176:45: warning: 'init()' was deprecated in iOS 26.0: Use init(windowScene:) instead.
            .first(where: \.isKeyWindow) ?? UIWindow()
                                            ^

SwiftCompile normal arm64 /Users/chirag/Projects/LMS/DirectSalesTeamApp/DirectSalesTeamApp/Views/Home/SetupPasskeyView.swift (in target 'DirectSalesTeamApp' from project 'DirectSalesTeamApp')
    cd /Users/chirag/Projects/LMS/DirectSalesTeamApp
    
/Users/chirag/Projects/LMS/DirectSalesTeamApp/DirectSalesTeamApp/Services/PasskeyManager.swift:176:45: warning: 'init()' was deprecated in iOS 26.0: Use init(windowScene:) instead.
            .first(where: \.isKeyWindow) ?? UIWindow()
                                            ^
/Users/chirag/Projects/LMS/DirectSalesTeamApp/DirectSalesTeamApp/Auth/PasskeySetupViewModel.swift:25:43: warning: main actor-isolated static property 'shared' can not be referenced from a nonisolated context; this is an error in the Swift 6 language mode
        passkeyManager: PasskeyManager = .shared,
                                          ^
/Users/chirag/Projects/LMS/DirectSalesTeamApp/DirectSalesTeamApp/Services/PasskeyManager.swift:7:16: note: static property declared here
    static let shared = PasskeyManager()
               ^

SwiftCompile normal arm64 /Users/chirag/Projects/LMS/DirectSalesTeamApp/DirectSalesTeamApp/Views/Home/SetupTOTPView.swift (in target 'DirectSalesTeamApp' from project 'DirectSalesTeamApp')
    cd /Users/chirag/Projects/LMS/DirectSalesTeamApp
    
/Users/chirag/Projects/LMS/DirectSalesTeamApp/DirectSalesTeamApp/Services/PasskeyManager.swift:176:45: warning: 'init()' was deprecated in iOS 26.0: Use init(windowScene:) instead.
            .first(where: \.isKeyWindow) ?? UIWindow()
                                            ^
/Users/chirag/Projects/LMS/DirectSalesTeamApp/DirectSalesTeamApp/Auth/SetupTOTPViewModel.swift:30:43: warning: main actor-isolated static property 'shared' can not be referenced from a nonisolated context; this is an error in the Swift 6 language mode
        sessionManager: SessionManager = .shared
                                          ^
/Users/chirag/Projects/LMS/DirectSalesTeamApp/DirectSalesTeamApp/Auth/SessionManager.swift:15:23: note: static property declared here
    public static let shared = SessionManager()
                      ^

SwiftCompile normal x86_64 Compiling\ LoginFlowController.swift /Users/chirag/Projects/LMS/DirectSalesTeamApp/DirectSalesTeamApp/Controllers/LoginFlowController.swift (in target 'DirectSalesTeamApp' from project 'DirectSalesTeamApp')

SwiftCompile normal x86_64 /Users/chirag/Projects/LMS/DirectSalesTeamApp/DirectSalesTeamApp/Controllers/LoginFlowController.swift (in target 'DirectSalesTeamApp' from project 'DirectSalesTeamApp')
    cd /Users/chirag/Projects/LMS/DirectSalesTeamApp
    
/Users/chirag/Projects/LMS/DirectSalesTeamApp/DirectSalesTeamApp/Auth/LoginViewModel.swift:40:43: warning: main actor-isolated static property 'shared' can not be referenced from a nonisolated context; this is an error in the Swift 6 language mode
        sessionManager: SessionManager = .shared,
                                          ^
/Users/chirag/Projects/LMS/DirectSalesTeamApp/DirectSalesTeamApp/Auth/SessionManager.swift:15:23: note: static property declared here
    public static let shared = SessionManager()
                      ^
/Users/chirag/Projects/LMS/DirectSalesTeamApp/DirectSalesTeamApp/Auth/LoginViewModel.swift:41:43: warning: main actor-isolated static property 'shared' can not be referenced from a nonisolated context; this is an error in the Swift 6 language mode
        passkeyManager: PasskeyManager = .shared,
                                          ^
/Users/chirag/Projects/LMS/DirectSalesTeamApp/DirectSalesTeamApp/Services/PasskeyManager.swift:7:16: note: static property declared here
    static let shared = PasskeyManager()
               ^

SwiftDriverJobDiscovery normal arm64 Compiling DSTExtensions.swift, TabBadge.swift, AppTheme.swift, SessionStore.swift, auth.grpc.swift, auth.pb.swift, AppEnvironment.swift, AuthCallOptionsFactory.swift, AuthGRPCClient.swift (in target 'DirectSalesTeamApp' from project 'DirectSalesTeamApp')

SwiftCompile normal arm64 Compiling\ EarningsStatsRow.swift,\ EarningsSummaryCard.swift,\ EarningsView.swift /Users/chirag/Projects/LMS/DirectSalesTeamApp/DirectSalesTeamApp/Features/Earnings/Views/EarningsStatsRow.swift /Users/chirag/Projects/LMS/DirectSalesTeamApp/DirectSalesTeamApp/Features/Earnings/Views/EarningsSummaryCard.swift /Users/chirag/Projects/LMS/DirectSalesTeamApp/DirectSalesTeamApp/Features/Earnings/Views/EarningsView.swift (in target 'DirectSalesTeamApp' from project 'DirectSalesTeamApp')

SwiftCompile normal arm64 /Users/chirag/Projects/LMS/DirectSalesTeamApp/DirectSalesTeamApp/Features/Earnings/Views/EarningsStatsRow.swift (in target 'DirectSalesTeamApp' from project 'DirectSalesTeamApp')
    cd /Users/chirag/Projects/LMS/DirectSalesTeamApp
    

SwiftCompile normal arm64 /Users/chirag/Projects/LMS/DirectSalesTeamApp/DirectSalesTeamApp/Features/Earnings/Views/EarningsSummaryCard.swift (in target 'DirectSalesTeamApp' from project 'DirectSalesTeamApp')
    cd /Users/chirag/Projects/LMS/DirectSalesTeamApp
    

SwiftCompile normal arm64 /Users/chirag/Projects/LMS/DirectSalesTeamApp/DirectSalesTeamApp/Features/Earnings/Views/EarningsView.swift (in target 'DirectSalesTeamApp' from project 'DirectSalesTeamApp')
    cd /Users/chirag/Projects/LMS/DirectSalesTeamApp
    

SwiftDriverJobDiscovery normal x86_64 Compiling LoginFlowController.swift (in target 'DirectSalesTeamApp' from project 'DirectSalesTeamApp')

SwiftCompile normal arm64 Compiling\ CommissionCard.swift,\ CommissionRateCard.swift,\ EarningDetailView.swift /Users/chirag/Projects/LMS/DirectSalesTeamApp/DirectSalesTeamApp/Features/Earnings/Views/CommissionCard.swift /Users/chirag/Projects/LMS/DirectSalesTeamApp/DirectSalesTeamApp/Features/Earnings/Views/CommissionRateCard.swift /Users/chirag/Projects/LMS/DirectSalesTeamApp/DirectSalesTeamApp/Features/Earnings/Views/EarningDetailView.swift (in target 'DirectSalesTeamApp' from project 'DirectSalesTeamApp')

SwiftCompile normal arm64 /Users/chirag/Projects/LMS/DirectSalesTeamApp/DirectSalesTeamApp/Features/Earnings/Views/CommissionCard.swift (in target 'DirectSalesTeamApp' from project 'DirectSalesTeamApp')
    cd /Users/chirag/Projects/LMS/DirectSalesTeamApp
    

SwiftCompile normal arm64 /Users/chirag/Projects/LMS/DirectSalesTeamApp/DirectSalesTeamApp/Features/Earnings/Views/CommissionRateCard.swift (in target 'DirectSalesTeamApp' from project 'DirectSalesTeamApp')
    cd /Users/chirag/Projects/LMS/DirectSalesTeamApp
    

SwiftCompile normal arm64 /Users/chirag/Projects/LMS/DirectSalesTeamApp/DirectSalesTeamApp/Features/Earnings/Views/EarningDetailView.swift (in target 'DirectSalesTeamApp' from project 'DirectSalesTeamApp')
    cd /Users/chirag/Projects/LMS/DirectSalesTeamApp
    

SwiftDriverJobDiscovery normal arm64 Compiling LeadDocument.swift, LeadRowView.swift, LeadsView.swift, TimelineSectionView.swift, PlaceholderViews.swift, DSTModels.swift, MockDSTService.swift, MessagesViewModel.swift, ProfileViewModel.swift (in target 'DirectSalesTeamApp' from project 'DirectSalesTeamApp')

SwiftCompile normal arm64 Compiling\ SessionManager.swift,\ SetupTOTPViewModel.swift,\ LoginFlowController.swift /Users/chirag/Projects/LMS/DirectSalesTeamApp/DirectSalesTeamApp/Auth/SessionManager.swift /Users/chirag/Projects/LMS/DirectSalesTeamApp/DirectSalesTeamApp/Auth/SetupTOTPViewModel.swift /Users/chirag/Projects/LMS/DirectSalesTeamApp/DirectSalesTeamApp/Controllers/LoginFlowController.swift (in target 'DirectSalesTeamApp' from project 'DirectSalesTeamApp')

SwiftCompile normal arm64 /Users/chirag/Projects/LMS/DirectSalesTeamApp/DirectSalesTeamApp/Auth/SessionManager.swift (in target 'DirectSalesTeamApp' from project 'DirectSalesTeamApp')
    cd /Users/chirag/Projects/LMS/DirectSalesTeamApp
    

SwiftCompile normal arm64 /Users/chirag/Projects/LMS/DirectSalesTeamApp/DirectSalesTeamApp/Auth/SetupTOTPViewModel.swift (in target 'DirectSalesTeamApp' from project 'DirectSalesTeamApp')
    cd /Users/chirag/Projects/LMS/DirectSalesTeamApp
    
/Users/chirag/Projects/LMS/DirectSalesTeamApp/DirectSalesTeamApp/Auth/SetupTOTPViewModel.swift:30:43: warning: main actor-isolated static property 'shared' can not be referenced from a nonisolated context; this is an error in the Swift 6 language mode
        sessionManager: SessionManager = .shared
                                          ^
/Users/chirag/Projects/LMS/DirectSalesTeamApp/DirectSalesTeamApp/Auth/SessionManager.swift:15:23: note: static property declared here
    public static let shared = SessionManager()
                      ^

SwiftCompile normal arm64 /Users/chirag/Projects/LMS/DirectSalesTeamApp/DirectSalesTeamApp/Controllers/LoginFlowController.swift (in target 'DirectSalesTeamApp' from project 'DirectSalesTeamApp')
    cd /Users/chirag/Projects/LMS/DirectSalesTeamApp
    
/Users/chirag/Projects/LMS/DirectSalesTeamApp/DirectSalesTeamApp/Auth/LoginViewModel.swift:40:43: warning: main actor-isolated static property 'shared' can not be referenced from a nonisolated context; this is an error in the Swift 6 language mode
        sessionManager: SessionManager = .shared,
                                          ^
/Users/chirag/Projects/LMS/DirectSalesTeamApp/DirectSalesTeamApp/Auth/SessionManager.swift:15:23: note: static property declared here
    public static let shared = SessionManager()
                      ^
/Users/chirag/Projects/LMS/DirectSalesTeamApp/DirectSalesTeamApp/Auth/LoginViewModel.swift:41:43: warning: main actor-isolated static property 'shared' can not be referenced from a nonisolated context; this is an error in the Swift 6 language mode
        passkeyManager: PasskeyManager = .shared,
                                          ^
/Users/chirag/Projects/LMS/DirectSalesTeamApp/DirectSalesTeamApp/Services/PasskeyManager.swift:7:16: note: static property declared here
    static let shared = PasskeyManager()
               ^

SwiftDriverJobDiscovery normal x86_64 Compiling AnalyticsManager.swift, BiometricAuth.swift, PasskeyManager.swift, QRGenerator.swift, SharedComponents.swift, Extensions.swift, FoundationExtensions.swift, TOTPProvider.swift, HomeView.swift, SetupPasskeyView.swift (in target 'DirectSalesTeamApp' from project 'DirectSalesTeamApp')

SwiftCompile normal x86_64 Compiling\ QuickLoginController.swift /Users/chirag/Projects/LMS/DirectSalesTeamApp/DirectSalesTeamApp/Controllers/QuickLoginController.swift (in target 'DirectSalesTeamApp' from project 'DirectSalesTeamApp')

SwiftCompile normal x86_64 /Users/chirag/Projects/LMS/DirectSalesTeamApp/DirectSalesTeamApp/Controllers/QuickLoginController.swift (in target 'DirectSalesTeamApp' from project 'DirectSalesTeamApp')
    cd /Users/chirag/Projects/LMS/DirectSalesTeamApp
    

SwiftDriverJobDiscovery normal arm64 Compiling SessionManager.swift, SetupTOTPViewModel.swift, LoginFlowController.swift (in target 'DirectSalesTeamApp' from project 'DirectSalesTeamApp')

SwiftCompile normal x86_64 Compiling\ ApplicationService.swift /Users/chirag/Projects/LMS/DirectSalesTeamApp/DirectSalesTeamApp/Features/Applications/Core/Services/ApplicationService.swift (in target 'DirectSalesTeamApp' from project 'DirectSalesTeamApp')

SwiftCompile normal x86_64 /Users/chirag/Projects/LMS/DirectSalesTeamApp/DirectSalesTeamApp/Features/Applications/Core/Services/ApplicationService.swift (in target 'DirectSalesTeamApp' from project 'DirectSalesTeamApp')
    cd /Users/chirag/Projects/LMS/DirectSalesTeamApp
    

SwiftDriverJobDiscovery normal x86_64 Compiling QuickLoginController.swift (in target 'DirectSalesTeamApp' from project 'DirectSalesTeamApp')

SwiftCompile normal x86_64 Compiling\ SessionManager.swift /Users/chirag/Projects/LMS/DirectSalesTeamApp/DirectSalesTeamApp/Auth/SessionManager.swift (in target 'DirectSalesTeamApp' from project 'DirectSalesTeamApp')

SwiftCompile normal x86_64 /Users/chirag/Projects/LMS/DirectSalesTeamApp/DirectSalesTeamApp/Auth/SessionManager.swift (in target 'DirectSalesTeamApp' from project 'DirectSalesTeamApp')
    cd /Users/chirag/Projects/LMS/DirectSalesTeamApp
    

SwiftDriverJobDiscovery normal x86_64 Compiling Lead.swift, LeadService.swift, LeadDetailViewModel.swift, LeadsViewModel.swift, AddLeadView.swift, DocumentSectionView.swift, EligibilityCheckView.swift, LeadDetailView.swift, LeadDocument.swift, LeadRowView.swift, LeadsView.swift (in target 'DirectSalesTeamApp' from project 'DirectSalesTeamApp')

SwiftCompile normal x86_64 Compiling\ ApplicationsViewModel.swift /Users/chirag/Projects/LMS/DirectSalesTeamApp/DirectSalesTeamApp/Features/Applications/ViewModels/ApplicationsViewModel.swift (in target 'DirectSalesTeamApp' from project 'DirectSalesTeamApp')

SwiftCompile normal x86_64 /Users/chirag/Projects/LMS/DirectSalesTeamApp/DirectSalesTeamApp/Features/Applications/ViewModels/ApplicationsViewModel.swift (in target 'DirectSalesTeamApp' from project 'DirectSalesTeamApp')
    cd /Users/chirag/Projects/LMS/DirectSalesTeamApp
    

SwiftDriverJobDiscovery normal x86_64 Compiling TimelineSectionView.swift, PlaceholderViews.swift, DSTModels.swift, MockDSTService.swift, MessagesViewModel.swift, ProfileViewModel.swift, ChatView.swift, MessagesView.swift, ProfilePushScreens.swift, ProfileView.swift, AvatarView.swift (in target 'DirectSalesTeamApp' from project 'DirectSalesTeamApp')

SwiftCompile normal arm64 Compiling\ QuickLoginController.swift,\ Application.swift,\ ApplicationService.swift /Users/chirag/Projects/LMS/DirectSalesTeamApp/DirectSalesTeamApp/Controllers/QuickLoginController.swift /Users/chirag/Projects/LMS/DirectSalesTeamApp/DirectSalesTeamApp/Features/Applications/Core/Models/Application.swift /Users/chirag/Projects/LMS/DirectSalesTeamApp/DirectSalesTeamApp/Features/Applications/Core/Services/ApplicationService.swift (in target 'DirectSalesTeamApp' from project 'DirectSalesTeamApp')

SwiftCompile normal arm64 /Users/chirag/Projects/LMS/DirectSalesTeamApp/DirectSalesTeamApp/Controllers/QuickLoginController.swift (in target 'DirectSalesTeamApp' from project 'DirectSalesTeamApp')
    cd /Users/chirag/Projects/LMS/DirectSalesTeamApp
    

SwiftCompile normal arm64 /Users/chirag/Projects/LMS/DirectSalesTeamApp/DirectSalesTeamApp/Features/Applications/Core/Models/Application.swift (in target 'DirectSalesTeamApp' from project 'DirectSalesTeamApp')
    cd /Users/chirag/Projects/LMS/DirectSalesTeamApp
    

SwiftCompile normal arm64 /Users/chirag/Projects/LMS/DirectSalesTeamApp/DirectSalesTeamApp/Features/Applications/Core/Services/ApplicationService.swift (in target 'DirectSalesTeamApp' from project 'DirectSalesTeamApp')
    cd /Users/chirag/Projects/LMS/DirectSalesTeamApp
    

SwiftDriverJobDiscovery normal x86_64 Compiling SessionManager.swift (in target 'DirectSalesTeamApp' from project 'DirectSalesTeamApp')

SwiftCompile normal arm64 Compiling\ LoginMFAPickerView.swift,\ LoginOTPView.swift,\ LoginPasskeyView.swift,\ LoginStep1View.swift,\ LoginTOTPView.swift,\ QuickLoginView.swift,\ ContentView.swift,\ DirectSalesTeamAppApp.swift,\ GeneratedAssetSymbols.swift /Users/chirag/Projects/LMS/DirectSalesTeamApp/DirectSalesTeamApp/Views/Login/LoginMFAPickerView.swift /Users/chirag/Projects/LMS/DirectSalesTeamApp/DirectSalesTeamApp/Views/Login/LoginOTPView.swift /Users/chirag/Projects/LMS/DirectSalesTeamApp/DirectSalesTeamApp/Views/Login/LoginPasskeyView.swift /Users/chirag/Projects/LMS/DirectSalesTeamApp/DirectSalesTeamApp/Views/Login/LoginStep1View.swift /Users/chirag/Projects/LMS/DirectSalesTeamApp/DirectSalesTeamApp/Views/Login/LoginTOTPView.swift /Users/chirag/Projects/LMS/DirectSalesTeamApp/DirectSalesTeamApp/Views/QuickLogin/QuickLoginView.swift /Users/chirag/Projects/LMS/DirectSalesTeamApp/DirectSalesTeamApp/ContentView.swift /Users/chirag/Projects/LMS/DirectSalesTeamApp/DirectSalesTeamApp/DirectSalesTeamAppApp.swift /Users/chirag/Library/Developer/Xcode/DerivedData/DirectSalesTeamApp-gdnkjitkcbrabhaojmuqlfhmyuhx/Build/Intermediates.noindex/DirectSalesTeamApp.build/Debug-iphonesimulator/DirectSalesTeamApp.build/DerivedSources/GeneratedAssetSymbols.swift (in target 'DirectSalesTeamApp' from project 'DirectSalesTeamApp')
SwiftCompile normal arm64 /Users/chirag/Projects/LMS/DirectSalesTeamApp/DirectSalesTeamApp/Views/Login/LoginMFAPickerView.swift (in target 'DirectSalesTeamApp' from project 'DirectSalesTeamApp')
    cd /Users/chirag/Projects/LMS/DirectSalesTeamApp
    

SwiftCompile normal arm64 /Users/chirag/Projects/LMS/DirectSalesTeamApp/DirectSalesTeamApp/Views/Login/LoginOTPView.swift (in target 'DirectSalesTeamApp' from project 'DirectSalesTeamApp')
    cd /Users/chirag/Projects/LMS/DirectSalesTeamApp
    

SwiftCompile normal arm64 /Users/chirag/Projects/LMS/DirectSalesTeamApp/DirectSalesTeamApp/Views/Login/LoginPasskeyView.swift (in target 'DirectSalesTeamApp' from project 'DirectSalesTeamApp')
    cd /Users/chirag/Projects/LMS/DirectSalesTeamApp
    

SwiftCompile normal arm64 /Users/chirag/Projects/LMS/DirectSalesTeamApp/DirectSalesTeamApp/Views/Login/LoginStep1View.swift (in target 'DirectSalesTeamApp' from project 'DirectSalesTeamApp')
    cd /Users/chirag/Projects/LMS/DirectSalesTeamApp
    

SwiftCompile normal arm64 /Users/chirag/Projects/LMS/DirectSalesTeamApp/DirectSalesTeamApp/Views/Login/LoginTOTPView.swift (in target 'DirectSalesTeamApp' from project 'DirectSalesTeamApp')
    cd /Users/chirag/Projects/LMS/DirectSalesTeamApp
    

SwiftCompile normal arm64 /Users/chirag/Projects/LMS/DirectSalesTeamApp/DirectSalesTeamApp/Views/QuickLogin/QuickLoginView.swift (in target 'DirectSalesTeamApp' from project 'DirectSalesTeamApp')
    cd /Users/chirag/Projects/LMS/DirectSalesTeamApp
    

SwiftCompile normal arm64 /Users/chirag/Projects/LMS/DirectSalesTeamApp/DirectSalesTeamApp/ContentView.swift (in target 'DirectSalesTeamApp' from project 'DirectSalesTeamApp')
    cd /Users/chirag/Projects/LMS/DirectSalesTeamApp
    

SwiftCompile normal arm64 /Users/chirag/Projects/LMS/DirectSalesTeamApp/DirectSalesTeamApp/DirectSalesTeamAppApp.swift (in target 'DirectSalesTeamApp' from project 'DirectSalesTeamApp')
    cd /Users/chirag/Projects/LMS/DirectSalesTeamApp
    

SwiftCompile normal arm64 /Users/chirag/Library/Developer/Xcode/DerivedData/DirectSalesTeamApp-gdnkjitkcbrabhaojmuqlfhmyuhx/Build/Intermediates.noindex/DirectSalesTeamApp.build/Debug-iphonesimulator/DirectSalesTeamApp.build/DerivedSources/GeneratedAssetSymbols.swift (in target 'DirectSalesTeamApp' from project 'DirectSalesTeamApp')
    cd /Users/chirag/Projects/LMS/DirectSalesTeamApp
    

SwiftDriverJobDiscovery normal x86_64 Compiling ApplicationService.swift (in target 'DirectSalesTeamApp' from project 'DirectSalesTeamApp')

SwiftCompile normal x86_64 Compiling\ ApplicationRowView.swift /Users/chirag/Projects/LMS/DirectSalesTeamApp/DirectSalesTeamApp/Features/Applications/Views/ApplicationRowView.swift (in target 'DirectSalesTeamApp' from project 'DirectSalesTeamApp')

SwiftCompile normal x86_64 /Users/chirag/Projects/LMS/DirectSalesTeamApp/DirectSalesTeamApp/Features/Applications/Views/ApplicationRowView.swift (in target 'DirectSalesTeamApp' from project 'DirectSalesTeamApp')
    cd /Users/chirag/Projects/LMS/DirectSalesTeamApp
    

SwiftDriverJobDiscovery normal arm64 Compiling CommissionCard.swift, CommissionRateCard.swift, EarningDetailView.swift (in target 'DirectSalesTeamApp' from project 'DirectSalesTeamApp')

SwiftCompile normal arm64 Compiling\ GRPCChannelFactory.swift,\ DeviceIDStore.swift,\ JWTClaimsDecoder.swift,\ KeychainHelper.swift,\ PasskeyStatusStore.swift,\ QuickLoginPreferencesStore.swift,\ TokenStore.swift,\ AnalyticsManager.swift,\ BiometricAuth.swift /Users/chirag/Projects/LMS/DirectSalesTeamApp/DirectSalesTeamApp/Networking/GRPCChannelFactory.swift /Users/chirag/Projects/LMS/DirectSalesTeamApp/DirectSalesTeamApp/Security/DeviceIDStore.swift /Users/chirag/Projects/LMS/DirectSalesTeamApp/DirectSalesTeamApp/Security/JWTClaimsDecoder.swift /Users/chirag/Projects/LMS/DirectSalesTeamApp/DirectSalesTeamApp/Security/KeychainHelper.swift /Users/chirag/Projects/LMS/DirectSalesTeamApp/DirectSalesTeamApp/Security/PasskeyStatusStore.swift /Users/chirag/Projects/LMS/DirectSalesTeamApp/DirectSalesTeamApp/Security/QuickLoginPreferencesStore.swift /Users/chirag/Projects/LMS/DirectSalesTeamApp/DirectSalesTeamApp/Security/TokenStore.swift /Users/chirag/Projects/LMS/DirectSalesTeamApp/DirectSalesTeamApp/Services/AnalyticsManager.swift /Users/chirag/Projects/LMS/DirectSalesTeamApp/DirectSalesTeamApp/Services/BiometricAuth.swift (in target 'DirectSalesTeamApp' from project 'DirectSalesTeamApp')

SwiftCompile normal arm64 /Users/chirag/Projects/LMS/DirectSalesTeamApp/DirectSalesTeamApp/Networking/GRPCChannelFactory.swift (in target 'DirectSalesTeamApp' from project 'DirectSalesTeamApp')
    cd /Users/chirag/Projects/LMS/DirectSalesTeamApp
    

SwiftCompile normal arm64 /Users/chirag/Projects/LMS/DirectSalesTeamApp/DirectSalesTeamApp/Security/DeviceIDStore.swift (in target 'DirectSalesTeamApp' from project 'DirectSalesTeamApp')
    cd /Users/chirag/Projects/LMS/DirectSalesTeamApp
    

SwiftCompile normal arm64 /Users/chirag/Projects/LMS/DirectSalesTeamApp/DirectSalesTeamApp/Security/JWTClaimsDecoder.swift (in target 'DirectSalesTeamApp' from project 'DirectSalesTeamApp')
    cd /Users/chirag/Projects/LMS/DirectSalesTeamApp
    

SwiftCompile normal arm64 /Users/chirag/Projects/LMS/DirectSalesTeamApp/DirectSalesTeamApp/Security/KeychainHelper.swift (in target 'DirectSalesTeamApp' from project 'DirectSalesTeamApp')
    cd /Users/chirag/Projects/LMS/DirectSalesTeamApp
    

SwiftCompile normal arm64 /Users/chirag/Projects/LMS/DirectSalesTeamApp/DirectSalesTeamApp/Security/PasskeyStatusStore.swift (in target 'DirectSalesTeamApp' from project 'DirectSalesTeamApp')
    cd /Users/chirag/Projects/LMS/DirectSalesTeamApp
    

SwiftCompile normal arm64 /Users/chirag/Projects/LMS/DirectSalesTeamApp/DirectSalesTeamApp/Security/QuickLoginPreferencesStore.swift (in target 'DirectSalesTeamApp' from project 'DirectSalesTeamApp')
    cd /Users/chirag/Projects/LMS/DirectSalesTeamApp
    

SwiftCompile normal arm64 /Users/chirag/Projects/LMS/DirectSalesTeamApp/DirectSalesTeamApp/Security/TokenStore.swift (in target 'DirectSalesTeamApp' from project 'DirectSalesTeamApp')
    cd /Users/chirag/Projects/LMS/DirectSalesTeamApp
    

SwiftCompile normal arm64 /Users/chirag/Projects/LMS/DirectSalesTeamApp/DirectSalesTeamApp/Services/AnalyticsManager.swift (in target 'DirectSalesTeamApp' from project 'DirectSalesTeamApp')
    cd /Users/chirag/Projects/LMS/DirectSalesTeamApp
    

SwiftCompile normal arm64 /Users/chirag/Projects/LMS/DirectSalesTeamApp/DirectSalesTeamApp/Services/BiometricAuth.swift (in target 'DirectSalesTeamApp' from project 'DirectSalesTeamApp')
    cd /Users/chirag/Projects/LMS/DirectSalesTeamApp
    

SwiftDriverJobDiscovery normal x86_64 Compiling ApplicationsViewModel.swift (in target 'DirectSalesTeamApp' from project 'DirectSalesTeamApp')

SwiftCompile normal arm64 Compiling\ EarningTransactionRow.swift,\ LoanInfoCard.swift,\ TimelineSection.swift /Users/chirag/Projects/LMS/DirectSalesTeamApp/DirectSalesTeamApp/Features/Earnings/Views/EarningTransactionRow.swift /Users/chirag/Projects/LMS/DirectSalesTeamApp/DirectSalesTeamApp/Features/Earnings/Views/LoanInfoCard.swift /Users/chirag/Projects/LMS/DirectSalesTeamApp/DirectSalesTeamApp/Features/Earnings/Views/TimelineSection.swift (in target 'DirectSalesTeamApp' from project 'DirectSalesTeamApp')

SwiftCompile normal arm64 /Users/chirag/Projects/LMS/DirectSalesTeamApp/DirectSalesTeamApp/Features/Earnings/Views/EarningTransactionRow.swift (in target 'DirectSalesTeamApp' from project 'DirectSalesTeamApp')
    cd /Users/chirag/Projects/LMS/DirectSalesTeamApp
    

SwiftCompile normal arm64 /Users/chirag/Projects/LMS/DirectSalesTeamApp/DirectSalesTeamApp/Features/Earnings/Views/LoanInfoCard.swift (in target 'DirectSalesTeamApp' from project 'DirectSalesTeamApp')
    cd /Users/chirag/Projects/LMS/DirectSalesTeamApp
    

SwiftCompile normal arm64 /Users/chirag/Projects/LMS/DirectSalesTeamApp/DirectSalesTeamApp/Features/Earnings/Views/TimelineSection.swift (in target 'DirectSalesTeamApp' from project 'DirectSalesTeamApp')
    cd /Users/chirag/Projects/LMS/DirectSalesTeamApp
    

SwiftDriverJobDiscovery normal x86_64 Compiling SetupTOTPView.swift, LoginMFAPickerView.swift, LoginOTPView.swift, LoginPasskeyView.swift, LoginStep1View.swift, LoginTOTPView.swift, QuickLoginView.swift, ContentView.swift, DirectSalesTeamAppApp.swift, GeneratedAssetSymbols.swift (in target 'DirectSalesTeamApp' from project 'DirectSalesTeamApp')

SwiftCompile normal x86_64 Compiling\ Application.swift /Users/chirag/Projects/LMS/DirectSalesTeamApp/DirectSalesTeamApp/Features/Applications/Core/Models/Application.swift (in target 'DirectSalesTeamApp' from project 'DirectSalesTeamApp')

SwiftCompile normal x86_64 /Users/chirag/Projects/LMS/DirectSalesTeamApp/DirectSalesTeamApp/Features/Applications/Core/Models/Application.swift (in target 'DirectSalesTeamApp' from project 'DirectSalesTeamApp')
    cd /Users/chirag/Projects/LMS/DirectSalesTeamApp
    

SwiftDriverJobDiscovery normal arm64 Compiling EarningsStatsRow.swift, EarningsSummaryCard.swift, EarningsView.swift (in target 'DirectSalesTeamApp' from project 'DirectSalesTeamApp')

SwiftCompile normal arm64 Compiling\ ApplicationsViewModel.swift,\ ApplicationRowView.swift,\ ApplicationStatsBar.swift /Users/chirag/Projects/LMS/DirectSalesTeamApp/DirectSalesTeamApp/Features/Applications/ViewModels/ApplicationsViewModel.swift /Users/chirag/Projects/LMS/DirectSalesTeamApp/DirectSalesTeamApp/Features/Applications/Views/ApplicationRowView.swift /Users/chirag/Projects/LMS/DirectSalesTeamApp/DirectSalesTeamApp/Features/Applications/Views/ApplicationStatsBar.swift (in target 'DirectSalesTeamApp' from project 'DirectSalesTeamApp')

SwiftCompile normal arm64 /Users/chirag/Projects/LMS/DirectSalesTeamApp/DirectSalesTeamApp/Features/Applications/ViewModels/ApplicationsViewModel.swift (in target 'DirectSalesTeamApp' from project 'DirectSalesTeamApp')
    cd /Users/chirag/Projects/LMS/DirectSalesTeamApp
    

SwiftCompile normal arm64 /Users/chirag/Projects/LMS/DirectSalesTeamApp/DirectSalesTeamApp/Features/Applications/Views/ApplicationRowView.swift (in target 'DirectSalesTeamApp' from project 'DirectSalesTeamApp')
    cd /Users/chirag/Projects/LMS/DirectSalesTeamApp
    

SwiftCompile normal arm64 /Users/chirag/Projects/LMS/DirectSalesTeamApp/DirectSalesTeamApp/Features/Applications/Views/ApplicationStatsBar.swift (in target 'DirectSalesTeamApp' from project 'DirectSalesTeamApp')
    cd /Users/chirag/Projects/LMS/DirectSalesTeamApp
    

SwiftDriverJobDiscovery normal arm64 Compiling QuickLoginController.swift, Application.swift, ApplicationService.swift (in target 'DirectSalesTeamApp' from project 'DirectSalesTeamApp')

SwiftCompile normal arm64 Compiling\ TopCommissionCard.swift,\ Lead.swift,\ LeadService.swift /Users/chirag/Projects/LMS/DirectSalesTeamApp/DirectSalesTeamApp/Features/Earnings/Views/TopCommissionCard.swift /Users/chirag/Projects/LMS/DirectSalesTeamApp/DirectSalesTeamApp/Features/Leads/Core/Models/Lead.swift /Users/chirag/Projects/LMS/DirectSalesTeamApp/DirectSalesTeamApp/Features/Leads/Core/Services/LeadService.swift (in target 'DirectSalesTeamApp' from project 'DirectSalesTeamApp')

SwiftCompile normal arm64 /Users/chirag/Projects/LMS/DirectSalesTeamApp/DirectSalesTeamApp/Features/Earnings/Views/TopCommissionCard.swift (in target 'DirectSalesTeamApp' from project 'DirectSalesTeamApp')
    cd /Users/chirag/Projects/LMS/DirectSalesTeamApp
    

SwiftCompile normal arm64 /Users/chirag/Projects/LMS/DirectSalesTeamApp/DirectSalesTeamApp/Features/Leads/Core/Models/Lead.swift (in target 'DirectSalesTeamApp' from project 'DirectSalesTeamApp')
    cd /Users/chirag/Projects/LMS/DirectSalesTeamApp
    

SwiftCompile normal arm64 /Users/chirag/Projects/LMS/DirectSalesTeamApp/DirectSalesTeamApp/Features/Leads/Core/Services/LeadService.swift (in target 'DirectSalesTeamApp' from project 'DirectSalesTeamApp')
    cd /Users/chirag/Projects/LMS/DirectSalesTeamApp
    

SwiftDriverJobDiscovery normal x86_64 Compiling ApplicationRowView.swift (in target 'DirectSalesTeamApp' from project 'DirectSalesTeamApp')

SwiftCompile normal arm64 Compiling\ BreakdownSection.swift,\ CommissionAnalyticsCard.swift,\ CommissionCalculatorSheet.swift,\ LeadDetailViewModel.swift,\ LeadsViewModel.swift,\ AddLeadView.swift,\ DocumentSectionView.swift,\ EligibilityCheckView.swift,\ LeadDetailView.swift /Users/chirag/Projects/LMS/DirectSalesTeamApp/DirectSalesTeamApp/Features/Earnings/Views/BreakdownSection.swift /Users/chirag/Projects/LMS/DirectSalesTeamApp/DirectSalesTeamApp/Features/Earnings/Views/CommissionAnalyticsCard.swift /Users/chirag/Projects/LMS/DirectSalesTeamApp/DirectSalesTeamApp/Features/Earnings/Views/CommissionCalculatorSheet.swift /Users/chirag/Projects/LMS/DirectSalesTeamApp/DirectSalesTeamApp/Features/Leads/ViewModels/LeadDetailViewModel.swift /Users/chirag/Projects/LMS/DirectSalesTeamApp/DirectSalesTeamApp/Features/Leads/ViewModels/LeadsViewModel.swift /Users/chirag/Projects/LMS/DirectSalesTeamApp/DirectSalesTeamApp/Features/Leads/Views/AddLeadView.swift /Users/chirag/Projects/LMS/DirectSalesTeamApp/DirectSalesTeamApp/Features/Leads/Views/DocumentSectionView.swift /Users/chirag/Projects/LMS/DirectSalesTeamApp/DirectSalesTeamApp/Features/Leads/Views/EligibilityCheckView.swift /Users/chirag/Projects/LMS/DirectSalesTeamApp/DirectSalesTeamApp/Features/Leads/Views/LeadDetailView.swift (in target 'DirectSalesTeamApp' from project 'DirectSalesTeamApp')
SwiftCompile normal arm64 /Users/chirag/Projects/LMS/DirectSalesTeamApp/DirectSalesTeamApp/Features/Earnings/Views/BreakdownSection.swift (in target 'DirectSalesTeamApp' from project 'DirectSalesTeamApp')
    cd /Users/chirag/Projects/LMS/DirectSalesTeamApp
    

SwiftCompile normal arm64 /Users/chirag/Projects/LMS/DirectSalesTeamApp/DirectSalesTeamApp/Features/Earnings/Views/CommissionAnalyticsCard.swift (in target 'DirectSalesTeamApp' from project 'DirectSalesTeamApp')
    cd /Users/chirag/Projects/LMS/DirectSalesTeamApp
    

SwiftCompile normal arm64 /Users/chirag/Projects/LMS/DirectSalesTeamApp/DirectSalesTeamApp/Features/Earnings/Views/CommissionCalculatorSheet.swift (in target 'DirectSalesTeamApp' from project 'DirectSalesTeamApp')
    cd /Users/chirag/Projects/LMS/DirectSalesTeamApp
    
/Users/chirag/Projects/LMS/DirectSalesTeamApp/DirectSalesTeamApp/Features/Earnings/Views/CommissionCalculatorSheet.swift:74:34: warning: 'onChange(of:perform:)' was deprecated in iOS 17.0: Use `onChange` with a two or zero parameter action closure instead.
                                .onChange(of: loanAmount) { _ in
                                 ^

SwiftCompile normal arm64 /Users/chirag/Projects/LMS/DirectSalesTeamApp/DirectSalesTeamApp/Features/Leads/ViewModels/LeadDetailViewModel.swift (in target 'DirectSalesTeamApp' from project 'DirectSalesTeamApp')
    cd /Users/chirag/Projects/LMS/DirectSalesTeamApp
    

SwiftCompile normal arm64 /Users/chirag/Projects/LMS/DirectSalesTeamApp/DirectSalesTeamApp/Features/Leads/ViewModels/LeadsViewModel.swift (in target 'DirectSalesTeamApp' from project 'DirectSalesTeamApp')
    cd /Users/chirag/Projects/LMS/DirectSalesTeamApp
    

SwiftCompile normal arm64 /Users/chirag/Projects/LMS/DirectSalesTeamApp/DirectSalesTeamApp/Features/Leads/Views/AddLeadView.swift (in target 'DirectSalesTeamApp' from project 'DirectSalesTeamApp')
    cd /Users/chirag/Projects/LMS/DirectSalesTeamApp
    
/Users/chirag/Projects/LMS/DirectSalesTeamApp/DirectSalesTeamApp/Features/Leads/Views/AddLeadView.swift:84:22: warning: 'onChange(of:perform:)' was deprecated in iOS 17.0: Use `onChange` with a two or zero parameter action closure instead.
                    .onChange(of: name) { _ in
                     ^
/Users/chirag/Projects/LMS/DirectSalesTeamApp/DirectSalesTeamApp/Features/Leads/Views/AddLeadView.swift:128:22: warning: 'onChange(of:perform:)' was deprecated in iOS 17.0: Use `onChange` with a two or zero parameter action closure instead.
                    .onChange(of: phone) { val in
                     ^

SwiftCompile normal arm64 /Users/chirag/Projects/LMS/DirectSalesTeamApp/DirectSalesTeamApp/Features/Leads/Views/DocumentSectionView.swift (in target 'DirectSalesTeamApp' from project 'DirectSalesTeamApp')
    cd /Users/chirag/Projects/LMS/DirectSalesTeamApp
    
/Users/chirag/Projects/LMS/DirectSalesTeamApp/DirectSalesTeamApp/Features/Leads/Views/DocumentSectionView.swift:173:18: warning: 'onChange(of:perform:)' was deprecated in iOS 17.0: Use `onChange` with a two or zero parameter action closure instead.
                .onChange(of: selectedItem) { newVal in
                 ^

SwiftCompile normal arm64 /Users/chirag/Projects/LMS/DirectSalesTeamApp/DirectSalesTeamApp/Features/Leads/Views/EligibilityCheckView.swift (in target 'DirectSalesTeamApp' from project 'DirectSalesTeamApp')
    cd /Users/chirag/Projects/LMS/DirectSalesTeamApp
    
/Users/chirag/Projects/LMS/DirectSalesTeamApp/DirectSalesTeamApp/Features/Leads/Views/EligibilityCheckView.swift:146:46: warning: 'main' was deprecated in iOS 26.0: Use a UIScreen instance found through context instead (i.e, view.window.windowScene.screen), or for properties like UIScreen.scale with trait equivalents, use a traitCollection found through context.
                        let width = UIScreen.main.bounds.width - AppSpacing.md * 2
                                             ^

SwiftCompile normal arm64 /Users/chirag/Projects/LMS/DirectSalesTeamApp/DirectSalesTeamApp/Features/Leads/Views/LeadDetailView.swift (in target 'DirectSalesTeamApp' from project 'DirectSalesTeamApp')
    cd /Users/chirag/Projects/LMS/DirectSalesTeamApp
    

SwiftDriverJobDiscovery normal x86_64 Compiling Application.swift (in target 'DirectSalesTeamApp' from project 'DirectSalesTeamApp')

SwiftCompile normal x86_64 Compiling\ PasskeySetupViewModel.swift /Users/chirag/Projects/LMS/DirectSalesTeamApp/DirectSalesTeamApp/Auth/PasskeySetupViewModel.swift (in target 'DirectSalesTeamApp' from project 'DirectSalesTeamApp')

SwiftCompile normal x86_64 /Users/chirag/Projects/LMS/DirectSalesTeamApp/DirectSalesTeamApp/Auth/PasskeySetupViewModel.swift (in target 'DirectSalesTeamApp' from project 'DirectSalesTeamApp')
    cd /Users/chirag/Projects/LMS/DirectSalesTeamApp
    
/Users/chirag/Projects/LMS/DirectSalesTeamApp/DirectSalesTeamApp/Auth/PasskeySetupViewModel.swift:25:43: warning: main actor-isolated static property 'shared' can not be referenced from a nonisolated context; this is an error in the Swift 6 language mode
        passkeyManager: PasskeyManager = .shared,
                                          ^
/Users/chirag/Projects/LMS/DirectSalesTeamApp/DirectSalesTeamApp/Services/PasskeyManager.swift:7:16: note: static property declared here
    static let shared = PasskeyManager()
               ^

SwiftDriverJobDiscovery normal arm64 Compiling GRPCChannelFactory.swift, DeviceIDStore.swift, JWTClaimsDecoder.swift, KeychainHelper.swift, PasskeyStatusStore.swift, QuickLoginPreferencesStore.swift, TokenStore.swift, AnalyticsManager.swift, BiometricAuth.swift (in target 'DirectSalesTeamApp' from project 'DirectSalesTeamApp')

SwiftCompile normal arm64 Compiling\ AuthRepository.swift,\ LoginViewModel.swift,\ PasskeySetupViewModel.swift /Users/chirag/Projects/LMS/DirectSalesTeamApp/DirectSalesTeamApp/Auth/AuthRepository.swift /Users/chirag/Projects/LMS/DirectSalesTeamApp/DirectSalesTeamApp/Auth/LoginViewModel.swift /Users/chirag/Projects/LMS/DirectSalesTeamApp/DirectSalesTeamApp/Auth/PasskeySetupViewModel.swift (in target 'DirectSalesTeamApp' from project 'DirectSalesTeamApp')

SwiftCompile normal arm64 /Users/chirag/Projects/LMS/DirectSalesTeamApp/DirectSalesTeamApp/Auth/AuthRepository.swift (in target 'DirectSalesTeamApp' from project 'DirectSalesTeamApp')
    cd /Users/chirag/Projects/LMS/DirectSalesTeamApp
    

SwiftCompile normal arm64 /Users/chirag/Projects/LMS/DirectSalesTeamApp/DirectSalesTeamApp/Auth/LoginViewModel.swift (in target 'DirectSalesTeamApp' from project 'DirectSalesTeamApp')
    cd /Users/chirag/Projects/LMS/DirectSalesTeamApp
    
/Users/chirag/Projects/LMS/DirectSalesTeamApp/DirectSalesTeamApp/Auth/LoginViewModel.swift:40:43: warning: main actor-isolated static property 'shared' can not be referenced from a nonisolated context; this is an error in the Swift 6 language mode
        sessionManager: SessionManager = .shared,
                                          ^
/Users/chirag/Projects/LMS/DirectSalesTeamApp/DirectSalesTeamApp/Auth/SessionManager.swift:15:23: note: static property declared here
    public static let shared = SessionManager()
                      ^
/Users/chirag/Projects/LMS/DirectSalesTeamApp/DirectSalesTeamApp/Auth/LoginViewModel.swift:41:43: warning: main actor-isolated static property 'shared' can not be referenced from a nonisolated context; this is an error in the Swift 6 language mode
        passkeyManager: PasskeyManager = .shared,
                                          ^
/Users/chirag/Projects/LMS/DirectSalesTeamApp/DirectSalesTeamApp/Services/PasskeyManager.swift:7:16: note: static property declared here
    static let shared = PasskeyManager()
               ^

SwiftCompile normal arm64 /Users/chirag/Projects/LMS/DirectSalesTeamApp/DirectSalesTeamApp/Auth/PasskeySetupViewModel.swift (in target 'DirectSalesTeamApp' from project 'DirectSalesTeamApp')
    cd /Users/chirag/Projects/LMS/DirectSalesTeamApp
    
/Users/chirag/Projects/LMS/DirectSalesTeamApp/DirectSalesTeamApp/Auth/PasskeySetupViewModel.swift:25:43: warning: main actor-isolated static property 'shared' can not be referenced from a nonisolated context; this is an error in the Swift 6 language mode
        passkeyManager: PasskeyManager = .shared,
                                          ^
/Users/chirag/Projects/LMS/DirectSalesTeamApp/DirectSalesTeamApp/Services/PasskeyManager.swift:7:16: note: static property declared here
    static let shared = PasskeyManager()
               ^

SwiftDriverJobDiscovery normal arm64 Compiling EarningTransactionRow.swift, LoanInfoCard.swift, TimelineSection.swift (in target 'DirectSalesTeamApp' from project 'DirectSalesTeamApp')

SwiftCompile normal arm64 Compiling\ ApplicationStatusBadge.swift,\ ApplicationsView.swift,\ PipelineProgressBar.swift,\ Earning.swift,\ EarningDetail.swift,\ EarningsService.swift,\ EarningDetailViewModel.swift,\ EarningsViewModel.swift,\ BorrowerCard.swift /Users/chirag/Projects/LMS/DirectSalesTeamApp/DirectSalesTeamApp/Features/Applications/Views/ApplicationStatusBadge.swift /Users/chirag/Projects/LMS/DirectSalesTeamApp/DirectSalesTeamApp/Features/Applications/Views/ApplicationsView.swift /Users/chirag/Projects/LMS/DirectSalesTeamApp/DirectSalesTeamApp/Features/Applications/Views/PipelineProgressBar.swift /Users/chirag/Projects/LMS/DirectSalesTeamApp/DirectSalesTeamApp/Features/Earnings/Core/Models/Earning.swift /Users/chirag/Projects/LMS/DirectSalesTeamApp/DirectSalesTeamApp/Features/Earnings/Core/Models/EarningDetail.swift /Users/chirag/Projects/LMS/DirectSalesTeamApp/DirectSalesTeamApp/Features/Earnings/Core/Services/EarningsService.swift /Users/chirag/Projects/LMS/DirectSalesTeamApp/DirectSalesTeamApp/Features/Earnings/ViewModels/EarningDetailViewModel.swift /Users/chirag/Projects/LMS/DirectSalesTeamApp/DirectSalesTeamApp/Features/Earnings/ViewModels/EarningsViewModel.swift /Users/chirag/Projects/LMS/DirectSalesTeamApp/DirectSalesTeamApp/Features/Earnings/Views/BorrowerCard.swift (in target 'DirectSalesTeamApp' from project 'DirectSalesTeamApp')

SwiftCompile normal arm64 /Users/chirag/Projects/LMS/DirectSalesTeamApp/DirectSalesTeamApp/Features/Applications/Views/ApplicationStatusBadge.swift (in target 'DirectSalesTeamApp' from project 'DirectSalesTeamApp')
    cd /Users/chirag/Projects/LMS/DirectSalesTeamApp
    

SwiftCompile normal arm64 /Users/chirag/Projects/LMS/DirectSalesTeamApp/DirectSalesTeamApp/Features/Applications/Views/ApplicationsView.swift (in target 'DirectSalesTeamApp' from project 'DirectSalesTeamApp')
    cd /Users/chirag/Projects/LMS/DirectSalesTeamApp
    

SwiftCompile normal arm64 /Users/chirag/Projects/LMS/DirectSalesTeamApp/DirectSalesTeamApp/Features/Applications/Views/PipelineProgressBar.swift (in target 'DirectSalesTeamApp' from project 'DirectSalesTeamApp')
    cd /Users/chirag/Projects/LMS/DirectSalesTeamApp
    

SwiftCompile normal arm64 /Users/chirag/Projects/LMS/DirectSalesTeamApp/DirectSalesTeamApp/Features/Earnings/Core/Models/Earning.swift (in target 'DirectSalesTeamApp' from project 'DirectSalesTeamApp')
    cd /Users/chirag/Projects/LMS/DirectSalesTeamApp
    

SwiftCompile normal arm64 /Users/chirag/Projects/LMS/DirectSalesTeamApp/DirectSalesTeamApp/Features/Earnings/Core/Models/EarningDetail.swift (in target 'DirectSalesTeamApp' from project 'DirectSalesTeamApp')
    cd /Users/chirag/Projects/LMS/DirectSalesTeamApp
    

SwiftCompile normal arm64 /Users/chirag/Projects/LMS/DirectSalesTeamApp/DirectSalesTeamApp/Features/Earnings/Core/Services/EarningsService.swift (in target 'DirectSalesTeamApp' from project 'DirectSalesTeamApp')
    cd /Users/chirag/Projects/LMS/DirectSalesTeamApp
    

SwiftCompile normal arm64 /Users/chirag/Projects/LMS/DirectSalesTeamApp/DirectSalesTeamApp/Features/Earnings/ViewModels/EarningDetailViewModel.swift (in target 'DirectSalesTeamApp' from project 'DirectSalesTeamApp')
    cd /Users/chirag/Projects/LMS/DirectSalesTeamApp
    

SwiftCompile normal arm64 /Users/chirag/Projects/LMS/DirectSalesTeamApp/DirectSalesTeamApp/Features/Earnings/ViewModels/EarningsViewModel.swift (in target 'DirectSalesTeamApp' from project 'DirectSalesTeamApp')
    cd /Users/chirag/Projects/LMS/DirectSalesTeamApp
    

SwiftCompile normal arm64 /Users/chirag/Projects/LMS/DirectSalesTeamApp/DirectSalesTeamApp/Features/Earnings/Views/BorrowerCard.swift (in target 'DirectSalesTeamApp' from project 'DirectSalesTeamApp')
    cd /Users/chirag/Projects/LMS/DirectSalesTeamApp
    

SwiftDriverJobDiscovery normal x86_64 Compiling PasskeySetupViewModel.swift (in target 'DirectSalesTeamApp' from project 'DirectSalesTeamApp')

SwiftCompile normal x86_64 Compiling\ EmptyStateView.swift,\ FilterChipView.swift,\ SearchBarView.swift,\ StatusBadgeView.swift,\ DSTExtensions.swift,\ TabBadge.swift,\ AppTheme.swift,\ SessionStore.swift,\ auth.grpc.swift,\ auth.pb.swift /Users/chirag/Projects/LMS/DirectSalesTeamApp/DirectSalesTeamApp/Features/Shared/Components/EmptyStateView.swift /Users/chirag/Projects/LMS/DirectSalesTeamApp/DirectSalesTeamApp/Features/Shared/Components/FilterChipView.swift /Users/chirag/Projects/LMS/DirectSalesTeamApp/DirectSalesTeamApp/Features/Shared/Components/SearchBarView.swift /Users/chirag/Projects/LMS/DirectSalesTeamApp/DirectSalesTeamApp/Features/Shared/Components/StatusBadgeView.swift /Users/chirag/Projects/LMS/DirectSalesTeamApp/DirectSalesTeamApp/Features/Shared/Extensions/DSTExtensions.swift /Users/chirag/Projects/LMS/DirectSalesTeamApp/DirectSalesTeamApp/Features/Shared/Extensions/TabBadge.swift /Users/chirag/Projects/LMS/DirectSalesTeamApp/DirectSalesTeamApp/Features/Shared/Theme/AppTheme.swift /Users/chirag/Projects/LMS/DirectSalesTeamApp/DirectSalesTeamApp/Models/SessionStore.swift /Users/chirag/Projects/LMS/DirectSalesTeamApp/DirectSalesTeamApp/Networking/Generated/auth/v1/auth.grpc.swift /Users/chirag/Projects/LMS/DirectSalesTeamApp/DirectSalesTeamApp/Networking/Generated/auth/v1/auth.pb.swift (in target 'DirectSalesTeamApp' from project 'DirectSalesTeamApp')

SwiftCompile normal x86_64 /Users/chirag/Projects/LMS/DirectSalesTeamApp/DirectSalesTeamApp/Features/Shared/Components/EmptyStateView.swift (in target 'DirectSalesTeamApp' from project 'DirectSalesTeamApp')
    cd /Users/chirag/Projects/LMS/DirectSalesTeamApp
    

SwiftCompile normal x86_64 /Users/chirag/Projects/LMS/DirectSalesTeamApp/DirectSalesTeamApp/Features/Shared/Components/FilterChipView.swift (in target 'DirectSalesTeamApp' from project 'DirectSalesTeamApp')
    cd /Users/chirag/Projects/LMS/DirectSalesTeamApp
    

SwiftCompile normal x86_64 /Users/chirag/Projects/LMS/DirectSalesTeamApp/DirectSalesTeamApp/Features/Shared/Components/SearchBarView.swift (in target 'DirectSalesTeamApp' from project 'DirectSalesTeamApp')
    cd /Users/chirag/Projects/LMS/DirectSalesTeamApp
    

SwiftCompile normal x86_64 /Users/chirag/Projects/LMS/DirectSalesTeamApp/DirectSalesTeamApp/Features/Shared/Components/StatusBadgeView.swift (in target 'DirectSalesTeamApp' from project 'DirectSalesTeamApp')
    cd /Users/chirag/Projects/LMS/DirectSalesTeamApp
    

SwiftCompile normal x86_64 /Users/chirag/Projects/LMS/DirectSalesTeamApp/DirectSalesTeamApp/Features/Shared/Extensions/DSTExtensions.swift (in target 'DirectSalesTeamApp' from project 'DirectSalesTeamApp')
    cd /Users/chirag/Projects/LMS/DirectSalesTeamApp
    

SwiftCompile normal x86_64 /Users/chirag/Projects/LMS/DirectSalesTeamApp/DirectSalesTeamApp/Features/Shared/Extensions/TabBadge.swift (in target 'DirectSalesTeamApp' from project 'DirectSalesTeamApp')
    cd /Users/chirag/Projects/LMS/DirectSalesTeamApp
    

SwiftCompile normal x86_64 /Users/chirag/Projects/LMS/DirectSalesTeamApp/DirectSalesTeamApp/Features/Shared/Theme/AppTheme.swift (in target 'DirectSalesTeamApp' from project 'DirectSalesTeamApp')
    cd /Users/chirag/Projects/LMS/DirectSalesTeamApp
    

SwiftCompile normal x86_64 /Users/chirag/Projects/LMS/DirectSalesTeamApp/DirectSalesTeamApp/Models/SessionStore.swift (in target 'DirectSalesTeamApp' from project 'DirectSalesTeamApp')
    cd /Users/chirag/Projects/LMS/DirectSalesTeamApp
    

SwiftCompile normal x86_64 /Users/chirag/Projects/LMS/DirectSalesTeamApp/DirectSalesTeamApp/Networking/Generated/auth/v1/auth.grpc.swift (in target 'DirectSalesTeamApp' from project 'DirectSalesTeamApp')
    cd /Users/chirag/Projects/LMS/DirectSalesTeamApp
    

SwiftCompile normal x86_64 /Users/chirag/Projects/LMS/DirectSalesTeamApp/DirectSalesTeamApp/Networking/Generated/auth/v1/auth.pb.swift (in target 'DirectSalesTeamApp' from project 'DirectSalesTeamApp')
    cd /Users/chirag/Projects/LMS/DirectSalesTeamApp
    

SwiftDriverJobDiscovery normal arm64 Compiling ApplicationsViewModel.swift, ApplicationRowView.swift, ApplicationStatsBar.swift (in target 'DirectSalesTeamApp' from project 'DirectSalesTeamApp')

SwiftDriverJobDiscovery normal arm64 Compiling TopCommissionCard.swift, Lead.swift, LeadService.swift (in target 'DirectSalesTeamApp' from project 'DirectSalesTeamApp')

SwiftDriverJobDiscovery normal arm64 Compiling ChatView.swift, MessagesView.swift, ProfilePushScreens.swift, ProfileView.swift, AvatarView.swift, EmptyStateView.swift, FilterChipView.swift, SearchBarView.swift, StatusBadgeView.swift (in target 'DirectSalesTeamApp' from project 'DirectSalesTeamApp')

SwiftDriverJobDiscovery normal arm64 Compiling AuthRepository.swift, LoginViewModel.swift, PasskeySetupViewModel.swift (in target 'DirectSalesTeamApp' from project 'DirectSalesTeamApp')

SwiftDriverJobDiscovery normal arm64 Compiling PasskeyManager.swift, QRGenerator.swift, SharedComponents.swift, Extensions.swift, FoundationExtensions.swift, TOTPProvider.swift, HomeView.swift, SetupPasskeyView.swift, SetupTOTPView.swift (in target 'DirectSalesTeamApp' from project 'DirectSalesTeamApp')

SwiftDriverJobDiscovery normal arm64 Compiling ApplicationStatusBadge.swift, ApplicationsView.swift, PipelineProgressBar.swift, Earning.swift, EarningDetail.swift, EarningsService.swift, EarningDetailViewModel.swift, EarningsViewModel.swift, BorrowerCard.swift (in target 'DirectSalesTeamApp' from project 'DirectSalesTeamApp')

SwiftDriverJobDiscovery normal x86_64 Compiling EmptyStateView.swift, FilterChipView.swift, SearchBarView.swift, StatusBadgeView.swift, DSTExtensions.swift, TabBadge.swift, AppTheme.swift, SessionStore.swift, auth.grpc.swift, auth.pb.swift (in target 'DirectSalesTeamApp' from project 'DirectSalesTeamApp')

SwiftDriver\ Compilation DirectSalesTeamApp normal x86_64 com.apple.xcode.tools.swift.compiler (in target 'DirectSalesTeamApp' from project 'DirectSalesTeamApp')
    cd /Users/chirag/Projects/LMS/DirectSalesTeamApp
    builtin-Swift-Compilation -- /Applications/Xcode.app/Contents/Developer/Toolchains/XcodeDefault.xctoolchain/usr/bin/swiftc -module-name DirectSalesTeamApp -Onone -enforce-exclusivity\=checked @/Users/chirag/Library/Developer/Xcode/DerivedData/DirectSalesTeamApp-gdnkjitkcbrabhaojmuqlfhmyuhx/Build/Intermediates.noindex/DirectSalesTeamApp.build/Debug-iphonesimulator/DirectSalesTeamApp.build/Objects-normal/x86_64/DirectSalesTeamApp.SwiftFileList -DDEBUG -Xcc -fmodule-map-file\=/Users/chirag/Library/Developer/Xcode/DerivedData/DirectSalesTeamApp-gdnkjitkcbrabhaojmuqlfhmyuhx/Build/Intermediates.noindex/GeneratedModuleMaps-iphonesimulator/CNIOBoringSSLShims.modulemap -Xcc -fmodule-map-file\=/Users/chirag/Library/Developer/Xcode/DerivedData/DirectSalesTeamApp-gdnkjitkcbrabhaojmuqlfhmyuhx/Build/Intermediates.noindex/GeneratedModuleMaps-iphonesimulator/CNIOLLHTTP.modulemap -Xcc -fmodule-map-file\=/Users/chirag/Library/Developer/Xcode/DerivedData/DirectSalesTeamApp-gdnkjitkcbrabhaojmuqlfhmyuhx/Build/Intermediates.noindex/GeneratedModuleMaps-iphonesimulator/CNIOPosix.modulemap -Xcc -fmodule-map-file\=/Users/chirag/Library/Developer/Xcode/DerivedData/DirectSalesTeamApp-gdnkjitkcbrabhaojmuqlfhmyuhx/Build/Intermediates.noindex/GeneratedModuleMaps-iphonesimulator/CNIOWASI.modulemap -Xcc -fmodule-map-file\=/Users/chirag/Library/Developer/Xcode/DerivedData/DirectSalesTeamApp-gdnkjitkcbrabhaojmuqlfhmyuhx/Build/Intermediates.noindex/GeneratedModuleMaps-iphonesimulator/CNIOLinux.modulemap -Xcc -fmodule-map-file\=/Users/chirag/Library/Developer/Xcode/DerivedData/DirectSalesTeamApp-gdnkjitkcbrabhaojmuqlfhmyuhx/Build/Intermediates.noindex/GeneratedModuleMaps-iphonesimulator/CNIODarwin.modulemap -Xcc -fmodule-map-file\=/Users/chirag/Library/Developer/Xcode/DerivedData/DirectSalesTeamApp-gdnkjitkcbrabhaojmuqlfhmyuhx/Build/Intermediates.noindex/GeneratedModuleMaps-iphonesimulator/CNIOOpenBSD.modulemap -Xcc -fmodule-map-file\=/Users/chirag/Library/Developer/Xcode/DerivedData/DirectSalesTeamApp-gdnkjitkcbrabhaojmuqlfhmyuhx/Build/Intermediates.noindex/GeneratedModuleMaps-iphonesimulator/CNIOAtomics.modulemap -Xcc -fmodule-map-file\=/Users/chirag/Library/Developer/Xcode/DerivedData/DirectSalesTeamApp-gdnkjitkcbrabhaojmuqlfhmyuhx/Build/Intermediates.noindex/GeneratedModuleMaps-iphonesimulator/CGRPCNIOTransportZlib.modulemap -enable-bare-slash-regex -enable-upcoming-feature DisableOutwardActorInference -enable-upcoming-feature InferSendableFromCaptures -enable-upcoming-feature GlobalActorIsolatedTypesUsability -enable-upcoming-feature MemberImportVisibility -enable-upcoming-feature InferIsolatedConformances -enable-upcoming-feature NonisolatedNonsendingByDefault -enable-experimental-feature DebugDescriptionMacro -sdk /Applications/Xcode.app/Contents/Developer/Platforms/iPhoneSimulator.platform/Developer/SDKs/iPhoneSimulator26.2.sdk -target x86_64-apple-ios26-simulator -g -module-cache-path /Users/chirag/Library/Developer/Xcode/DerivedData/ModuleCache.noindex -Xfrontend -serialize-debugging-options -enable-testing -index-store-path /Users/chirag/Library/Developer/Xcode/DerivedData/DirectSalesTeamApp-gdnkjitkcbrabhaojmuqlfhmyuhx/Index.noindex/DataStore -Xcc -D_LIBCPP_HARDENING_MODE\=_LIBCPP_HARDENING_MODE_DEBUG -swift-version 5 -I /Users/chirag/Library/Developer/Xcode/DerivedData/DirectSalesTeamApp-gdnkjitkcbrabhaojmuqlfhmyuhx/Build/Products/Debug-iphonesimulator -F /Users/chirag/Library/Developer/Xcode/DerivedData/DirectSalesTeamApp-gdnkjitkcbrabhaojmuqlfhmyuhx/Build/Products/Debug-iphonesimulator/PackageFrameworks -F /Users/chirag/Library/Developer/Xcode/DerivedData/DirectSalesTeamApp-gdnkjitkcbrabhaojmuqlfhmyuhx/Build/Products/Debug-iphonesimulator/PackageFrameworks -F /Users/chirag/Library/Developer/Xcode/DerivedData/DirectSalesTeamApp-gdnkjitkcbrabhaojmuqlfhmyuhx/Build/Products/Debug-iphonesimulator/PackageFrameworks -F /Users/chirag/Library/Developer/Xcode/DerivedData/DirectSalesTeamApp-gdnkjitkcbrabhaojmuqlfhmyuhx/Build/Products/Debug-iphonesimulator/PackageFrameworks -F /Users/chirag/Library/Developer/Xcode/DerivedData/DirectSalesTeamApp-gdnkjitkcbrabhaojmuqlfhmyuhx/Build/Products/Debug-iphonesimulator/PackageFrameworks -F /Users/chirag/Library/Developer/Xcode/DerivedData/DirectSalesTeamApp-gdnkjitkcbrabhaojmuqlfhmyuhx/Build/Products/Debug-iphonesimulator/PackageFrameworks -F /Users/chirag/Library/Developer/Xcode/DerivedData/DirectSalesTeamApp-gdnkjitkcbrabhaojmuqlfhmyuhx/Build/Products/Debug-iphonesimulator/PackageFrameworks -F /Users/chirag/Library/Developer/Xcode/DerivedData/DirectSalesTeamApp-gdnkjitkcbrabhaojmuqlfhmyuhx/Build/Products/Debug-iphonesimulator/PackageFrameworks -F /Users/chirag/Library/Developer/Xcode/DerivedData/DirectSalesTeamApp-gdnkjitkcbrabhaojmuqlfhmyuhx/Build/Products/Debug-iphonesimulator/PackageFrameworks -F /Users/chirag/Library/Developer/Xcode/DerivedData/DirectSalesTeamApp-gdnkjitkcbrabhaojmuqlfhmyuhx/Build/Products/Debug-iphonesimulator/PackageFrameworks -F /Users/chirag/Library/Developer/Xcode/DerivedData/DirectSalesTeamApp-gdnkjitkcbrabhaojmuqlfhmyuhx/Build/Products/Debug-iphonesimulator/PackageFrameworks -F /Users/chirag/Library/Developer/Xcode/DerivedData/DirectSalesTeamApp-gdnkjitkcbrabhaojmuqlfhmyuhx/Build/Products/Debug-iphonesimulator/PackageFrameworks -F /Users/chirag/Library/Developer/Xcode/DerivedData/DirectSalesTeamApp-gdnkjitkcbrabhaojmuqlfhmyuhx/Build/Products/Debug-iphonesimulator/PackageFrameworks -F /Users/chirag/Library/Developer/Xcode/DerivedData/DirectSalesTeamApp-gdnkjitkcbrabhaojmuqlfhmyuhx/Build/Products/Debug-iphonesimulator/PackageFrameworks -F /Users/chirag/Library/Developer/Xcode/DerivedData/DirectSalesTeamApp-gdnkjitkcbrabhaojmuqlfhmyuhx/Build/Products/Debug-iphonesimulator/PackageFrameworks -F /Users/chirag/Library/Developer/Xcode/DerivedData/DirectSalesTeamApp-gdnkjitkcbrabhaojmuqlfhmyuhx/Build/Products/Debug-iphonesimulator/PackageFrameworks -F /Users/chirag/Library/Developer/Xcode/DerivedData/DirectSalesTeamApp-gdnkjitkcbrabhaojmuqlfhmyuhx/Build/Products/Debug-iphonesimulator/PackageFrameworks -F /Users/chirag/Library/Developer/Xcode/DerivedData/DirectSalesTeamApp-gdnkjitkcbrabhaojmuqlfhmyuhx/Build/Products/Debug-iphonesimulator/PackageFrameworks -F /Users/chirag/Library/Developer/Xcode/DerivedData/DirectSalesTeamApp-gdnkjitkcbrabhaojmuqlfhmyuhx/Build/Products/Debug-iphonesimulator/PackageFrameworks -F /Users/chirag/Library/Developer/Xcode/DerivedData/DirectSalesTeamApp-gdnkjitkcbrabhaojmuqlfhmyuhx/Build/Products/Debug-iphonesimulator/PackageFrameworks -F /Users/chirag/Library/Developer/Xcode/DerivedData/DirectSalesTeamApp-gdnkjitkcbrabhaojmuqlfhmyuhx/Build/Products/Debug-iphonesimulator/PackageFrameworks -F /Users/chirag/Library/Developer/Xcode/DerivedData/DirectSalesTeamApp-gdnkjitkcbrabhaojmuqlfhmyuhx/Build/Products/Debug-iphonesimulator/PackageFrameworks -F /Users/chirag/Library/Developer/Xcode/DerivedData/DirectSalesTeamApp-gdnkjitkcbrabhaojmuqlfhmyuhx/Build/Products/Debug-iphonesimulator/PackageFrameworks -F /Users/chirag/Library/Developer/Xcode/DerivedData/DirectSalesTeamApp-gdnkjitkcbrabhaojmuqlfhmyuhx/Build/Products/Debug-iphonesimulator/PackageFrameworks -F /Users/chirag/Library/Developer/Xcode/DerivedData/DirectSalesTeamApp-gdnkjitkcbrabhaojmuqlfhmyuhx/Build/Products/Debug-iphonesimulator/PackageFrameworks -F /Users/chirag/Library/Developer/Xcode/DerivedData/DirectSalesTeamApp-gdnkjitkcbrabhaojmuqlfhmyuhx/Build/Products/Debug-iphonesimulator/PackageFrameworks -F /Users/chirag/Library/Developer/Xcode/DerivedData/DirectSalesTeamApp-gdnkjitkcbrabhaojmuqlfhmyuhx/Build/Products/Debug-iphonesimulator/PackageFrameworks -F /Users/chirag/Library/Developer/Xcode/DerivedData/DirectSalesTeamApp-gdnkjitkcbrabhaojmuqlfhmyuhx/Build/Products/Debug-iphonesimulator/PackageFrameworks -F /Users/chirag/Library/Developer/Xcode/DerivedData/DirectSalesTeamApp-gdnkjitkcbrabhaojmuqlfhmyuhx/Build/Products/Debug-iphonesimulator/PackageFrameworks -F /Users/chirag/Library/Developer/Xcode/DerivedData/DirectSalesTeamApp-gdnkjitkcbrabhaojmuqlfhmyuhx/Build/Products/Debug-iphonesimulator/PackageFrameworks -F /Users/chirag/Library/Developer/Xcode/DerivedData/DirectSalesTeamApp-gdnkjitkcbrabhaojmuqlfhmyuhx/Build/Products/Debug-iphonesimulator/PackageFrameworks -F /Users/chirag/Library/Developer/Xcode/DerivedData/DirectSalesTeamApp-gdnkjitkcbrabhaojmuqlfhmyuhx/Build/Products/Debug-iphonesimulator/PackageFrameworks -F /Users/chirag/Library/Developer/Xcode/DerivedData/DirectSalesTeamApp-gdnkjitkcbrabhaojmuqlfhmyuhx/Build/Products/Debug-iphonesimulator/PackageFrameworks -F /Users/chirag/Library/Developer/Xcode/DerivedData/DirectSalesTeamApp-gdnkjitkcbrabhaojmuqlfhmyuhx/Build/Products/Debug-iphonesimulator/PackageFrameworks -F /Users/chirag/Library/Developer/Xcode/DerivedData/DirectSalesTeamApp-gdnkjitkcbrabhaojmuqlfhmyuhx/Build/Products/Debug-iphonesimulator/PackageFrameworks -F /Users/chirag/Library/Developer/Xcode/DerivedData/DirectSalesTeamApp-gdnkjitkcbrabhaojmuqlfhmyuhx/Build/Products/Debug-iphonesimulator/PackageFrameworks -F /Users/chirag/Library/Developer/Xcode/DerivedData/DirectSalesTeamApp-gdnkjitkcbrabhaojmuqlfhmyuhx/Build/Products/Debug-iphonesimulator/PackageFrameworks -F /Users/chirag/Library/Developer/Xcode/DerivedData/DirectSalesTeamApp-gdnkjitkcbrabhaojmuqlfhmyuhx/Build/Products/Debug-iphonesimulator/PackageFrameworks -F /Users/chirag/Library/Developer/Xcode/DerivedData/DirectSalesTeamApp-gdnkjitkcbrabhaojmuqlfhmyuhx/Build/Products/Debug-iphonesimulator/PackageFrameworks -F /Users/chirag/Library/Developer/Xcode/DerivedData/DirectSalesTeamApp-gdnkjitkcbrabhaojmuqlfhmyuhx/Build/Products/Debug-iphonesimulator/PackageFrameworks -F /Users/chirag/Library/Developer/Xcode/DerivedData/DirectSalesTeamApp-gdnkjitkcbrabhaojmuqlfhmyuhx/Build/Products/Debug-iphonesimulator/PackageFrameworks -F /Users/chirag/Library/Developer/Xcode/DerivedData/DirectSalesTeamApp-gdnkjitkcbrabhaojmuqlfhmyuhx/Build/Products/Debug-iphonesimulator/PackageFrameworks -F /Users/chirag/Library/Developer/Xcode/DerivedData/DirectSalesTeamApp-gdnkjitkcbrabhaojmuqlfhmyuhx/Build/Products/Debug-iphonesimulator/PackageFrameworks -F /Users/chirag/Library/Developer/Xcode/DerivedData/DirectSalesTeamApp-gdnkjitkcbrabhaojmuqlfhmyuhx/Build/Products/Debug-iphonesimulator/PackageFrameworks -F /Users/chirag/Library/Developer/Xcode/DerivedData/DirectSalesTeamApp-gdnkjitkcbrabhaojmuqlfhmyuhx/Build/Products/Debug-iphonesimulator/PackageFrameworks -F /Users/chirag/Library/Developer/Xcode/DerivedData/DirectSalesTeamApp-gdnkjitkcbrabhaojmuqlfhmyuhx/Build/Products/Debug-iphonesimulator/PackageFrameworks -F /Users/chirag/Library/Developer/Xcode/DerivedData/DirectSalesTeamApp-gdnkjitkcbrabhaojmuqlfhmyuhx/Build/Products/Debug-iphonesimulator/PackageFrameworks -F /Users/chirag/Library/Developer/Xcode/DerivedData/DirectSalesTeamApp-gdnkjitkcbrabhaojmuqlfhmyuhx/Build/Products/Debug-iphonesimulator/PackageFrameworks -F /Users/chirag/Library/Developer/Xcode/DerivedData/DirectSalesTeamApp-gdnkjitkcbrabhaojmuqlfhmyuhx/Build/Products/Debug-iphonesimulator/PackageFrameworks -F /Users/chirag/Library/Developer/Xcode/DerivedData/DirectSalesTeamApp-gdnkjitkcbrabhaojmuqlfhmyuhx/Build/Products/Debug-iphonesimulator/PackageFrameworks -F /Users/chirag/Library/Developer/Xcode/DerivedData/DirectSalesTeamApp-gdnkjitkcbrabhaojmuqlfhmyuhx/Build/Products/Debug-iphonesimulator/PackageFrameworks -F /Users/chirag/Library/Developer/Xcode/DerivedData/DirectSalesTeamApp-gdnkjitkcbrabhaojmuqlfhmyuhx/Build/Products/Debug-iphonesimulator/PackageFrameworks -F /Users/chirag/Library/Developer/Xcode/DerivedData/DirectSalesTeamApp-gdnkjitkcbrabhaojmuqlfhmyuhx/Build/Products/Debug-iphonesimulator/PackageFrameworks -F /Users/chirag/Library/Developer/Xcode/DerivedData/DirectSalesTeamApp-gdnkjitkcbrabhaojmuqlfhmyuhx/Build/Products/Debug-iphonesimulator/PackageFrameworks -F /Users/chirag/Library/Developer/Xcode/DerivedData/DirectSalesTeamApp-gdnkjitkcbrabhaojmuqlfhmyuhx/Build/Products/Debug-iphonesimulator/PackageFrameworks -F /Users/chirag/Library/Developer/Xcode/DerivedData/DirectSalesTeamApp-gdnkjitkcbrabhaojmuqlfhmyuhx/Build/Products/Debug-iphonesimulator/PackageFrameworks -F /Users/chirag/Library/Developer/Xcode/DerivedData/DirectSalesTeamApp-gdnkjitkcbrabhaojmuqlfhmyuhx/Build/Products/Debug-iphonesimulator/PackageFrameworks -F /Users/chirag/Library/Developer/Xcode/DerivedData/DirectSalesTeamApp-gdnkjitkcbrabhaojmuqlfhmyuhx/Build/Products/Debug-iphonesimulator -emit-localized-strings -emit-localized-strings-path /Users/chirag/Library/Developer/Xcode/DerivedData/DirectSalesTeamApp-gdnkjitkcbrabhaojmuqlfhmyuhx/Build/Intermediates.noindex/DirectSalesTeamApp.build/Debug-iphonesimulator/DirectSalesTeamApp.build/Objects-normal/x86_64 -c -j8 -enable-batch-mode -incremental -Xcc -ivfsstatcache -Xcc /Users/chirag/Library/Developer/Xcode/DerivedData/SDKStatCaches.noindex/iphonesimulator26.2-23C57-7d00a8b37fbd7999ea79df8ebc024bf0.sdkstatcache -output-file-map /Users/chirag/Library/Developer/Xcode/DerivedData/DirectSalesTeamApp-gdnkjitkcbrabhaojmuqlfhmyuhx/Build/Intermediates.noindex/DirectSalesTeamApp.build/Debug-iphonesimulator/DirectSalesTeamApp.build/Objects-normal/x86_64/DirectSalesTeamApp-OutputFileMap.json -use-frontend-parseable-output -save-temps -no-color-diagnostics -explicit-module-build -module-cache-path /Users/chirag/Library/Developer/Xcode/DerivedData/DirectSalesTeamApp-gdnkjitkcbrabhaojmuqlfhmyuhx/Build/Intermediates.noindex/SwiftExplicitPrecompiledModules -clang-scanner-module-cache-path /Users/chirag/Library/Developer/Xcode/DerivedData/ModuleCache.noindex -sdk-module-cache-path /Users/chirag/Library/Developer/Xcode/DerivedData/ModuleCache.noindex -serialize-diagnostics -emit-dependencies -emit-module -emit-module-path /Users/chirag/Library/Developer/Xcode/DerivedData/DirectSalesTeamApp-gdnkjitkcbrabhaojmuqlfhmyuhx/Build/Intermediates.noindex/DirectSalesTeamApp.build/Debug-iphonesimulator/DirectSalesTeamApp.build/Objects-normal/x86_64/DirectSalesTeamApp.swiftmodule -validate-clang-modules-once -clang-build-session-file /Users/chirag/Library/Developer/Xcode/DerivedData/ModuleCache.noindex/Session.modulevalidation -Xcc -I/Users/chirag/Library/Developer/Xcode/DerivedData/DirectSalesTeamApp-gdnkjitkcbrabhaojmuqlfhmyuhx/Build/Intermediates.noindex/DirectSalesTeamApp.build/Debug-iphonesimulator/DirectSalesTeamApp.build/swift-overrides.hmap -emit-const-values -Xfrontend -const-gather-protocols-file -Xfrontend /Users/chirag/Library/Developer/Xcode/DerivedData/DirectSalesTeamApp-gdnkjitkcbrabhaojmuqlfhmyuhx/Build/Intermediates.noindex/DirectSalesTeamApp.build/Debug-iphonesimulator/DirectSalesTeamApp.build/Objects-normal/x86_64/DirectSalesTeamApp_const_extract_protocols.json -Xcc -iquote -Xcc /Users/chirag/Library/Developer/Xcode/DerivedData/DirectSalesTeamApp-gdnkjitkcbrabhaojmuqlfhmyuhx/Build/Intermediates.noindex/DirectSalesTeamApp.build/Debug-iphonesimulator/DirectSalesTeamApp.build/DirectSalesTeamApp-generated-files.hmap -Xcc -I/Users/chirag/Library/Developer/Xcode/DerivedData/DirectSalesTeamApp-gdnkjitkcbrabhaojmuqlfhmyuhx/Build/Intermediates.noindex/DirectSalesTeamApp.build/Debug-iphonesimulator/DirectSalesTeamApp.build/DirectSalesTeamApp-own-target-headers.hmap -Xcc -I/Users/chirag/Library/Developer/Xcode/DerivedData/DirectSalesTeamApp-gdnkjitkcbrabhaojmuqlfhmyuhx/Build/Intermediates.noindex/DirectSalesTeamApp.build/Debug-iphonesimulator/DirectSalesTeamApp.build/DirectSalesTeamApp-all-non-framework-target-headers.hmap -Xcc -ivfsoverlay -Xcc /Users/chirag/Library/Developer/Xcode/DerivedData/DirectSalesTeamApp-gdnkjitkcbrabhaojmuqlfhmyuhx/Build/Intermediates.noindex/DirectSalesTeamApp.build/Debug-iphonesimulator/DirectSalesTeamApp-455db5cdd7fc9239fae60756e042806a-VFS-iphonesimulator/all-product-headers.yaml -Xcc -iquote -Xcc /Users/chirag/Library/Developer/Xcode/DerivedData/DirectSalesTeamApp-gdnkjitkcbrabhaojmuqlfhmyuhx/Build/Intermediates.noindex/DirectSalesTeamApp.build/Debug-iphonesimulator/DirectSalesTeamApp.build/DirectSalesTeamApp-project-headers.hmap -Xcc -I/Users/chirag/Library/Developer/Xcode/DerivedData/DirectSalesTeamApp-gdnkjitkcbrabhaojmuqlfhmyuhx/SourcePackages/checkouts/swift-nio-ssl/Sources/CNIOBoringSSLShims/include -Xcc -I/Users/chirag/Library/Developer/Xcode/DerivedData/DirectSalesTeamApp-gdnkjitkcbrabhaojmuqlfhmyuhx/SourcePackages/checkouts/swift-nio-ssl/Sources/CNIOBoringSSL/include -Xcc -I/Users/chirag/Library/Developer/Xcode/DerivedData/DirectSalesTeamApp-gdnkjitkcbrabhaojmuqlfhmyuhx/SourcePackages/checkouts/swift-crypto/Sources/CCryptoBoringSSLShims/include -Xcc -I/Users/chirag/Library/Developer/Xcode/DerivedData/DirectSalesTeamApp-gdnkjitkcbrabhaojmuqlfhmyuhx/SourcePackages/checkouts/swift-crypto/Sources/CCryptoBoringSSL/include -Xcc -I/Users/chirag/Library/Developer/Xcode/DerivedData/DirectSalesTeamApp-gdnkjitkcbrabhaojmuqlfhmyuhx/SourcePackages/checkouts/swift-nio/Sources/CNIOLLHTTP/include -Xcc -I/Users/chirag/Library/Developer/Xcode/DerivedData/DirectSalesTeamApp-gdnkjitkcbrabhaojmuqlfhmyuhx/SourcePackages/checkouts/swift-nio/Sources/CNIOPosix/include -Xcc -I/Users/chirag/Library/Developer/Xcode/DerivedData/DirectSalesTeamApp-gdnkjitkcbrabhaojmuqlfhmyuhx/SourcePackages/checkouts/swift-nio/Sources/CNIOWASI/include -Xcc -I/Users/chirag/Library/Developer/Xcode/DerivedData/DirectSalesTeamApp-gdnkjitkcbrabhaojmuqlfhmyuhx/SourcePackages/checkouts/swift-nio/Sources/CNIOWindows/include -Xcc -I/Users/chirag/Library/Developer/Xcode/DerivedData/DirectSalesTeamApp-gdnkjitkcbrabhaojmuqlfhmyuhx/SourcePackages/checkouts/swift-nio/Sources/CNIOLinux/include -Xcc -I/Users/chirag/Library/Developer/Xcode/DerivedData/DirectSalesTeamApp-gdnkjitkcbrabhaojmuqlfhmyuhx/SourcePackages/checkouts/swift-nio/Sources/CNIODarwin/include -Xcc -I/Users/chirag/Library/Developer/Xcode/DerivedData/DirectSalesTeamApp-gdnkjitkcbrabhaojmuqlfhmyuhx/SourcePackages/checkouts/swift-nio/Sources/CNIOOpenBSD/include -Xcc -I/Users/chirag/Library/Developer/Xcode/DerivedData/DirectSalesTeamApp-gdnkjitkcbrabhaojmuqlfhmyuhx/SourcePackages/checkouts/swift-nio/Sources/CNIOAtomics/include -Xcc -I/Users/chirag/Library/Developer/Xcode/DerivedData/DirectSalesTeamApp-gdnkjitkcbrabhaojmuqlfhmyuhx/SourcePackages/checkouts/swift-atomics/Sources/_AtomicsShims/include -Xcc -I/Users/chirag/Library/Developer/Xcode/DerivedData/DirectSalesTeamApp-gdnkjitkcbrabhaojmuqlfhmyuhx/SourcePackages/checkouts/grpc-swift-nio-transport/Sources/CGRPCNIOTransportZlib/include -Xcc -I/Users/chirag/Library/Developer/Xcode/DerivedData/DirectSalesTeamApp-gdnkjitkcbrabhaojmuqlfhmyuhx/Build/Products/Debug-iphonesimulator/include -Xcc -I/Users/chirag/Library/Developer/Xcode/DerivedData/DirectSalesTeamApp-gdnkjitkcbrabhaojmuqlfhmyuhx/Build/Intermediates.noindex/DirectSalesTeamApp.build/Debug-iphonesimulator/DirectSalesTeamApp.build/DerivedSources-normal/x86_64 -Xcc -I/Users/chirag/Library/Developer/Xcode/DerivedData/DirectSalesTeamApp-gdnkjitkcbrabhaojmuqlfhmyuhx/Build/Intermediates.noindex/DirectSalesTeamApp.build/Debug-iphonesimulator/DirectSalesTeamApp.build/DerivedSources/x86_64 -Xcc -I/Users/chirag/Library/Developer/Xcode/DerivedData/DirectSalesTeamApp-gdnkjitkcbrabhaojmuqlfhmyuhx/Build/Intermediates.noindex/DirectSalesTeamApp.build/Debug-iphonesimulator/DirectSalesTeamApp.build/DerivedSources -Xcc -DDEBUG\=1 -emit-objc-header -emit-objc-header-path /Users/chirag/Library/Developer/Xcode/DerivedData/DirectSalesTeamApp-gdnkjitkcbrabhaojmuqlfhmyuhx/Build/Intermediates.noindex/DirectSalesTeamApp.build/Debug-iphonesimulator/DirectSalesTeamApp.build/Objects-normal/x86_64/DirectSalesTeamApp-Swift.h -working-directory /Users/chirag/Projects/LMS/DirectSalesTeamApp -experimental-emit-module-separately -disable-cmo

Ld /Users/chirag/Library/Developer/Xcode/DerivedData/DirectSalesTeamApp-gdnkjitkcbrabhaojmuqlfhmyuhx/Build/Intermediates.noindex/DirectSalesTeamApp.build/Debug-iphonesimulator/DirectSalesTeamApp.build/Objects-normal/x86_64/Binary/DirectSalesTeamApp.debug.dylib normal x86_64 (in target 'DirectSalesTeamApp' from project 'DirectSalesTeamApp')
    cd /Users/chirag/Projects/LMS/DirectSalesTeamApp
    /Applications/Xcode.app/Contents/Developer/Toolchains/XcodeDefault.xctoolchain/usr/bin/clang -Xlinker -reproducible -target x86_64-apple-ios26-simulator -dynamiclib -isysroot /Applications/Xcode.app/Contents/Developer/Platforms/iPhoneSimulator.platform/Developer/SDKs/iPhoneSimulator26.2.sdk -O0 -L/Users/chirag/Library/Developer/Xcode/DerivedData/DirectSalesTeamApp-gdnkjitkcbrabhaojmuqlfhmyuhx/Build/Intermediates.noindex/EagerLinkingTBDs/Debug-iphonesimulator -L/Users/chirag/Library/Developer/Xcode/DerivedData/DirectSalesTeamApp-gdnkjitkcbrabhaojmuqlfhmyuhx/Build/Products/Debug-iphonesimulator -F/Users/chirag/Library/Developer/Xcode/DerivedData/DirectSalesTeamApp-gdnkjitkcbrabhaojmuqlfhmyuhx/Build/Intermediates.noindex/EagerLinkingTBDs/Debug-iphonesimulator -F/Users/chirag/Library/Developer/Xcode/DerivedData/DirectSalesTeamApp-gdnkjitkcbrabhaojmuqlfhmyuhx/Build/Products/Debug-iphonesimulator/PackageFrameworks -F/Users/chirag/Library/Developer/Xcode/DerivedData/DirectSalesTeamApp-gdnkjitkcbrabhaojmuqlfhmyuhx/Build/Products/Debug-iphonesimulator/PackageFrameworks -F/Users/chirag/Library/Developer/Xcode/DerivedData/DirectSalesTeamApp-gdnkjitkcbrabhaojmuqlfhmyuhx/Build/Products/Debug-iphonesimulator/PackageFrameworks -F/Users/chirag/Library/Developer/Xcode/DerivedData/DirectSalesTeamApp-gdnkjitkcbrabhaojmuqlfhmyuhx/Build/Products/Debug-iphonesimulator/PackageFrameworks -F/Users/chirag/Library/Developer/Xcode/DerivedData/DirectSalesTeamApp-gdnkjitkcbrabhaojmuqlfhmyuhx/Build/Products/Debug-iphonesimulator/PackageFrameworks -F/Users/chirag/Library/Developer/Xcode/DerivedData/DirectSalesTeamApp-gdnkjitkcbrabhaojmuqlfhmyuhx/Build/Products/Debug-iphonesimulator/PackageFrameworks -F/Users/chirag/Library/Developer/Xcode/DerivedData/DirectSalesTeamApp-gdnkjitkcbrabhaojmuqlfhmyuhx/Build/Products/Debug-iphonesimulator/PackageFrameworks -F/Users/chirag/Library/Developer/Xcode/DerivedData/DirectSalesTeamApp-gdnkjitkcbrabhaojmuqlfhmyuhx/Build/Products/Debug-iphonesimulator/PackageFrameworks -F/Users/chirag/Library/Developer/Xcode/DerivedData/DirectSalesTeamApp-gdnkjitkcbrabhaojmuqlfhmyuhx/Build/Products/Debug-iphonesimulator/PackageFrameworks -F/Users/chirag/Library/Developer/Xcode/DerivedData/DirectSalesTeamApp-gdnkjitkcbrabhaojmuqlfhmyuhx/Build/Products/Debug-iphonesimulator/PackageFrameworks -F/Users/chirag/Library/Developer/Xcode/DerivedData/DirectSalesTeamApp-gdnkjitkcbrabhaojmuqlfhmyuhx/Build/Products/Debug-iphonesimulator/PackageFrameworks -F/Users/chirag/Library/Developer/Xcode/DerivedData/DirectSalesTeamApp-gdnkjitkcbrabhaojmuqlfhmyuhx/Build/Products/Debug-iphonesimulator/PackageFrameworks -F/Users/chirag/Library/Developer/Xcode/DerivedData/DirectSalesTeamApp-gdnkjitkcbrabhaojmuqlfhmyuhx/Build/Products/Debug-iphonesimulator/PackageFrameworks -F/Users/chirag/Library/Developer/Xcode/DerivedData/DirectSalesTeamApp-gdnkjitkcbrabhaojmuqlfhmyuhx/Build/Products/Debug-iphonesimulator/PackageFrameworks -F/Users/chirag/Library/Developer/Xcode/DerivedData/DirectSalesTeamApp-gdnkjitkcbrabhaojmuqlfhmyuhx/Build/Products/Debug-iphonesimulator/PackageFrameworks -F/Users/chirag/Library/Developer/Xcode/DerivedData/DirectSalesTeamApp-gdnkjitkcbrabhaojmuqlfhmyuhx/Build/Products/Debug-iphonesimulator/PackageFrameworks -F/Users/chirag/Library/Developer/Xcode/DerivedData/DirectSalesTeamApp-gdnkjitkcbrabhaojmuqlfhmyuhx/Build/Products/Debug-iphonesimulator/PackageFrameworks -F/Users/chirag/Library/Developer/Xcode/DerivedData/DirectSalesTeamApp-gdnkjitkcbrabhaojmuqlfhmyuhx/Build/Products/Debug-iphonesimulator/PackageFrameworks -F/Users/chirag/Library/Developer/Xcode/DerivedData/DirectSalesTeamApp-gdnkjitkcbrabhaojmuqlfhmyuhx/Build/Products/Debug-iphonesimulator/PackageFrameworks -F/Users/chirag/Library/Developer/Xcode/DerivedData/DirectSalesTeamApp-gdnkjitkcbrabhaojmuqlfhmyuhx/Build/Products/Debug-iphonesimulator/PackageFrameworks -F/Users/chirag/Library/Developer/Xcode/DerivedData/DirectSalesTeamApp-gdnkjitkcbrabhaojmuqlfhmyuhx/Build/Products/Debug-iphonesimulator/PackageFrameworks -F/Users/chirag/Library/Developer/Xcode/DerivedData/DirectSalesTeamApp-gdnkjitkcbrabhaojmuqlfhmyuhx/Build/Products/Debug-iphonesimulator/PackageFrameworks -F/Users/chirag/Library/Developer/Xcode/DerivedData/DirectSalesTeamApp-gdnkjitkcbrabhaojmuqlfhmyuhx/Build/Products/Debug-iphonesimulator/PackageFrameworks -F/Users/chirag/Library/Developer/Xcode/DerivedData/DirectSalesTeamApp-gdnkjitkcbrabhaojmuqlfhmyuhx/Build/Products/Debug-iphonesimulator/PackageFrameworks -F/Users/chirag/Library/Developer/Xcode/DerivedData/DirectSalesTeamApp-gdnkjitkcbrabhaojmuqlfhmyuhx/Build/Products/Debug-iphonesimulator/PackageFrameworks -F/Users/chirag/Library/Developer/Xcode/DerivedData/DirectSalesTeamApp-gdnkjitkcbrabhaojmuqlfhmyuhx/Build/Products/Debug-iphonesimulator/PackageFrameworks -F/Users/chirag/Library/Developer/Xcode/DerivedData/DirectSalesTeamApp-gdnkjitkcbrabhaojmuqlfhmyuhx/Build/Products/Debug-iphonesimulator/PackageFrameworks -F/Users/chirag/Library/Developer/Xcode/DerivedData/DirectSalesTeamApp-gdnkjitkcbrabhaojmuqlfhmyuhx/Build/Products/Debug-iphonesimulator/PackageFrameworks -F/Users/chirag/Library/Developer/Xcode/DerivedData/DirectSalesTeamApp-gdnkjitkcbrabhaojmuqlfhmyuhx/Build/Products/Debug-iphonesimulator/PackageFrameworks -F/Users/chirag/Library/Developer/Xcode/DerivedData/DirectSalesTeamApp-gdnkjitkcbrabhaojmuqlfhmyuhx/Build/Products/Debug-iphonesimulator/PackageFrameworks -F/Users/chirag/Library/Developer/Xcode/DerivedData/DirectSalesTeamApp-gdnkjitkcbrabhaojmuqlfhmyuhx/Build/Products/Debug-iphonesimulator/PackageFrameworks -F/Users/chirag/Library/Developer/Xcode/DerivedData/DirectSalesTeamApp-gdnkjitkcbrabhaojmuqlfhmyuhx/Build/Products/Debug-iphonesimulator/PackageFrameworks -F/Users/chirag/Library/Developer/Xcode/DerivedData/DirectSalesTeamApp-gdnkjitkcbrabhaojmuqlfhmyuhx/Build/Products/Debug-iphonesimulator/PackageFrameworks -F/Users/chirag/Library/Developer/Xcode/DerivedData/DirectSalesTeamApp-gdnkjitkcbrabhaojmuqlfhmyuhx/Build/Products/Debug-iphonesimulator/PackageFrameworks -F/Users/chirag/Library/Developer/Xcode/DerivedData/DirectSalesTeamApp-gdnkjitkcbrabhaojmuqlfhmyuhx/Build/Products/Debug-iphonesimulator/PackageFrameworks -F/Users/chirag/Library/Developer/Xcode/DerivedData/DirectSalesTeamApp-gdnkjitkcbrabhaojmuqlfhmyuhx/Build/Products/Debug-iphonesimulator/PackageFrameworks -F/Users/chirag/Library/Developer/Xcode/DerivedData/DirectSalesTeamApp-gdnkjitkcbrabhaojmuqlfhmyuhx/Build/Products/Debug-iphonesimulator/PackageFrameworks -F/Users/chirag/Library/Developer/Xcode/DerivedData/DirectSalesTeamApp-gdnkjitkcbrabhaojmuqlfhmyuhx/Build/Products/Debug-iphonesimulator/PackageFrameworks -F/Users/chirag/Library/Developer/Xcode/DerivedData/DirectSalesTeamApp-gdnkjitkcbrabhaojmuqlfhmyuhx/Build/Products/Debug-iphonesimulator/PackageFrameworks -F/Users/chirag/Library/Developer/Xcode/DerivedData/DirectSalesTeamApp-gdnkjitkcbrabhaojmuqlfhmyuhx/Build/Products/Debug-iphonesimulator/PackageFrameworks -F/Users/chirag/Library/Developer/Xcode/DerivedData/DirectSalesTeamApp-gdnkjitkcbrabhaojmuqlfhmyuhx/Build/Products/Debug-iphonesimulator/PackageFrameworks -F/Users/chirag/Library/Developer/Xcode/DerivedData/DirectSalesTeamApp-gdnkjitkcbrabhaojmuqlfhmyuhx/Build/Products/Debug-iphonesimulator/PackageFrameworks -F/Users/chirag/Library/Developer/Xcode/DerivedData/DirectSalesTeamApp-gdnkjitkcbrabhaojmuqlfhmyuhx/Build/Products/Debug-iphonesimulator/PackageFrameworks -F/Users/chirag/Library/Developer/Xcode/DerivedData/DirectSalesTeamApp-gdnkjitkcbrabhaojmuqlfhmyuhx/Build/Products/Debug-iphonesimulator/PackageFrameworks -F/Users/chirag/Library/Developer/Xcode/DerivedData/DirectSalesTeamApp-gdnkjitkcbrabhaojmuqlfhmyuhx/Build/Products/Debug-iphonesimulator/PackageFrameworks -F/Users/chirag/Library/Developer/Xcode/DerivedData/DirectSalesTeamApp-gdnkjitkcbrabhaojmuqlfhmyuhx/Build/Products/Debug-iphonesimulator/PackageFrameworks -F/Users/chirag/Library/Developer/Xcode/DerivedData/DirectSalesTeamApp-gdnkjitkcbrabhaojmuqlfhmyuhx/Build/Products/Debug-iphonesimulator/PackageFrameworks -F/Users/chirag/Library/Developer/Xcode/DerivedData/DirectSalesTeamApp-gdnkjitkcbrabhaojmuqlfhmyuhx/Build/Products/Debug-iphonesimulator/PackageFrameworks -F/Users/chirag/Library/Developer/Xcode/DerivedData/DirectSalesTeamApp-gdnkjitkcbrabhaojmuqlfhmyuhx/Build/Products/Debug-iphonesimulator/PackageFrameworks -F/Users/chirag/Library/Developer/Xcode/DerivedData/DirectSalesTeamApp-gdnkjitkcbrabhaojmuqlfhmyuhx/Build/Products/Debug-iphonesimulator/PackageFrameworks -F/Users/chirag/Library/Developer/Xcode/DerivedData/DirectSalesTeamApp-gdnkjitkcbrabhaojmuqlfhmyuhx/Build/Products/Debug-iphonesimulator/PackageFrameworks -F/Users/chirag/Library/Developer/Xcode/DerivedData/DirectSalesTeamApp-gdnkjitkcbrabhaojmuqlfhmyuhx/Build/Products/Debug-iphonesimulator/PackageFrameworks -F/Users/chirag/Library/Developer/Xcode/DerivedData/DirectSalesTeamApp-gdnkjitkcbrabhaojmuqlfhmyuhx/Build/Products/Debug-iphonesimulator/PackageFrameworks -F/Users/chirag/Library/Developer/Xcode/DerivedData/DirectSalesTeamApp-gdnkjitkcbrabhaojmuqlfhmyuhx/Build/Products/Debug-iphonesimulator/PackageFrameworks -F/Users/chirag/Library/Developer/Xcode/DerivedData/DirectSalesTeamApp-gdnkjitkcbrabhaojmuqlfhmyuhx/Build/Products/Debug-iphonesimulator/PackageFrameworks -F/Users/chirag/Library/Developer/Xcode/DerivedData/DirectSalesTeamApp-gdnkjitkcbrabhaojmuqlfhmyuhx/Build/Products/Debug-iphonesimulator/PackageFrameworks -F/Users/chirag/Library/Developer/Xcode/DerivedData/DirectSalesTeamApp-gdnkjitkcbrabhaojmuqlfhmyuhx/Build/Products/Debug-iphonesimulator/PackageFrameworks -F/Users/chirag/Library/Developer/Xcode/DerivedData/DirectSalesTeamApp-gdnkjitkcbrabhaojmuqlfhmyuhx/Build/Products/Debug-iphonesimulator -filelist /Users/chirag/Library/Developer/Xcode/DerivedData/DirectSalesTeamApp-gdnkjitkcbrabhaojmuqlfhmyuhx/Build/Intermediates.noindex/DirectSalesTeamApp.build/Debug-iphonesimulator/DirectSalesTeamApp.build/Objects-normal/x86_64/DirectSalesTeamApp.LinkFileList -install_name @rpath/DirectSalesTeamApp.debug.dylib -Xlinker -rpath -Xlinker /Users/chirag/Library/Developer/Xcode/DerivedData/DirectSalesTeamApp-gdnkjitkcbrabhaojmuqlfhmyuhx/Build/Products/Debug-iphonesimulator/PackageFrameworks -Xlinker -rpath -Xlinker @executable_path/Frameworks -dead_strip -Xlinker -object_path_lto -Xlinker /Users/chirag/Library/Developer/Xcode/DerivedData/DirectSalesTeamApp-gdnkjitkcbrabhaojmuqlfhmyuhx/Build/Intermediates.noindex/DirectSalesTeamApp.build/Debug-iphonesimulator/DirectSalesTeamApp.build/Objects-normal/x86_64/DirectSalesTeamApp_lto.o -rdynamic -Xlinker -no_deduplicate -Xlinker -objc_abi_version -Xlinker 2 -Xlinker -dependency_info -Xlinker /Users/chirag/Library/Developer/Xcode/DerivedData/DirectSalesTeamApp-gdnkjitkcbrabhaojmuqlfhmyuhx/Build/Intermediates.noindex/DirectSalesTeamApp.build/Debug-iphonesimulator/DirectSalesTeamApp.build/Objects-normal/x86_64/DirectSalesTeamApp_dependency_info.dat -fobjc-link-runtime -L/Applications/Xcode.app/Contents/Developer/Toolchains/XcodeDefault.xctoolchain/usr/lib/swift/iphonesimulator -L/usr/lib/swift -Xlinker -add_ast_path -Xlinker /Users/chirag/Library/Developer/Xcode/DerivedData/DirectSalesTeamApp-gdnkjitkcbrabhaojmuqlfhmyuhx/Build/Intermediates.noindex/DirectSalesTeamApp.build/Debug-iphonesimulator/DirectSalesTeamApp.build/Objects-normal/x86_64/DirectSalesTeamApp.swiftmodule @/Users/chirag/Library/Developer/Xcode/DerivedData/DirectSalesTeamApp-gdnkjitkcbrabhaojmuqlfhmyuhx/Build/Intermediates.noindex/DirectSalesTeamApp.build/Debug-iphonesimulator/DirectSalesTeamApp.build/Objects-normal/x86_64/DirectSalesTeamApp-linker-args.resp -Wl,-no_warn_duplicate_libraries -Wl,-no_warn_duplicate_libraries -Wl,-no_warn_duplicate_libraries -Wl,-no_warn_duplicate_libraries -Wl,-no_warn_duplicate_libraries -lc++ -Wl,-no_warn_duplicate_libraries -Wl,-no_warn_duplicate_libraries -Wl,-no_warn_duplicate_libraries -Wl,-no_warn_duplicate_libraries -Wl,-no_warn_duplicate_libraries -Wl,-no_warn_duplicate_libraries -lc++ -Wl,-no_warn_duplicate_libraries -Wl,-no_warn_duplicate_libraries -Wl,-no_warn_duplicate_libraries -Wl,-no_warn_duplicate_libraries -Wl,-no_warn_duplicate_libraries -Wl,-no_warn_duplicate_libraries -Wl,-no_warn_duplicate_libraries -Wl,-no_warn_duplicate_libraries -Wl,-no_warn_duplicate_libraries -Wl,-no_warn_duplicate_libraries -Wl,-no_warn_duplicate_libraries -Wl,-no_warn_duplicate_libraries -Wl,-no_warn_duplicate_libraries -Wl,-no_warn_duplicate_libraries -Wl,-no_warn_duplicate_libraries -Wl,-no_warn_duplicate_libraries -Wl,-no_warn_duplicate_libraries -Wl,-no_warn_duplicate_libraries -Wl,-no_warn_duplicate_libraries -Wl,-no_warn_duplicate_libraries -Wl,-no_warn_duplicate_libraries -Wl,-no_warn_duplicate_libraries -Wl,-no_warn_duplicate_libraries -Wl,-no_warn_duplicate_libraries -Wl,-no_warn_duplicate_libraries -Wl,-no_warn_duplicate_libraries -Wl,-no_warn_duplicate_libraries -Wl,-no_warn_duplicate_libraries -Wl,-no_warn_duplicate_libraries -Wl,-no_warn_duplicate_libraries -Wl,-no_warn_duplicate_libraries -Wl,-no_warn_duplicate_libraries -Wl,-no_warn_duplicate_libraries -Wl,-no_warn_duplicate_libraries -Wl,-no_warn_duplicate_libraries -Wl,-no_warn_duplicate_libraries -Wl,-no_warn_duplicate_libraries -Wl,-no_warn_duplicate_libraries -Wl,-no_warn_duplicate_libraries -Wl,-no_warn_duplicate_libraries -Wl,-no_warn_duplicate_libraries -Wl,-no_warn_duplicate_libraries -Wl,-no_warn_duplicate_libraries -Wl,-no_warn_duplicate_libraries -Wl,-no_warn_duplicate_libraries -Wl,-no_warn_duplicate_libraries -lz -Xlinker -alias -Xlinker _main -Xlinker ___debug_main_executable_dylib_entry_point -Xlinker -no_adhoc_codesign -o /Users/chirag/Library/Developer/Xcode/DerivedData/DirectSalesTeamApp-gdnkjitkcbrabhaojmuqlfhmyuhx/Build/Intermediates.noindex/DirectSalesTeamApp.build/Debug-iphonesimulator/DirectSalesTeamApp.build/Objects-normal/x86_64/Binary/DirectSalesTeamApp.debug.dylib -Xlinker -add_ast_path -Xlinker /Users/chirag/Library/Developer/Xcode/DerivedData/DirectSalesTeamApp-gdnkjitkcbrabhaojmuqlfhmyuhx/Build/Intermediates.noindex/grpc-swift-2.build/Debug-iphonesimulator/GRPCCore.build/Objects-normal/x86_64/GRPCCore.swiftmodule @/Users/chirag/Library/Developer/Xcode/DerivedData/DirectSalesTeamApp-gdnkjitkcbrabhaojmuqlfhmyuhx/Build/Intermediates.noindex/grpc-swift-2.build/Debug-iphonesimulator/GRPCCore.build/Objects-normal/x86_64/GRPCCore-linker-args.resp -Xlinker -add_ast_path -Xlinker /Users/chirag/Library/Developer/Xcode/DerivedData/DirectSalesTeamApp-gdnkjitkcbrabhaojmuqlfhmyuhx/Build/Intermediates.noindex/swift-collections.build/Debug-iphonesimulator/DequeModule.build/Objects-normal/x86_64/DequeModule.swiftmodule @/Users/chirag/Library/Developer/Xcode/DerivedData/DirectSalesTeamApp-gdnkjitkcbrabhaojmuqlfhmyuhx/Build/Intermediates.noindex/swift-collections.build/Debug-iphonesimulator/DequeModule.build/Objects-normal/x86_64/DequeModule-linker-args.resp -Xlinker -add_ast_path -Xlinker /Users/chirag/Library/Developer/Xcode/DerivedData/DirectSalesTeamApp-gdnkjitkcbrabhaojmuqlfhmyuhx/Build/Intermediates.noindex/swift-collections.build/Debug-iphonesimulator/InternalCollectionsUtilities.build/Objects-normal/x86_64/InternalCollectionsUtilities.swiftmodule @/Users/chirag/Library/Developer/Xcode/DerivedData/DirectSalesTeamApp-gdnkjitkcbrabhaojmuqlfhmyuhx/Build/Intermediates.noindex/swift-collections.build/Debug-iphonesimulator/InternalCollectionsUtilities.build/Objects-normal/x86_64/InternalCollectionsUtilities-linker-args.resp -Xlinker -add_ast_path -Xlinker /Users/chirag/Library/Developer/Xcode/DerivedData/DirectSalesTeamApp-gdnkjitkcbrabhaojmuqlfhmyuhx/Build/Intermediates.noindex/swift-collections.build/Debug-iphonesimulator/ContainersPreview.build/Objects-normal/x86_64/ContainersPreview.swiftmodule @/Users/chirag/Library/Developer/Xcode/DerivedData/DirectSalesTeamApp-gdnkjitkcbrabhaojmuqlfhmyuhx/Build/Intermediates.noindex/swift-collections.build/Debug-iphonesimulator/ContainersPreview.build/Objects-normal/x86_64/ContainersPreview-linker-args.resp -Xlinker -add_ast_path -Xlinker /Users/chirag/Library/Developer/Xcode/DerivedData/DirectSalesTeamApp-gdnkjitkcbrabhaojmuqlfhmyuhx/Build/Intermediates.noindex/grpc-swift-2.build/Debug-iphonesimulator/GRPCCodeGen.build/Objects-normal/x86_64/GRPCCodeGen.swiftmodule @/Users/chirag/Library/Developer/Xcode/DerivedData/DirectSalesTeamApp-gdnkjitkcbrabhaojmuqlfhmyuhx/Build/Intermediates.noindex/grpc-swift-2.build/Debug-iphonesimulator/GRPCCodeGen.build/Objects-normal/x86_64/GRPCCodeGen-linker-args.resp -Xlinker -add_ast_path -Xlinker /Users/chirag/Library/Developer/Xcode/DerivedData/DirectSalesTeamApp-gdnkjitkcbrabhaojmuqlfhmyuhx/Build/Intermediates.noindex/grpc-swift-2.build/Debug-iphonesimulator/GRPCInProcessTransport.build/Objects-normal/x86_64/GRPCInProcessTransport.swiftmodule @/Users/chirag/Library/Developer/Xcode/DerivedData/DirectSalesTeamApp-gdnkjitkcbrabhaojmuqlfhmyuhx/Build/Intermediates.noindex/grpc-swift-2.build/Debug-iphonesimulator/GRPCInProcessTransport.build/Objects-normal/x86_64/GRPCInProcessTransport-linker-args.resp -Xlinker -add_ast_path -Xlinker /Users/chirag/Library/Developer/Xcode/DerivedData/DirectSalesTeamApp-gdnkjitkcbrabhaojmuqlfhmyuhx/Build/Intermediates.noindex/grpc-swift-nio-transport.build/Debug-iphonesimulator/GRPCNIOTransportHTTP2.build/Objects-normal/x86_64/GRPCNIOTransportHTTP2.swiftmodule @/Users/chirag/Library/Developer/Xcode/DerivedData/DirectSalesTeamApp-gdnkjitkcbrabhaojmuqlfhmyuhx/Build/Intermediates.noindex/grpc-swift-nio-transport.build/Debug-iphonesimulator/GRPCNIOTransportHTTP2.build/Objects-normal/x86_64/GRPCNIOTransportHTTP2-linker-args.resp -Xlinker -add_ast_path -Xlinker /Users/chirag/Library/Developer/Xcode/DerivedData/DirectSalesTeamApp-gdnkjitkcbrabhaojmuqlfhmyuhx/Build/Intermediates.noindex/swift-nio.build/Debug-iphonesimulator/NIOCore.build/Objects-normal/x86_64/NIOCore.swiftmodule @/Users/chirag/Library/Developer/Xcode/DerivedData/DirectSalesTeamApp-gdnkjitkcbrabhaojmuqlfhmyuhx/Build/Intermediates.noindex/swift-nio.build/Debug-iphonesimulator/NIOCore.build/Objects-normal/x86_64/NIOCore-linker-args.resp -Xlinker -add_ast_path -Xlinker /Users/chirag/Library/Developer/Xcode/DerivedData/DirectSalesTeamApp-gdnkjitkcbrabhaojmuqlfhmyuhx/Build/Intermediates.noindex/swift-nio.build/Debug-iphonesimulator/NIOConcurrencyHelpers.build/Objects-normal/x86_64/NIOConcurrencyHelpers.swiftmodule @/Users/chirag/Library/Developer/Xcode/DerivedData/DirectSalesTeamApp-gdnkjitkcbrabhaojmuqlfhmyuhx/Build/Intermediates.noindex/swift-nio.build/Debug-iphonesimulator/NIOConcurrencyHelpers.build/Objects-normal/x86_64/NIOConcurrencyHelpers-linker-args.resp -Xlinker -add_ast_path -Xlinker /Users/chirag/Library/Developer/Xcode/DerivedData/DirectSalesTeamApp-gdnkjitkcbrabhaojmuqlfhmyuhx/Build/Intermediates.noindex/swift-nio.build/Debug-iphonesimulator/_NIOBase64.build/Objects-normal/x86_64/_NIOBase64.swiftmodule @/Users/chirag/Library/Developer/Xcode/DerivedData/DirectSalesTeamApp-gdnkjitkcbrabhaojmuqlfhmyuhx/Build/Intermediates.noindex/swift-nio.build/Debug-iphonesimulator/_NIOBase64.build/Objects-normal/x86_64/_NIOBase64-linker-args.resp -Xlinker -add_ast_path -Xlinker /Users/chirag/Library/Developer/Xcode/DerivedData/DirectSalesTeamApp-gdnkjitkcbrabhaojmuqlfhmyuhx/Build/Intermediates.noindex/swift-nio.build/Debug-iphonesimulator/_NIODataStructures.build/Objects-normal/x86_64/_NIODataStructures.swiftmodule @/Users/chirag/Library/Developer/Xcode/DerivedData/DirectSalesTeamApp-gdnkjitkcbrabhaojmuqlfhmyuhx/Build/Intermediates.noindex/swift-nio.build/Debug-iphonesimulator/_NIODataStructures.build/Objects-normal/x86_64/_NIODataStructures-linker-args.resp -Xlinker -add_ast_path -Xlinker /Users/chirag/Library/Developer/Xcode/DerivedData/DirectSalesTeamApp-gdnkjitkcbrabhaojmuqlfhmyuhx/Build/Intermediates.noindex/swift-atomics.build/Debug-iphonesimulator/Atomics.build/Objects-normal/x86_64/Atomics.swiftmodule @/Users/chirag/Library/Developer/Xcode/DerivedData/DirectSalesTeamApp-gdnkjitkcbrabhaojmuqlfhmyuhx/Build/Intermediates.noindex/swift-atomics.build/Debug-iphonesimulator/Atomics.build/Objects-normal/x86_64/Atomics-linker-args.resp -Xlinker -add_ast_path -Xlinker /Users/chirag/Library/Developer/Xcode/DerivedData/DirectSalesTeamApp-gdnkjitkcbrabhaojmuqlfhmyuhx/Build/Intermediates.noindex/swift-nio-http2.build/Debug-iphonesimulator/NIOHTTP2.build/Objects-normal/x86_64/NIOHTTP2.swiftmodule @/Users/chirag/Library/Developer/Xcode/DerivedData/DirectSalesTeamApp-gdnkjitkcbrabhaojmuqlfhmyuhx/Build/Intermediates.noindex/swift-nio-http2.build/Debug-iphonesimulator/NIOHTTP2.build/Objects-normal/x86_64/NIOHTTP2-linker-args.resp -Xlinker -add_ast_path -Xlinker /Users/chirag/Library/Developer/Xcode/DerivedData/DirectSalesTeamApp-gdnkjitkcbrabhaojmuqlfhmyuhx/Build/Intermediates.noindex/swift-nio.build/Debug-iphonesimulator/NIO.build/Objects-normal/x86_64/NIO.swiftmodule @/Users/chirag/Library/Developer/Xcode/DerivedData/DirectSalesTeamApp-gdnkjitkcbrabhaojmuqlfhmyuhx/Build/Intermediates.noindex/swift-nio.build/Debug-iphonesimulator/NIO.build/Objects-normal/x86_64/NIO-linker-args.resp -Xlinker -add_ast_path -Xlinker /Users/chirag/Library/Developer/Xcode/DerivedData/DirectSalesTeamApp-gdnkjitkcbrabhaojmuqlfhmyuhx/Build/Intermediates.noindex/swift-nio.build/Debug-iphonesimulator/NIOEmbedded.build/Objects-normal/x86_64/NIOEmbedded.swiftmodule @/Users/chirag/Library/Developer/Xcode/DerivedData/DirectSalesTeamApp-gdnkjitkcbrabhaojmuqlfhmyuhx/Build/Intermediates.noindex/swift-nio.build/Debug-iphonesimulator/NIOEmbedded.build/Objects-normal/x86_64/NIOEmbedded-linker-args.resp -Xlinker -add_ast_path -Xlinker /Users/chirag/Library/Developer/Xcode/DerivedData/DirectSalesTeamApp-gdnkjitkcbrabhaojmuqlfhmyuhx/Build/Intermediates.noindex/swift-nio.build/Debug-iphonesimulator/NIOPosix.build/Objects-normal/x86_64/NIOPosix.swiftmodule @/Users/chirag/Library/Developer/Xcode/DerivedData/DirectSalesTeamApp-gdnkjitkcbrabhaojmuqlfhmyuhx/Build/Intermediates.noindex/swift-nio.build/Debug-iphonesimulator/NIOPosix.build/Objects-normal/x86_64/NIOPosix-linker-args.resp -Xlinker -add_ast_path -Xlinker /Users/chirag/Library/Developer/Xcode/DerivedData/DirectSalesTeamApp-gdnkjitkcbrabhaojmuqlfhmyuhx/Build/Intermediates.noindex/swift-nio.build/Debug-iphonesimulator/NIOHTTP1.build/Objects-normal/x86_64/NIOHTTP1.swiftmodule @/Users/chirag/Library/Developer/Xcode/DerivedData/DirectSalesTeamApp-gdnkjitkcbrabhaojmuqlfhmyuhx/Build/Intermediates.noindex/swift-nio.build/Debug-iphonesimulator/NIOHTTP1.build/Objects-normal/x86_64/NIOHTTP1-linker-args.resp -Xlinker -add_ast_path -Xlinker /Users/chirag/Library/Developer/Xcode/DerivedData/DirectSalesTeamApp-gdnkjitkcbrabhaojmuqlfhmyuhx/Build/Intermediates.noindex/swift-nio-http2.build/Debug-iphonesimulator/NIOHPACK.build/Objects-normal/x86_64/NIOHPACK.swiftmodule @/Users/chirag/Library/Developer/Xcode/DerivedData/DirectSalesTeamApp-gdnkjitkcbrabhaojmuqlfhmyuhx/Build/Intermediates.noindex/swift-nio-http2.build/Debug-iphonesimulator/NIOHPACK.build/Objects-normal/x86_64/NIOHPACK-linker-args.resp -Xlinker -add_ast_path -Xlinker /Users/chirag/Library/Developer/Xcode/DerivedData/DirectSalesTeamApp-gdnkjitkcbrabhaojmuqlfhmyuhx/Build/Intermediates.noindex/swift-nio.build/Debug-iphonesimulator/NIOTLS.build/Objects-normal/x86_64/NIOTLS.swiftmodule @/Users/chirag/Library/Developer/Xcode/DerivedData/DirectSalesTeamApp-gdnkjitkcbrabhaojmuqlfhmyuhx/Build/Intermediates.noindex/swift-nio.build/Debug-iphonesimulator/NIOTLS.build/Objects-normal/x86_64/NIOTLS-linker-args.resp -Xlinker -add_ast_path -Xlinker /Users/chirag/Library/Developer/Xcode/DerivedData/DirectSalesTeamApp-gdnkjitkcbrabhaojmuqlfhmyuhx/Build/Intermediates.noindex/swift-nio-extras.build/Debug-iphonesimulator/NIOExtras.build/Objects-normal/x86_64/NIOExtras.swiftmodule @/Users/chirag/Library/Developer/Xcode/DerivedData/DirectSalesTeamApp-gdnkjitkcbrabhaojmuqlfhmyuhx/Build/Intermediates.noindex/swift-nio-extras.build/Debug-iphonesimulator/NIOExtras.build/Objects-normal/x86_64/NIOExtras-linker-args.resp -Xlinker -add_ast_path -Xlinker /Users/chirag/Library/Developer/Xcode/DerivedData/DirectSalesTeamApp-gdnkjitkcbrabhaojmuqlfhmyuhx/Build/Intermediates.noindex/grpc-swift-nio-transport.build/Debug-iphonesimulator/GRPCNIOTransportCore.build/Objects-normal/x86_64/GRPCNIOTransportCore.swiftmodule @/Users/chirag/Library/Developer/Xcode/DerivedData/DirectSalesTeamApp-gdnkjitkcbrabhaojmuqlfhmyuhx/Build/Intermediates.noindex/grpc-swift-nio-transport.build/Debug-iphonesimulator/GRPCNIOTransportCore.build/Objects-normal/x86_64/GRPCNIOTransportCore-linker-args.resp -Xlinker -add_ast_path -Xlinker /Users/chirag/Library/Developer/Xcode/DerivedData/DirectSalesTeamApp-gdnkjitkcbrabhaojmuqlfhmyuhx/Build/Intermediates.noindex/swift-nio-ssl.build/Debug-iphonesimulator/NIOSSL.build/Objects-normal/x86_64/NIOSSL.swiftmodule @/Users/chirag/Library/Developer/Xcode/DerivedData/DirectSalesTeamApp-gdnkjitkcbrabhaojmuqlfhmyuhx/Build/Intermediates.noindex/swift-nio-ssl.build/Debug-iphonesimulator/NIOSSL.build/Objects-normal/x86_64/NIOSSL-linker-args.resp -Xlinker -add_ast_path -Xlinker /Users/chirag/Library/Developer/Xcode/DerivedData/DirectSalesTeamApp-gdnkjitkcbrabhaojmuqlfhmyuhx/Build/Intermediates.noindex/swift-certificates.build/Debug-iphonesimulator/X509.build/Objects-normal/x86_64/X509.swiftmodule @/Users/chirag/Library/Developer/Xcode/DerivedData/DirectSalesTeamApp-gdnkjitkcbrabhaojmuqlfhmyuhx/Build/Intermediates.noindex/swift-certificates.build/Debug-iphonesimulator/X509.build/Objects-normal/x86_64/X509-linker-args.resp -Xlinker -add_ast_path -Xlinker /Users/chirag/Library/Developer/Xcode/DerivedData/DirectSalesTeamApp-gdnkjitkcbrabhaojmuqlfhmyuhx/Build/Intermediates.noindex/swift-certificates.build/Debug-iphonesimulator/_CertificateInternals.build/Objects-normal/x86_64/_CertificateInternals.swiftmodule @/Users/chirag/Library/Developer/Xcode/DerivedData/DirectSalesTeamApp-gdnkjitkcbrabhaojmuqlfhmyuhx/Build/Intermediates.noindex/swift-certificates.build/Debug-iphonesimulator/_CertificateInternals.build/Objects-normal/x86_64/_CertificateInternals-linker-args.resp -Xlinker -add_ast_path -Xlinker /Users/chirag/Library/Developer/Xcode/DerivedData/DirectSalesTeamApp-gdnkjitkcbrabhaojmuqlfhmyuhx/Build/Intermediates.noindex/swift-asn1.build/Debug-iphonesimulator/SwiftASN1.build/Objects-normal/x86_64/SwiftASN1.swiftmodule @/Users/chirag/Library/Developer/Xcode/DerivedData/DirectSalesTeamApp-gdnkjitkcbrabhaojmuqlfhmyuhx/Build/Intermediates.noindex/swift-asn1.build/Debug-iphonesimulator/SwiftASN1.build/Objects-normal/x86_64/SwiftASN1-linker-args.resp -Xlinker -add_ast_path -Xlinker /Users/chirag/Library/Developer/Xcode/DerivedData/DirectSalesTeamApp-gdnkjitkcbrabhaojmuqlfhmyuhx/Build/Intermediates.noindex/swift-crypto.build/Debug-iphonesimulator/Crypto.build/Objects-normal/x86_64/Crypto.swiftmodule @/Users/chirag/Library/Developer/Xcode/DerivedData/DirectSalesTeamApp-gdnkjitkcbrabhaojmuqlfhmyuhx/Build/Intermediates.noindex/swift-crypto.build/Debug-iphonesimulator/Crypto.build/Objects-normal/x86_64/Crypto-linker-args.resp -Xlinker -add_ast_path -Xlinker /Users/chirag/Library/Developer/Xcode/DerivedData/DirectSalesTeamApp-gdnkjitkcbrabhaojmuqlfhmyuhx/Build/Intermediates.noindex/swift-crypto.build/Debug-iphonesimulator/_CryptoExtras.build/Objects-normal/x86_64/_CryptoExtras.swiftmodule @/Users/chirag/Library/Developer/Xcode/DerivedData/DirectSalesTeamApp-gdnkjitkcbrabhaojmuqlfhmyuhx/Build/Intermediates.noindex/swift-crypto.build/Debug-iphonesimulator/_CryptoExtras.build/Objects-normal/x86_64/_CryptoExtras-linker-args.resp -Xlinker -add_ast_path -Xlinker /Users/chirag/Library/Developer/Xcode/DerivedData/DirectSalesTeamApp-gdnkjitkcbrabhaojmuqlfhmyuhx/Build/Intermediates.noindex/swift-crypto.build/Debug-iphonesimulator/CryptoBoringWrapper.build/Objects-normal/x86_64/CryptoBoringWrapper.swiftmodule @/Users/chirag/Library/Developer/Xcode/DerivedData/DirectSalesTeamApp-gdnkjitkcbrabhaojmuqlfhmyuhx/Build/Intermediates.noindex/swift-crypto.build/Debug-iphonesimulator/CryptoBoringWrapper.build/Objects-normal/x86_64/CryptoBoringWrapper-linker-args.resp -Xlinker -add_ast_path -Xlinker /Users/chirag/Library/Developer/Xcode/DerivedData/DirectSalesTeamApp-gdnkjitkcbrabhaojmuqlfhmyuhx/Build/Intermediates.noindex/swift-crypto.build/Debug-iphonesimulator/CryptoExtras.build/Objects-normal/x86_64/CryptoExtras.swiftmodule @/Users/chirag/Library/Developer/Xcode/DerivedData/DirectSalesTeamApp-gdnkjitkcbrabhaojmuqlfhmyuhx/Build/Intermediates.noindex/swift-crypto.build/Debug-iphonesimulator/CryptoExtras.build/Objects-normal/x86_64/CryptoExtras-linker-args.resp -Xlinker -add_ast_path -Xlinker /Users/chirag/Library/Developer/Xcode/DerivedData/DirectSalesTeamApp-gdnkjitkcbrabhaojmuqlfhmyuhx/Build/Intermediates.noindex/swift-nio-extras.build/Debug-iphonesimulator/NIOCertificateReloading.build/Objects-normal/x86_64/NIOCertificateReloading.swiftmodule @/Users/chirag/Library/Developer/Xcode/DerivedData/DirectSalesTeamApp-gdnkjitkcbrabhaojmuqlfhmyuhx/Build/Intermediates.noindex/swift-nio-extras.build/Debug-iphonesimulator/NIOCertificateReloading.build/Objects-normal/x86_64/NIOCertificateReloading-linker-args.resp -Xlinker -add_ast_path -Xlinker /Users/chirag/Library/Developer/Xcode/DerivedData/DirectSalesTeamApp-gdnkjitkcbrabhaojmuqlfhmyuhx/Build/Intermediates.noindex/swift-service-lifecycle.build/Debug-iphonesimulator/ServiceLifecycle.build/Objects-normal/x86_64/ServiceLifecycle.swiftmodule @/Users/chirag/Library/Developer/Xcode/DerivedData/DirectSalesTeamApp-gdnkjitkcbrabhaojmuqlfhmyuhx/Build/Intermediates.noindex/swift-service-lifecycle.build/Debug-iphonesimulator/ServiceLifecycle.build/Objects-normal/x86_64/ServiceLifecycle-linker-args.resp -Xlinker -add_ast_path -Xlinker /Users/chirag/Library/Developer/Xcode/DerivedData/DirectSalesTeamApp-gdnkjitkcbrabhaojmuqlfhmyuhx/Build/Intermediates.noindex/swift-service-lifecycle.build/Debug-iphonesimulator/ConcurrencyHelpers.build/Objects-normal/x86_64/ConcurrencyHelpers.swiftmodule @/Users/chirag/Library/Developer/Xcode/DerivedData/DirectSalesTeamApp-gdnkjitkcbrabhaojmuqlfhmyuhx/Build/Intermediates.noindex/swift-service-lifecycle.build/Debug-iphonesimulator/ConcurrencyHelpers.build/Objects-normal/x86_64/ConcurrencyHelpers-linker-args.resp -Xlinker -add_ast_path -Xlinker /Users/chirag/Library/Developer/Xcode/DerivedData/DirectSalesTeamApp-gdnkjitkcbrabhaojmuqlfhmyuhx/Build/Intermediates.noindex/swift-service-lifecycle.build/Debug-iphonesimulator/UnixSignals.build/Objects-normal/x86_64/UnixSignals.swiftmodule @/Users/chirag/Library/Developer/Xcode/DerivedData/DirectSalesTeamApp-gdnkjitkcbrabhaojmuqlfhmyuhx/Build/Intermediates.noindex/swift-service-lifecycle.build/Debug-iphonesimulator/UnixSignals.build/Objects-normal/x86_64/UnixSignals-linker-args.resp -Xlinker -add_ast_path -Xlinker /Users/chirag/Library/Developer/Xcode/DerivedData/DirectSalesTeamApp-gdnkjitkcbrabhaojmuqlfhmyuhx/Build/Intermediates.noindex/swift-log.build/Debug-iphonesimulator/Logging.build/Objects-normal/x86_64/Logging.swiftmodule @/Users/chirag/Library/Developer/Xcode/DerivedData/DirectSalesTeamApp-gdnkjitkcbrabhaojmuqlfhmyuhx/Build/Intermediates.noindex/swift-log.build/Debug-iphonesimulator/Logging.build/Objects-normal/x86_64/Logging-linker-args.resp -Xlinker -add_ast_path -Xlinker /Users/chirag/Library/Developer/Xcode/DerivedData/DirectSalesTeamApp-gdnkjitkcbrabhaojmuqlfhmyuhx/Build/Intermediates.noindex/swift-async-algorithms.build/Debug-iphonesimulator/AsyncAlgorithms.build/Objects-normal/x86_64/AsyncAlgorithms.swiftmodule @/Users/chirag/Library/Developer/Xcode/DerivedData/DirectSalesTeamApp-gdnkjitkcbrabhaojmuqlfhmyuhx/Build/Intermediates.noindex/swift-async-algorithms.build/Debug-iphonesimulator/AsyncAlgorithms.build/Objects-normal/x86_64/AsyncAlgorithms-linker-args.resp -Xlinker -add_ast_path -Xlinker /Users/chirag/Library/Developer/Xcode/DerivedData/DirectSalesTeamApp-gdnkjitkcbrabhaojmuqlfhmyuhx/Build/Intermediates.noindex/swift-collections.build/Debug-iphonesimulator/OrderedCollections.build/Objects-normal/x86_64/OrderedCollections.swiftmodule @/Users/chirag/Library/Developer/Xcode/DerivedData/DirectSalesTeamApp-gdnkjitkcbrabhaojmuqlfhmyuhx/Build/Intermediates.noindex/swift-collections.build/Debug-iphonesimulator/OrderedCollections.build/Objects-normal/x86_64/OrderedCollections-linker-args.resp -Xlinker -add_ast_path -Xlinker /Users/chirag/Library/Developer/Xcode/DerivedData/DirectSalesTeamApp-gdnkjitkcbrabhaojmuqlfhmyuhx/Build/Intermediates.noindex/grpc-swift-nio-transport.build/Debug-iphonesimulator/GRPCNIOTransportHTTP2Posix.build/Objects-normal/x86_64/GRPCNIOTransportHTTP2Posix.swiftmodule @/Users/chirag/Library/Developer/Xcode/DerivedData/DirectSalesTeamApp-gdnkjitkcbrabhaojmuqlfhmyuhx/Build/Intermediates.noindex/grpc-swift-nio-transport.build/Debug-iphonesimulator/GRPCNIOTransportHTTP2Posix.build/Objects-normal/x86_64/GRPCNIOTransportHTTP2Posix-linker-args.resp -Xlinker -add_ast_path -Xlinker /Users/chirag/Library/Developer/Xcode/DerivedData/DirectSalesTeamApp-gdnkjitkcbrabhaojmuqlfhmyuhx/Build/Intermediates.noindex/swift-nio-transport-services.build/Debug-iphonesimulator/NIOTransportServices.build/Objects-normal/x86_64/NIOTransportServices.swiftmodule @/Users/chirag/Library/Developer/Xcode/DerivedData/DirectSalesTeamApp-gdnkjitkcbrabhaojmuqlfhmyuhx/Build/Intermediates.noindex/swift-nio-transport-services.build/Debug-iphonesimulator/NIOTransportServices.build/Objects-normal/x86_64/NIOTransportServices-linker-args.resp -Xlinker -add_ast_path -Xlinker /Users/chirag/Library/Developer/Xcode/DerivedData/DirectSalesTeamApp-gdnkjitkcbrabhaojmuqlfhmyuhx/Build/Intermediates.noindex/swift-nio.build/Debug-iphonesimulator/NIOFoundationCompat.build/Objects-normal/x86_64/NIOFoundationCompat.swiftmodule @/Users/chirag/Library/Developer/Xcode/DerivedData/DirectSalesTeamApp-gdnkjitkcbrabhaojmuqlfhmyuhx/Build/Intermediates.noindex/swift-nio.build/Debug-iphonesimulator/NIOFoundationCompat.build/Objects-normal/x86_64/NIOFoundationCompat-linker-args.resp -Xlinker -add_ast_path -Xlinker /Users/chirag/Library/Developer/Xcode/DerivedData/DirectSalesTeamApp-gdnkjitkcbrabhaojmuqlfhmyuhx/Build/Intermediates.noindex/grpc-swift-nio-transport.build/Debug-iphonesimulator/GRPCNIOTransportHTTP2TransportServices.build/Objects-normal/x86_64/GRPCNIOTransportHTTP2TransportServices.swiftmodule @/Users/chirag/Library/Developer/Xcode/DerivedData/DirectSalesTeamApp-gdnkjitkcbrabhaojmuqlfhmyuhx/Build/Intermediates.noindex/grpc-swift-nio-transport.build/Debug-iphonesimulator/GRPCNIOTransportHTTP2TransportServices.build/Objects-normal/x86_64/GRPCNIOTransportHTTP2TransportServices-linker-args.resp -Xlinker -add_ast_path -Xlinker /Users/chirag/Library/Developer/Xcode/DerivedData/DirectSalesTeamApp-gdnkjitkcbrabhaojmuqlfhmyuhx/Build/Intermediates.noindex/grpc-swift-protobuf.build/Debug-iphonesimulator/GRPCProtobuf.build/Objects-normal/x86_64/GRPCProtobuf.swiftmodule @/Users/chirag/Library/Developer/Xcode/DerivedData/DirectSalesTeamApp-gdnkjitkcbrabhaojmuqlfhmyuhx/Build/Intermediates.noindex/grpc-swift-protobuf.build/Debug-iphonesimulator/GRPCProtobuf.build/Objects-normal/x86_64/GRPCProtobuf-linker-args.resp -Xlinker -add_ast_path -Xlinker /Users/chirag/Library/Developer/Xcode/DerivedData/DirectSalesTeamApp-gdnkjitkcbrabhaojmuqlfhmyuhx/Build/Intermediates.noindex/SwiftProtobuf.build/Debug-iphonesimulator/SwiftProtobuf.build/Objects-normal/x86_64/SwiftProtobuf.swiftmodule @/Users/chirag/Library/Developer/Xcode/DerivedData/DirectSalesTeamApp-gdnkjitkcbrabhaojmuqlfhmyuhx/Build/Intermediates.noindex/SwiftProtobuf.build/Debug-iphonesimulator/SwiftProtobuf.build/Objects-normal/x86_64/SwiftProtobuf-linker-args.resp -Xlinker -add_ast_path -Xlinker /Users/chirag/Library/Developer/Xcode/DerivedData/DirectSalesTeamApp-gdnkjitkcbrabhaojmuqlfhmyuhx/Build/Intermediates.noindex/SwiftProtobuf.build/Debug-iphonesimulator/SwiftProtobufPluginLibrary.build/Objects-normal/x86_64/SwiftProtobufPluginLibrary.swiftmodule @/Users/chirag/Library/Developer/Xcode/DerivedData/DirectSalesTeamApp-gdnkjitkcbrabhaojmuqlfhmyuhx/Build/Intermediates.noindex/SwiftProtobuf.build/Debug-iphonesimulator/SwiftProtobufPluginLibrary.build/Objects-normal/x86_64/SwiftProtobufPluginLibrary-linker-args.resp

SwiftDriverJobDiscovery normal arm64 Compiling LoginMFAPickerView.swift, LoginOTPView.swift, LoginPasskeyView.swift, LoginStep1View.swift, LoginTOTPView.swift, QuickLoginView.swift, ContentView.swift, DirectSalesTeamAppApp.swift, GeneratedAssetSymbols.swift (in target 'DirectSalesTeamApp' from project 'DirectSalesTeamApp')

ConstructStubExecutorLinkFileList /Users/chirag/Library/Developer/Xcode/DerivedData/DirectSalesTeamApp-gdnkjitkcbrabhaojmuqlfhmyuhx/Build/Intermediates.noindex/DirectSalesTeamApp.build/Debug-iphonesimulator/DirectSalesTeamApp.build/DirectSalesTeamApp-ExecutorLinkFileList-normal-x86_64.txt (in target 'DirectSalesTeamApp' from project 'DirectSalesTeamApp')
    cd /Users/chirag/Projects/LMS/DirectSalesTeamApp
    construct-stub-executor-link-file-list /Users/chirag/Library/Developer/Xcode/DerivedData/DirectSalesTeamApp-gdnkjitkcbrabhaojmuqlfhmyuhx/Build/Intermediates.noindex/DirectSalesTeamApp.build/Debug-iphonesimulator/DirectSalesTeamApp.build/Objects-normal/x86_64/Binary/DirectSalesTeamApp.debug.dylib /Applications/Xcode.app/Contents/Developer/Platforms/iPhoneSimulator.platform/Developer/usr/lib/libPreviewsJITStubExecutor_no_swift_entry_point.a /Applications/Xcode.app/Contents/Developer/Platforms/iPhoneSimulator.platform/Developer/usr/lib/libPreviewsJITStubExecutor.a --output /Users/chirag/Library/Developer/Xcode/DerivedData/DirectSalesTeamApp-gdnkjitkcbrabhaojmuqlfhmyuhx/Build/Intermediates.noindex/DirectSalesTeamApp.build/Debug-iphonesimulator/DirectSalesTeamApp.build/DirectSalesTeamApp-ExecutorLinkFileList-normal-x86_64.txt
note: Using stub executor library with Swift entry point. (in target 'DirectSalesTeamApp' from project 'DirectSalesTeamApp')

Ld /Users/chirag/Library/Developer/Xcode/DerivedData/DirectSalesTeamApp-gdnkjitkcbrabhaojmuqlfhmyuhx/Build/Intermediates.noindex/DirectSalesTeamApp.build/Debug-iphonesimulator/DirectSalesTeamApp.build/Objects-normal/x86_64/Binary/DirectSalesTeamApp normal x86_64 (in target 'DirectSalesTeamApp' from project 'DirectSalesTeamApp')
    cd /Users/chirag/Projects/LMS/DirectSalesTeamApp
    /Applications/Xcode.app/Contents/Developer/Toolchains/XcodeDefault.xctoolchain/usr/bin/clang -Xlinker -reproducible -target x86_64-apple-ios26-simulator -isysroot /Applications/Xcode.app/Contents/Developer/Platforms/iPhoneSimulator.platform/Developer/SDKs/iPhoneSimulator26.2.sdk -O0 -L/Users/chirag/Library/Developer/Xcode/DerivedData/DirectSalesTeamApp-gdnkjitkcbrabhaojmuqlfhmyuhx/Build/Products/Debug-iphonesimulator -F/Users/chirag/Library/Developer/Xcode/DerivedData/DirectSalesTeamApp-gdnkjitkcbrabhaojmuqlfhmyuhx/Build/Products/Debug-iphonesimulator/PackageFrameworks -F/Users/chirag/Library/Developer/Xcode/DerivedData/DirectSalesTeamApp-gdnkjitkcbrabhaojmuqlfhmyuhx/Build/Products/Debug-iphonesimulator/PackageFrameworks -F/Users/chirag/Library/Developer/Xcode/DerivedData/DirectSalesTeamApp-gdnkjitkcbrabhaojmuqlfhmyuhx/Build/Products/Debug-iphonesimulator/PackageFrameworks -F/Users/chirag/Library/Developer/Xcode/DerivedData/DirectSalesTeamApp-gdnkjitkcbrabhaojmuqlfhmyuhx/Build/Products/Debug-iphonesimulator/PackageFrameworks -F/Users/chirag/Library/Developer/Xcode/DerivedData/DirectSalesTeamApp-gdnkjitkcbrabhaojmuqlfhmyuhx/Build/Products/Debug-iphonesimulator/PackageFrameworks -F/Users/chirag/Library/Developer/Xcode/DerivedData/DirectSalesTeamApp-gdnkjitkcbrabhaojmuqlfhmyuhx/Build/Products/Debug-iphonesimulator/PackageFrameworks -F/Users/chirag/Library/Developer/Xcode/DerivedData/DirectSalesTeamApp-gdnkjitkcbrabhaojmuqlfhmyuhx/Build/Products/Debug-iphonesimulator/PackageFrameworks -F/Users/chirag/Library/Developer/Xcode/DerivedData/DirectSalesTeamApp-gdnkjitkcbrabhaojmuqlfhmyuhx/Build/Products/Debug-iphonesimulator/PackageFrameworks -F/Users/chirag/Library/Developer/Xcode/DerivedData/DirectSalesTeamApp-gdnkjitkcbrabhaojmuqlfhmyuhx/Build/Products/Debug-iphonesimulator/PackageFrameworks -F/Users/chirag/Library/Developer/Xcode/DerivedData/DirectSalesTeamApp-gdnkjitkcbrabhaojmuqlfhmyuhx/Build/Products/Debug-iphonesimulator/PackageFrameworks -F/Users/chirag/Library/Developer/Xcode/DerivedData/DirectSalesTeamApp-gdnkjitkcbrabhaojmuqlfhmyuhx/Build/Products/Debug-iphonesimulator/PackageFrameworks -F/Users/chirag/Library/Developer/Xcode/DerivedData/DirectSalesTeamApp-gdnkjitkcbrabhaojmuqlfhmyuhx/Build/Products/Debug-iphonesimulator/PackageFrameworks -F/Users/chirag/Library/Developer/Xcode/DerivedData/DirectSalesTeamApp-gdnkjitkcbrabhaojmuqlfhmyuhx/Build/Products/Debug-iphonesimulator/PackageFrameworks -F/Users/chirag/Library/Developer/Xcode/DerivedData/DirectSalesTeamApp-gdnkjitkcbrabhaojmuqlfhmyuhx/Build/Products/Debug-iphonesimulator/PackageFrameworks -F/Users/chirag/Library/Developer/Xcode/DerivedData/DirectSalesTeamApp-gdnkjitkcbrabhaojmuqlfhmyuhx/Build/Products/Debug-iphonesimulator/PackageFrameworks -F/Users/chirag/Library/Developer/Xcode/DerivedData/DirectSalesTeamApp-gdnkjitkcbrabhaojmuqlfhmyuhx/Build/Products/Debug-iphonesimulator/PackageFrameworks -F/Users/chirag/Library/Developer/Xcode/DerivedData/DirectSalesTeamApp-gdnkjitkcbrabhaojmuqlfhmyuhx/Build/Products/Debug-iphonesimulator/PackageFrameworks -F/Users/chirag/Library/Developer/Xcode/DerivedData/DirectSalesTeamApp-gdnkjitkcbrabhaojmuqlfhmyuhx/Build/Products/Debug-iphonesimulator/PackageFrameworks -F/Users/chirag/Library/Developer/Xcode/DerivedData/DirectSalesTeamApp-gdnkjitkcbrabhaojmuqlfhmyuhx/Build/Products/Debug-iphonesimulator/PackageFrameworks -F/Users/chirag/Library/Developer/Xcode/DerivedData/DirectSalesTeamApp-gdnkjitkcbrabhaojmuqlfhmyuhx/Build/Products/Debug-iphonesimulator/PackageFrameworks -F/Users/chirag/Library/Developer/Xcode/DerivedData/DirectSalesTeamApp-gdnkjitkcbrabhaojmuqlfhmyuhx/Build/Products/Debug-iphonesimulator/PackageFrameworks -F/Users/chirag/Library/Developer/Xcode/DerivedData/DirectSalesTeamApp-gdnkjitkcbrabhaojmuqlfhmyuhx/Build/Products/Debug-iphonesimulator/PackageFrameworks -F/Users/chirag/Library/Developer/Xcode/DerivedData/DirectSalesTeamApp-gdnkjitkcbrabhaojmuqlfhmyuhx/Build/Products/Debug-iphonesimulator/PackageFrameworks -F/Users/chirag/Library/Developer/Xcode/DerivedData/DirectSalesTeamApp-gdnkjitkcbrabhaojmuqlfhmyuhx/Build/Products/Debug-iphonesimulator/PackageFrameworks -F/Users/chirag/Library/Developer/Xcode/DerivedData/DirectSalesTeamApp-gdnkjitkcbrabhaojmuqlfhmyuhx/Build/Products/Debug-iphonesimulator/PackageFrameworks -F/Users/chirag/Library/Developer/Xcode/DerivedData/DirectSalesTeamApp-gdnkjitkcbrabhaojmuqlfhmyuhx/Build/Products/Debug-iphonesimulator/PackageFrameworks -F/Users/chirag/Library/Developer/Xcode/DerivedData/DirectSalesTeamApp-gdnkjitkcbrabhaojmuqlfhmyuhx/Build/Products/Debug-iphonesimulator/PackageFrameworks -F/Users/chirag/Library/Developer/Xcode/DerivedData/DirectSalesTeamApp-gdnkjitkcbrabhaojmuqlfhmyuhx/Build/Products/Debug-iphonesimulator/PackageFrameworks -F/Users/chirag/Library/Developer/Xcode/DerivedData/DirectSalesTeamApp-gdnkjitkcbrabhaojmuqlfhmyuhx/Build/Products/Debug-iphonesimulator/PackageFrameworks -F/Users/chirag/Library/Developer/Xcode/DerivedData/DirectSalesTeamApp-gdnkjitkcbrabhaojmuqlfhmyuhx/Build/Products/Debug-iphonesimulator/PackageFrameworks -F/Users/chirag/Library/Developer/Xcode/DerivedData/DirectSalesTeamApp-gdnkjitkcbrabhaojmuqlfhmyuhx/Build/Products/Debug-iphonesimulator/PackageFrameworks -F/Users/chirag/Library/Developer/Xcode/DerivedData/DirectSalesTeamApp-gdnkjitkcbrabhaojmuqlfhmyuhx/Build/Products/Debug-iphonesimulator/PackageFrameworks -F/Users/chirag/Library/Developer/Xcode/DerivedData/DirectSalesTeamApp-gdnkjitkcbrabhaojmuqlfhmyuhx/Build/Products/Debug-iphonesimulator/PackageFrameworks -F/Users/chirag/Library/Developer/Xcode/DerivedData/DirectSalesTeamApp-gdnkjitkcbrabhaojmuqlfhmyuhx/Build/Products/Debug-iphonesimulator/PackageFrameworks -F/Users/chirag/Library/Developer/Xcode/DerivedData/DirectSalesTeamApp-gdnkjitkcbrabhaojmuqlfhmyuhx/Build/Products/Debug-iphonesimulator/PackageFrameworks -F/Users/chirag/Library/Developer/Xcode/DerivedData/DirectSalesTeamApp-gdnkjitkcbrabhaojmuqlfhmyuhx/Build/Products/Debug-iphonesimulator/PackageFrameworks -F/Users/chirag/Library/Developer/Xcode/DerivedData/DirectSalesTeamApp-gdnkjitkcbrabhaojmuqlfhmyuhx/Build/Products/Debug-iphonesimulator/PackageFrameworks -F/Users/chirag/Library/Developer/Xcode/DerivedData/DirectSalesTeamApp-gdnkjitkcbrabhaojmuqlfhmyuhx/Build/Products/Debug-iphonesimulator/PackageFrameworks -F/Users/chirag/Library/Developer/Xcode/DerivedData/DirectSalesTeamApp-gdnkjitkcbrabhaojmuqlfhmyuhx/Build/Products/Debug-iphonesimulator/PackageFrameworks -F/Users/chirag/Library/Developer/Xcode/DerivedData/DirectSalesTeamApp-gdnkjitkcbrabhaojmuqlfhmyuhx/Build/Products/Debug-iphonesimulator/PackageFrameworks -F/Users/chirag/Library/Developer/Xcode/DerivedData/DirectSalesTeamApp-gdnkjitkcbrabhaojmuqlfhmyuhx/Build/Products/Debug-iphonesimulator/PackageFrameworks -F/Users/chirag/Library/Developer/Xcode/DerivedData/DirectSalesTeamApp-gdnkjitkcbrabhaojmuqlfhmyuhx/Build/Products/Debug-iphonesimulator/PackageFrameworks -F/Users/chirag/Library/Developer/Xcode/DerivedData/DirectSalesTeamApp-gdnkjitkcbrabhaojmuqlfhmyuhx/Build/Products/Debug-iphonesimulator/PackageFrameworks -F/Users/chirag/Library/Developer/Xcode/DerivedData/DirectSalesTeamApp-gdnkjitkcbrabhaojmuqlfhmyuhx/Build/Products/Debug-iphonesimulator/PackageFrameworks -F/Users/chirag/Library/Developer/Xcode/DerivedData/DirectSalesTeamApp-gdnkjitkcbrabhaojmuqlfhmyuhx/Build/Products/Debug-iphonesimulator/PackageFrameworks -F/Users/chirag/Library/Developer/Xcode/DerivedData/DirectSalesTeamApp-gdnkjitkcbrabhaojmuqlfhmyuhx/Build/Products/Debug-iphonesimulator/PackageFrameworks -F/Users/chirag/Library/Developer/Xcode/DerivedData/DirectSalesTeamApp-gdnkjitkcbrabhaojmuqlfhmyuhx/Build/Products/Debug-iphonesimulator/PackageFrameworks -F/Users/chirag/Library/Developer/Xcode/DerivedData/DirectSalesTeamApp-gdnkjitkcbrabhaojmuqlfhmyuhx/Build/Products/Debug-iphonesimulator/PackageFrameworks -F/Users/chirag/Library/Developer/Xcode/DerivedData/DirectSalesTeamApp-gdnkjitkcbrabhaojmuqlfhmyuhx/Build/Products/Debug-iphonesimulator/PackageFrameworks -F/Users/chirag/Library/Developer/Xcode/DerivedData/DirectSalesTeamApp-gdnkjitkcbrabhaojmuqlfhmyuhx/Build/Products/Debug-iphonesimulator/PackageFrameworks -F/Users/chirag/Library/Developer/Xcode/DerivedData/DirectSalesTeamApp-gdnkjitkcbrabhaojmuqlfhmyuhx/Build/Products/Debug-iphonesimulator/PackageFrameworks -F/Users/chirag/Library/Developer/Xcode/DerivedData/DirectSalesTeamApp-gdnkjitkcbrabhaojmuqlfhmyuhx/Build/Products/Debug-iphonesimulator/PackageFrameworks -F/Users/chirag/Library/Developer/Xcode/DerivedData/DirectSalesTeamApp-gdnkjitkcbrabhaojmuqlfhmyuhx/Build/Products/Debug-iphonesimulator/PackageFrameworks -F/Users/chirag/Library/Developer/Xcode/DerivedData/DirectSalesTeamApp-gdnkjitkcbrabhaojmuqlfhmyuhx/Build/Products/Debug-iphonesimulator/PackageFrameworks -F/Users/chirag/Library/Developer/Xcode/DerivedData/DirectSalesTeamApp-gdnkjitkcbrabhaojmuqlfhmyuhx/Build/Products/Debug-iphonesimulator/PackageFrameworks -F/Users/chirag/Library/Developer/Xcode/DerivedData/DirectSalesTeamApp-gdnkjitkcbrabhaojmuqlfhmyuhx/Build/Products/Debug-iphonesimulator/PackageFrameworks -F/Users/chirag/Library/Developer/Xcode/DerivedData/DirectSalesTeamApp-gdnkjitkcbrabhaojmuqlfhmyuhx/Build/Products/Debug-iphonesimulator/PackageFrameworks -F/Users/chirag/Library/Developer/Xcode/DerivedData/DirectSalesTeamApp-gdnkjitkcbrabhaojmuqlfhmyuhx/Build/Products/Debug-iphonesimulator -Xlinker -rpath -Xlinker @executable_path -Xlinker -rpath -Xlinker /Users/chirag/Library/Developer/Xcode/DerivedData/DirectSalesTeamApp-gdnkjitkcbrabhaojmuqlfhmyuhx/Build/Products/Debug-iphonesimulator/PackageFrameworks -Xlinker -rpath -Xlinker @executable_path/Frameworks -rdynamic -Xlinker -no_deduplicate -Xlinker -objc_abi_version -Xlinker 2 -e ___debug_blank_executor_main -Xlinker -sectcreate -Xlinker __TEXT -Xlinker __debug_dylib -Xlinker /Users/chirag/Library/Developer/Xcode/DerivedData/DirectSalesTeamApp-gdnkjitkcbrabhaojmuqlfhmyuhx/Build/Intermediates.noindex/DirectSalesTeamApp.build/Debug-iphonesimulator/DirectSalesTeamApp.build/DirectSalesTeamApp-DebugDylibPath-normal-x86_64.txt -Xlinker -sectcreate -Xlinker __TEXT -Xlinker __debug_instlnm -Xlinker /Users/chirag/Library/Developer/Xcode/DerivedData/DirectSalesTeamApp-gdnkjitkcbrabhaojmuqlfhmyuhx/Build/Intermediates.noindex/DirectSalesTeamApp.build/Debug-iphonesimulator/DirectSalesTeamApp.build/DirectSalesTeamApp-DebugDylibInstallName-normal-x86_64.txt -Xlinker -filelist -Xlinker /Users/chirag/Library/Developer/Xcode/DerivedData/DirectSalesTeamApp-gdnkjitkcbrabhaojmuqlfhmyuhx/Build/Intermediates.noindex/DirectSalesTeamApp.build/Debug-iphonesimulator/DirectSalesTeamApp.build/DirectSalesTeamApp-ExecutorLinkFileList-normal-x86_64.txt -Xlinker -sectcreate -Xlinker __TEXT -Xlinker __entitlements -Xlinker /Users/chirag/Library/Developer/Xcode/DerivedData/DirectSalesTeamApp-gdnkjitkcbrabhaojmuqlfhmyuhx/Build/Intermediates.noindex/DirectSalesTeamApp.build/Debug-iphonesimulator/DirectSalesTeamApp.build/DirectSalesTeamApp.app-Simulated.xcent -Xlinker -sectcreate -Xlinker __TEXT -Xlinker __ents_der -Xlinker /Users/chirag/Library/Developer/Xcode/DerivedData/DirectSalesTeamApp-gdnkjitkcbrabhaojmuqlfhmyuhx/Build/Intermediates.noindex/DirectSalesTeamApp.build/Debug-iphonesimulator/DirectSalesTeamApp.build/DirectSalesTeamApp.app-Simulated.xcent.der /Users/chirag/Library/Developer/Xcode/DerivedData/DirectSalesTeamApp-gdnkjitkcbrabhaojmuqlfhmyuhx/Build/Intermediates.noindex/DirectSalesTeamApp.build/Debug-iphonesimulator/DirectSalesTeamApp.build/Objects-normal/x86_64/Binary/DirectSalesTeamApp.debug.dylib -Xlinker -no_adhoc_codesign -o /Users/chirag/Library/Developer/Xcode/DerivedData/DirectSalesTeamApp-gdnkjitkcbrabhaojmuqlfhmyuhx/Build/Intermediates.noindex/DirectSalesTeamApp.build/Debug-iphonesimulator/DirectSalesTeamApp.build/Objects-normal/x86_64/Binary/DirectSalesTeamApp

SwiftDriverJobDiscovery normal arm64 Compiling BreakdownSection.swift, CommissionAnalyticsCard.swift, CommissionCalculatorSheet.swift, LeadDetailViewModel.swift, LeadsViewModel.swift, AddLeadView.swift, DocumentSectionView.swift, EligibilityCheckView.swift, LeadDetailView.swift (in target 'DirectSalesTeamApp' from project 'DirectSalesTeamApp')

SwiftDriver\ Compilation DirectSalesTeamApp normal arm64 com.apple.xcode.tools.swift.compiler (in target 'DirectSalesTeamApp' from project 'DirectSalesTeamApp')
    cd /Users/chirag/Projects/LMS/DirectSalesTeamApp
    builtin-Swift-Compilation -- /Applications/Xcode.app/Contents/Developer/Toolchains/XcodeDefault.xctoolchain/usr/bin/swiftc -module-name DirectSalesTeamApp -Onone -enforce-exclusivity\=checked @/Users/chirag/Library/Developer/Xcode/DerivedData/DirectSalesTeamApp-gdnkjitkcbrabhaojmuqlfhmyuhx/Build/Intermediates.noindex/DirectSalesTeamApp.build/Debug-iphonesimulator/DirectSalesTeamApp.build/Objects-normal/arm64/DirectSalesTeamApp.SwiftFileList -DDEBUG -Xcc -fmodule-map-file\=/Users/chirag/Library/Developer/Xcode/DerivedData/DirectSalesTeamApp-gdnkjitkcbrabhaojmuqlfhmyuhx/Build/Intermediates.noindex/GeneratedModuleMaps-iphonesimulator/CNIOBoringSSLShims.modulemap -Xcc -fmodule-map-file\=/Users/chirag/Library/Developer/Xcode/DerivedData/DirectSalesTeamApp-gdnkjitkcbrabhaojmuqlfhmyuhx/Build/Intermediates.noindex/GeneratedModuleMaps-iphonesimulator/CNIOLLHTTP.modulemap -Xcc -fmodule-map-file\=/Users/chirag/Library/Developer/Xcode/DerivedData/DirectSalesTeamApp-gdnkjitkcbrabhaojmuqlfhmyuhx/Build/Intermediates.noindex/GeneratedModuleMaps-iphonesimulator/CNIOPosix.modulemap -Xcc -fmodule-map-file\=/Users/chirag/Library/Developer/Xcode/DerivedData/DirectSalesTeamApp-gdnkjitkcbrabhaojmuqlfhmyuhx/Build/Intermediates.noindex/GeneratedModuleMaps-iphonesimulator/CNIOWASI.modulemap -Xcc -fmodule-map-file\=/Users/chirag/Library/Developer/Xcode/DerivedData/DirectSalesTeamApp-gdnkjitkcbrabhaojmuqlfhmyuhx/Build/Intermediates.noindex/GeneratedModuleMaps-iphonesimulator/CNIOLinux.modulemap -Xcc -fmodule-map-file\=/Users/chirag/Library/Developer/Xcode/DerivedData/DirectSalesTeamApp-gdnkjitkcbrabhaojmuqlfhmyuhx/Build/Intermediates.noindex/GeneratedModuleMaps-iphonesimulator/CNIODarwin.modulemap -Xcc -fmodule-map-file\=/Users/chirag/Library/Developer/Xcode/DerivedData/DirectSalesTeamApp-gdnkjitkcbrabhaojmuqlfhmyuhx/Build/Intermediates.noindex/GeneratedModuleMaps-iphonesimulator/CNIOOpenBSD.modulemap -Xcc -fmodule-map-file\=/Users/chirag/Library/Developer/Xcode/DerivedData/DirectSalesTeamApp-gdnkjitkcbrabhaojmuqlfhmyuhx/Build/Intermediates.noindex/GeneratedModuleMaps-iphonesimulator/CNIOAtomics.modulemap -Xcc -fmodule-map-file\=/Users/chirag/Library/Developer/Xcode/DerivedData/DirectSalesTeamApp-gdnkjitkcbrabhaojmuqlfhmyuhx/Build/Intermediates.noindex/GeneratedModuleMaps-iphonesimulator/CGRPCNIOTransportZlib.modulemap -enable-bare-slash-regex -enable-upcoming-feature DisableOutwardActorInference -enable-upcoming-feature InferSendableFromCaptures -enable-upcoming-feature GlobalActorIsolatedTypesUsability -enable-upcoming-feature MemberImportVisibility -enable-upcoming-feature InferIsolatedConformances -enable-upcoming-feature NonisolatedNonsendingByDefault -enable-experimental-feature DebugDescriptionMacro -sdk /Applications/Xcode.app/Contents/Developer/Platforms/iPhoneSimulator.platform/Developer/SDKs/iPhoneSimulator26.2.sdk -target arm64-apple-ios26-simulator -g -module-cache-path /Users/chirag/Library/Developer/Xcode/DerivedData/ModuleCache.noindex -Xfrontend -serialize-debugging-options -enable-testing -index-store-path /Users/chirag/Library/Developer/Xcode/DerivedData/DirectSalesTeamApp-gdnkjitkcbrabhaojmuqlfhmyuhx/Index.noindex/DataStore -Xcc -D_LIBCPP_HARDENING_MODE\=_LIBCPP_HARDENING_MODE_DEBUG -swift-version 5 -I /Users/chirag/Library/Developer/Xcode/DerivedData/DirectSalesTeamApp-gdnkjitkcbrabhaojmuqlfhmyuhx/Build/Products/Debug-iphonesimulator -F /Users/chirag/Library/Developer/Xcode/DerivedData/DirectSalesTeamApp-gdnkjitkcbrabhaojmuqlfhmyuhx/Build/Products/Debug-iphonesimulator/PackageFrameworks -F /Users/chirag/Library/Developer/Xcode/DerivedData/DirectSalesTeamApp-gdnkjitkcbrabhaojmuqlfhmyuhx/Build/Products/Debug-iphonesimulator/PackageFrameworks -F /Users/chirag/Library/Developer/Xcode/DerivedData/DirectSalesTeamApp-gdnkjitkcbrabhaojmuqlfhmyuhx/Build/Products/Debug-iphonesimulator/PackageFrameworks -F /Users/chirag/Library/Developer/Xcode/DerivedData/DirectSalesTeamApp-gdnkjitkcbrabhaojmuqlfhmyuhx/Build/Products/Debug-iphonesimulator/PackageFrameworks -F /Users/chirag/Library/Developer/Xcode/DerivedData/DirectSalesTeamApp-gdnkjitkcbrabhaojmuqlfhmyuhx/Build/Products/Debug-iphonesimulator/PackageFrameworks -F /Users/chirag/Library/Developer/Xcode/DerivedData/DirectSalesTeamApp-gdnkjitkcbrabhaojmuqlfhmyuhx/Build/Products/Debug-iphonesimulator/PackageFrameworks -F /Users/chirag/Library/Developer/Xcode/DerivedData/DirectSalesTeamApp-gdnkjitkcbrabhaojmuqlfhmyuhx/Build/Products/Debug-iphonesimulator/PackageFrameworks -F /Users/chirag/Library/Developer/Xcode/DerivedData/DirectSalesTeamApp-gdnkjitkcbrabhaojmuqlfhmyuhx/Build/Products/Debug-iphonesimulator/PackageFrameworks -F /Users/chirag/Library/Developer/Xcode/DerivedData/DirectSalesTeamApp-gdnkjitkcbrabhaojmuqlfhmyuhx/Build/Products/Debug-iphonesimulator/PackageFrameworks -F /Users/chirag/Library/Developer/Xcode/DerivedData/DirectSalesTeamApp-gdnkjitkcbrabhaojmuqlfhmyuhx/Build/Products/Debug-iphonesimulator/PackageFrameworks -F /Users/chirag/Library/Developer/Xcode/DerivedData/DirectSalesTeamApp-gdnkjitkcbrabhaojmuqlfhmyuhx/Build/Products/Debug-iphonesimulator/PackageFrameworks -F /Users/chirag/Library/Developer/Xcode/DerivedData/DirectSalesTeamApp-gdnkjitkcbrabhaojmuqlfhmyuhx/Build/Products/Debug-iphonesimulator/PackageFrameworks -F /Users/chirag/Library/Developer/Xcode/DerivedData/DirectSalesTeamApp-gdnkjitkcbrabhaojmuqlfhmyuhx/Build/Products/Debug-iphonesimulator/PackageFrameworks -F /Users/chirag/Library/Developer/Xcode/DerivedData/DirectSalesTeamApp-gdnkjitkcbrabhaojmuqlfhmyuhx/Build/Products/Debug-iphonesimulator/PackageFrameworks -F /Users/chirag/Library/Developer/Xcode/DerivedData/DirectSalesTeamApp-gdnkjitkcbrabhaojmuqlfhmyuhx/Build/Products/Debug-iphonesimulator/PackageFrameworks -F /Users/chirag/Library/Developer/Xcode/DerivedData/DirectSalesTeamApp-gdnkjitkcbrabhaojmuqlfhmyuhx/Build/Products/Debug-iphonesimulator/PackageFrameworks -F /Users/chirag/Library/Developer/Xcode/DerivedData/DirectSalesTeamApp-gdnkjitkcbrabhaojmuqlfhmyuhx/Build/Products/Debug-iphonesimulator/PackageFrameworks -F /Users/chirag/Library/Developer/Xcode/DerivedData/DirectSalesTeamApp-gdnkjitkcbrabhaojmuqlfhmyuhx/Build/Products/Debug-iphonesimulator/PackageFrameworks -F /Users/chirag/Library/Developer/Xcode/DerivedData/DirectSalesTeamApp-gdnkjitkcbrabhaojmuqlfhmyuhx/Build/Products/Debug-iphonesimulator/PackageFrameworks -F /Users/chirag/Library/Developer/Xcode/DerivedData/DirectSalesTeamApp-gdnkjitkcbrabhaojmuqlfhmyuhx/Build/Products/Debug-iphonesimulator/PackageFrameworks -F /Users/chirag/Library/Developer/Xcode/DerivedData/DirectSalesTeamApp-gdnkjitkcbrabhaojmuqlfhmyuhx/Build/Products/Debug-iphonesimulator/PackageFrameworks -F /Users/chirag/Library/Developer/Xcode/DerivedData/DirectSalesTeamApp-gdnkjitkcbrabhaojmuqlfhmyuhx/Build/Products/Debug-iphonesimulator/PackageFrameworks -F /Users/chirag/Library/Developer/Xcode/DerivedData/DirectSalesTeamApp-gdnkjitkcbrabhaojmuqlfhmyuhx/Build/Products/Debug-iphonesimulator/PackageFrameworks -F /Users/chirag/Library/Developer/Xcode/DerivedData/DirectSalesTeamApp-gdnkjitkcbrabhaojmuqlfhmyuhx/Build/Products/Debug-iphonesimulator/PackageFrameworks -F /Users/chirag/Library/Developer/Xcode/DerivedData/DirectSalesTeamApp-gdnkjitkcbrabhaojmuqlfhmyuhx/Build/Products/Debug-iphonesimulator/PackageFrameworks -F /Users/chirag/Library/Developer/Xcode/DerivedData/DirectSalesTeamApp-gdnkjitkcbrabhaojmuqlfhmyuhx/Build/Products/Debug-iphonesimulator/PackageFrameworks -F /Users/chirag/Library/Developer/Xcode/DerivedData/DirectSalesTeamApp-gdnkjitkcbrabhaojmuqlfhmyuhx/Build/Products/Debug-iphonesimulator/PackageFrameworks -F /Users/chirag/Library/Developer/Xcode/DerivedData/DirectSalesTeamApp-gdnkjitkcbrabhaojmuqlfhmyuhx/Build/Products/Debug-iphonesimulator/PackageFrameworks -F /Users/chirag/Library/Developer/Xcode/DerivedData/DirectSalesTeamApp-gdnkjitkcbrabhaojmuqlfhmyuhx/Build/Products/Debug-iphonesimulator/PackageFrameworks -F /Users/chirag/Library/Developer/Xcode/DerivedData/DirectSalesTeamApp-gdnkjitkcbrabhaojmuqlfhmyuhx/Build/Products/Debug-iphonesimulator/PackageFrameworks -F /Users/chirag/Library/Developer/Xcode/DerivedData/DirectSalesTeamApp-gdnkjitkcbrabhaojmuqlfhmyuhx/Build/Products/Debug-iphonesimulator/PackageFrameworks -F /Users/chirag/Library/Developer/Xcode/DerivedData/DirectSalesTeamApp-gdnkjitkcbrabhaojmuqlfhmyuhx/Build/Products/Debug-iphonesimulator/PackageFrameworks -F /Users/chirag/Library/Developer/Xcode/DerivedData/DirectSalesTeamApp-gdnkjitkcbrabhaojmuqlfhmyuhx/Build/Products/Debug-iphonesimulator/PackageFrameworks -F /Users/chirag/Library/Developer/Xcode/DerivedData/DirectSalesTeamApp-gdnkjitkcbrabhaojmuqlfhmyuhx/Build/Products/Debug-iphonesimulator/PackageFrameworks -F /Users/chirag/Library/Developer/Xcode/DerivedData/DirectSalesTeamApp-gdnkjitkcbrabhaojmuqlfhmyuhx/Build/Products/Debug-iphonesimulator/PackageFrameworks -F /Users/chirag/Library/Developer/Xcode/DerivedData/DirectSalesTeamApp-gdnkjitkcbrabhaojmuqlfhmyuhx/Build/Products/Debug-iphonesimulator/PackageFrameworks -F /Users/chirag/Library/Developer/Xcode/DerivedData/DirectSalesTeamApp-gdnkjitkcbrabhaojmuqlfhmyuhx/Build/Products/Debug-iphonesimulator/PackageFrameworks -F /Users/chirag/Library/Developer/Xcode/DerivedData/DirectSalesTeamApp-gdnkjitkcbrabhaojmuqlfhmyuhx/Build/Products/Debug-iphonesimulator/PackageFrameworks -F /Users/chirag/Library/Developer/Xcode/DerivedData/DirectSalesTeamApp-gdnkjitkcbrabhaojmuqlfhmyuhx/Build/Products/Debug-iphonesimulator/PackageFrameworks -F /Users/chirag/Library/Developer/Xcode/DerivedData/DirectSalesTeamApp-gdnkjitkcbrabhaojmuqlfhmyuhx/Build/Products/Debug-iphonesimulator/PackageFrameworks -F /Users/chirag/Library/Developer/Xcode/DerivedData/DirectSalesTeamApp-gdnkjitkcbrabhaojmuqlfhmyuhx/Build/Products/Debug-iphonesimulator/PackageFrameworks -F /Users/chirag/Library/Developer/Xcode/DerivedData/DirectSalesTeamApp-gdnkjitkcbrabhaojmuqlfhmyuhx/Build/Products/Debug-iphonesimulator/PackageFrameworks -F /Users/chirag/Library/Developer/Xcode/DerivedData/DirectSalesTeamApp-gdnkjitkcbrabhaojmuqlfhmyuhx/Build/Products/Debug-iphonesimulator/PackageFrameworks -F /Users/chirag/Library/Developer/Xcode/DerivedData/DirectSalesTeamApp-gdnkjitkcbrabhaojmuqlfhmyuhx/Build/Products/Debug-iphonesimulator/PackageFrameworks -F /Users/chirag/Library/Developer/Xcode/DerivedData/DirectSalesTeamApp-gdnkjitkcbrabhaojmuqlfhmyuhx/Build/Products/Debug-iphonesimulator/PackageFrameworks -F /Users/chirag/Library/Developer/Xcode/DerivedData/DirectSalesTeamApp-gdnkjitkcbrabhaojmuqlfhmyuhx/Build/Products/Debug-iphonesimulator/PackageFrameworks -F /Users/chirag/Library/Developer/Xcode/DerivedData/DirectSalesTeamApp-gdnkjitkcbrabhaojmuqlfhmyuhx/Build/Products/Debug-iphonesimulator/PackageFrameworks -F /Users/chirag/Library/Developer/Xcode/DerivedData/DirectSalesTeamApp-gdnkjitkcbrabhaojmuqlfhmyuhx/Build/Products/Debug-iphonesimulator/PackageFrameworks -F /Users/chirag/Library/Developer/Xcode/DerivedData/DirectSalesTeamApp-gdnkjitkcbrabhaojmuqlfhmyuhx/Build/Products/Debug-iphonesimulator/PackageFrameworks -F /Users/chirag/Library/Developer/Xcode/DerivedData/DirectSalesTeamApp-gdnkjitkcbrabhaojmuqlfhmyuhx/Build/Products/Debug-iphonesimulator/PackageFrameworks -F /Users/chirag/Library/Developer/Xcode/DerivedData/DirectSalesTeamApp-gdnkjitkcbrabhaojmuqlfhmyuhx/Build/Products/Debug-iphonesimulator/PackageFrameworks -F /Users/chirag/Library/Developer/Xcode/DerivedData/DirectSalesTeamApp-gdnkjitkcbrabhaojmuqlfhmyuhx/Build/Products/Debug-iphonesimulator/PackageFrameworks -F /Users/chirag/Library/Developer/Xcode/DerivedData/DirectSalesTeamApp-gdnkjitkcbrabhaojmuqlfhmyuhx/Build/Products/Debug-iphonesimulator/PackageFrameworks -F /Users/chirag/Library/Developer/Xcode/DerivedData/DirectSalesTeamApp-gdnkjitkcbrabhaojmuqlfhmyuhx/Build/Products/Debug-iphonesimulator/PackageFrameworks -F /Users/chirag/Library/Developer/Xcode/DerivedData/DirectSalesTeamApp-gdnkjitkcbrabhaojmuqlfhmyuhx/Build/Products/Debug-iphonesimulator/PackageFrameworks -F /Users/chirag/Library/Developer/Xcode/DerivedData/DirectSalesTeamApp-gdnkjitkcbrabhaojmuqlfhmyuhx/Build/Products/Debug-iphonesimulator/PackageFrameworks -F /Users/chirag/Library/Developer/Xcode/DerivedData/DirectSalesTeamApp-gdnkjitkcbrabhaojmuqlfhmyuhx/Build/Products/Debug-iphonesimulator/PackageFrameworks -F /Users/chirag/Library/Developer/Xcode/DerivedData/DirectSalesTeamApp-gdnkjitkcbrabhaojmuqlfhmyuhx/Build/Products/Debug-iphonesimulator -emit-localized-strings -emit-localized-strings-path /Users/chirag/Library/Developer/Xcode/DerivedData/DirectSalesTeamApp-gdnkjitkcbrabhaojmuqlfhmyuhx/Build/Intermediates.noindex/DirectSalesTeamApp.build/Debug-iphonesimulator/DirectSalesTeamApp.build/Objects-normal/arm64 -c -j8 -enable-batch-mode -incremental -Xcc -ivfsstatcache -Xcc /Users/chirag/Library/Developer/Xcode/DerivedData/SDKStatCaches.noindex/iphonesimulator26.2-23C57-7d00a8b37fbd7999ea79df8ebc024bf0.sdkstatcache -output-file-map /Users/chirag/Library/Developer/Xcode/DerivedData/DirectSalesTeamApp-gdnkjitkcbrabhaojmuqlfhmyuhx/Build/Intermediates.noindex/DirectSalesTeamApp.build/Debug-iphonesimulator/DirectSalesTeamApp.build/Objects-normal/arm64/DirectSalesTeamApp-OutputFileMap.json -use-frontend-parseable-output -save-temps -no-color-diagnostics -explicit-module-build -module-cache-path /Users/chirag/Library/Developer/Xcode/DerivedData/DirectSalesTeamApp-gdnkjitkcbrabhaojmuqlfhmyuhx/Build/Intermediates.noindex/SwiftExplicitPrecompiledModules -clang-scanner-module-cache-path /Users/chirag/Library/Developer/Xcode/DerivedData/ModuleCache.noindex -sdk-module-cache-path /Users/chirag/Library/Developer/Xcode/DerivedData/ModuleCache.noindex -serialize-diagnostics -emit-dependencies -emit-module -emit-module-path /Users/chirag/Library/Developer/Xcode/DerivedData/DirectSalesTeamApp-gdnkjitkcbrabhaojmuqlfhmyuhx/Build/Intermediates.noindex/DirectSalesTeamApp.build/Debug-iphonesimulator/DirectSalesTeamApp.build/Objects-normal/arm64/DirectSalesTeamApp.swiftmodule -validate-clang-modules-once -clang-build-session-file /Users/chirag/Library/Developer/Xcode/DerivedData/ModuleCache.noindex/Session.modulevalidation -Xcc -I/Users/chirag/Library/Developer/Xcode/DerivedData/DirectSalesTeamApp-gdnkjitkcbrabhaojmuqlfhmyuhx/Build/Intermediates.noindex/DirectSalesTeamApp.build/Debug-iphonesimulator/DirectSalesTeamApp.build/swift-overrides.hmap -emit-const-values -Xfrontend -const-gather-protocols-file -Xfrontend /Users/chirag/Library/Developer/Xcode/DerivedData/DirectSalesTeamApp-gdnkjitkcbrabhaojmuqlfhmyuhx/Build/Intermediates.noindex/DirectSalesTeamApp.build/Debug-iphonesimulator/DirectSalesTeamApp.build/Objects-normal/arm64/DirectSalesTeamApp_const_extract_protocols.json -Xcc -iquote -Xcc /Users/chirag/Library/Developer/Xcode/DerivedData/DirectSalesTeamApp-gdnkjitkcbrabhaojmuqlfhmyuhx/Build/Intermediates.noindex/DirectSalesTeamApp.build/Debug-iphonesimulator/DirectSalesTeamApp.build/DirectSalesTeamApp-generated-files.hmap -Xcc -I/Users/chirag/Library/Developer/Xcode/DerivedData/DirectSalesTeamApp-gdnkjitkcbrabhaojmuqlfhmyuhx/Build/Intermediates.noindex/DirectSalesTeamApp.build/Debug-iphonesimulator/DirectSalesTeamApp.build/DirectSalesTeamApp-own-target-headers.hmap -Xcc -I/Users/chirag/Library/Developer/Xcode/DerivedData/DirectSalesTeamApp-gdnkjitkcbrabhaojmuqlfhmyuhx/Build/Intermediates.noindex/DirectSalesTeamApp.build/Debug-iphonesimulator/DirectSalesTeamApp.build/DirectSalesTeamApp-all-non-framework-target-headers.hmap -Xcc -ivfsoverlay -Xcc /Users/chirag/Library/Developer/Xcode/DerivedData/DirectSalesTeamApp-gdnkjitkcbrabhaojmuqlfhmyuhx/Build/Intermediates.noindex/DirectSalesTeamApp.build/Debug-iphonesimulator/DirectSalesTeamApp-455db5cdd7fc9239fae60756e042806a-VFS-iphonesimulator/all-product-headers.yaml -Xcc -iquote -Xcc /Users/chirag/Library/Developer/Xcode/DerivedData/DirectSalesTeamApp-gdnkjitkcbrabhaojmuqlfhmyuhx/Build/Intermediates.noindex/DirectSalesTeamApp.build/Debug-iphonesimulator/DirectSalesTeamApp.build/DirectSalesTeamApp-project-headers.hmap -Xcc -I/Users/chirag/Library/Developer/Xcode/DerivedData/DirectSalesTeamApp-gdnkjitkcbrabhaojmuqlfhmyuhx/SourcePackages/checkouts/swift-nio-ssl/Sources/CNIOBoringSSLShims/include -Xcc -I/Users/chirag/Library/Developer/Xcode/DerivedData/DirectSalesTeamApp-gdnkjitkcbrabhaojmuqlfhmyuhx/SourcePackages/checkouts/swift-nio-ssl/Sources/CNIOBoringSSL/include -Xcc -I/Users/chirag/Library/Developer/Xcode/DerivedData/DirectSalesTeamApp-gdnkjitkcbrabhaojmuqlfhmyuhx/SourcePackages/checkouts/swift-crypto/Sources/CCryptoBoringSSLShims/include -Xcc -I/Users/chirag/Library/Developer/Xcode/DerivedData/DirectSalesTeamApp-gdnkjitkcbrabhaojmuqlfhmyuhx/SourcePackages/checkouts/swift-crypto/Sources/CCryptoBoringSSL/include -Xcc -I/Users/chirag/Library/Developer/Xcode/DerivedData/DirectSalesTeamApp-gdnkjitkcbrabhaojmuqlfhmyuhx/SourcePackages/checkouts/swift-nio/Sources/CNIOLLHTTP/include -Xcc -I/Users/chirag/Library/Developer/Xcode/DerivedData/DirectSalesTeamApp-gdnkjitkcbrabhaojmuqlfhmyuhx/SourcePackages/checkouts/swift-nio/Sources/CNIOPosix/include -Xcc -I/Users/chirag/Library/Developer/Xcode/DerivedData/DirectSalesTeamApp-gdnkjitkcbrabhaojmuqlfhmyuhx/SourcePackages/checkouts/swift-nio/Sources/CNIOWASI/include -Xcc -I/Users/chirag/Library/Developer/Xcode/DerivedData/DirectSalesTeamApp-gdnkjitkcbrabhaojmuqlfhmyuhx/SourcePackages/checkouts/swift-nio/Sources/CNIOWindows/include -Xcc -I/Users/chirag/Library/Developer/Xcode/DerivedData/DirectSalesTeamApp-gdnkjitkcbrabhaojmuqlfhmyuhx/SourcePackages/checkouts/swift-nio/Sources/CNIOLinux/include -Xcc -I/Users/chirag/Library/Developer/Xcode/DerivedData/DirectSalesTeamApp-gdnkjitkcbrabhaojmuqlfhmyuhx/SourcePackages/checkouts/swift-nio/Sources/CNIODarwin/include -Xcc -I/Users/chirag/Library/Developer/Xcode/DerivedData/DirectSalesTeamApp-gdnkjitkcbrabhaojmuqlfhmyuhx/SourcePackages/checkouts/swift-nio/Sources/CNIOOpenBSD/include -Xcc -I/Users/chirag/Library/Developer/Xcode/DerivedData/DirectSalesTeamApp-gdnkjitkcbrabhaojmuqlfhmyuhx/SourcePackages/checkouts/swift-nio/Sources/CNIOAtomics/include -Xcc -I/Users/chirag/Library/Developer/Xcode/DerivedData/DirectSalesTeamApp-gdnkjitkcbrabhaojmuqlfhmyuhx/SourcePackages/checkouts/swift-atomics/Sources/_AtomicsShims/include -Xcc -I/Users/chirag/Library/Developer/Xcode/DerivedData/DirectSalesTeamApp-gdnkjitkcbrabhaojmuqlfhmyuhx/SourcePackages/checkouts/grpc-swift-nio-transport/Sources/CGRPCNIOTransportZlib/include -Xcc -I/Users/chirag/Library/Developer/Xcode/DerivedData/DirectSalesTeamApp-gdnkjitkcbrabhaojmuqlfhmyuhx/Build/Products/Debug-iphonesimulator/include -Xcc -I/Users/chirag/Library/Developer/Xcode/DerivedData/DirectSalesTeamApp-gdnkjitkcbrabhaojmuqlfhmyuhx/Build/Intermediates.noindex/DirectSalesTeamApp.build/Debug-iphonesimulator/DirectSalesTeamApp.build/DerivedSources-normal/arm64 -Xcc -I/Users/chirag/Library/Developer/Xcode/DerivedData/DirectSalesTeamApp-gdnkjitkcbrabhaojmuqlfhmyuhx/Build/Intermediates.noindex/DirectSalesTeamApp.build/Debug-iphonesimulator/DirectSalesTeamApp.build/DerivedSources/arm64 -Xcc -I/Users/chirag/Library/Developer/Xcode/DerivedData/DirectSalesTeamApp-gdnkjitkcbrabhaojmuqlfhmyuhx/Build/Intermediates.noindex/DirectSalesTeamApp.build/Debug-iphonesimulator/DirectSalesTeamApp.build/DerivedSources -Xcc -DDEBUG\=1 -emit-objc-header -emit-objc-header-path /Users/chirag/Library/Developer/Xcode/DerivedData/DirectSalesTeamApp-gdnkjitkcbrabhaojmuqlfhmyuhx/Build/Intermediates.noindex/DirectSalesTeamApp.build/Debug-iphonesimulator/DirectSalesTeamApp.build/Objects-normal/arm64/DirectSalesTeamApp-Swift.h -working-directory /Users/chirag/Projects/LMS/DirectSalesTeamApp -experimental-emit-module-separately -disable-cmo

Ld /Users/chirag/Library/Developer/Xcode/DerivedData/DirectSalesTeamApp-gdnkjitkcbrabhaojmuqlfhmyuhx/Build/Intermediates.noindex/DirectSalesTeamApp.build/Debug-iphonesimulator/DirectSalesTeamApp.build/Objects-normal/arm64/Binary/DirectSalesTeamApp.debug.dylib normal arm64 (in target 'DirectSalesTeamApp' from project 'DirectSalesTeamApp')
    cd /Users/chirag/Projects/LMS/DirectSalesTeamApp
    /Applications/Xcode.app/Contents/Developer/Toolchains/XcodeDefault.xctoolchain/usr/bin/clang -Xlinker -reproducible -target arm64-apple-ios26-simulator -dynamiclib -isysroot /Applications/Xcode.app/Contents/Developer/Platforms/iPhoneSimulator.platform/Developer/SDKs/iPhoneSimulator26.2.sdk -O0 -L/Users/chirag/Library/Developer/Xcode/DerivedData/DirectSalesTeamApp-gdnkjitkcbrabhaojmuqlfhmyuhx/Build/Intermediates.noindex/EagerLinkingTBDs/Debug-iphonesimulator -L/Users/chirag/Library/Developer/Xcode/DerivedData/DirectSalesTeamApp-gdnkjitkcbrabhaojmuqlfhmyuhx/Build/Products/Debug-iphonesimulator -F/Users/chirag/Library/Developer/Xcode/DerivedData/DirectSalesTeamApp-gdnkjitkcbrabhaojmuqlfhmyuhx/Build/Intermediates.noindex/EagerLinkingTBDs/Debug-iphonesimulator -F/Users/chirag/Library/Developer/Xcode/DerivedData/DirectSalesTeamApp-gdnkjitkcbrabhaojmuqlfhmyuhx/Build/Products/Debug-iphonesimulator/PackageFrameworks -F/Users/chirag/Library/Developer/Xcode/DerivedData/DirectSalesTeamApp-gdnkjitkcbrabhaojmuqlfhmyuhx/Build/Products/Debug-iphonesimulator/PackageFrameworks -F/Users/chirag/Library/Developer/Xcode/DerivedData/DirectSalesTeamApp-gdnkjitkcbrabhaojmuqlfhmyuhx/Build/Products/Debug-iphonesimulator/PackageFrameworks -F/Users/chirag/Library/Developer/Xcode/DerivedData/DirectSalesTeamApp-gdnkjitkcbrabhaojmuqlfhmyuhx/Build/Products/Debug-iphonesimulator/PackageFrameworks -F/Users/chirag/Library/Developer/Xcode/DerivedData/DirectSalesTeamApp-gdnkjitkcbrabhaojmuqlfhmyuhx/Build/Products/Debug-iphonesimulator/PackageFrameworks -F/Users/chirag/Library/Developer/Xcode/DerivedData/DirectSalesTeamApp-gdnkjitkcbrabhaojmuqlfhmyuhx/Build/Products/Debug-iphonesimulator/PackageFrameworks -F/Users/chirag/Library/Developer/Xcode/DerivedData/DirectSalesTeamApp-gdnkjitkcbrabhaojmuqlfhmyuhx/Build/Products/Debug-iphonesimulator/PackageFrameworks -F/Users/chirag/Library/Developer/Xcode/DerivedData/DirectSalesTeamApp-gdnkjitkcbrabhaojmuqlfhmyuhx/Build/Products/Debug-iphonesimulator/PackageFrameworks -F/Users/chirag/Library/Developer/Xcode/DerivedData/DirectSalesTeamApp-gdnkjitkcbrabhaojmuqlfhmyuhx/Build/Products/Debug-iphonesimulator/PackageFrameworks -F/Users/chirag/Library/Developer/Xcode/DerivedData/DirectSalesTeamApp-gdnkjitkcbrabhaojmuqlfhmyuhx/Build/Products/Debug-iphonesimulator/PackageFrameworks -F/Users/chirag/Library/Developer/Xcode/DerivedData/DirectSalesTeamApp-gdnkjitkcbrabhaojmuqlfhmyuhx/Build/Products/Debug-iphonesimulator/PackageFrameworks -F/Users/chirag/Library/Developer/Xcode/DerivedData/DirectSalesTeamApp-gdnkjitkcbrabhaojmuqlfhmyuhx/Build/Products/Debug-iphonesimulator/PackageFrameworks -F/Users/chirag/Library/Developer/Xcode/DerivedData/DirectSalesTeamApp-gdnkjitkcbrabhaojmuqlfhmyuhx/Build/Products/Debug-iphonesimulator/PackageFrameworks -F/Users/chirag/Library/Developer/Xcode/DerivedData/DirectSalesTeamApp-gdnkjitkcbrabhaojmuqlfhmyuhx/Build/Products/Debug-iphonesimulator/PackageFrameworks -F/Users/chirag/Library/Developer/Xcode/DerivedData/DirectSalesTeamApp-gdnkjitkcbrabhaojmuqlfhmyuhx/Build/Products/Debug-iphonesimulator/PackageFrameworks -F/Users/chirag/Library/Developer/Xcode/DerivedData/DirectSalesTeamApp-gdnkjitkcbrabhaojmuqlfhmyuhx/Build/Products/Debug-iphonesimulator/PackageFrameworks -F/Users/chirag/Library/Developer/Xcode/DerivedData/DirectSalesTeamApp-gdnkjitkcbrabhaojmuqlfhmyuhx/Build/Products/Debug-iphonesimulator/PackageFrameworks -F/Users/chirag/Library/Developer/Xcode/DerivedData/DirectSalesTeamApp-gdnkjitkcbrabhaojmuqlfhmyuhx/Build/Products/Debug-iphonesimulator/PackageFrameworks -F/Users/chirag/Library/Developer/Xcode/DerivedData/DirectSalesTeamApp-gdnkjitkcbrabhaojmuqlfhmyuhx/Build/Products/Debug-iphonesimulator/PackageFrameworks -F/Users/chirag/Library/Developer/Xcode/DerivedData/DirectSalesTeamApp-gdnkjitkcbrabhaojmuqlfhmyuhx/Build/Products/Debug-iphonesimulator/PackageFrameworks -F/Users/chirag/Library/Developer/Xcode/DerivedData/DirectSalesTeamApp-gdnkjitkcbrabhaojmuqlfhmyuhx/Build/Products/Debug-iphonesimulator/PackageFrameworks -F/Users/chirag/Library/Developer/Xcode/DerivedData/DirectSalesTeamApp-gdnkjitkcbrabhaojmuqlfhmyuhx/Build/Products/Debug-iphonesimulator/PackageFrameworks -F/Users/chirag/Library/Developer/Xcode/DerivedData/DirectSalesTeamApp-gdnkjitkcbrabhaojmuqlfhmyuhx/Build/Products/Debug-iphonesimulator/PackageFrameworks -F/Users/chirag/Library/Developer/Xcode/DerivedData/DirectSalesTeamApp-gdnkjitkcbrabhaojmuqlfhmyuhx/Build/Products/Debug-iphonesimulator/PackageFrameworks -F/Users/chirag/Library/Developer/Xcode/DerivedData/DirectSalesTeamApp-gdnkjitkcbrabhaojmuqlfhmyuhx/Build/Products/Debug-iphonesimulator/PackageFrameworks -F/Users/chirag/Library/Developer/Xcode/DerivedData/DirectSalesTeamApp-gdnkjitkcbrabhaojmuqlfhmyuhx/Build/Products/Debug-iphonesimulator/PackageFrameworks -F/Users/chirag/Library/Developer/Xcode/DerivedData/DirectSalesTeamApp-gdnkjitkcbrabhaojmuqlfhmyuhx/Build/Products/Debug-iphonesimulator/PackageFrameworks -F/Users/chirag/Library/Developer/Xcode/DerivedData/DirectSalesTeamApp-gdnkjitkcbrabhaojmuqlfhmyuhx/Build/Products/Debug-iphonesimulator/PackageFrameworks -F/Users/chirag/Library/Developer/Xcode/DerivedData/DirectSalesTeamApp-gdnkjitkcbrabhaojmuqlfhmyuhx/Build/Products/Debug-iphonesimulator/PackageFrameworks -F/Users/chirag/Library/Developer/Xcode/DerivedData/DirectSalesTeamApp-gdnkjitkcbrabhaojmuqlfhmyuhx/Build/Products/Debug-iphonesimulator/PackageFrameworks -F/Users/chirag/Library/Developer/Xcode/DerivedData/DirectSalesTeamApp-gdnkjitkcbrabhaojmuqlfhmyuhx/Build/Products/Debug-iphonesimulator/PackageFrameworks -F/Users/chirag/Library/Developer/Xcode/DerivedData/DirectSalesTeamApp-gdnkjitkcbrabhaojmuqlfhmyuhx/Build/Products/Debug-iphonesimulator/PackageFrameworks -F/Users/chirag/Library/Developer/Xcode/DerivedData/DirectSalesTeamApp-gdnkjitkcbrabhaojmuqlfhmyuhx/Build/Products/Debug-iphonesimulator/PackageFrameworks -F/Users/chirag/Library/Developer/Xcode/DerivedData/DirectSalesTeamApp-gdnkjitkcbrabhaojmuqlfhmyuhx/Build/Products/Debug-iphonesimulator/PackageFrameworks -F/Users/chirag/Library/Developer/Xcode/DerivedData/DirectSalesTeamApp-gdnkjitkcbrabhaojmuqlfhmyuhx/Build/Products/Debug-iphonesimulator/PackageFrameworks -F/Users/chirag/Library/Developer/Xcode/DerivedData/DirectSalesTeamApp-gdnkjitkcbrabhaojmuqlfhmyuhx/Build/Products/Debug-iphonesimulator/PackageFrameworks -F/Users/chirag/Library/Developer/Xcode/DerivedData/DirectSalesTeamApp-gdnkjitkcbrabhaojmuqlfhmyuhx/Build/Products/Debug-iphonesimulator/PackageFrameworks -F/Users/chirag/Library/Developer/Xcode/DerivedData/DirectSalesTeamApp-gdnkjitkcbrabhaojmuqlfhmyuhx/Build/Products/Debug-iphonesimulator/PackageFrameworks -F/Users/chirag/Library/Developer/Xcode/DerivedData/DirectSalesTeamApp-gdnkjitkcbrabhaojmuqlfhmyuhx/Build/Products/Debug-iphonesimulator/PackageFrameworks -F/Users/chirag/Library/Developer/Xcode/DerivedData/DirectSalesTeamApp-gdnkjitkcbrabhaojmuqlfhmyuhx/Build/Products/Debug-iphonesimulator/PackageFrameworks -F/Users/chirag/Library/Developer/Xcode/DerivedData/DirectSalesTeamApp-gdnkjitkcbrabhaojmuqlfhmyuhx/Build/Products/Debug-iphonesimulator/PackageFrameworks -F/Users/chirag/Library/Developer/Xcode/DerivedData/DirectSalesTeamApp-gdnkjitkcbrabhaojmuqlfhmyuhx/Build/Products/Debug-iphonesimulator/PackageFrameworks -F/Users/chirag/Library/Developer/Xcode/DerivedData/DirectSalesTeamApp-gdnkjitkcbrabhaojmuqlfhmyuhx/Build/Products/Debug-iphonesimulator/PackageFrameworks -F/Users/chirag/Library/Developer/Xcode/DerivedData/DirectSalesTeamApp-gdnkjitkcbrabhaojmuqlfhmyuhx/Build/Products/Debug-iphonesimulator/PackageFrameworks -F/Users/chirag/Library/Developer/Xcode/DerivedData/DirectSalesTeamApp-gdnkjitkcbrabhaojmuqlfhmyuhx/Build/Products/Debug-iphonesimulator/PackageFrameworks -F/Users/chirag/Library/Developer/Xcode/DerivedData/DirectSalesTeamApp-gdnkjitkcbrabhaojmuqlfhmyuhx/Build/Products/Debug-iphonesimulator/PackageFrameworks -F/Users/chirag/Library/Developer/Xcode/DerivedData/DirectSalesTeamApp-gdnkjitkcbrabhaojmuqlfhmyuhx/Build/Products/Debug-iphonesimulator/PackageFrameworks -F/Users/chirag/Library/Developer/Xcode/DerivedData/DirectSalesTeamApp-gdnkjitkcbrabhaojmuqlfhmyuhx/Build/Products/Debug-iphonesimulator/PackageFrameworks -F/Users/chirag/Library/Developer/Xcode/DerivedData/DirectSalesTeamApp-gdnkjitkcbrabhaojmuqlfhmyuhx/Build/Products/Debug-iphonesimulator/PackageFrameworks -F/Users/chirag/Library/Developer/Xcode/DerivedData/DirectSalesTeamApp-gdnkjitkcbrabhaojmuqlfhmyuhx/Build/Products/Debug-iphonesimulator/PackageFrameworks -F/Users/chirag/Library/Developer/Xcode/DerivedData/DirectSalesTeamApp-gdnkjitkcbrabhaojmuqlfhmyuhx/Build/Products/Debug-iphonesimulator/PackageFrameworks -F/Users/chirag/Library/Developer/Xcode/DerivedData/DirectSalesTeamApp-gdnkjitkcbrabhaojmuqlfhmyuhx/Build/Products/Debug-iphonesimulator/PackageFrameworks -F/Users/chirag/Library/Developer/Xcode/DerivedData/DirectSalesTeamApp-gdnkjitkcbrabhaojmuqlfhmyuhx/Build/Products/Debug-iphonesimulator/PackageFrameworks -F/Users/chirag/Library/Developer/Xcode/DerivedData/DirectSalesTeamApp-gdnkjitkcbrabhaojmuqlfhmyuhx/Build/Products/Debug-iphonesimulator/PackageFrameworks -F/Users/chirag/Library/Developer/Xcode/DerivedData/DirectSalesTeamApp-gdnkjitkcbrabhaojmuqlfhmyuhx/Build/Products/Debug-iphonesimulator/PackageFrameworks -F/Users/chirag/Library/Developer/Xcode/DerivedData/DirectSalesTeamApp-gdnkjitkcbrabhaojmuqlfhmyuhx/Build/Products/Debug-iphonesimulator/PackageFrameworks -F/Users/chirag/Library/Developer/Xcode/DerivedData/DirectSalesTeamApp-gdnkjitkcbrabhaojmuqlfhmyuhx/Build/Products/Debug-iphonesimulator/PackageFrameworks -F/Users/chirag/Library/Developer/Xcode/DerivedData/DirectSalesTeamApp-gdnkjitkcbrabhaojmuqlfhmyuhx/Build/Products/Debug-iphonesimulator -filelist /Users/chirag/Library/Developer/Xcode/DerivedData/DirectSalesTeamApp-gdnkjitkcbrabhaojmuqlfhmyuhx/Build/Intermediates.noindex/DirectSalesTeamApp.build/Debug-iphonesimulator/DirectSalesTeamApp.build/Objects-normal/arm64/DirectSalesTeamApp.LinkFileList -install_name @rpath/DirectSalesTeamApp.debug.dylib -Xlinker -rpath -Xlinker /Users/chirag/Library/Developer/Xcode/DerivedData/DirectSalesTeamApp-gdnkjitkcbrabhaojmuqlfhmyuhx/Build/Products/Debug-iphonesimulator/PackageFrameworks -Xlinker -rpath -Xlinker @executable_path/Frameworks -dead_strip -Xlinker -object_path_lto -Xlinker /Users/chirag/Library/Developer/Xcode/DerivedData/DirectSalesTeamApp-gdnkjitkcbrabhaojmuqlfhmyuhx/Build/Intermediates.noindex/DirectSalesTeamApp.build/Debug-iphonesimulator/DirectSalesTeamApp.build/Objects-normal/arm64/DirectSalesTeamApp_lto.o -rdynamic -Xlinker -no_deduplicate -Xlinker -objc_abi_version -Xlinker 2 -Xlinker -dependency_info -Xlinker /Users/chirag/Library/Developer/Xcode/DerivedData/DirectSalesTeamApp-gdnkjitkcbrabhaojmuqlfhmyuhx/Build/Intermediates.noindex/DirectSalesTeamApp.build/Debug-iphonesimulator/DirectSalesTeamApp.build/Objects-normal/arm64/DirectSalesTeamApp_dependency_info.dat -fobjc-link-runtime -L/Applications/Xcode.app/Contents/Developer/Toolchains/XcodeDefault.xctoolchain/usr/lib/swift/iphonesimulator -L/usr/lib/swift -Xlinker -add_ast_path -Xlinker /Users/chirag/Library/Developer/Xcode/DerivedData/DirectSalesTeamApp-gdnkjitkcbrabhaojmuqlfhmyuhx/Build/Intermediates.noindex/DirectSalesTeamApp.build/Debug-iphonesimulator/DirectSalesTeamApp.build/Objects-normal/arm64/DirectSalesTeamApp.swiftmodule @/Users/chirag/Library/Developer/Xcode/DerivedData/DirectSalesTeamApp-gdnkjitkcbrabhaojmuqlfhmyuhx/Build/Intermediates.noindex/DirectSalesTeamApp.build/Debug-iphonesimulator/DirectSalesTeamApp.build/Objects-normal/arm64/DirectSalesTeamApp-linker-args.resp -Wl,-no_warn_duplicate_libraries -Wl,-no_warn_duplicate_libraries -Wl,-no_warn_duplicate_libraries -Wl,-no_warn_duplicate_libraries -Wl,-no_warn_duplicate_libraries -lc++ -Wl,-no_warn_duplicate_libraries -Wl,-no_warn_duplicate_libraries -Wl,-no_warn_duplicate_libraries -Wl,-no_warn_duplicate_libraries -Wl,-no_warn_duplicate_libraries -Wl,-no_warn_duplicate_libraries -lc++ -Wl,-no_warn_duplicate_libraries -Wl,-no_warn_duplicate_libraries -Wl,-no_warn_duplicate_libraries -Wl,-no_warn_duplicate_libraries -Wl,-no_warn_duplicate_libraries -Wl,-no_warn_duplicate_libraries -Wl,-no_warn_duplicate_libraries -Wl,-no_warn_duplicate_libraries -Wl,-no_warn_duplicate_libraries -Wl,-no_warn_duplicate_libraries -Wl,-no_warn_duplicate_libraries -Wl,-no_warn_duplicate_libraries -Wl,-no_warn_duplicate_libraries -Wl,-no_warn_duplicate_libraries -Wl,-no_warn_duplicate_libraries -Wl,-no_warn_duplicate_libraries -Wl,-no_warn_duplicate_libraries -Wl,-no_warn_duplicate_libraries -Wl,-no_warn_duplicate_libraries -Wl,-no_warn_duplicate_libraries -Wl,-no_warn_duplicate_libraries -Wl,-no_warn_duplicate_libraries -Wl,-no_warn_duplicate_libraries -Wl,-no_warn_duplicate_libraries -Wl,-no_warn_duplicate_libraries -Wl,-no_warn_duplicate_libraries -Wl,-no_warn_duplicate_libraries -Wl,-no_warn_duplicate_libraries -Wl,-no_warn_duplicate_libraries -Wl,-no_warn_duplicate_libraries -Wl,-no_warn_duplicate_libraries -Wl,-no_warn_duplicate_libraries -Wl,-no_warn_duplicate_libraries -Wl,-no_warn_duplicate_libraries -Wl,-no_warn_duplicate_libraries -Wl,-no_warn_duplicate_libraries -Wl,-no_warn_duplicate_libraries -Wl,-no_warn_duplicate_libraries -Wl,-no_warn_duplicate_libraries -Wl,-no_warn_duplicate_libraries -Wl,-no_warn_duplicate_libraries -Wl,-no_warn_duplicate_libraries -Wl,-no_warn_duplicate_libraries -Wl,-no_warn_duplicate_libraries -Wl,-no_warn_duplicate_libraries -Wl,-no_warn_duplicate_libraries -lz -Xlinker -alias -Xlinker _main -Xlinker ___debug_main_executable_dylib_entry_point -Xlinker -no_adhoc_codesign -o /Users/chirag/Library/Developer/Xcode/DerivedData/DirectSalesTeamApp-gdnkjitkcbrabhaojmuqlfhmyuhx/Build/Intermediates.noindex/DirectSalesTeamApp.build/Debug-iphonesimulator/DirectSalesTeamApp.build/Objects-normal/arm64/Binary/DirectSalesTeamApp.debug.dylib -Xlinker -add_ast_path -Xlinker /Users/chirag/Library/Developer/Xcode/DerivedData/DirectSalesTeamApp-gdnkjitkcbrabhaojmuqlfhmyuhx/Build/Intermediates.noindex/grpc-swift-2.build/Debug-iphonesimulator/GRPCCore.build/Objects-normal/arm64/GRPCCore.swiftmodule @/Users/chirag/Library/Developer/Xcode/DerivedData/DirectSalesTeamApp-gdnkjitkcbrabhaojmuqlfhmyuhx/Build/Intermediates.noindex/grpc-swift-2.build/Debug-iphonesimulator/GRPCCore.build/Objects-normal/arm64/GRPCCore-linker-args.resp -Xlinker -add_ast_path -Xlinker /Users/chirag/Library/Developer/Xcode/DerivedData/DirectSalesTeamApp-gdnkjitkcbrabhaojmuqlfhmyuhx/Build/Intermediates.noindex/swift-collections.build/Debug-iphonesimulator/DequeModule.build/Objects-normal/arm64/DequeModule.swiftmodule @/Users/chirag/Library/Developer/Xcode/DerivedData/DirectSalesTeamApp-gdnkjitkcbrabhaojmuqlfhmyuhx/Build/Intermediates.noindex/swift-collections.build/Debug-iphonesimulator/DequeModule.build/Objects-normal/arm64/DequeModule-linker-args.resp -Xlinker -add_ast_path -Xlinker /Users/chirag/Library/Developer/Xcode/DerivedData/DirectSalesTeamApp-gdnkjitkcbrabhaojmuqlfhmyuhx/Build/Intermediates.noindex/swift-collections.build/Debug-iphonesimulator/InternalCollectionsUtilities.build/Objects-normal/arm64/InternalCollectionsUtilities.swiftmodule @/Users/chirag/Library/Developer/Xcode/DerivedData/DirectSalesTeamApp-gdnkjitkcbrabhaojmuqlfhmyuhx/Build/Intermediates.noindex/swift-collections.build/Debug-iphonesimulator/InternalCollectionsUtilities.build/Objects-normal/arm64/InternalCollectionsUtilities-linker-args.resp -Xlinker -add_ast_path -Xlinker /Users/chirag/Library/Developer/Xcode/DerivedData/DirectSalesTeamApp-gdnkjitkcbrabhaojmuqlfhmyuhx/Build/Intermediates.noindex/swift-collections.build/Debug-iphonesimulator/ContainersPreview.build/Objects-normal/arm64/ContainersPreview.swiftmodule @/Users/chirag/Library/Developer/Xcode/DerivedData/DirectSalesTeamApp-gdnkjitkcbrabhaojmuqlfhmyuhx/Build/Intermediates.noindex/swift-collections.build/Debug-iphonesimulator/ContainersPreview.build/Objects-normal/arm64/ContainersPreview-linker-args.resp -Xlinker -add_ast_path -Xlinker /Users/chirag/Library/Developer/Xcode/DerivedData/DirectSalesTeamApp-gdnkjitkcbrabhaojmuqlfhmyuhx/Build/Intermediates.noindex/grpc-swift-2.build/Debug-iphonesimulator/GRPCCodeGen.build/Objects-normal/arm64/GRPCCodeGen.swiftmodule @/Users/chirag/Library/Developer/Xcode/DerivedData/DirectSalesTeamApp-gdnkjitkcbrabhaojmuqlfhmyuhx/Build/Intermediates.noindex/grpc-swift-2.build/Debug-iphonesimulator/GRPCCodeGen.build/Objects-normal/arm64/GRPCCodeGen-linker-args.resp -Xlinker -add_ast_path -Xlinker /Users/chirag/Library/Developer/Xcode/DerivedData/DirectSalesTeamApp-gdnkjitkcbrabhaojmuqlfhmyuhx/Build/Intermediates.noindex/grpc-swift-2.build/Debug-iphonesimulator/GRPCInProcessTransport.build/Objects-normal/arm64/GRPCInProcessTransport.swiftmodule @/Users/chirag/Library/Developer/Xcode/DerivedData/DirectSalesTeamApp-gdnkjitkcbrabhaojmuqlfhmyuhx/Build/Intermediates.noindex/grpc-swift-2.build/Debug-iphonesimulator/GRPCInProcessTransport.build/Objects-normal/arm64/GRPCInProcessTransport-linker-args.resp -Xlinker -add_ast_path -Xlinker /Users/chirag/Library/Developer/Xcode/DerivedData/DirectSalesTeamApp-gdnkjitkcbrabhaojmuqlfhmyuhx/Build/Intermediates.noindex/grpc-swift-nio-transport.build/Debug-iphonesimulator/GRPCNIOTransportHTTP2.build/Objects-normal/arm64/GRPCNIOTransportHTTP2.swiftmodule @/Users/chirag/Library/Developer/Xcode/DerivedData/DirectSalesTeamApp-gdnkjitkcbrabhaojmuqlfhmyuhx/Build/Intermediates.noindex/grpc-swift-nio-transport.build/Debug-iphonesimulator/GRPCNIOTransportHTTP2.build/Objects-normal/arm64/GRPCNIOTransportHTTP2-linker-args.resp -Xlinker -add_ast_path -Xlinker /Users/chirag/Library/Developer/Xcode/DerivedData/DirectSalesTeamApp-gdnkjitkcbrabhaojmuqlfhmyuhx/Build/Intermediates.noindex/swift-nio.build/Debug-iphonesimulator/NIOCore.build/Objects-normal/arm64/NIOCore.swiftmodule @/Users/chirag/Library/Developer/Xcode/DerivedData/DirectSalesTeamApp-gdnkjitkcbrabhaojmuqlfhmyuhx/Build/Intermediates.noindex/swift-nio.build/Debug-iphonesimulator/NIOCore.build/Objects-normal/arm64/NIOCore-linker-args.resp -Xlinker -add_ast_path -Xlinker /Users/chirag/Library/Developer/Xcode/DerivedData/DirectSalesTeamApp-gdnkjitkcbrabhaojmuqlfhmyuhx/Build/Intermediates.noindex/swift-nio.build/Debug-iphonesimulator/NIOConcurrencyHelpers.build/Objects-normal/arm64/NIOConcurrencyHelpers.swiftmodule @/Users/chirag/Library/Developer/Xcode/DerivedData/DirectSalesTeamApp-gdnkjitkcbrabhaojmuqlfhmyuhx/Build/Intermediates.noindex/swift-nio.build/Debug-iphonesimulator/NIOConcurrencyHelpers.build/Objects-normal/arm64/NIOConcurrencyHelpers-linker-args.resp -Xlinker -add_ast_path -Xlinker /Users/chirag/Library/Developer/Xcode/DerivedData/DirectSalesTeamApp-gdnkjitkcbrabhaojmuqlfhmyuhx/Build/Intermediates.noindex/swift-nio.build/Debug-iphonesimulator/_NIOBase64.build/Objects-normal/arm64/_NIOBase64.swiftmodule @/Users/chirag/Library/Developer/Xcode/DerivedData/DirectSalesTeamApp-gdnkjitkcbrabhaojmuqlfhmyuhx/Build/Intermediates.noindex/swift-nio.build/Debug-iphonesimulator/_NIOBase64.build/Objects-normal/arm64/_NIOBase64-linker-args.resp -Xlinker -add_ast_path -Xlinker /Users/chirag/Library/Developer/Xcode/DerivedData/DirectSalesTeamApp-gdnkjitkcbrabhaojmuqlfhmyuhx/Build/Intermediates.noindex/swift-nio.build/Debug-iphonesimulator/_NIODataStructures.build/Objects-normal/arm64/_NIODataStructures.swiftmodule @/Users/chirag/Library/Developer/Xcode/DerivedData/DirectSalesTeamApp-gdnkjitkcbrabhaojmuqlfhmyuhx/Build/Intermediates.noindex/swift-nio.build/Debug-iphonesimulator/_NIODataStructures.build/Objects-normal/arm64/_NIODataStructures-linker-args.resp -Xlinker -add_ast_path -Xlinker /Users/chirag/Library/Developer/Xcode/DerivedData/DirectSalesTeamApp-gdnkjitkcbrabhaojmuqlfhmyuhx/Build/Intermediates.noindex/swift-atomics.build/Debug-iphonesimulator/Atomics.build/Objects-normal/arm64/Atomics.swiftmodule @/Users/chirag/Library/Developer/Xcode/DerivedData/DirectSalesTeamApp-gdnkjitkcbrabhaojmuqlfhmyuhx/Build/Intermediates.noindex/swift-atomics.build/Debug-iphonesimulator/Atomics.build/Objects-normal/arm64/Atomics-linker-args.resp -Xlinker -add_ast_path -Xlinker /Users/chirag/Library/Developer/Xcode/DerivedData/DirectSalesTeamApp-gdnkjitkcbrabhaojmuqlfhmyuhx/Build/Intermediates.noindex/swift-nio-http2.build/Debug-iphonesimulator/NIOHTTP2.build/Objects-normal/arm64/NIOHTTP2.swiftmodule @/Users/chirag/Library/Developer/Xcode/DerivedData/DirectSalesTeamApp-gdnkjitkcbrabhaojmuqlfhmyuhx/Build/Intermediates.noindex/swift-nio-http2.build/Debug-iphonesimulator/NIOHTTP2.build/Objects-normal/arm64/NIOHTTP2-linker-args.resp -Xlinker -add_ast_path -Xlinker /Users/chirag/Library/Developer/Xcode/DerivedData/DirectSalesTeamApp-gdnkjitkcbrabhaojmuqlfhmyuhx/Build/Intermediates.noindex/swift-nio.build/Debug-iphonesimulator/NIO.build/Objects-normal/arm64/NIO.swiftmodule @/Users/chirag/Library/Developer/Xcode/DerivedData/DirectSalesTeamApp-gdnkjitkcbrabhaojmuqlfhmyuhx/Build/Intermediates.noindex/swift-nio.build/Debug-iphonesimulator/NIO.build/Objects-normal/arm64/NIO-linker-args.resp -Xlinker -add_ast_path -Xlinker /Users/chirag/Library/Developer/Xcode/DerivedData/DirectSalesTeamApp-gdnkjitkcbrabhaojmuqlfhmyuhx/Build/Intermediates.noindex/swift-nio.build/Debug-iphonesimulator/NIOEmbedded.build/Objects-normal/arm64/NIOEmbedded.swiftmodule @/Users/chirag/Library/Developer/Xcode/DerivedData/DirectSalesTeamApp-gdnkjitkcbrabhaojmuqlfhmyuhx/Build/Intermediates.noindex/swift-nio.build/Debug-iphonesimulator/NIOEmbedded.build/Objects-normal/arm64/NIOEmbedded-linker-args.resp -Xlinker -add_ast_path -Xlinker /Users/chirag/Library/Developer/Xcode/DerivedData/DirectSalesTeamApp-gdnkjitkcbrabhaojmuqlfhmyuhx/Build/Intermediates.noindex/swift-nio.build/Debug-iphonesimulator/NIOPosix.build/Objects-normal/arm64/NIOPosix.swiftmodule @/Users/chirag/Library/Developer/Xcode/DerivedData/DirectSalesTeamApp-gdnkjitkcbrabhaojmuqlfhmyuhx/Build/Intermediates.noindex/swift-nio.build/Debug-iphonesimulator/NIOPosix.build/Objects-normal/arm64/NIOPosix-linker-args.resp -Xlinker -add_ast_path -Xlinker /Users/chirag/Library/Developer/Xcode/DerivedData/DirectSalesTeamApp-gdnkjitkcbrabhaojmuqlfhmyuhx/Build/Intermediates.noindex/swift-nio.build/Debug-iphonesimulator/NIOHTTP1.build/Objects-normal/arm64/NIOHTTP1.swiftmodule @/Users/chirag/Library/Developer/Xcode/DerivedData/DirectSalesTeamApp-gdnkjitkcbrabhaojmuqlfhmyuhx/Build/Intermediates.noindex/swift-nio.build/Debug-iphonesimulator/NIOHTTP1.build/Objects-normal/arm64/NIOHTTP1-linker-args.resp -Xlinker -add_ast_path -Xlinker /Users/chirag/Library/Developer/Xcode/DerivedData/DirectSalesTeamApp-gdnkjitkcbrabhaojmuqlfhmyuhx/Build/Intermediates.noindex/swift-nio-http2.build/Debug-iphonesimulator/NIOHPACK.build/Objects-normal/arm64/NIOHPACK.swiftmodule @/Users/chirag/Library/Developer/Xcode/DerivedData/DirectSalesTeamApp-gdnkjitkcbrabhaojmuqlfhmyuhx/Build/Intermediates.noindex/swift-nio-http2.build/Debug-iphonesimulator/NIOHPACK.build/Objects-normal/arm64/NIOHPACK-linker-args.resp -Xlinker -add_ast_path -Xlinker /Users/chirag/Library/Developer/Xcode/DerivedData/DirectSalesTeamApp-gdnkjitkcbrabhaojmuqlfhmyuhx/Build/Intermediates.noindex/swift-nio.build/Debug-iphonesimulator/NIOTLS.build/Objects-normal/arm64/NIOTLS.swiftmodule @/Users/chirag/Library/Developer/Xcode/DerivedData/DirectSalesTeamApp-gdnkjitkcbrabhaojmuqlfhmyuhx/Build/Intermediates.noindex/swift-nio.build/Debug-iphonesimulator/NIOTLS.build/Objects-normal/arm64/NIOTLS-linker-args.resp -Xlinker -add_ast_path -Xlinker /Users/chirag/Library/Developer/Xcode/DerivedData/DirectSalesTeamApp-gdnkjitkcbrabhaojmuqlfhmyuhx/Build/Intermediates.noindex/swift-nio-extras.build/Debug-iphonesimulator/NIOExtras.build/Objects-normal/arm64/NIOExtras.swiftmodule @/Users/chirag/Library/Developer/Xcode/DerivedData/DirectSalesTeamApp-gdnkjitkcbrabhaojmuqlfhmyuhx/Build/Intermediates.noindex/swift-nio-extras.build/Debug-iphonesimulator/NIOExtras.build/Objects-normal/arm64/NIOExtras-linker-args.resp -Xlinker -add_ast_path -Xlinker /Users/chirag/Library/Developer/Xcode/DerivedData/DirectSalesTeamApp-gdnkjitkcbrabhaojmuqlfhmyuhx/Build/Intermediates.noindex/grpc-swift-nio-transport.build/Debug-iphonesimulator/GRPCNIOTransportCore.build/Objects-normal/arm64/GRPCNIOTransportCore.swiftmodule @/Users/chirag/Library/Developer/Xcode/DerivedData/DirectSalesTeamApp-gdnkjitkcbrabhaojmuqlfhmyuhx/Build/Intermediates.noindex/grpc-swift-nio-transport.build/Debug-iphonesimulator/GRPCNIOTransportCore.build/Objects-normal/arm64/GRPCNIOTransportCore-linker-args.resp -Xlinker -add_ast_path -Xlinker /Users/chirag/Library/Developer/Xcode/DerivedData/DirectSalesTeamApp-gdnkjitkcbrabhaojmuqlfhmyuhx/Build/Intermediates.noindex/swift-nio-ssl.build/Debug-iphonesimulator/NIOSSL.build/Objects-normal/arm64/NIOSSL.swiftmodule @/Users/chirag/Library/Developer/Xcode/DerivedData/DirectSalesTeamApp-gdnkjitkcbrabhaojmuqlfhmyuhx/Build/Intermediates.noindex/swift-nio-ssl.build/Debug-iphonesimulator/NIOSSL.build/Objects-normal/arm64/NIOSSL-linker-args.resp -Xlinker -add_ast_path -Xlinker /Users/chirag/Library/Developer/Xcode/DerivedData/DirectSalesTeamApp-gdnkjitkcbrabhaojmuqlfhmyuhx/Build/Intermediates.noindex/swift-certificates.build/Debug-iphonesimulator/X509.build/Objects-normal/arm64/X509.swiftmodule @/Users/chirag/Library/Developer/Xcode/DerivedData/DirectSalesTeamApp-gdnkjitkcbrabhaojmuqlfhmyuhx/Build/Intermediates.noindex/swift-certificates.build/Debug-iphonesimulator/X509.build/Objects-normal/arm64/X509-linker-args.resp -Xlinker -add_ast_path -Xlinker /Users/chirag/Library/Developer/Xcode/DerivedData/DirectSalesTeamApp-gdnkjitkcbrabhaojmuqlfhmyuhx/Build/Intermediates.noindex/swift-certificates.build/Debug-iphonesimulator/_CertificateInternals.build/Objects-normal/arm64/_CertificateInternals.swiftmodule @/Users/chirag/Library/Developer/Xcode/DerivedData/DirectSalesTeamApp-gdnkjitkcbrabhaojmuqlfhmyuhx/Build/Intermediates.noindex/swift-certificates.build/Debug-iphonesimulator/_CertificateInternals.build/Objects-normal/arm64/_CertificateInternals-linker-args.resp -Xlinker -add_ast_path -Xlinker /Users/chirag/Library/Developer/Xcode/DerivedData/DirectSalesTeamApp-gdnkjitkcbrabhaojmuqlfhmyuhx/Build/Intermediates.noindex/swift-asn1.build/Debug-iphonesimulator/SwiftASN1.build/Objects-normal/arm64/SwiftASN1.swiftmodule @/Users/chirag/Library/Developer/Xcode/DerivedData/DirectSalesTeamApp-gdnkjitkcbrabhaojmuqlfhmyuhx/Build/Intermediates.noindex/swift-asn1.build/Debug-iphonesimulator/SwiftASN1.build/Objects-normal/arm64/SwiftASN1-linker-args.resp -Xlinker -add_ast_path -Xlinker /Users/chirag/Library/Developer/Xcode/DerivedData/DirectSalesTeamApp-gdnkjitkcbrabhaojmuqlfhmyuhx/Build/Intermediates.noindex/swift-crypto.build/Debug-iphonesimulator/Crypto.build/Objects-normal/arm64/Crypto.swiftmodule @/Users/chirag/Library/Developer/Xcode/DerivedData/DirectSalesTeamApp-gdnkjitkcbrabhaojmuqlfhmyuhx/Build/Intermediates.noindex/swift-crypto.build/Debug-iphonesimulator/Crypto.build/Objects-normal/arm64/Crypto-linker-args.resp -Xlinker -add_ast_path -Xlinker /Users/chirag/Library/Developer/Xcode/DerivedData/DirectSalesTeamApp-gdnkjitkcbrabhaojmuqlfhmyuhx/Build/Intermediates.noindex/swift-crypto.build/Debug-iphonesimulator/_CryptoExtras.build/Objects-normal/arm64/_CryptoExtras.swiftmodule @/Users/chirag/Library/Developer/Xcode/DerivedData/DirectSalesTeamApp-gdnkjitkcbrabhaojmuqlfhmyuhx/Build/Intermediates.noindex/swift-crypto.build/Debug-iphonesimulator/_CryptoExtras.build/Objects-normal/arm64/_CryptoExtras-linker-args.resp -Xlinker -add_ast_path -Xlinker /Users/chirag/Library/Developer/Xcode/DerivedData/DirectSalesTeamApp-gdnkjitkcbrabhaojmuqlfhmyuhx/Build/Intermediates.noindex/swift-crypto.build/Debug-iphonesimulator/CryptoBoringWrapper.build/Objects-normal/arm64/CryptoBoringWrapper.swiftmodule @/Users/chirag/Library/Developer/Xcode/DerivedData/DirectSalesTeamApp-gdnkjitkcbrabhaojmuqlfhmyuhx/Build/Intermediates.noindex/swift-crypto.build/Debug-iphonesimulator/CryptoBoringWrapper.build/Objects-normal/arm64/CryptoBoringWrapper-linker-args.resp -Xlinker -add_ast_path -Xlinker /Users/chirag/Library/Developer/Xcode/DerivedData/DirectSalesTeamApp-gdnkjitkcbrabhaojmuqlfhmyuhx/Build/Intermediates.noindex/swift-crypto.build/Debug-iphonesimulator/CryptoExtras.build/Objects-normal/arm64/CryptoExtras.swiftmodule @/Users/chirag/Library/Developer/Xcode/DerivedData/DirectSalesTeamApp-gdnkjitkcbrabhaojmuqlfhmyuhx/Build/Intermediates.noindex/swift-crypto.build/Debug-iphonesimulator/CryptoExtras.build/Objects-normal/arm64/CryptoExtras-linker-args.resp -Xlinker -add_ast_path -Xlinker /Users/chirag/Library/Developer/Xcode/DerivedData/DirectSalesTeamApp-gdnkjitkcbrabhaojmuqlfhmyuhx/Build/Intermediates.noindex/swift-nio-extras.build/Debug-iphonesimulator/NIOCertificateReloading.build/Objects-normal/arm64/NIOCertificateReloading.swiftmodule @/Users/chirag/Library/Developer/Xcode/DerivedData/DirectSalesTeamApp-gdnkjitkcbrabhaojmuqlfhmyuhx/Build/Intermediates.noindex/swift-nio-extras.build/Debug-iphonesimulator/NIOCertificateReloading.build/Objects-normal/arm64/NIOCertificateReloading-linker-args.resp -Xlinker -add_ast_path -Xlinker /Users/chirag/Library/Developer/Xcode/DerivedData/DirectSalesTeamApp-gdnkjitkcbrabhaojmuqlfhmyuhx/Build/Intermediates.noindex/swift-service-lifecycle.build/Debug-iphonesimulator/ServiceLifecycle.build/Objects-normal/arm64/ServiceLifecycle.swiftmodule @/Users/chirag/Library/Developer/Xcode/DerivedData/DirectSalesTeamApp-gdnkjitkcbrabhaojmuqlfhmyuhx/Build/Intermediates.noindex/swift-service-lifecycle.build/Debug-iphonesimulator/ServiceLifecycle.build/Objects-normal/arm64/ServiceLifecycle-linker-args.resp -Xlinker -add_ast_path -Xlinker /Users/chirag/Library/Developer/Xcode/DerivedData/DirectSalesTeamApp-gdnkjitkcbrabhaojmuqlfhmyuhx/Build/Intermediates.noindex/swift-service-lifecycle.build/Debug-iphonesimulator/ConcurrencyHelpers.build/Objects-normal/arm64/ConcurrencyHelpers.swiftmodule @/Users/chirag/Library/Developer/Xcode/DerivedData/DirectSalesTeamApp-gdnkjitkcbrabhaojmuqlfhmyuhx/Build/Intermediates.noindex/swift-service-lifecycle.build/Debug-iphonesimulator/ConcurrencyHelpers.build/Objects-normal/arm64/ConcurrencyHelpers-linker-args.resp -Xlinker -add_ast_path -Xlinker /Users/chirag/Library/Developer/Xcode/DerivedData/DirectSalesTeamApp-gdnkjitkcbrabhaojmuqlfhmyuhx/Build/Intermediates.noindex/swift-service-lifecycle.build/Debug-iphonesimulator/UnixSignals.build/Objects-normal/arm64/UnixSignals.swiftmodule @/Users/chirag/Library/Developer/Xcode/DerivedData/DirectSalesTeamApp-gdnkjitkcbrabhaojmuqlfhmyuhx/Build/Intermediates.noindex/swift-service-lifecycle.build/Debug-iphonesimulator/UnixSignals.build/Objects-normal/arm64/UnixSignals-linker-args.resp -Xlinker -add_ast_path -Xlinker /Users/chirag/Library/Developer/Xcode/DerivedData/DirectSalesTeamApp-gdnkjitkcbrabhaojmuqlfhmyuhx/Build/Intermediates.noindex/swift-log.build/Debug-iphonesimulator/Logging.build/Objects-normal/arm64/Logging.swiftmodule @/Users/chirag/Library/Developer/Xcode/DerivedData/DirectSalesTeamApp-gdnkjitkcbrabhaojmuqlfhmyuhx/Build/Intermediates.noindex/swift-log.build/Debug-iphonesimulator/Logging.build/Objects-normal/arm64/Logging-linker-args.resp -Xlinker -add_ast_path -Xlinker /Users/chirag/Library/Developer/Xcode/DerivedData/DirectSalesTeamApp-gdnkjitkcbrabhaojmuqlfhmyuhx/Build/Intermediates.noindex/swift-async-algorithms.build/Debug-iphonesimulator/AsyncAlgorithms.build/Objects-normal/arm64/AsyncAlgorithms.swiftmodule @/Users/chirag/Library/Developer/Xcode/DerivedData/DirectSalesTeamApp-gdnkjitkcbrabhaojmuqlfhmyuhx/Build/Intermediates.noindex/swift-async-algorithms.build/Debug-iphonesimulator/AsyncAlgorithms.build/Objects-normal/arm64/AsyncAlgorithms-linker-args.resp -Xlinker -add_ast_path -Xlinker /Users/chirag/Library/Developer/Xcode/DerivedData/DirectSalesTeamApp-gdnkjitkcbrabhaojmuqlfhmyuhx/Build/Intermediates.noindex/swift-collections.build/Debug-iphonesimulator/OrderedCollections.build/Objects-normal/arm64/OrderedCollections.swiftmodule @/Users/chirag/Library/Developer/Xcode/DerivedData/DirectSalesTeamApp-gdnkjitkcbrabhaojmuqlfhmyuhx/Build/Intermediates.noindex/swift-collections.build/Debug-iphonesimulator/OrderedCollections.build/Objects-normal/arm64/OrderedCollections-linker-args.resp -Xlinker -add_ast_path -Xlinker /Users/chirag/Library/Developer/Xcode/DerivedData/DirectSalesTeamApp-gdnkjitkcbrabhaojmuqlfhmyuhx/Build/Intermediates.noindex/grpc-swift-nio-transport.build/Debug-iphonesimulator/GRPCNIOTransportHTTP2Posix.build/Objects-normal/arm64/GRPCNIOTransportHTTP2Posix.swiftmodule @/Users/chirag/Library/Developer/Xcode/DerivedData/DirectSalesTeamApp-gdnkjitkcbrabhaojmuqlfhmyuhx/Build/Intermediates.noindex/grpc-swift-nio-transport.build/Debug-iphonesimulator/GRPCNIOTransportHTTP2Posix.build/Objects-normal/arm64/GRPCNIOTransportHTTP2Posix-linker-args.resp -Xlinker -add_ast_path -Xlinker /Users/chirag/Library/Developer/Xcode/DerivedData/DirectSalesTeamApp-gdnkjitkcbrabhaojmuqlfhmyuhx/Build/Intermediates.noindex/swift-nio-transport-services.build/Debug-iphonesimulator/NIOTransportServices.build/Objects-normal/arm64/NIOTransportServices.swiftmodule @/Users/chirag/Library/Developer/Xcode/DerivedData/DirectSalesTeamApp-gdnkjitkcbrabhaojmuqlfhmyuhx/Build/Intermediates.noindex/swift-nio-transport-services.build/Debug-iphonesimulator/NIOTransportServices.build/Objects-normal/arm64/NIOTransportServices-linker-args.resp -Xlinker -add_ast_path -Xlinker /Users/chirag/Library/Developer/Xcode/DerivedData/DirectSalesTeamApp-gdnkjitkcbrabhaojmuqlfhmyuhx/Build/Intermediates.noindex/swift-nio.build/Debug-iphonesimulator/NIOFoundationCompat.build/Objects-normal/arm64/NIOFoundationCompat.swiftmodule @/Users/chirag/Library/Developer/Xcode/DerivedData/DirectSalesTeamApp-gdnkjitkcbrabhaojmuqlfhmyuhx/Build/Intermediates.noindex/swift-nio.build/Debug-iphonesimulator/NIOFoundationCompat.build/Objects-normal/arm64/NIOFoundationCompat-linker-args.resp -Xlinker -add_ast_path -Xlinker /Users/chirag/Library/Developer/Xcode/DerivedData/DirectSalesTeamApp-gdnkjitkcbrabhaojmuqlfhmyuhx/Build/Intermediates.noindex/grpc-swift-nio-transport.build/Debug-iphonesimulator/GRPCNIOTransportHTTP2TransportServices.build/Objects-normal/arm64/GRPCNIOTransportHTTP2TransportServices.swiftmodule @/Users/chirag/Library/Developer/Xcode/DerivedData/DirectSalesTeamApp-gdnkjitkcbrabhaojmuqlfhmyuhx/Build/Intermediates.noindex/grpc-swift-nio-transport.build/Debug-iphonesimulator/GRPCNIOTransportHTTP2TransportServices.build/Objects-normal/arm64/GRPCNIOTransportHTTP2TransportServices-linker-args.resp -Xlinker -add_ast_path -Xlinker /Users/chirag/Library/Developer/Xcode/DerivedData/DirectSalesTeamApp-gdnkjitkcbrabhaojmuqlfhmyuhx/Build/Intermediates.noindex/grpc-swift-protobuf.build/Debug-iphonesimulator/GRPCProtobuf.build/Objects-normal/arm64/GRPCProtobuf.swiftmodule @/Users/chirag/Library/Developer/Xcode/DerivedData/DirectSalesTeamApp-gdnkjitkcbrabhaojmuqlfhmyuhx/Build/Intermediates.noindex/grpc-swift-protobuf.build/Debug-iphonesimulator/GRPCProtobuf.build/Objects-normal/arm64/GRPCProtobuf-linker-args.resp -Xlinker -add_ast_path -Xlinker /Users/chirag/Library/Developer/Xcode/DerivedData/DirectSalesTeamApp-gdnkjitkcbrabhaojmuqlfhmyuhx/Build/Intermediates.noindex/SwiftProtobuf.build/Debug-iphonesimulator/SwiftProtobuf.build/Objects-normal/arm64/SwiftProtobuf.swiftmodule @/Users/chirag/Library/Developer/Xcode/DerivedData/DirectSalesTeamApp-gdnkjitkcbrabhaojmuqlfhmyuhx/Build/Intermediates.noindex/SwiftProtobuf.build/Debug-iphonesimulator/SwiftProtobuf.build/Objects-normal/arm64/SwiftProtobuf-linker-args.resp -Xlinker -add_ast_path -Xlinker /Users/chirag/Library/Developer/Xcode/DerivedData/DirectSalesTeamApp-gdnkjitkcbrabhaojmuqlfhmyuhx/Build/Intermediates.noindex/SwiftProtobuf.build/Debug-iphonesimulator/SwiftProtobufPluginLibrary.build/Objects-normal/arm64/SwiftProtobufPluginLibrary.swiftmodule @/Users/chirag/Library/Developer/Xcode/DerivedData/DirectSalesTeamApp-gdnkjitkcbrabhaojmuqlfhmyuhx/Build/Intermediates.noindex/SwiftProtobuf.build/Debug-iphonesimulator/SwiftProtobufPluginLibrary.build/Objects-normal/arm64/SwiftProtobufPluginLibrary-linker-args.resp

CreateUniversalBinary /Users/chirag/Library/Developer/Xcode/DerivedData/DirectSalesTeamApp-gdnkjitkcbrabhaojmuqlfhmyuhx/Build/Products/Debug-iphonesimulator/DirectSalesTeamApp.app/DirectSalesTeamApp.debug.dylib normal arm64\ x86_64 (in target 'DirectSalesTeamApp' from project 'DirectSalesTeamApp')
    cd /Users/chirag/Projects/LMS/DirectSalesTeamApp
    /Applications/Xcode.app/Contents/Developer/Toolchains/XcodeDefault.xctoolchain/usr/bin/lipo -create /Users/chirag/Library/Developer/Xcode/DerivedData/DirectSalesTeamApp-gdnkjitkcbrabhaojmuqlfhmyuhx/Build/Intermediates.noindex/DirectSalesTeamApp.build/Debug-iphonesimulator/DirectSalesTeamApp.build/Objects-normal/arm64/Binary/DirectSalesTeamApp.debug.dylib /Users/chirag/Library/Developer/Xcode/DerivedData/DirectSalesTeamApp-gdnkjitkcbrabhaojmuqlfhmyuhx/Build/Intermediates.noindex/DirectSalesTeamApp.build/Debug-iphonesimulator/DirectSalesTeamApp.build/Objects-normal/x86_64/Binary/DirectSalesTeamApp.debug.dylib -output /Users/chirag/Library/Developer/Xcode/DerivedData/DirectSalesTeamApp-gdnkjitkcbrabhaojmuqlfhmyuhx/Build/Products/Debug-iphonesimulator/DirectSalesTeamApp.app/DirectSalesTeamApp.debug.dylib

ConstructStubExecutorLinkFileList /Users/chirag/Library/Developer/Xcode/DerivedData/DirectSalesTeamApp-gdnkjitkcbrabhaojmuqlfhmyuhx/Build/Intermediates.noindex/DirectSalesTeamApp.build/Debug-iphonesimulator/DirectSalesTeamApp.build/DirectSalesTeamApp-ExecutorLinkFileList-normal-arm64.txt (in target 'DirectSalesTeamApp' from project 'DirectSalesTeamApp')
    cd /Users/chirag/Projects/LMS/DirectSalesTeamApp
    construct-stub-executor-link-file-list /Users/chirag/Library/Developer/Xcode/DerivedData/DirectSalesTeamApp-gdnkjitkcbrabhaojmuqlfhmyuhx/Build/Intermediates.noindex/DirectSalesTeamApp.build/Debug-iphonesimulator/DirectSalesTeamApp.build/Objects-normal/arm64/Binary/DirectSalesTeamApp.debug.dylib /Applications/Xcode.app/Contents/Developer/Platforms/iPhoneSimulator.platform/Developer/usr/lib/libPreviewsJITStubExecutor_no_swift_entry_point.a /Applications/Xcode.app/Contents/Developer/Platforms/iPhoneSimulator.platform/Developer/usr/lib/libPreviewsJITStubExecutor.a --output /Users/chirag/Library/Developer/Xcode/DerivedData/DirectSalesTeamApp-gdnkjitkcbrabhaojmuqlfhmyuhx/Build/Intermediates.noindex/DirectSalesTeamApp.build/Debug-iphonesimulator/DirectSalesTeamApp.build/DirectSalesTeamApp-ExecutorLinkFileList-normal-arm64.txt
note: Using stub executor library with Swift entry point. (in target 'DirectSalesTeamApp' from project 'DirectSalesTeamApp')

Ld /Users/chirag/Library/Developer/Xcode/DerivedData/DirectSalesTeamApp-gdnkjitkcbrabhaojmuqlfhmyuhx/Build/Intermediates.noindex/DirectSalesTeamApp.build/Debug-iphonesimulator/DirectSalesTeamApp.build/Objects-normal/arm64/Binary/DirectSalesTeamApp normal arm64 (in target 'DirectSalesTeamApp' from project 'DirectSalesTeamApp')
    cd /Users/chirag/Projects/LMS/DirectSalesTeamApp
    /Applications/Xcode.app/Contents/Developer/Toolchains/XcodeDefault.xctoolchain/usr/bin/clang -Xlinker -reproducible -target arm64-apple-ios26-simulator -isysroot /Applications/Xcode.app/Contents/Developer/Platforms/iPhoneSimulator.platform/Developer/SDKs/iPhoneSimulator26.2.sdk -O0 -L/Users/chirag/Library/Developer/Xcode/DerivedData/DirectSalesTeamApp-gdnkjitkcbrabhaojmuqlfhmyuhx/Build/Products/Debug-iphonesimulator -F/Users/chirag/Library/Developer/Xcode/DerivedData/DirectSalesTeamApp-gdnkjitkcbrabhaojmuqlfhmyuhx/Build/Products/Debug-iphonesimulator/PackageFrameworks -F/Users/chirag/Library/Developer/Xcode/DerivedData/DirectSalesTeamApp-gdnkjitkcbrabhaojmuqlfhmyuhx/Build/Products/Debug-iphonesimulator/PackageFrameworks -F/Users/chirag/Library/Developer/Xcode/DerivedData/DirectSalesTeamApp-gdnkjitkcbrabhaojmuqlfhmyuhx/Build/Products/Debug-iphonesimulator/PackageFrameworks -F/Users/chirag/Library/Developer/Xcode/DerivedData/DirectSalesTeamApp-gdnkjitkcbrabhaojmuqlfhmyuhx/Build/Products/Debug-iphonesimulator/PackageFrameworks -F/Users/chirag/Library/Developer/Xcode/DerivedData/DirectSalesTeamApp-gdnkjitkcbrabhaojmuqlfhmyuhx/Build/Products/Debug-iphonesimulator/PackageFrameworks -F/Users/chirag/Library/Developer/Xcode/DerivedData/DirectSalesTeamApp-gdnkjitkcbrabhaojmuqlfhmyuhx/Build/Products/Debug-iphonesimulator/PackageFrameworks -F/Users/chirag/Library/Developer/Xcode/DerivedData/DirectSalesTeamApp-gdnkjitkcbrabhaojmuqlfhmyuhx/Build/Products/Debug-iphonesimulator/PackageFrameworks -F/Users/chirag/Library/Developer/Xcode/DerivedData/DirectSalesTeamApp-gdnkjitkcbrabhaojmuqlfhmyuhx/Build/Products/Debug-iphonesimulator/PackageFrameworks -F/Users/chirag/Library/Developer/Xcode/DerivedData/DirectSalesTeamApp-gdnkjitkcbrabhaojmuqlfhmyuhx/Build/Products/Debug-iphonesimulator/PackageFrameworks -F/Users/chirag/Library/Developer/Xcode/DerivedData/DirectSalesTeamApp-gdnkjitkcbrabhaojmuqlfhmyuhx/Build/Products/Debug-iphonesimulator/PackageFrameworks -F/Users/chirag/Library/Developer/Xcode/DerivedData/DirectSalesTeamApp-gdnkjitkcbrabhaojmuqlfhmyuhx/Build/Products/Debug-iphonesimulator/PackageFrameworks -F/Users/chirag/Library/Developer/Xcode/DerivedData/DirectSalesTeamApp-gdnkjitkcbrabhaojmuqlfhmyuhx/Build/Products/Debug-iphonesimulator/PackageFrameworks -F/Users/chirag/Library/Developer/Xcode/DerivedData/DirectSalesTeamApp-gdnkjitkcbrabhaojmuqlfhmyuhx/Build/Products/Debug-iphonesimulator/PackageFrameworks -F/Users/chirag/Library/Developer/Xcode/DerivedData/DirectSalesTeamApp-gdnkjitkcbrabhaojmuqlfhmyuhx/Build/Products/Debug-iphonesimulator/PackageFrameworks -F/Users/chirag/Library/Developer/Xcode/DerivedData/DirectSalesTeamApp-gdnkjitkcbrabhaojmuqlfhmyuhx/Build/Products/Debug-iphonesimulator/PackageFrameworks -F/Users/chirag/Library/Developer/Xcode/DerivedData/DirectSalesTeamApp-gdnkjitkcbrabhaojmuqlfhmyuhx/Build/Products/Debug-iphonesimulator/PackageFrameworks -F/Users/chirag/Library/Developer/Xcode/DerivedData/DirectSalesTeamApp-gdnkjitkcbrabhaojmuqlfhmyuhx/Build/Products/Debug-iphonesimulator/PackageFrameworks -F/Users/chirag/Library/Developer/Xcode/DerivedData/DirectSalesTeamApp-gdnkjitkcbrabhaojmuqlfhmyuhx/Build/Products/Debug-iphonesimulator/PackageFrameworks -F/Users/chirag/Library/Developer/Xcode/DerivedData/DirectSalesTeamApp-gdnkjitkcbrabhaojmuqlfhmyuhx/Build/Products/Debug-iphonesimulator/PackageFrameworks -F/Users/chirag/Library/Developer/Xcode/DerivedData/DirectSalesTeamApp-gdnkjitkcbrabhaojmuqlfhmyuhx/Build/Products/Debug-iphonesimulator/PackageFrameworks -F/Users/chirag/Library/Developer/Xcode/DerivedData/DirectSalesTeamApp-gdnkjitkcbrabhaojmuqlfhmyuhx/Build/Products/Debug-iphonesimulator/PackageFrameworks -F/Users/chirag/Library/Developer/Xcode/DerivedData/DirectSalesTeamApp-gdnkjitkcbrabhaojmuqlfhmyuhx/Build/Products/Debug-iphonesimulator/PackageFrameworks -F/Users/chirag/Library/Developer/Xcode/DerivedData/DirectSalesTeamApp-gdnkjitkcbrabhaojmuqlfhmyuhx/Build/Products/Debug-iphonesimulator/PackageFrameworks -F/Users/chirag/Library/Developer/Xcode/DerivedData/DirectSalesTeamApp-gdnkjitkcbrabhaojmuqlfhmyuhx/Build/Products/Debug-iphonesimulator/PackageFrameworks -F/Users/chirag/Library/Developer/Xcode/DerivedData/DirectSalesTeamApp-gdnkjitkcbrabhaojmuqlfhmyuhx/Build/Products/Debug-iphonesimulator/PackageFrameworks -F/Users/chirag/Library/Developer/Xcode/DerivedData/DirectSalesTeamApp-gdnkjitkcbrabhaojmuqlfhmyuhx/Build/Products/Debug-iphonesimulator/PackageFrameworks -F/Users/chirag/Library/Developer/Xcode/DerivedData/DirectSalesTeamApp-gdnkjitkcbrabhaojmuqlfhmyuhx/Build/Products/Debug-iphonesimulator/PackageFrameworks -F/Users/chirag/Library/Developer/Xcode/DerivedData/DirectSalesTeamApp-gdnkjitkcbrabhaojmuqlfhmyuhx/Build/Products/Debug-iphonesimulator/PackageFrameworks -F/Users/chirag/Library/Developer/Xcode/DerivedData/DirectSalesTeamApp-gdnkjitkcbrabhaojmuqlfhmyuhx/Build/Products/Debug-iphonesimulator/PackageFrameworks -F/Users/chirag/Library/Developer/Xcode/DerivedData/DirectSalesTeamApp-gdnkjitkcbrabhaojmuqlfhmyuhx/Build/Products/Debug-iphonesimulator/PackageFrameworks -F/Users/chirag/Library/Developer/Xcode/DerivedData/DirectSalesTeamApp-gdnkjitkcbrabhaojmuqlfhmyuhx/Build/Products/Debug-iphonesimulator/PackageFrameworks -F/Users/chirag/Library/Developer/Xcode/DerivedData/DirectSalesTeamApp-gdnkjitkcbrabhaojmuqlfhmyuhx/Build/Products/Debug-iphonesimulator/PackageFrameworks -F/Users/chirag/Library/Developer/Xcode/DerivedData/DirectSalesTeamApp-gdnkjitkcbrabhaojmuqlfhmyuhx/Build/Products/Debug-iphonesimulator/PackageFrameworks -F/Users/chirag/Library/Developer/Xcode/DerivedData/DirectSalesTeamApp-gdnkjitkcbrabhaojmuqlfhmyuhx/Build/Products/Debug-iphonesimulator/PackageFrameworks -F/Users/chirag/Library/Developer/Xcode/DerivedData/DirectSalesTeamApp-gdnkjitkcbrabhaojmuqlfhmyuhx/Build/Products/Debug-iphonesimulator/PackageFrameworks -F/Users/chirag/Library/Developer/Xcode/DerivedData/DirectSalesTeamApp-gdnkjitkcbrabhaojmuqlfhmyuhx/Build/Products/Debug-iphonesimulator/PackageFrameworks -F/Users/chirag/Library/Developer/Xcode/DerivedData/DirectSalesTeamApp-gdnkjitkcbrabhaojmuqlfhmyuhx/Build/Products/Debug-iphonesimulator/PackageFrameworks -F/Users/chirag/Library/Developer/Xcode/DerivedData/DirectSalesTeamApp-gdnkjitkcbrabhaojmuqlfhmyuhx/Build/Products/Debug-iphonesimulator/PackageFrameworks -F/Users/chirag/Library/Developer/Xcode/DerivedData/DirectSalesTeamApp-gdnkjitkcbrabhaojmuqlfhmyuhx/Build/Products/Debug-iphonesimulator/PackageFrameworks -F/Users/chirag/Library/Developer/Xcode/DerivedData/DirectSalesTeamApp-gdnkjitkcbrabhaojmuqlfhmyuhx/Build/Products/Debug-iphonesimulator/PackageFrameworks -F/Users/chirag/Library/Developer/Xcode/DerivedData/DirectSalesTeamApp-gdnkjitkcbrabhaojmuqlfhmyuhx/Build/Products/Debug-iphonesimulator/PackageFrameworks -F/Users/chirag/Library/Developer/Xcode/DerivedData/DirectSalesTeamApp-gdnkjitkcbrabhaojmuqlfhmyuhx/Build/Products/Debug-iphonesimulator/PackageFrameworks -F/Users/chirag/Library/Developer/Xcode/DerivedData/DirectSalesTeamApp-gdnkjitkcbrabhaojmuqlfhmyuhx/Build/Products/Debug-iphonesimulator/PackageFrameworks -F/Users/chirag/Library/Developer/Xcode/DerivedData/DirectSalesTeamApp-gdnkjitkcbrabhaojmuqlfhmyuhx/Build/Products/Debug-iphonesimulator/PackageFrameworks -F/Users/chirag/Library/Developer/Xcode/DerivedData/DirectSalesTeamApp-gdnkjitkcbrabhaojmuqlfhmyuhx/Build/Products/Debug-iphonesimulator/PackageFrameworks -F/Users/chirag/Library/Developer/Xcode/DerivedData/DirectSalesTeamApp-gdnkjitkcbrabhaojmuqlfhmyuhx/Build/Products/Debug-iphonesimulator/PackageFrameworks -F/Users/chirag/Library/Developer/Xcode/DerivedData/DirectSalesTeamApp-gdnkjitkcbrabhaojmuqlfhmyuhx/Build/Products/Debug-iphonesimulator/PackageFrameworks -F/Users/chirag/Library/Developer/Xcode/DerivedData/DirectSalesTeamApp-gdnkjitkcbrabhaojmuqlfhmyuhx/Build/Products/Debug-iphonesimulator/PackageFrameworks -F/Users/chirag/Library/Developer/Xcode/DerivedData/DirectSalesTeamApp-gdnkjitkcbrabhaojmuqlfhmyuhx/Build/Products/Debug-iphonesimulator/PackageFrameworks -F/Users/chirag/Library/Developer/Xcode/DerivedData/DirectSalesTeamApp-gdnkjitkcbrabhaojmuqlfhmyuhx/Build/Products/Debug-iphonesimulator/PackageFrameworks -F/Users/chirag/Library/Developer/Xcode/DerivedData/DirectSalesTeamApp-gdnkjitkcbrabhaojmuqlfhmyuhx/Build/Products/Debug-iphonesimulator/PackageFrameworks -F/Users/chirag/Library/Developer/Xcode/DerivedData/DirectSalesTeamApp-gdnkjitkcbrabhaojmuqlfhmyuhx/Build/Products/Debug-iphonesimulator/PackageFrameworks -F/Users/chirag/Library/Developer/Xcode/DerivedData/DirectSalesTeamApp-gdnkjitkcbrabhaojmuqlfhmyuhx/Build/Products/Debug-iphonesimulator/PackageFrameworks -F/Users/chirag/Library/Developer/Xcode/DerivedData/DirectSalesTeamApp-gdnkjitkcbrabhaojmuqlfhmyuhx/Build/Products/Debug-iphonesimulator/PackageFrameworks -F/Users/chirag/Library/Developer/Xcode/DerivedData/DirectSalesTeamApp-gdnkjitkcbrabhaojmuqlfhmyuhx/Build/Products/Debug-iphonesimulator/PackageFrameworks -F/Users/chirag/Library/Developer/Xcode/DerivedData/DirectSalesTeamApp-gdnkjitkcbrabhaojmuqlfhmyuhx/Build/Products/Debug-iphonesimulator/PackageFrameworks -F/Users/chirag/Library/Developer/Xcode/DerivedData/DirectSalesTeamApp-gdnkjitkcbrabhaojmuqlfhmyuhx/Build/Products/Debug-iphonesimulator/PackageFrameworks -F/Users/chirag/Library/Developer/Xcode/DerivedData/DirectSalesTeamApp-gdnkjitkcbrabhaojmuqlfhmyuhx/Build/Products/Debug-iphonesimulator -Xlinker -rpath -Xlinker @executable_path -Xlinker -rpath -Xlinker /Users/chirag/Library/Developer/Xcode/DerivedData/DirectSalesTeamApp-gdnkjitkcbrabhaojmuqlfhmyuhx/Build/Products/Debug-iphonesimulator/PackageFrameworks -Xlinker -rpath -Xlinker @executable_path/Frameworks -rdynamic -Xlinker -no_deduplicate -Xlinker -objc_abi_version -Xlinker 2 -e ___debug_blank_executor_main -Xlinker -sectcreate -Xlinker __TEXT -Xlinker __debug_dylib -Xlinker /Users/chirag/Library/Developer/Xcode/DerivedData/DirectSalesTeamApp-gdnkjitkcbrabhaojmuqlfhmyuhx/Build/Intermediates.noindex/DirectSalesTeamApp.build/Debug-iphonesimulator/DirectSalesTeamApp.build/DirectSalesTeamApp-DebugDylibPath-normal-arm64.txt -Xlinker -sectcreate -Xlinker __TEXT -Xlinker __debug_instlnm -Xlinker /Users/chirag/Library/Developer/Xcode/DerivedData/DirectSalesTeamApp-gdnkjitkcbrabhaojmuqlfhmyuhx/Build/Intermediates.noindex/DirectSalesTeamApp.build/Debug-iphonesimulator/DirectSalesTeamApp.build/DirectSalesTeamApp-DebugDylibInstallName-normal-arm64.txt -Xlinker -filelist -Xlinker /Users/chirag/Library/Developer/Xcode/DerivedData/DirectSalesTeamApp-gdnkjitkcbrabhaojmuqlfhmyuhx/Build/Intermediates.noindex/DirectSalesTeamApp.build/Debug-iphonesimulator/DirectSalesTeamApp.build/DirectSalesTeamApp-ExecutorLinkFileList-normal-arm64.txt -Xlinker -sectcreate -Xlinker __TEXT -Xlinker __entitlements -Xlinker /Users/chirag/Library/Developer/Xcode/DerivedData/DirectSalesTeamApp-gdnkjitkcbrabhaojmuqlfhmyuhx/Build/Intermediates.noindex/DirectSalesTeamApp.build/Debug-iphonesimulator/DirectSalesTeamApp.build/DirectSalesTeamApp.app-Simulated.xcent -Xlinker -sectcreate -Xlinker __TEXT -Xlinker __ents_der -Xlinker /Users/chirag/Library/Developer/Xcode/DerivedData/DirectSalesTeamApp-gdnkjitkcbrabhaojmuqlfhmyuhx/Build/Intermediates.noindex/DirectSalesTeamApp.build/Debug-iphonesimulator/DirectSalesTeamApp.build/DirectSalesTeamApp.app-Simulated.xcent.der /Users/chirag/Library/Developer/Xcode/DerivedData/DirectSalesTeamApp-gdnkjitkcbrabhaojmuqlfhmyuhx/Build/Intermediates.noindex/DirectSalesTeamApp.build/Debug-iphonesimulator/DirectSalesTeamApp.build/Objects-normal/arm64/Binary/DirectSalesTeamApp.debug.dylib -Xlinker -no_adhoc_codesign -o /Users/chirag/Library/Developer/Xcode/DerivedData/DirectSalesTeamApp-gdnkjitkcbrabhaojmuqlfhmyuhx/Build/Intermediates.noindex/DirectSalesTeamApp.build/Debug-iphonesimulator/DirectSalesTeamApp.build/Objects-normal/arm64/Binary/DirectSalesTeamApp

CreateUniversalBinary /Users/chirag/Library/Developer/Xcode/DerivedData/DirectSalesTeamApp-gdnkjitkcbrabhaojmuqlfhmyuhx/Build/Products/Debug-iphonesimulator/DirectSalesTeamApp.app/DirectSalesTeamApp normal arm64\ x86_64 (in target 'DirectSalesTeamApp' from project 'DirectSalesTeamApp')
    cd /Users/chirag/Projects/LMS/DirectSalesTeamApp
    /Applications/Xcode.app/Contents/Developer/Toolchains/XcodeDefault.xctoolchain/usr/bin/lipo -create /Users/chirag/Library/Developer/Xcode/DerivedData/DirectSalesTeamApp-gdnkjitkcbrabhaojmuqlfhmyuhx/Build/Intermediates.noindex/DirectSalesTeamApp.build/Debug-iphonesimulator/DirectSalesTeamApp.build/Objects-normal/arm64/Binary/DirectSalesTeamApp /Users/chirag/Library/Developer/Xcode/DerivedData/DirectSalesTeamApp-gdnkjitkcbrabhaojmuqlfhmyuhx/Build/Intermediates.noindex/DirectSalesTeamApp.build/Debug-iphonesimulator/DirectSalesTeamApp.build/Objects-normal/x86_64/Binary/DirectSalesTeamApp -output /Users/chirag/Library/Developer/Xcode/DerivedData/DirectSalesTeamApp-gdnkjitkcbrabhaojmuqlfhmyuhx/Build/Products/Debug-iphonesimulator/DirectSalesTeamApp.app/DirectSalesTeamApp

CopySwiftLibs /Users/chirag/Library/Developer/Xcode/DerivedData/DirectSalesTeamApp-gdnkjitkcbrabhaojmuqlfhmyuhx/Build/Products/Debug-iphonesimulator/DirectSalesTeamApp.app (in target 'DirectSalesTeamApp' from project 'DirectSalesTeamApp')
    cd /Users/chirag/Projects/LMS/DirectSalesTeamApp
    builtin-swiftStdLibTool --copy --verbose --sign - --scan-executable /Users/chirag/Library/Developer/Xcode/DerivedData/DirectSalesTeamApp-gdnkjitkcbrabhaojmuqlfhmyuhx/Build/Products/Debug-iphonesimulator/DirectSalesTeamApp.app/DirectSalesTeamApp.debug.dylib --scan-folder /Users/chirag/Library/Developer/Xcode/DerivedData/DirectSalesTeamApp-gdnkjitkcbrabhaojmuqlfhmyuhx/Build/Products/Debug-iphonesimulator/DirectSalesTeamApp.app/Frameworks --scan-folder /Users/chirag/Library/Developer/Xcode/DerivedData/DirectSalesTeamApp-gdnkjitkcbrabhaojmuqlfhmyuhx/Build/Products/Debug-iphonesimulator/DirectSalesTeamApp.app/PlugIns --scan-folder /Users/chirag/Library/Developer/Xcode/DerivedData/DirectSalesTeamApp-gdnkjitkcbrabhaojmuqlfhmyuhx/Build/Products/Debug-iphonesimulator/DirectSalesTeamApp.app/SystemExtensions --scan-folder /Users/chirag/Library/Developer/Xcode/DerivedData/DirectSalesTeamApp-gdnkjitkcbrabhaojmuqlfhmyuhx/Build/Products/Debug-iphonesimulator/DirectSalesTeamApp.app/Extensions --platform iphonesimulator --toolchain /Applications/Xcode.app/Contents/Developer/Toolchains/XcodeDefault.xctoolchain --destination /Users/chirag/Library/Developer/Xcode/DerivedData/DirectSalesTeamApp-gdnkjitkcbrabhaojmuqlfhmyuhx/Build/Products/Debug-iphonesimulator/DirectSalesTeamApp.app/Frameworks --strip-bitcode --strip-bitcode-tool /Applications/Xcode.app/Contents/Developer/Toolchains/XcodeDefault.xctoolchain/usr/bin/bitcode_strip --emit-dependency-info /Users/chirag/Library/Developer/Xcode/DerivedData/DirectSalesTeamApp-gdnkjitkcbrabhaojmuqlfhmyuhx/Build/Intermediates.noindex/DirectSalesTeamApp.build/Debug-iphonesimulator/DirectSalesTeamApp.build/SwiftStdLibToolInputDependencies.dep --filter-for-swift-os

ExtractAppIntentsMetadata (in target 'DirectSalesTeamApp' from project 'DirectSalesTeamApp')
    cd /Users/chirag/Projects/LMS/DirectSalesTeamApp
    /Applications/Xcode.app/Contents/Developer/Toolchains/XcodeDefault.xctoolchain/usr/bin/appintentsmetadataprocessor --toolchain-dir /Applications/Xcode.app/Contents/Developer/Toolchains/XcodeDefault.xctoolchain --module-name DirectSalesTeamApp --sdk-root /Applications/Xcode.app/Contents/Developer/Platforms/iPhoneSimulator.platform/Developer/SDKs/iPhoneSimulator26.2.sdk --xcode-version 17C529 --platform-family iOS --deployment-target 26 --bundle-identifier sakshi.DirectSalesTeamApp --output /Users/chirag/Library/Developer/Xcode/DerivedData/DirectSalesTeamApp-gdnkjitkcbrabhaojmuqlfhmyuhx/Build/Products/Debug-iphonesimulator/DirectSalesTeamApp.app --target-triple arm64-apple-ios26-simulator --target-triple x86_64-apple-ios26-simulator --binary-file /Users/chirag/Library/Developer/Xcode/DerivedData/DirectSalesTeamApp-gdnkjitkcbrabhaojmuqlfhmyuhx/Build/Products/Debug-iphonesimulator/DirectSalesTeamApp.app/DirectSalesTeamApp --dependency-file /Users/chirag/Library/Developer/Xcode/DerivedData/DirectSalesTeamApp-gdnkjitkcbrabhaojmuqlfhmyuhx/Build/Intermediates.noindex/DirectSalesTeamApp.build/Debug-iphonesimulator/DirectSalesTeamApp.build/Objects-normal/arm64/DirectSalesTeamApp_dependency_info.dat --dependency-file /Users/chirag/Library/Developer/Xcode/DerivedData/DirectSalesTeamApp-gdnkjitkcbrabhaojmuqlfhmyuhx/Build/Intermediates.noindex/DirectSalesTeamApp.build/Debug-iphonesimulator/DirectSalesTeamApp.build/Objects-normal/x86_64/DirectSalesTeamApp_dependency_info.dat --stringsdata-file /Users/chirag/Library/Developer/Xcode/DerivedData/DirectSalesTeamApp-gdnkjitkcbrabhaojmuqlfhmyuhx/Build/Intermediates.noindex/DirectSalesTeamApp.build/Debug-iphonesimulator/DirectSalesTeamApp.build/Objects-normal/arm64/ExtractedAppShortcutsMetadata.stringsdata --stringsdata-file /Users/chirag/Library/Developer/Xcode/DerivedData/DirectSalesTeamApp-gdnkjitkcbrabhaojmuqlfhmyuhx/Build/Intermediates.noindex/DirectSalesTeamApp.build/Debug-iphonesimulator/DirectSalesTeamApp.build/Objects-normal/x86_64/ExtractedAppShortcutsMetadata.stringsdata --source-file-list /Users/chirag/Library/Developer/Xcode/DerivedData/DirectSalesTeamApp-gdnkjitkcbrabhaojmuqlfhmyuhx/Build/Intermediates.noindex/DirectSalesTeamApp.build/Debug-iphonesimulator/DirectSalesTeamApp.build/Objects-normal/arm64/DirectSalesTeamApp.SwiftFileList --source-file-list /Users/chirag/Library/Developer/Xcode/DerivedData/DirectSalesTeamApp-gdnkjitkcbrabhaojmuqlfhmyuhx/Build/Intermediates.noindex/DirectSalesTeamApp.build/Debug-iphonesimulator/DirectSalesTeamApp.build/Objects-normal/x86_64/DirectSalesTeamApp.SwiftFileList --metadata-file-list /Users/chirag/Library/Developer/Xcode/DerivedData/DirectSalesTeamApp-gdnkjitkcbrabhaojmuqlfhmyuhx/Build/Intermediates.noindex/DirectSalesTeamApp.build/Debug-iphonesimulator/DirectSalesTeamApp.build/DirectSalesTeamApp.DependencyMetadataFileList --static-metadata-file-list /Users/chirag/Library/Developer/Xcode/DerivedData/DirectSalesTeamApp-gdnkjitkcbrabhaojmuqlfhmyuhx/Build/Intermediates.noindex/DirectSalesTeamApp.build/Debug-iphonesimulator/DirectSalesTeamApp.build/DirectSalesTeamApp.DependencyStaticMetadataFileList --swift-const-vals-list /Users/chirag/Library/Developer/Xcode/DerivedData/DirectSalesTeamApp-gdnkjitkcbrabhaojmuqlfhmyuhx/Build/Intermediates.noindex/DirectSalesTeamApp.build/Debug-iphonesimulator/DirectSalesTeamApp.build/Objects-normal/arm64/DirectSalesTeamApp.SwiftConstValuesFileList --swift-const-vals-list /Users/chirag/Library/Developer/Xcode/DerivedData/DirectSalesTeamApp-gdnkjitkcbrabhaojmuqlfhmyuhx/Build/Intermediates.noindex/DirectSalesTeamApp.build/Debug-iphonesimulator/DirectSalesTeamApp.build/Objects-normal/x86_64/DirectSalesTeamApp.SwiftConstValuesFileList --compile-time-extraction --deployment-aware-processing --validate-assistant-intents --no-app-shortcuts-localization
2026-04-21 23:57:29.937 appintentsmetadataprocessor[21645:180721] Starting appintentsmetadataprocessor export
2026-04-21 23:57:29.940 appintentsmetadataprocessor[21645:180721] warning: Metadata extraction skipped. No AppIntents.framework dependency found.

AppIntentsSSUTraining (in target 'DirectSalesTeamApp' from project 'DirectSalesTeamApp')
    cd /Users/chirag/Projects/LMS/DirectSalesTeamApp
    /Applications/Xcode.app/Contents/Developer/Toolchains/XcodeDefault.xctoolchain/usr/bin/appintentsnltrainingprocessor --infoplist-path /Users/chirag/Library/Developer/Xcode/DerivedData/DirectSalesTeamApp-gdnkjitkcbrabhaojmuqlfhmyuhx/Build/Products/Debug-iphonesimulator/DirectSalesTeamApp.app/Info.plist --temp-dir-path /Users/chirag/Library/Developer/Xcode/DerivedData/DirectSalesTeamApp-gdnkjitkcbrabhaojmuqlfhmyuhx/Build/Intermediates.noindex/DirectSalesTeamApp.build/Debug-iphonesimulator/DirectSalesTeamApp.build/ssu --bundle-id sakshi.DirectSalesTeamApp --product-path /Users/chirag/Library/Developer/Xcode/DerivedData/DirectSalesTeamApp-gdnkjitkcbrabhaojmuqlfhmyuhx/Build/Products/Debug-iphonesimulator/DirectSalesTeamApp.app --extracted-metadata-path /Users/chirag/Library/Developer/Xcode/DerivedData/DirectSalesTeamApp-gdnkjitkcbrabhaojmuqlfhmyuhx/Build/Products/Debug-iphonesimulator/DirectSalesTeamApp.app/Metadata.appintents --metadata-file-list /Users/chirag/Library/Developer/Xcode/DerivedData/DirectSalesTeamApp-gdnkjitkcbrabhaojmuqlfhmyuhx/Build/Intermediates.noindex/DirectSalesTeamApp.build/Debug-iphonesimulator/DirectSalesTeamApp.build/DirectSalesTeamApp.DependencyMetadataFileList --archive-ssu-assets
2026-04-21 23:57:29.960 appintentsnltrainingprocessor[21646:180722] Parsing options for appintentsnltrainingprocessor
2026-04-21 23:57:29.961 appintentsnltrainingprocessor[21646:180722] No AppShortcuts found - Skipping.

CodeSign /Users/chirag/Library/Developer/Xcode/DerivedData/DirectSalesTeamApp-gdnkjitkcbrabhaojmuqlfhmyuhx/Build/Products/Debug-iphonesimulator/DirectSalesTeamApp.app/DirectSalesTeamApp.debug.dylib (in target 'DirectSalesTeamApp' from project 'DirectSalesTeamApp')
    cd /Users/chirag/Projects/LMS/DirectSalesTeamApp
    
    Signing Identity:     "Sign to Run Locally"
    
    /usr/bin/codesign --force --sign - --timestamp\=none --generate-entitlement-der /Users/chirag/Library/Developer/Xcode/DerivedData/DirectSalesTeamApp-gdnkjitkcbrabhaojmuqlfhmyuhx/Build/Products/Debug-iphonesimulator/DirectSalesTeamApp.app/DirectSalesTeamApp.debug.dylib

CodeSign /Users/chirag/Library/Developer/Xcode/DerivedData/DirectSalesTeamApp-gdnkjitkcbrabhaojmuqlfhmyuhx/Build/Products/Debug-iphonesimulator/DirectSalesTeamApp.app/__preview.dylib (in target 'DirectSalesTeamApp' from project 'DirectSalesTeamApp')
    cd /Users/chirag/Projects/LMS/DirectSalesTeamApp
    
    Signing Identity:     "Sign to Run Locally"
    
    /usr/bin/codesign --force --sign - --timestamp\=none --generate-entitlement-der /Users/chirag/Library/Developer/Xcode/DerivedData/DirectSalesTeamApp-gdnkjitkcbrabhaojmuqlfhmyuhx/Build/Products/Debug-iphonesimulator/DirectSalesTeamApp.app/__preview.dylib

CodeSign /Users/chirag/Library/Developer/Xcode/DerivedData/DirectSalesTeamApp-gdnkjitkcbrabhaojmuqlfhmyuhx/Build/Products/Debug-iphonesimulator/DirectSalesTeamApp.app (in target 'DirectSalesTeamApp' from project 'DirectSalesTeamApp')
    cd /Users/chirag/Projects/LMS/DirectSalesTeamApp
    
    Signing Identity:     "Sign to Run Locally"
    
    /usr/bin/codesign --force --sign - --timestamp\=none --generate-entitlement-der /Users/chirag/Library/Developer/Xcode/DerivedData/DirectSalesTeamApp-gdnkjitkcbrabhaojmuqlfhmyuhx/Build/Products/Debug-iphonesimulator/DirectSalesTeamApp.app

Validate /Users/chirag/Library/Developer/Xcode/DerivedData/DirectSalesTeamApp-gdnkjitkcbrabhaojmuqlfhmyuhx/Build/Products/Debug-iphonesimulator/DirectSalesTeamApp.app (in target 'DirectSalesTeamApp' from project 'DirectSalesTeamApp')
    cd /Users/chirag/Projects/LMS/DirectSalesTeamApp
    builtin-validationUtility /Users/chirag/Library/Developer/Xcode/DerivedData/DirectSalesTeamApp-gdnkjitkcbrabhaojmuqlfhmyuhx/Build/Products/Debug-iphonesimulator/DirectSalesTeamApp.app -shallow-bundle -infoplist-subpath Info.plist

** BUILD SUCCEEDED **

